<html>
<body>
<pre>
<h1>µVision Build Log</h1>
<h2>Tool Versions:</h2>
IDE-Version: ¶ÃVision V5.39.0.0
Copyright (C) 2023 ARM Ltd and ARM Germany GmbH. All rights reserved.
License Information: fen fei, 1, LIC=FYKYW-QKW56-CXGU6-DRX6C-QG69W-ZP72Z
 
Tool Versions:
Toolchain:       MDK-ARM Plus  Version: 5.39.0.0
Toolchain Path:  C:\Keil_v5\ARM\ARMCLANG\Bin
C Compiler:      ArmClang.exe V6.21
Assembler:       Armasm.exe V6.21
Linker/Locator:  ArmLink.exe V6.21
Library Manager: ArmAr.exe V6.21
Hex Converter:   FromElf.exe V6.21
CPU DLL:         SARMCM3.DLL V5.39.0.0
Dialog DLL:      DARMCM1.DLL V1.19.6.0
Target DLL:      UL2CM3.DLL V1.164.9.0
Dialog DLL:      TARMCM1.DLL V1.14.6.0
 
<h2>Project:</h2>
C:\baidunetdiskdownload\Ã©Œ˘Œ¢\∑’Œßµ∆\TCPL0X_AUTO_SDK_V2.0.0\TCPL0X_AUTO_SDK_V2.0.0\examples\tcpl04x\demo_apps\tcpl04b_swsc_lean_ihrLIN - ∏±±æ_RLNE1A_ASW\MDK\tcpl04b_swsc_lean.uvprojx
Project File Date:  08/16/2026

<h2>Output:</h2>
*** Using Compiler 'V6.21', folder: 'C:\Keil_v5\ARM\ARMCLANG\Bin'
Build target 'swsc_match_boot'
compiling Swc_Derating.c...
compiling Rte_Com.c...
compiling Swc_Status.c...
compiling Rte_Bsw.c...
compiling Swc_Communication.c...
compiling EcuM_Callout.c...
compiling Swc_Lighting.c...
compiling Swc_PersistentData.c...
compiling Swc_Types.c...
compiling Rte_NvM.c...
compiling Swc_LightControl.c...
compiling FixedPoint.c...
compiling Swc_Diagnostic.c...
compiling Rte_Dem.c...
compiling Algorithm.c...
compiling Dcm.c...
compiling Dcm_LinNodeConfig.c...
compiling Com.c...
compiling LinIf.c...
compiling LinTp.c...
compiling LinIf_Init.c...
compiling LinIf_Compat.c...
compiling LinIf_Cfg.c...
compiling NvM_Cfg.c...
compiling NvM.c...
compiling MemIf.c...
compiling Fee.c...
compiling Dem.c...
compiling Dem_Cfg.c...
compiling EcuM.c...
compiling BswM.c...
compiling IoHwAb_Adc.c...
compiling IoHwAb_Battery.c...
compiling IoHwAb_Time.c...
compiling IoHwAb_Temperature.c...
compiling IoHwAb_Wdg.c...
compiling IoHwAb_Led.c...
compiling Lin.c...
assembling startup_tcpl04x.s...
compiling Lin_Hw.c...
compiling Fls.c...
compiling Mcu.c...
compiling Adc.c...
compiling system_tcpl04x.c...
compiling tcpl04x_ll_cortex.c...
compiling tcpl04x_ll_flash_drv.c...
compiling tcpl04x_ll_flash.c...
compiling tcpl04x_ll_adc.c...
compiling tcpl04x_ll_gpio.c...
compiling tcpl04x_ll_led.c...
compiling tcpl04x_ll_pwm.c...
compiling tcpl04x_ll_sys.c...
compiling tcpl04x_ll_wdg.c...
compiling tcpl04x_ll_sci.c...
compiling pal_wdg.c...
compiling pal_lin_comm.c...
compiling pal_led.c...
compiling pal_store.c...
compiling utilities.c...
linking...
Program Size: Code=24184 RO-data=1316 RW-data=76 ZI-data=1860  
FromELF: creating hex file...
After Build - User command #1: fromelf --bin --output "..\Build\Bin\tcpl04b_swsc_lean_boot.bin" "..\Build\Objects\boot\tcpl04b_swsc_lean_boot.axf"
"..\Build\Objects\boot\tcpl04b_swsc_lean_boot.axf" - 0 Error(s), 0 Warning(s).

<h2>Software Packages used:</h2>

Package Vendor: TinyChip
                
                TinyChip::TCxx_DFP@1.2.1
                TinyChip ARM Cortex-M0 Device Family Pack

<h2>Collection of Component include folders:</h2>
  C:/Users/GenhuaYang/AppData/Local/Arm/Packs/TinyChip/TCxx_DFP/1.2.1/Device/Include

<h2>Collection of Component Files used:</h2>
Build Time Elapsed:  00:00:04
</pre>
</body>
</html>
