*** Using Compiler 'V6.21', folder: 'C:\Keil_v5\ARM\ARMCLANG\Bin'
Rebuild target 'swsc_normal'
01_ASW/01_Integration/EcuM_Callout.c(10): error: call to undeclared function 'interrupt_disable'; ISO C99 and later do not support implicit function declarations [-Wimplicit-function-declaration]
   10 |     interrupt_disable();
      |     ^
01_ASW/01_Integration/EcuM_Callout.c(16): error: call to undeclared function 'interrupt_enable'; ISO C99 and later do not support implicit function declarations [-Wimplicit-function-declaration]
   16 |     interrupt_enable();
      |     ^
2 errors generated.
compiling EcuM_Callout.c...
compiling LinIntegration.c...
compiling Swc_Status.c...
compiling Swc_Derating.c...
compiling Dcm.c...
01_ASW/02_Swc_Lighting/Swc_Lighting.c(177): error: call to undeclared function 'interrupt_disable'; ISO C99 and later do not support implicit function declarations [-Wimplicit-function-declaration]
  177 |               interrupt_disable();
      |               ^
01_ASW/02_Swc_Lighting/Swc_Lighting.c(179): error: call to undeclared function 'interrupt_enable'; ISO C99 and later do not support implicit function declarations [-Wimplicit-function-declaration]
  179 |               interrupt_enable();
      |               ^
2 errors generated.
compiling Swc_Lighting.c...
compiling Algorithm.c...
compiling FixedPoint.c...
compiling Swc_Types.c...
compiling Swc_Diagnostic.c...
compiling Dcm_LinNodeConfig.c...
compiling Swc_LightControl.c...
compiling Swc_Communication.c...
compiling LinTp.c...
compiling Com.c...
compiling LinIf.c...
compiling LinIf_Compat.c...
compiling LinIf_Init.c...
compiling NvM.c...
compiling EcuM_Power.c...
compiling IoHwAb_Adc.c...
compiling IoHwAb_Battery.c...
08_BSW_ECUAL/IoHwAb_Time.c(2): warning: In file included from...08_BSW_ECUAL/ModuleClock.h(4): warning: In file included from..../01_ASW/02_Swc_Lighting\SystemType.h(17): warning: redefinition of typedef 'tick_t' is a C11 feature [-Wtypedef-redefinition]
   17 | typedef unsigned short int  tick_t;
      |                             ^
./01_ASW/02_Swc_Lighting\Swc_Types.h(6): note: previous definition is here
    6 | typedef uint16_t tick_t;
      |                  ^
08_BSW_ECUAL/IoHwAb_Time.c(2): warning: In file included from...08_BSW_ECUAL/ModuleClock.h(4): warning: In file included from..../01_ASW/02_Swc_Lighting\SystemType.h(18): warning: 'DMAX_SYSTEM_TICK' macro redefined [-Wmacro-redefined]
   18 | #define DMAX_SYSTEM_TICK  (0xFFFF)/**<system tick type max value.*/
      |         ^
./01_ASW/02_Swc_Lighting\Swc_Types.h(8): note: previous definition is here
    8 | #define DMAX_SYSTEM_TICK               (0xFFFFU)
      |         ^
08_BSW_ECUAL/IoHwAb_Time.c(2): warning: In file included from...08_BSW_ECUAL/ModuleClock.h(4): warning: In file included from..../01_ASW/02_Swc_Lighting\SystemType.h(21): warning: 'DTickAfter' macro redefined [-Wmacro-redefined]
   21 | #define DTickAfter(a, b) ((int16_t)((int16_t)(b)-(int16_t)(a))<=0)
      |         ^
./01_ASW/02_Swc_Lighting\Swc_Types.h(10): note: previous definition is here
   10 | #define DTickAfter(a, b)               ((int16_t)((int16_t)(b) - (int16_t)(a)) <= 0)
      |         ^
08_BSW_ECUAL/IoHwAb_Time.c(2): warning: In file included from...08_BSW_ECUAL/ModuleClock.h(4): warning: In file included from..../01_ASW/02_Swc_Lighting\SystemType.h(32): warning: 'btrue' macro redefined [-Wmacro-redefined]
   32 | #define btrue 1
      |         ^
./13_Common\SwscTypes.h(10): note: previous definition is here
   10 | #define btrue                          ((bool_t)1U)
      |         ^
08_BSW_ECUAL/IoHwAb_Time.c(2): warning: In file included from...08_BSW_ECUAL/ModuleClock.h(4): warning: In file included from..../01_ASW/02_Swc_Lighting\SystemType.h(33): warning: 'bfalse' macro redefined [-Wmacro-redefined]
   33 | #define bfalse 0
      |         ^
./13_Common\SwscTypes.h(9): note: previous definition is here
    9 | #define bfalse                         ((bool_t)0U)
      |         ^
08_BSW_ECUAL/IoHwAb_Time.c(2): warning: In file included from...08_BSW_ECUAL/ModuleClock.h(4): warning: In file included from..../01_ASW/02_Swc_Lighting\SystemType.h(96): warning: redefinition of typedef 'bool_t' is a C11 feature [-Wtypedef-redefinition]
   96 | typedef uint8_t bool_t;
      |                 ^
./13_Common\SwscTypes.h(7): note: previous definition is here
    7 | typedef uint8_t bool_t;
      |                 ^
6 warnings generated.
compiling IoHwAb_Time.c...
compiling IoHwAb_Wdg.c...
assembling startup_tcpl04x.s...
compiling IoHwAb_Temperature.c...
compiling IoHwAb_Led.c...
compiling Lin_Hw.c...
compiling Fls.c...
compiling Mcu.c...
compiling Adc.c...
compiling system_tcpl04x.c...
compiling tcpl04x_ll_cortex.c...
compiling tcpl04x_ll_flash_drv.c...
compiling tcpl04x_ll_adc.c...
compiling tcpl04x_ll_flash.c...
compiling tcpl04x_ll_gpio.c...
compiling tcpl04x_ll_pwm.c...
compiling tcpl04x_ll_led.c...
compiling tcpl04x_ll_wdg.c...
compiling pal_led.c...
compiling pal_store.c...
compiling pal_wdg.c...
compiling pal_lin_comm.c...
compiling tcpl04x_ll_sys.c...
compiling tcpl04x_ll_sci.c...
compiling utilities.c...
"..\Build\Objects\normal\tcpl04b_swsc_lean.axf" - 4 Error(s), 6 Warning(s).
Target not created.
Build Time Elapsed:  00:00:03
