*** Using Compiler 'V6.21', folder: 'C:\Keil_v5\ARM\ARMCLANG\Bin'
Build target 'swsc_match_boot'
compiling EcuM_Callout.c...
compiling Algorithm.c...
compiling Swc_Derating.c...
compiling Swc_Lighting.c...
compiling Swc_Communication.c...
compiling Dcm.c...
compiling LinIntegration.c...
compiling Swc_Types.c...
compiling LinTp.c...
compiling Swc_Status.c...
compiling Swc_Diagnostic.c...
compiling FixedPoint.c...
compiling Dcm_LinNodeConfig.c...
compiling Swc_LightControl.c...
compiling Com.c...
compiling LinIf.c...
compiling LinIf_Init.c...
compiling LinIf_Compat.c...
compiling NvM.c...
compiling EcuM_Power.c...
compiling IoHwAb_Adc.c...
compiling IoHwAb_Battery.c...
compiling IoHwAb_Time.c...
compiling IoHwAb_Led.c...
compiling IoHwAb_Temperature.c...
compiling IoHwAb_Wdg.c...
compiling Lin_Hw.c...
compiling Fls.c...
compiling Adc.c...
compiling Mcu.c...
compiling Led.c...
compiling Wdg.c...
assembling startup_tcpl04x.s...
compiling system_tcpl04x.c...
compiling tcpl04x_ll_cortex.c...
compiling tcpl04x_ll_adc.c...
compiling tcpl04x_ll_flash_drv.c...
compiling tcpl04x_ll_flash.c...
compiling tcpl04x_ll_gpio.c...
compiling tcpl04x_ll_led.c...
compiling tcpl04x_ll_pwm.c...
compiling tcpl04x_ll_sys.c...
compiling tcpl04x_ll_sci.c...
compiling tcpl04x_ll_wdg.c...
compiling pal_led.c...
compiling pal_lin_comm.c...
compiling pal_wdg.c...
compiling pal_store.c...
compiling utilities.c...
linking...
Program Size: Code=23300 RO-data=1168 RW-data=76 ZI-data=1732  
FromELF: creating hex file...
After Build - User command #1: fromelf --bin --output "..\Build\Bin\tcpl04b_swsc_lean_boot.bin" "..\Build\Objects\boot\tcpl04b_swsc_lean_boot.axf"
"..\Build\Objects\boot\tcpl04b_swsc_lean_boot.axf" - 0 Error(s), 0 Warning(s).
Build Time Elapsed:  00:00:04
