*** Using Compiler 'V6.21', folder: 'C:\Keil_v5\ARM\ARMCLANG\Bin'
Rebuild target 'swsc_match_boot'
compiling Swc_Lighting.c...
compiling Swc_Communication.c...
compiling Swc_Diagnostic.c...
compiling Dcm_LinNodeConfig.c...
compiling LinIntegration.c...
compiling Swc_LightControl.c...
01_ASW/01_Integration/EcuM_Callout.c(13): error: call to undeclared function 'system_remap_config'; ISO C99 and later do not support implicit function declarations [-Wimplicit-function-declaration]
   13 |     system_remap_config(REG_READ32(BOOT_APP_VECTOR_WORD_ADDR), true);
      |     ^
01_ASW/01_Integration/EcuM_Callout.c(13): error: call to undeclared function 'REG_READ32'; ISO C99 and later do not support implicit function declarations [-Wimplicit-function-declaration]
   13 |     system_remap_config(REG_READ32(BOOT_APP_VECTOR_WORD_ADDR), true);
      |                         ^
01_ASW/01_Integration/EcuM_Callout.c(13): error: use of undeclared identifier 'true'
   13 |     system_remap_config(REG_READ32(BOOT_APP_VECTOR_WORD_ADDR), true);
      |                                                                ^
3 errors generated.
compiling EcuM_Callout.c...
compiling LinTp.c...
compiling Swc_Derating.c...
compiling Dcm.c...
compiling FixedPoint.c...
compiling Algorithm.c...
compiling Swc_Status.c...
compiling Swc_Types.c...
compiling Com.c...
compiling LinIf_Compat.c...
compiling LinIf.c...
compiling NvM.c...
compiling EcuM_Power.c...
compiling LinIf_Init.c...
compiling IoHwAb_Adc.c...
compiling IoHwAb_Battery.c...
compiling IoHwAb_Temperature.c...
compiling IoHwAb_Led.c...
compiling IoHwAb_Time.c...
compiling IoHwAb_Wdg.c...
compiling Adc.c...
compiling Lin_Hw.c...
assembling startup_tcpl04x.s...
compiling Fls.c...
compiling Mcu.c...
compiling system_tcpl04x.c...
compiling tcpl04x_ll_cortex.c...
compiling tcpl04x_ll_flash_drv.c...
compiling tcpl04x_ll_adc.c...
compiling tcpl04x_ll_flash.c...
compiling tcpl04x_ll_gpio.c...
compiling tcpl04x_ll_led.c...
compiling tcpl04x_ll_pwm.c...
compiling tcpl04x_ll_sys.c...
compiling tcpl04x_ll_sci.c...
compiling tcpl04x_ll_wdg.c...
compiling pal_led.c...
compiling pal_lin_comm.c...
compiling pal_wdg.c...
compiling pal_store.c...
compiling utilities.c...
"..\Build\Objects\boot\tcpl04b_swsc_lean_boot.axf" - 3 Error(s), 0 Warning(s).
Target not created.
Build Time Elapsed:  00:00:03
