*** Using Compiler 'V6.21', folder: 'C:\Keil_v5\ARM\ARMCLANG\Bin'
Rebuild target 'swsc_normal'
01_ASW/02_Swc_Lighting/Swc_Status.c(15): warning: In file included from..../08_BSW_ECUAL\ModuleTemperature.h(3): warning: In file included from..../08_BSW_ECUAL/ModuleAdc.h(6): error: 'adc11.h' file not found
    6 | #include "adc11.h"
      |          ^~~~~~~~~
1 error generated.
compiling Swc_Status.c...
01_ASW/03_Swc_Diagnostic/Swc_Diagnostic.c(15): warning: In file included from..../05_BSW_NVM\ModuleFlash.h(5): warning: In file included from..../08_BSW_ECUAL\ModuleAdc.h(6): error: 'adc11.h' file not found
    6 | #include "adc11.h"
      |          ^~~~~~~~~
1 error generated.
compiling Swc_Diagnostic.c...
03_BSW_UDS/LinTp.c(58): warning: In file included from..../05_BSW_NVM\ModuleFlash.h(5): warning: In file included from..../08_BSW_ECUAL\ModuleAdc.h(6): error: 'adc11.h' file not found
    6 | #include "adc11.h"
      |          ^~~~~~~~~
1 error generated.
compiling LinTp.c...
compiling Swc_Types.c...
compiling Dcm.c...
01_ASW/02_Swc_Lighting/Swc_Communication.c(18): warning: In file included from..../08_BSW_ECUAL\ModuleLed.h(3): error: 'tld40xx.h' file not found
    3 | #include "tld40xx.h"
      |          ^~~~~~~~~~~
1 error generated.
compiling Swc_Communication.c...
compiling FixedPoint.c...
01_ASW/02_Swc_Lighting/Swc_LightControl.c(21): warning: In file included from..../08_BSW_ECUAL\ModuleTemperature.h(3): warning: In file included from..../08_BSW_ECUAL/ModuleAdc.h(6): error: 'adc11.h' file not found
    6 | #include "adc11.h"
      |          ^~~~~~~~~
1 error generated.
compiling Swc_LightControl.c...
01_ASW/01_Integration/LinIntegration.c(42): warning: In file included from..../05_BSW_NVM\ModuleFlash.h(5): warning: In file included from..../08_BSW_ECUAL\ModuleAdc.h(6): error: 'adc11.h' file not found
    6 | #include "adc11.h"
      |          ^~~~~~~~~
1 error generated.
compiling LinIntegration.c...
01_ASW/01_Integration/EcuM_Callout.c(44): error: 'device.h' file not found
   44 | #include "device.h"
      |          ^~~~~~~~~~
1 error generated.
compiling EcuM_Callout.c...
01_ASW/04_Algorithm/Algorithm.c(19): warning: In file included from..../08_BSW_ECUAL\ModuleLed.h(3): error: 'tld40xx.h' file not found
    3 | #include "tld40xx.h"
      |          ^~~~~~~~~~~
1 error generated.
compiling Algorithm.c...
01_ASW/02_Swc_Lighting/Swc_Derating.c(2): warning: In file included from..../08_BSW_ECUAL\ModuleTemperature.h(3): warning: In file included from..../08_BSW_ECUAL/ModuleAdc.h(6): error: 'adc11.h' file not found
    6 | #include "adc11.h"
      |          ^~~~~~~~~
1 error generated.
compiling Swc_Derating.c...
compiling Dcm_LinNodeConfig.c...
01_ASW/02_Swc_Lighting/Swc_Lighting.c(23): warning: In file included from..../08_BSW_ECUAL\ModuleWatchdog.h(43): warning: In file included from..../08_BSW_ECUAL/ModuleAdc.h(6): error: 'adc11.h' file not found
    6 | #include "adc11.h"
      |          ^~~~~~~~~
1 error generated.
compiling Swc_Lighting.c...
compiling Com.c...
05_BSW_NVM/NvM.c(37): warning: In file included from..../08_BSW_ECUAL\ModuleWatchdog.h(43): warning: In file included from..../08_BSW_ECUAL/ModuleAdc.h(6): error: 'adc11.h' file not found
    6 | #include "adc11.h"
      |          ^~~~~~~~~
1 error generated.
compiling NvM.c...
04_BSW_COM/LinIf_Init.c(51): warning: In file included from..../05_BSW_NVM\ModuleFlash.h(5): warning: In file included from..../08_BSW_ECUAL\ModuleAdc.h(6): error: 'adc11.h' file not found
    6 | #include "adc11.h"
      |          ^~~~~~~~~
1 error generated.
compiling LinIf_Init.c...
compiling LinIf.c...
08_BSW_ECUAL/IoHwAb_Adc.c(38): warning: In file included from...08_BSW_ECUAL/ModuleAdc.h(6): error: 'adc11.h' file not found
    6 | #include "adc11.h"
      |          ^~~~~~~~~
1 error generated.
compiling IoHwAb_Adc.c...
compiling LinIf_Compat.c...
07_BSW_SYSTEM/EcuM_Power.c(40): warning: In file included from..../08_BSW_ECUAL\ModuleLed.h(3): error: 'tld40xx.h' file not found
    3 | #include "tld40xx.h"
      |          ^~~~~~~~~~~
1 error generated.
compiling EcuM_Power.c...
08_BSW_ECUAL/IoHwAb_Battery.c(18): warning: In file included from...08_BSW_ECUAL/ModuleBattery.h(6): warning: In file included from...08_BSW_ECUAL/ModuleAdc.h(6): error: 'adc11.h' file not found
    6 | #include "adc11.h"
      |          ^~~~~~~~~
1 error generated.
compiling IoHwAb_Battery.c...
08_BSW_ECUAL/IoHwAb_Led.c(20): warning: In file included from...08_BSW_ECUAL/ModuleLed.h(3): error: 'tld40xx.h' file not found
    3 | #include "tld40xx.h"
      |          ^~~~~~~~~~~
1 error generated.
compiling IoHwAb_Led.c...
compiling IoHwAb_Time.c...
08_BSW_ECUAL/IoHwAb_Temperature.c(17): warning: In file included from...08_BSW_ECUAL/ModuleTemperature.h(3): warning: In file included from...08_BSW_ECUAL/ModuleAdc.h(6): error: 'adc11.h' file not found
    6 | #include "adc11.h"
      |          ^~~~~~~~~
1 error generated.
compiling IoHwAb_Temperature.c...
assembling startup_tcpl04x.s...
08_BSW_ECUAL/IoHwAb_Wdg.c(44): warning: In file included from...08_BSW_ECUAL/ModuleWatchdog.h(43): warning: In file included from...08_BSW_ECUAL/ModuleAdc.h(6): error: 'adc11.h' file not found
    6 | #include "adc11.h"
      |          ^~~~~~~~~
1 error generated.
compiling IoHwAb_Wdg.c...
compiling Fls.c...
09_MCAL/Lin_Hw.c(4): warning: In file included from..../05_BSW_NVM\ModuleFlash.h(5): warning: In file included from..../08_BSW_ECUAL\ModuleAdc.h(6): error: 'adc11.h' file not found
    6 | #include "adc11.h"
      |          ^~~~~~~~~
1 error generated.
compiling Lin_Hw.c...
compiling tcpl04x_ll_cortex.c...
compiling Mcu.c...
compiling system_tcpl04x.c...
compiling Adc.c...
compiling tcpl04x_ll_flash.c...
compiling tcpl04x_ll_adc.c...
compiling tcpl04x_ll_gpio.c...
compiling tcpl04x_ll_flash_drv.c...
compiling tcpl04x_ll_led.c...
compiling tcpl04x_ll_sys.c...
compiling tcpl04x_ll_pwm.c...
compiling tcpl04x_ll_wdg.c...
compiling tcpl04x_ll_sci.c...
compiling pal_store.c...
compiling pal_wdg.c...
compiling pal_lin_comm.c...
compiling pal_led.c...
compiling utilities.c...
"..\Build\Objects\normal\tcpl04b_swsc_lean.axf" - 19 Error(s), 0 Warning(s).
Target not created.
Build Time Elapsed:  00:00:03
