*** Using Compiler 'V6.21', folder: 'C:\Keil_v5\ARM\ARMCLANG\Bin'
Build target 'swsc_normal'
compiling Swc_Derating.c...
compiling Swc_Lighting.c...
compiling Swc_Status.c...
compiling Swc_PersistentData.c...
compiling Rte_Com.c...
compiling Rte_Dcm.c...
compiling Algorithm.c...
compiling Rte_Bsw.c...
compiling Swc_LightControl.c...
compiling Swc_Types.c...
compiling Swc_Communication.c...
compiling FixedPoint.c...
compiling EcuM_Callout.c...
compiling Swc_Diagnostic.c...
compiling Rte_Dem.c...
compiling Rte_NvM.c...
compiling Dcm.c...
compiling Dcm_LinNodeConfig.c...
03_BSW_UDS/LinTp.c(58): warning: In file included from..../13_Common\ModuleFlash.h(6): warning: 'btrue' macro redefined [-Wmacro-redefined]
    6 | #define btrue                    (1U)
      |         ^
./01_ASW/02_Swc_Lighting\SystemType.h(82): note: previous definition is here
   82 | #define btrue 1
      |         ^
03_BSW_UDS/LinTp.c(58): warning: In file included from..../13_Common\ModuleFlash.h(7): warning: 'bfalse' macro redefined [-Wmacro-redefined]
    7 | #define bfalse                   (0U)
      |         ^
./01_ASW/02_Swc_Lighting\SystemType.h(83): note: previous definition is here
   83 | #define bfalse 0
      |         ^
2 warnings generated.
compiling LinTp.c...
compiling Com.c...
compiling LinIf.c...
compiling LinIf_Cfg.c...
compiling LinIf_Compat.c...
compiling LinIf_Init.c...
compiling MemIf.c...
compiling NvM_Cfg.c...
compiling NvM.c...
compiling Fee.c...
compiling Dem.c...
compiling Dem_Cfg.c...
compiling EcuM.c...
compiling BswM.c...
compiling IoHwAb_Time.c...
compiling IoHwAb_Adc.c...
compiling IoHwAb_Battery.c...
compiling IoHwAb_Temperature.c...
assembling startup_tcpl04x.s...
compiling Lin.c...
compiling IoHwAb_Wdg.c...
compiling IoHwAb_Led.c...
compiling Lin_Hw.c...
compiling Fls.c...
compiling Mcu.c...
compiling system_tcpl04x.c...
compiling Adc.c...
compiling tcpl04x_ll_cortex.c...
compiling tcpl04x_ll_adc.c...
compiling tcpl04x_ll_flash_drv.c...
compiling tcpl04x_ll_flash.c...
compiling tcpl04x_ll_led.c...
compiling tcpl04x_ll_gpio.c...
compiling tcpl04x_ll_pwm.c...
compiling tcpl04x_ll_sys.c...
compiling tcpl04x_ll_wdg.c...
compiling tcpl04x_ll_sci.c...
compiling pal_lin_comm.c...
compiling pal_led.c...
compiling pal_store.c...
compiling pal_wdg.c...
compiling utilities.c...
linking...
Program Size: Code=27180 RO-data=1340 RW-data=76 ZI-data=1868  
FromELF: creating hex file...
After Build - User command #1: fromelf --bin --output "..\Build\Bin\tcpl04b_swsc_lean.bin" "..\Build\Objects\normal\tcpl04b_swsc_lean.axf"
"..\Build\Objects\normal\tcpl04b_swsc_lean.axf" - 0 Error(s), 2 Warning(s).
Build Time Elapsed:  00:00:04
