*** Using Compiler 'V6.21', folder: 'C:\Keil_v5\ARM\ARMCLANG\Bin'
Build target 'swsc_normal'
compiling Rte_Com.c...
compiling Swc_Diagnostic.c...
compiling FixedPoint.c...
compiling Swc_LightCommand.c...
compiling Rte_Bsw.c...
compiling Algorithm.c...
compiling Rte_Dcm.c...
compiling Swc_Status.c...
compiling Swc_Lighting.c...
compiling EcuM_Callout.c...
compiling Swc_Derating.c...
compiling Swc_LightControl.c...
compiling Rte_NvM.c...
compiling Swc_Communication.c...
compiling Rte_Dem.c...
compiling Dcm.c...
compiling Dcm_Dsl.c...
compiling Dcm_Dsd.c...
compiling Dcm_Dsp.c...
compiling Dcm_Cfg.c...
compiling Com.c...
compiling Com_Cfg.c...
compiling PduR.c...
compiling LinTp.c...
compiling LinIf.c...
compiling LinIf_Cfg.c...
compiling NvM.c...
compiling NvM_Cfg.c...
compiling MemIf.c...
compiling Fee.c...
compiling Dem.c...
compiling Dem_Cfg.c...
compiling EcuM.c...
compiling BswM.c...
compiling IoHwAb_Adc.c...
compiling IoHwAb_Battery.c...
compiling IoHwAb_Time.c...
compiling IoHwAb_Led.c...
compiling IoHwAb_Temperature.c...
compiling IoHwAb_Wdg.c...
compiling Lin.c...
compiling Lin_Hw.c...
compiling Adc.c...
compiling Fls.c...
compiling Mcu.c...
compiling system_tcpl04x.c...
assembling startup_tcpl04x.s...
compiling tcpl04x_ll_adc.c...
compiling tcpl04x_ll_cortex.c...
compiling tcpl04x_ll_flash.c...
compiling tcpl04x_ll_flash_drv.c...
compiling tcpl04x_ll_gpio.c...
compiling tcpl04x_ll_led.c...
compiling tcpl04x_ll_pwm.c...
compiling tcpl04x_ll_sci.c...
compiling tcpl04x_ll_sys.c...
compiling tcpl04x_ll_wdg.c...
compiling pal_led.c...
compiling pal_lin_comm.c...
compiling pal_store.c...
compiling pal_wdg.c...
compiling utilities.c...
linking...
Program Size: Code=21680 RO-data=1096 RW-data=76 ZI-data=2284  
FromELF: creating hex file...
After Build - User command #1: fromelf --bin --output "..\Build\Bin\tcpl04b_swsc_lean.bin" "..\Build\Objects\normal\tcpl04b_swsc_lean.axf"
"..\Build\Objects\normal\tcpl04b_swsc_lean.axf" - 0 Error(s), 0 Warning(s).
Build Time Elapsed:  00:00:14
