	.text
	.syntax unified
	.eabi_attribute	67, "2.09"	@ Tag_conformance
	.cpu	cortex-m0
	.eabi_attribute	6, 12	@ Tag_CPU_arch
	.eabi_attribute	7, 77	@ Tag_CPU_arch_profile
	.eabi_attribute	8, 0	@ Tag_ARM_ISA_use
	.eabi_attribute	9, 1	@ Tag_THUMB_ISA_use
	.eabi_attribute	34, 0	@ Tag_CPU_unaligned_access
	.eabi_attribute	17, 1	@ Tag_ABI_PCS_GOT_use
	.eabi_attribute	20, 2	@ Tag_ABI_FP_denormal
	.eabi_attribute	21, 0	@ Tag_ABI_FP_exceptions
	.eabi_attribute	23, 1	@ Tag_ABI_FP_number_model
	.eabi_attribute	24, 1	@ Tag_ABI_align_needed
	.eabi_attribute	25, 1	@ Tag_ABI_align_preserved
	.eabi_attribute	38, 1	@ Tag_ABI_FP_16bit_format
	.eabi_attribute	18, 2	@ Tag_ABI_PCS_wchar_t
	.eabi_attribute	26, 1	@ Tag_ABI_enum_size
	.eabi_attribute	14, 0	@ Tag_ABI_PCS_R9_use
	.file	"FixedPoint.c"
	.file	1 "C:\\Keil_v5\\ARM\\ARMCLANG\\Bin\\..\\include" "stdint.h"
	.file	2 "C:\\baidunetdiskdownload\\\346\263\260\347\237\275\345\276\256\\\346\260\233\345\233\264\347\201\257\\TCPL0X_AUTO_SDK_V2.0.0\\TCPL0X_AUTO_SDK_V2.0.0\\examples\\tcpl04x\\demo_apps\\tcpl04b_swsc_lean\\MDK" "../03_Algorithm_FixedPoint/FixedPoint.h"
	.section	.text.fix16_div,"ax",%progbits
	.hidden	fix16_div                       @ -- Begin function fix16_div
	.globl	fix16_div
	.p2align	1
	.type	fix16_div,%function
	.code	16                              @ @fix16_div
	.thumb_func
fix16_div:
.Lfunc_begin0:
	.file	3 "C:\\baidunetdiskdownload\\\346\263\260\347\237\275\345\276\256\\\346\260\233\345\233\264\347\201\257\\TCPL0X_AUTO_SDK_V2.0.0\\TCPL0X_AUTO_SDK_V2.0.0\\examples\\tcpl04x\\demo_apps\\tcpl04b_swsc_lean\\MDK" "../03_Algorithm_FixedPoint/FixedPoint.c"
	.loc	3 17 0                          @ ../03_Algorithm_FixedPoint/FixedPoint.c:17:0
	.fnstart
	.cfi_sections .debug_frame
	.cfi_startproc
@ %bb.0:
	@DEBUG_VALUE: fix16_div:a <- $r0
	@DEBUG_VALUE: fix16_div:b <- $r1
	@DEBUG_VALUE: fix16_div:a <- $r0
	.save	{r4, r5, r6, r7, lr}
	.pad	#12
	push	{r1, r2, r3, r4, r5, r6, r7, lr}
	.cfi_def_cfa_offset 32
	.cfi_offset lr, -4
	.cfi_offset r7, -8
	.cfi_offset r6, -12
	.cfi_offset r5, -16
	.cfi_offset r4, -20
.Ltmp0:
	.loc	3 20 7 prologue_end             @ ../03_Algorithm_FixedPoint/FixedPoint.c:20:7
	cmp	r1, #0
	beq	.LBB0_3
.Ltmp1:
@ %bb.1:
	@DEBUG_VALUE: fix16_div:b <- $r1
	@DEBUG_VALUE: fix16_div:a <- $r0
	.loc	3 0 7 is_stmt 0                 @ ../03_Algorithm_FixedPoint/FixedPoint.c:0:7
	mov	r2, r0
.Ltmp2:
	@DEBUG_VALUE: fix16_div:a <- $r2
	.loc	3 23 24 is_stmt 1               @ ../03_Algorithm_FixedPoint/FixedPoint.c:23:24
	asrs	r0, r0, #31
	str	r2, [sp, #4]                    @ 4-byte Spill
.Ltmp3:
	@DEBUG_VALUE: fix16_div:a <- [DW_OP_plus_uconst 4] [$sp+0]
	eors	r2, r0
	subs	r6, r2, r0
.Ltmp4:
	@DEBUG_VALUE: fix16_div:remainder <- $r6
	.loc	3 24 22                         @ ../03_Algorithm_FixedPoint/FixedPoint.c:24:22
	asrs	r0, r1, #31
	str	r1, [sp, #8]                    @ 4-byte Spill
.Ltmp5:
	@DEBUG_VALUE: fix16_div:b <- [DW_OP_plus_uconst 8] [$sp+0]
	eors	r1, r0
	subs	r7, r1, r0
.Ltmp6:
	@DEBUG_VALUE: fix16_div:bit_pos <- 17
	@DEBUG_VALUE: fix16_div:quotient <- 0
	@DEBUG_VALUE: fix16_div:divider <- $r7
	.loc	3 31 7                          @ ../03_Algorithm_FixedPoint/FixedPoint.c:31:7
	lsrs	r0, r7, #20
	bne	.LBB0_4
.Ltmp7:
@ %bb.2:
	@DEBUG_VALUE: fix16_div:divider <- $r7
	@DEBUG_VALUE: fix16_div:quotient <- 0
	@DEBUG_VALUE: fix16_div:bit_pos <- 17
	@DEBUG_VALUE: fix16_div:b <- [DW_OP_plus_uconst 8] [$sp+0]
	@DEBUG_VALUE: fix16_div:remainder <- $r6
	@DEBUG_VALUE: fix16_div:a <- [DW_OP_plus_uconst 4] [$sp+0]
	.loc	3 0 7 is_stmt 0                 @ ../03_Algorithm_FixedPoint/FixedPoint.c:0:7
	movs	r5, #0
	b	.LBB0_5
.Ltmp8:
.LBB0_3:
	@DEBUG_VALUE: fix16_div:b <- $r1
	@DEBUG_VALUE: fix16_div:a <- $r0
	movs	r0, #1
.Ltmp9:
	@DEBUG_VALUE: fix16_div:a <- [DW_OP_LLVM_entry_value 1] $r0
	lsls	r0, r0, #31
	.loc	3 85 1 epilogue_begin is_stmt 1 @ ../03_Algorithm_FixedPoint/FixedPoint.c:85:1
	pop	{r1, r2, r3, r4, r5, r6, r7, pc}
.Ltmp10:
.LBB0_4:
	@DEBUG_VALUE: fix16_div:divider <- $r7
	@DEBUG_VALUE: fix16_div:quotient <- 0
	@DEBUG_VALUE: fix16_div:bit_pos <- 17
	@DEBUG_VALUE: fix16_div:b <- [DW_OP_plus_uconst 8] [$sp+0]
	@DEBUG_VALUE: fix16_div:remainder <- $r6
	@DEBUG_VALUE: fix16_div:a <- [DW_OP_plus_uconst 4] [$sp+0]
	.loc	3 33 38                         @ ../03_Algorithm_FixedPoint/FixedPoint.c:33:38
	lsrs	r0, r7, #17
	.loc	3 33 45 is_stmt 0               @ ../03_Algorithm_FixedPoint/FixedPoint.c:33:45
	adds	r1, r0, #1
.Ltmp11:
	@DEBUG_VALUE: shifted_div <- $r1
	.loc	3 34 26 is_stmt 1               @ ../03_Algorithm_FixedPoint/FixedPoint.c:34:26
	mov	r0, r6
	bl	__aeabi_uidiv
.Ltmp12:
	mov	r5, r0
.Ltmp13:
	@DEBUG_VALUE: fix16_div:quotient <- $r5
	.loc	3 0 26 is_stmt 0                @ ../03_Algorithm_FixedPoint/FixedPoint.c:0:26
	movs	r1, #0
	.loc	3 35 38 is_stmt 1               @ ../03_Algorithm_FixedPoint/FixedPoint.c:35:38
	mov	r2, r7
	mov	r3, r1
	bl	__aeabi_lmul
.Ltmp14:
	.loc	3 35 49 is_stmt 0               @ ../03_Algorithm_FixedPoint/FixedPoint.c:35:49
	lsls	r1, r1, #15
	lsrs	r0, r0, #17
	adds	r0, r0, r1
	.loc	3 35 15                         @ ../03_Algorithm_FixedPoint/FixedPoint.c:35:15
	subs	r6, r6, r0
.Ltmp15:
	@DEBUG_VALUE: fix16_div:remainder <- $r6
.LBB0_5:
	@DEBUG_VALUE: fix16_div:divider <- $r7
	@DEBUG_VALUE: fix16_div:bit_pos <- 17
	@DEBUG_VALUE: fix16_div:b <- [DW_OP_plus_uconst 8] [$sp+0]
	@DEBUG_VALUE: fix16_div:remainder <- $r6
	@DEBUG_VALUE: fix16_div:a <- [DW_OP_plus_uconst 4] [$sp+0]
	.loc	3 0 15                          @ ../03_Algorithm_FixedPoint/FixedPoint.c:0:15
	movs	r0, #17
.Ltmp16:
	@DEBUG_VALUE: fix16_div:quotient <- $r5
	@DEBUG_VALUE: fix16_div:remainder <- $r6
.LBB0_6:                                @ =>This Inner Loop Header: Depth=1
	@DEBUG_VALUE: fix16_div:quotient <- $r5
	@DEBUG_VALUE: fix16_div:divider <- $r7
	@DEBUG_VALUE: fix16_div:b <- [DW_OP_plus_uconst 8] [$sp+0]
	@DEBUG_VALUE: fix16_div:remainder <- $r6
	@DEBUG_VALUE: fix16_div:a <- [DW_OP_plus_uconst 4] [$sp+0]
	@DEBUG_VALUE: fix16_div:divider <- $r7
	@DEBUG_VALUE: fix16_div:bit_pos <- $r0
	.loc	3 39 3 is_stmt 1                @ ../03_Algorithm_FixedPoint/FixedPoint.c:39:3
	lsls	r1, r7, #28
	bne	.LBB0_18
.Ltmp17:
@ %bb.7:                                @   in Loop: Header=BB0_6 Depth=1
	@DEBUG_VALUE: fix16_div:bit_pos <- $r0
	@DEBUG_VALUE: fix16_div:quotient <- $r5
	@DEBUG_VALUE: fix16_div:divider <- $r7
	@DEBUG_VALUE: fix16_div:b <- [DW_OP_plus_uconst 8] [$sp+0]
	@DEBUG_VALUE: fix16_div:remainder <- $r6
	@DEBUG_VALUE: fix16_div:a <- [DW_OP_plus_uconst 4] [$sp+0]
	cmp	r0, #3
	bls	.LBB0_18
.Ltmp18:
@ %bb.8:                                @   in Loop: Header=BB0_6 Depth=1
	@DEBUG_VALUE: fix16_div:bit_pos <- $r0
	@DEBUG_VALUE: fix16_div:quotient <- $r5
	@DEBUG_VALUE: fix16_div:divider <- $r7
	@DEBUG_VALUE: fix16_div:b <- [DW_OP_plus_uconst 8] [$sp+0]
	@DEBUG_VALUE: fix16_div:remainder <- $r6
	@DEBUG_VALUE: fix16_div:a <- [DW_OP_plus_uconst 4] [$sp+0]
	.loc	3 42 13                         @ ../03_Algorithm_FixedPoint/FixedPoint.c:42:13
	subs	r0, r0, #4
.Ltmp19:
	@DEBUG_VALUE: fix16_div:bit_pos <- $r0
	.loc	3 41 13                         @ ../03_Algorithm_FixedPoint/FixedPoint.c:41:13
	lsrs	r7, r7, #4
.Ltmp20:
	@DEBUG_VALUE: fix16_div:divider <- $r7
	.loc	3 0 13 is_stmt 0                @ ../03_Algorithm_FixedPoint/FixedPoint.c:0:13
	b	.LBB0_6
.Ltmp21:
.LBB0_9:                                @   in Loop: Header=BB0_18 Depth=1
	@DEBUG_VALUE: fix16_div:bit_pos <- $r0
	@DEBUG_VALUE: fix16_div:quotient <- $r5
	@DEBUG_VALUE: fix16_div:divider <- $r7
	@DEBUG_VALUE: fix16_div:b <- [DW_OP_plus_uconst 8] [$sp+0]
	@DEBUG_VALUE: fix16_div:remainder <- $r6
	@DEBUG_VALUE: fix16_div:a <- [DW_OP_plus_uconst 4] [$sp+0]
	.loc	3 45 3 is_stmt 1                @ ../03_Algorithm_FixedPoint/FixedPoint.c:45:3
	cmp	r0, #0
	bmi	.LBB0_19
.Ltmp22:
@ %bb.10:                               @   in Loop: Header=BB0_18 Depth=1
	@DEBUG_VALUE: fix16_div:bit_pos <- $r0
	@DEBUG_VALUE: fix16_div:quotient <- $r5
	@DEBUG_VALUE: fix16_div:divider <- $r7
	@DEBUG_VALUE: fix16_div:b <- [DW_OP_plus_uconst 8] [$sp+0]
	@DEBUG_VALUE: fix16_div:remainder <- $r6
	@DEBUG_VALUE: fix16_div:a <- [DW_OP_plus_uconst 4] [$sp+0]
	.loc	3 0 3 is_stmt 0                 @ ../03_Algorithm_FixedPoint/FixedPoint.c:0:3
	movs	r1, #0
	mov	r2, r6
.Ltmp23:
.LBB0_11:                               @   Parent Loop BB0_18 Depth=1
                                        @ =>  This Inner Loop Header: Depth=2
	@DEBUG_VALUE: fix16_div:bit_pos <- $r0
	@DEBUG_VALUE: fix16_div:quotient <- $r5
	@DEBUG_VALUE: fix16_div:divider <- $r7
	@DEBUG_VALUE: fix16_div:b <- [DW_OP_plus_uconst 8] [$sp+0]
	@DEBUG_VALUE: fix16_div:remainder <- $r6
	@DEBUG_VALUE: fix16_div:a <- [DW_OP_plus_uconst 4] [$sp+0]
	@DEBUG_VALUE: clz:result <- $r1
	@DEBUG_VALUE: clz:x <- $r2
	.loc	3 11 3 is_stmt 1                @ ../03_Algorithm_FixedPoint/FixedPoint.c:11:3
	lsrs	r3, r2, #28
	bne	.LBB0_14
.Ltmp24:
@ %bb.12:                               @   in Loop: Header=BB0_11 Depth=2
	@DEBUG_VALUE: clz:x <- $r2
	@DEBUG_VALUE: clz:result <- $r1
	@DEBUG_VALUE: fix16_div:bit_pos <- $r0
	@DEBUG_VALUE: fix16_div:quotient <- $r5
	@DEBUG_VALUE: fix16_div:divider <- $r7
	@DEBUG_VALUE: fix16_div:b <- [DW_OP_plus_uconst 8] [$sp+0]
	@DEBUG_VALUE: fix16_div:remainder <- $r6
	@DEBUG_VALUE: fix16_div:a <- [DW_OP_plus_uconst 4] [$sp+0]
	.loc	3 11 46 is_stmt 0               @ ../03_Algorithm_FixedPoint/FixedPoint.c:11:46
	lsls	r2, r2, #4
.Ltmp25:
	@DEBUG_VALUE: clz:x <- $r2
	.loc	3 11 38                         @ ../03_Algorithm_FixedPoint/FixedPoint.c:11:38
	adds	r1, r1, #4
.Ltmp26:
	@DEBUG_VALUE: clz:result <- $r1
	.loc	3 0 38                          @ ../03_Algorithm_FixedPoint/FixedPoint.c:0:38
	b	.LBB0_11
.Ltmp27:
.LBB0_13:                               @   in Loop: Header=BB0_14 Depth=2
	@DEBUG_VALUE: clz:x <- $r2
	@DEBUG_VALUE: clz:result <- $r1
	@DEBUG_VALUE: fix16_div:bit_pos <- $r0
	@DEBUG_VALUE: fix16_div:quotient <- $r5
	@DEBUG_VALUE: fix16_div:divider <- $r7
	@DEBUG_VALUE: fix16_div:b <- [DW_OP_plus_uconst 8] [$sp+0]
	@DEBUG_VALUE: fix16_div:remainder <- $r6
	@DEBUG_VALUE: fix16_div:a <- [DW_OP_plus_uconst 4] [$sp+0]
	.loc	3 12 46 is_stmt 1               @ ../03_Algorithm_FixedPoint/FixedPoint.c:12:46
	lsls	r2, r2, #1
.Ltmp28:
	@DEBUG_VALUE: clz:x <- $r2
	.loc	3 12 38 is_stmt 0               @ ../03_Algorithm_FixedPoint/FixedPoint.c:12:38
	adds	r1, r1, #1
.Ltmp29:
	@DEBUG_VALUE: clz:result <- $r1
.LBB0_14:                               @   Parent Loop BB0_18 Depth=1
                                        @ =>  This Inner Loop Header: Depth=2
	@DEBUG_VALUE: clz:x <- $r2
	@DEBUG_VALUE: clz:result <- $r1
	@DEBUG_VALUE: fix16_div:bit_pos <- $r0
	@DEBUG_VALUE: fix16_div:quotient <- $r5
	@DEBUG_VALUE: fix16_div:divider <- $r7
	@DEBUG_VALUE: fix16_div:b <- [DW_OP_plus_uconst 8] [$sp+0]
	@DEBUG_VALUE: fix16_div:remainder <- $r6
	@DEBUG_VALUE: fix16_div:a <- [DW_OP_plus_uconst 4] [$sp+0]
	@DEBUG_VALUE: clz:result <- $r1
	@DEBUG_VALUE: clz:x <- $r2
	.loc	3 12 3                          @ ../03_Algorithm_FixedPoint/FixedPoint.c:12:3
	cmp	r2, #0
	bpl	.LBB0_13
.Ltmp30:
@ %bb.15:                               @   in Loop: Header=BB0_18 Depth=1
	@DEBUG_VALUE: fix16_div:bit_pos <- $r0
	@DEBUG_VALUE: fix16_div:quotient <- $r5
	@DEBUG_VALUE: fix16_div:divider <- $r7
	@DEBUG_VALUE: fix16_div:b <- [DW_OP_plus_uconst 8] [$sp+0]
	@DEBUG_VALUE: fix16_div:remainder <- $r6
	@DEBUG_VALUE: fix16_div:a <- [DW_OP_plus_uconst 4] [$sp+0]
	.loc	3 48 17 is_stmt 1               @ ../03_Algorithm_FixedPoint/FixedPoint.c:48:17
	uxtb	r2, r1
.Ltmp31:
	@DEBUG_VALUE: shift <- $r2
	.loc	3 49 9                          @ ../03_Algorithm_FixedPoint/FixedPoint.c:49:9
	cmp	r0, r2
	mov	r1, r0
	blt	.LBB0_17
.Ltmp32:
@ %bb.16:                               @   in Loop: Header=BB0_18 Depth=1
	@DEBUG_VALUE: shift <- $r2
	@DEBUG_VALUE: fix16_div:bit_pos <- $r0
	@DEBUG_VALUE: fix16_div:quotient <- $r5
	@DEBUG_VALUE: fix16_div:divider <- $r7
	@DEBUG_VALUE: fix16_div:b <- [DW_OP_plus_uconst 8] [$sp+0]
	@DEBUG_VALUE: fix16_div:remainder <- $r6
	@DEBUG_VALUE: fix16_div:a <- [DW_OP_plus_uconst 4] [$sp+0]
	.loc	3 0 9 is_stmt 0                 @ ../03_Algorithm_FixedPoint/FixedPoint.c:0:9
	mov	r1, r2
.Ltmp33:
.LBB0_17:                               @   in Loop: Header=BB0_18 Depth=1
	@DEBUG_VALUE: shift <- $r2
	@DEBUG_VALUE: fix16_div:bit_pos <- $r0
	@DEBUG_VALUE: fix16_div:quotient <- $r5
	@DEBUG_VALUE: fix16_div:divider <- $r7
	@DEBUG_VALUE: fix16_div:b <- [DW_OP_plus_uconst 8] [$sp+0]
	@DEBUG_VALUE: fix16_div:remainder <- $r6
	@DEBUG_VALUE: fix16_div:a <- [DW_OP_plus_uconst 4] [$sp+0]
	@DEBUG_VALUE: shift <- $r1
	.loc	3 51 13 is_stmt 1               @ ../03_Algorithm_FixedPoint/FixedPoint.c:51:13
	subs	r4, r0, r1
.Ltmp34:
	@DEBUG_VALUE: fix16_div:bit_pos <- $r4
	.loc	3 50 15                         @ ../03_Algorithm_FixedPoint/FixedPoint.c:50:15
	lsls	r6, r1
.Ltmp35:
	@DEBUG_VALUE: fix16_div:remainder <- $r6
	.loc	3 53 30                         @ ../03_Algorithm_FixedPoint/FixedPoint.c:53:30
	mov	r0, r6
	mov	r1, r7
.Ltmp36:
	bl	__aeabi_uidiv
.Ltmp37:
	@DEBUG_VALUE: fix16_div:quotient <- $r5
	.loc	3 0 30 is_stmt 0                @ ../03_Algorithm_FixedPoint/FixedPoint.c:0:30
	mov	r1, r7
	muls	r1, r0, r1
.Ltmp38:
	@DEBUG_VALUE: div <- $r0
	.loc	3 55 21 is_stmt 1               @ ../03_Algorithm_FixedPoint/FixedPoint.c:55:21
	lsls	r0, r4
.Ltmp39:
	.loc	3 55 14 is_stmt 0               @ ../03_Algorithm_FixedPoint/FixedPoint.c:55:14
	adds	r5, r0, r5
.Ltmp40:
	.loc	3 0 14                          @ ../03_Algorithm_FixedPoint/FixedPoint.c:0:14
	subs	r0, r6, r1
.Ltmp41:
	@DEBUG_VALUE: fix16_div:remainder <- $r0
	.loc	3 62 15 is_stmt 1               @ ../03_Algorithm_FixedPoint/FixedPoint.c:62:15
	lsls	r6, r0, #1
.Ltmp42:
	@DEBUG_VALUE: fix16_div:remainder <- $r6
	.loc	3 63 12                         @ ../03_Algorithm_FixedPoint/FixedPoint.c:63:12
	subs	r0, r4, #1
.Ltmp43:
	@DEBUG_VALUE: fix16_div:bit_pos <- $r0
.LBB0_18:                               @ =>This Loop Header: Depth=1
                                        @     Child Loop BB0_11 Depth 2
                                        @     Child Loop BB0_14 Depth 2
	@DEBUG_VALUE: fix16_div:bit_pos <- $r0
	@DEBUG_VALUE: fix16_div:divider <- $r7
	@DEBUG_VALUE: fix16_div:b <- [DW_OP_plus_uconst 8] [$sp+0]
	@DEBUG_VALUE: fix16_div:remainder <- $r6
	@DEBUG_VALUE: fix16_div:a <- [DW_OP_plus_uconst 4] [$sp+0]
	@DEBUG_VALUE: fix16_div:remainder <- $r6
	@DEBUG_VALUE: fix16_div:quotient <- $r5
	@DEBUG_VALUE: fix16_div:bit_pos <- $r0
	.loc	3 45 3                          @ ../03_Algorithm_FixedPoint/FixedPoint.c:45:3
	cmp	r6, #0
	bne	.LBB0_9
.Ltmp44:
.LBB0_19:
	@DEBUG_VALUE: fix16_div:bit_pos <- $r0
	@DEBUG_VALUE: fix16_div:quotient <- $r5
	@DEBUG_VALUE: fix16_div:divider <- $r7
	@DEBUG_VALUE: fix16_div:b <- [DW_OP_plus_uconst 8] [$sp+0]
	@DEBUG_VALUE: fix16_div:remainder <- $r6
	@DEBUG_VALUE: fix16_div:a <- [DW_OP_plus_uconst 4] [$sp+0]
	.loc	3 0 3 is_stmt 0                 @ ../03_Algorithm_FixedPoint/FixedPoint.c:0:3
	ldr	r1, [sp, #8]                    @ 4-byte Reload
.Ltmp45:
	@DEBUG_VALUE: fix16_div:b <- $r1
	.loc	3 74 10 is_stmt 1               @ ../03_Algorithm_FixedPoint/FixedPoint.c:74:10
	ldr	r0, [sp, #4]                    @ 4-byte Reload
.Ltmp46:
	@DEBUG_VALUE: fix16_div:a <- $r0
	eors	r1, r0
.Ltmp47:
	@DEBUG_VALUE: fix16_div:b <- [DW_OP_LLVM_entry_value 1] $r1
	.loc	3 68 11                         @ ../03_Algorithm_FixedPoint/FixedPoint.c:68:11
	adds	r0, r5, #1
.Ltmp48:
	@DEBUG_VALUE: fix16_div:quotient <- $r0
	.loc	3 71 29                         @ ../03_Algorithm_FixedPoint/FixedPoint.c:71:29
	lsrs	r0, r0, #1
.Ltmp49:
	@DEBUG_VALUE: fix16_div:result <- $r0
	.loc	3 74 7                          @ ../03_Algorithm_FixedPoint/FixedPoint.c:74:7
	cmp	r1, #0
	bpl	.LBB0_21
.Ltmp50:
@ %bb.20:
	@DEBUG_VALUE: fix16_div:result <- $r0
	@DEBUG_VALUE: fix16_div:b <- [DW_OP_LLVM_entry_value 1] $r1
	@DEBUG_VALUE: fix16_div:divider <- $r7
	@DEBUG_VALUE: fix16_div:remainder <- $r6
	.loc	3 0 7 is_stmt 0                 @ ../03_Algorithm_FixedPoint/FixedPoint.c:0:7
	rsbs	r0, r0, #0
.Ltmp51:
	@DEBUG_VALUE: fix16_div:result <- $r0
.LBB0_21:
	@DEBUG_VALUE: fix16_div:result <- $r0
	@DEBUG_VALUE: fix16_div:b <- [DW_OP_LLVM_entry_value 1] $r1
	@DEBUG_VALUE: fix16_div:divider <- $r7
	@DEBUG_VALUE: fix16_div:remainder <- $r6
	.loc	3 85 1 epilogue_begin is_stmt 1 @ ../03_Algorithm_FixedPoint/FixedPoint.c:85:1
	pop	{r1, r2, r3, r4, r5, r6, r7, pc}
.Ltmp52:
.Lfunc_end0:
	.size	fix16_div, .Lfunc_end0-fix16_div
	.cfi_endproc
	.cantunwind
	.fnend
                                        @ -- End function
	.section	.text.fix16_mul,"ax",%progbits
	.hidden	fix16_mul                       @ -- Begin function fix16_mul
	.globl	fix16_mul
	.p2align	2
	.type	fix16_mul,%function
	.code	16                              @ @fix16_mul
	.thumb_func
fix16_mul:
.Lfunc_begin1:
	.loc	3 88 0                          @ ../03_Algorithm_FixedPoint/FixedPoint.c:88:0
	.fnstart
	.cfi_startproc
@ %bb.0:
	@DEBUG_VALUE: fix16_mul:inArg0 <- $r0
	@DEBUG_VALUE: fix16_mul:inArg1 <- $r1
	.save	{r4, r5, r7, lr}
	push	{r4, r5, r7, lr}
	.cfi_def_cfa_offset 16
	.cfi_offset lr, -4
	.cfi_offset r7, -8
	.cfi_offset r5, -12
	.cfi_offset r4, -16
.Ltmp53:
	.loc	3 99 24 prologue_end            @ ../03_Algorithm_FixedPoint/FixedPoint.c:99:24
	uxth	r2, r0
.Ltmp54:
	@DEBUG_VALUE: fix16_mul:B <- $r2
	.loc	3 98 43                         @ ../03_Algorithm_FixedPoint/FixedPoint.c:98:43
	asrs	r3, r1, #16
.Ltmp55:
	@DEBUG_VALUE: fix16_mul:C <- $r3
	.loc	3 102 26                        @ ../03_Algorithm_FixedPoint/FixedPoint.c:102:26
	mov	r4, r2
	muls	r4, r3, r4
	.loc	3 98 23                         @ ../03_Algorithm_FixedPoint/FixedPoint.c:98:23
	asrs	r0, r0, #16
.Ltmp56:
	@DEBUG_VALUE: fix16_mul:inArg0 <- [DW_OP_LLVM_entry_value 1] $r0
	@DEBUG_VALUE: fix16_mul:A <- $r0
	.loc	3 99 47                         @ ../03_Algorithm_FixedPoint/FixedPoint.c:99:47
	uxth	r1, r1
.Ltmp57:
	@DEBUG_VALUE: fix16_mul:inArg1 <- [DW_OP_LLVM_entry_value 1] $r1
	@DEBUG_VALUE: fix16_mul:D <- $r1
	.loc	3 102 20                        @ ../03_Algorithm_FixedPoint/FixedPoint.c:102:20
	mov	r5, r0
	muls	r5, r1, r5
	.loc	3 102 23 is_stmt 0              @ ../03_Algorithm_FixedPoint/FixedPoint.c:102:23
	adds	r4, r5, r4
.Ltmp58:
	@DEBUG_VALUE: fix16_mul:AD_CB <- $r4
	.loc	3 105 36 is_stmt 1              @ ../03_Algorithm_FixedPoint/FixedPoint.c:105:36
	asrs	r5, r4, #16
.Ltmp59:
	@DEBUG_VALUE: fix16_mul:product_hi <- undef
	.loc	3 108 31                        @ ../03_Algorithm_FixedPoint/FixedPoint.c:108:31
	lsls	r4, r4, #16
.Ltmp60:
	@DEBUG_VALUE: fix16_mul:ad_cb_temp <- $r4
	.loc	3 101 17                        @ ../03_Algorithm_FixedPoint/FixedPoint.c:101:17
	muls	r0, r3, r0
.Ltmp61:
	@DEBUG_VALUE: fix16_mul:AC <- $r0
	.loc	3 103 18                        @ ../03_Algorithm_FixedPoint/FixedPoint.c:103:18
	muls	r2, r1, r2
.Ltmp62:
	@DEBUG_VALUE: fix16_mul:BD <- $r2
	.loc	3 109 28                        @ ../03_Algorithm_FixedPoint/FixedPoint.c:109:28
	adds	r2, r4, r2
.Ltmp63:
	@DEBUG_VALUE: fix16_mul:product_lo <- $r2
	.loc	3 110 7                         @ ../03_Algorithm_FixedPoint/FixedPoint.c:110:7
	adcs	r0, r5
.Ltmp64:
	@DEBUG_VALUE: fix16_mul:product_lo <- undef
	@DEBUG_VALUE: fix16_mul:product_hi <- $r0
	.loc	3 128 38                        @ ../03_Algorithm_FixedPoint/FixedPoint.c:128:38
	asrs	r1, r0, #31
.Ltmp65:
	@DEBUG_VALUE: fix16_mul:product_lo_tmp <- $r2
	.loc	3 127 14                        @ ../03_Algorithm_FixedPoint/FixedPoint.c:127:14
	adds	r1, r2, r1
	ldr	r3, __arm_cp.1_0
.Ltmp66:
	.loc	3 128 14                        @ ../03_Algorithm_FixedPoint/FixedPoint.c:128:14
	adds	r1, r1, r3
.Ltmp67:
	@DEBUG_VALUE: fix16_mul:product_lo <- $r1
	.loc	3 129 7                         @ ../03_Algorithm_FixedPoint/FixedPoint.c:129:7
	cmp	r1, r2
	bls	.LBB1_2
.Ltmp68:
@ %bb.1:
	@DEBUG_VALUE: fix16_mul:product_lo <- $r1
	@DEBUG_VALUE: fix16_mul:product_lo_tmp <- $r2
	@DEBUG_VALUE: fix16_mul:product_hi <- $r0
	@DEBUG_VALUE: fix16_mul:ad_cb_temp <- $r4
	@DEBUG_VALUE: fix16_mul:inArg1 <- [DW_OP_LLVM_entry_value 1] $r1
	@DEBUG_VALUE: fix16_mul:inArg0 <- [DW_OP_LLVM_entry_value 1] $r0
	.loc	3 0 7 is_stmt 0                 @ ../03_Algorithm_FixedPoint/FixedPoint.c:0:7
	subs	r0, r0, #1
.Ltmp69:
.LBB1_2:
	@DEBUG_VALUE: fix16_mul:product_lo <- $r1
	@DEBUG_VALUE: fix16_mul:product_lo_tmp <- $r2
	@DEBUG_VALUE: fix16_mul:ad_cb_temp <- $r4
	@DEBUG_VALUE: fix16_mul:inArg1 <- [DW_OP_LLVM_entry_value 1] $r1
	@DEBUG_VALUE: fix16_mul:inArg0 <- [DW_OP_LLVM_entry_value 1] $r0
	@DEBUG_VALUE: fix16_mul:product_hi <- $r0
	.loc	3 136 39 is_stmt 1              @ ../03_Algorithm_FixedPoint/FixedPoint.c:136:39
	lsls	r0, r0, #16
.Ltmp70:
	lsrs	r1, r1, #16
.Ltmp71:
	adds	r0, r0, r1
.Ltmp72:
	@DEBUG_VALUE: fix16_mul:result <- $r0
	.loc	3 137 10                        @ ../03_Algorithm_FixedPoint/FixedPoint.c:137:10
	adds	r0, r0, #1
.Ltmp73:
	@DEBUG_VALUE: fix16_mul:result <- $r0
	.loc	3 138 3 epilogue_begin          @ ../03_Algorithm_FixedPoint/FixedPoint.c:138:3
	pop	{r4, r5, r7, pc}
.Ltmp74:
	.p2align	2
@ %bb.3:
	.loc	3 0 3 is_stmt 0                 @ ../03_Algorithm_FixedPoint/FixedPoint.c:0:3
__arm_cp.1_0:
	.long	4294934528                      @ 0xffff8000
.Lcpi_end0:
	.size	__arm_cp.1_0, .Lcpi_end0-__arm_cp.1_0
.Lfunc_end1:
	.size	fix16_mul, .Lfunc_end1-fix16_mul
	.cfi_endproc
	.cantunwind
	.fnend
                                        @ -- End function
	.section	.debug_loc,"",%progbits
.Ldebug_loc0:
	.long	-1
	.long	.Lfunc_begin0                   @   base address
	.long	.Lfunc_begin0-.Lfunc_begin0
	.long	.Ltmp2-.Lfunc_begin0
	.short	1                               @ Loc expr size
	.byte	80                              @ DW_OP_reg0
	.long	.Ltmp2-.Lfunc_begin0
	.long	.Ltmp3-.Lfunc_begin0
	.short	1                               @ Loc expr size
	.byte	82                              @ DW_OP_reg2
	.long	.Ltmp3-.Lfunc_begin0
	.long	.Ltmp8-.Lfunc_begin0
	.short	2                               @ Loc expr size
	.byte	125                             @ DW_OP_breg13
	.byte	4                               @ 4
	.long	.Ltmp8-.Lfunc_begin0
	.long	.Ltmp9-.Lfunc_begin0
	.short	1                               @ Loc expr size
	.byte	80                              @ DW_OP_reg0
	.long	.Ltmp9-.Lfunc_begin0
	.long	.Ltmp10-.Lfunc_begin0
	.short	4                               @ Loc expr size
	.byte	243                             @ DW_OP_GNU_entry_value
	.byte	1                               @ 1
	.byte	80                              @ DW_OP_reg0
	.byte	159                             @ DW_OP_stack_value
	.long	.Ltmp10-.Lfunc_begin0
	.long	.Ltmp46-.Lfunc_begin0
	.short	2                               @ Loc expr size
	.byte	125                             @ DW_OP_breg13
	.byte	4                               @ 4
	.long	.Ltmp46-.Lfunc_begin0
	.long	.Ltmp48-.Lfunc_begin0
	.short	1                               @ Loc expr size
	.byte	80                              @ DW_OP_reg0
	.long	0
	.long	0
.Ldebug_loc1:
	.long	-1
	.long	.Lfunc_begin0                   @   base address
	.long	.Lfunc_begin0-.Lfunc_begin0
	.long	.Ltmp5-.Lfunc_begin0
	.short	1                               @ Loc expr size
	.byte	81                              @ DW_OP_reg1
	.long	.Ltmp5-.Lfunc_begin0
	.long	.Ltmp8-.Lfunc_begin0
	.short	2                               @ Loc expr size
	.byte	125                             @ DW_OP_breg13
	.byte	8                               @ 8
	.long	.Ltmp8-.Lfunc_begin0
	.long	.Ltmp10-.Lfunc_begin0
	.short	1                               @ Loc expr size
	.byte	81                              @ DW_OP_reg1
	.long	.Ltmp10-.Lfunc_begin0
	.long	.Ltmp45-.Lfunc_begin0
	.short	2                               @ Loc expr size
	.byte	125                             @ DW_OP_breg13
	.byte	8                               @ 8
	.long	.Ltmp45-.Lfunc_begin0
	.long	.Ltmp47-.Lfunc_begin0
	.short	1                               @ Loc expr size
	.byte	81                              @ DW_OP_reg1
	.long	.Ltmp47-.Lfunc_begin0
	.long	.Lfunc_end0-.Lfunc_begin0
	.short	4                               @ Loc expr size
	.byte	243                             @ DW_OP_GNU_entry_value
	.byte	1                               @ 1
	.byte	81                              @ DW_OP_reg1
	.byte	159                             @ DW_OP_stack_value
	.long	0
	.long	0
.Ldebug_loc2:
	.long	-1
	.long	.Lfunc_begin0                   @   base address
	.long	.Ltmp4-.Lfunc_begin0
	.long	.Ltmp8-.Lfunc_begin0
	.short	1                               @ Loc expr size
	.byte	86                              @ DW_OP_reg6
	.long	.Ltmp10-.Lfunc_begin0
	.long	.Ltmp41-.Lfunc_begin0
	.short	1                               @ Loc expr size
	.byte	86                              @ DW_OP_reg6
	.long	.Ltmp41-.Lfunc_begin0
	.long	.Ltmp42-.Lfunc_begin0
	.short	1                               @ Loc expr size
	.byte	80                              @ DW_OP_reg0
	.long	.Ltmp42-.Lfunc_begin0
	.long	.Ltmp52-.Lfunc_begin0
	.short	1                               @ Loc expr size
	.byte	86                              @ DW_OP_reg6
	.long	0
	.long	0
.Ldebug_loc3:
	.long	-1
	.long	.Lfunc_begin0                   @   base address
	.long	.Ltmp6-.Lfunc_begin0
	.long	.Ltmp8-.Lfunc_begin0
	.short	3                               @ Loc expr size
	.byte	17                              @ DW_OP_consts
	.byte	17                              @ 17
	.byte	159                             @ DW_OP_stack_value
	.long	.Ltmp10-.Lfunc_begin0
	.long	.Ltmp16-.Lfunc_begin0
	.short	3                               @ Loc expr size
	.byte	17                              @ DW_OP_consts
	.byte	17                              @ 17
	.byte	159                             @ DW_OP_stack_value
	.long	.Ltmp16-.Lfunc_begin0
	.long	.Ltmp34-.Lfunc_begin0
	.short	1                               @ Loc expr size
	.byte	80                              @ DW_OP_reg0
	.long	.Ltmp34-.Lfunc_begin0
	.long	.Ltmp43-.Lfunc_begin0
	.short	1                               @ Loc expr size
	.byte	84                              @ DW_OP_reg4
	.long	.Ltmp43-.Lfunc_begin0
	.long	.Ltmp46-.Lfunc_begin0
	.short	1                               @ Loc expr size
	.byte	80                              @ DW_OP_reg0
	.long	0
	.long	0
.Ldebug_loc4:
	.long	-1
	.long	.Lfunc_begin0                   @   base address
	.long	.Ltmp6-.Lfunc_begin0
	.long	.Ltmp8-.Lfunc_begin0
	.short	2                               @ Loc expr size
	.byte	48                              @ DW_OP_lit0
	.byte	159                             @ DW_OP_stack_value
	.long	.Ltmp10-.Lfunc_begin0
	.long	.Ltmp13-.Lfunc_begin0
	.short	2                               @ Loc expr size
	.byte	48                              @ DW_OP_lit0
	.byte	159                             @ DW_OP_stack_value
	.long	.Ltmp13-.Lfunc_begin0
	.long	.Ltmp15-.Lfunc_begin0
	.short	1                               @ Loc expr size
	.byte	85                              @ DW_OP_reg5
	.long	.Ltmp16-.Lfunc_begin0
	.long	.Ltmp40-.Lfunc_begin0
	.short	1                               @ Loc expr size
	.byte	85                              @ DW_OP_reg5
	.long	.Ltmp43-.Lfunc_begin0
	.long	.Ltmp48-.Lfunc_begin0
	.short	1                               @ Loc expr size
	.byte	85                              @ DW_OP_reg5
	.long	.Ltmp48-.Lfunc_begin0
	.long	.Ltmp49-.Lfunc_begin0
	.short	1                               @ Loc expr size
	.byte	80                              @ DW_OP_reg0
	.long	0
	.long	0
.Ldebug_loc5:
	.long	-1
	.long	.Lfunc_begin0                   @   base address
	.long	.Ltmp6-.Lfunc_begin0
	.long	.Ltmp8-.Lfunc_begin0
	.short	1                               @ Loc expr size
	.byte	87                              @ DW_OP_reg7
	.long	.Ltmp10-.Lfunc_begin0
	.long	.Ltmp52-.Lfunc_begin0
	.short	1                               @ Loc expr size
	.byte	87                              @ DW_OP_reg7
	.long	0
	.long	0
.Ldebug_loc6:
	.long	-1
	.long	.Lfunc_begin0                   @   base address
	.long	.Ltmp11-.Lfunc_begin0
	.long	.Ltmp12-.Lfunc_begin0
	.short	1                               @ Loc expr size
	.byte	81                              @ DW_OP_reg1
	.long	0
	.long	0
.Ldebug_loc7:
	.long	-1
	.long	.Lfunc_begin0                   @   base address
	.long	.Ltmp31-.Lfunc_begin0
	.long	.Ltmp33-.Lfunc_begin0
	.short	1                               @ Loc expr size
	.byte	82                              @ DW_OP_reg2
	.long	.Ltmp33-.Lfunc_begin0
	.long	.Ltmp36-.Lfunc_begin0
	.short	1                               @ Loc expr size
	.byte	81                              @ DW_OP_reg1
	.long	0
	.long	0
.Ldebug_loc8:
	.long	-1
	.long	.Lfunc_begin0                   @   base address
	.long	.Ltmp38-.Lfunc_begin0
	.long	.Ltmp39-.Lfunc_begin0
	.short	1                               @ Loc expr size
	.byte	80                              @ DW_OP_reg0
	.long	0
	.long	0
.Ldebug_loc9:
	.long	-1
	.long	.Lfunc_begin0                   @   base address
	.long	.Ltmp49-.Lfunc_begin0
	.long	.Lfunc_end0-.Lfunc_begin0
	.short	1                               @ Loc expr size
	.byte	80                              @ DW_OP_reg0
	.long	0
	.long	0
.Ldebug_loc10:
	.long	-1
	.long	.Lfunc_begin1                   @   base address
	.long	.Lfunc_begin1-.Lfunc_begin1
	.long	.Ltmp56-.Lfunc_begin1
	.short	1                               @ Loc expr size
	.byte	80                              @ DW_OP_reg0
	.long	.Ltmp56-.Lfunc_begin1
	.long	.Ltmp74-.Lfunc_begin1
	.short	4                               @ Loc expr size
	.byte	243                             @ DW_OP_GNU_entry_value
	.byte	1                               @ 1
	.byte	80                              @ DW_OP_reg0
	.byte	159                             @ DW_OP_stack_value
	.long	0
	.long	0
.Ldebug_loc11:
	.long	-1
	.long	.Lfunc_begin1                   @   base address
	.long	.Lfunc_begin1-.Lfunc_begin1
	.long	.Ltmp57-.Lfunc_begin1
	.short	1                               @ Loc expr size
	.byte	81                              @ DW_OP_reg1
	.long	.Ltmp57-.Lfunc_begin1
	.long	.Ltmp74-.Lfunc_begin1
	.short	4                               @ Loc expr size
	.byte	243                             @ DW_OP_GNU_entry_value
	.byte	1                               @ 1
	.byte	81                              @ DW_OP_reg1
	.byte	159                             @ DW_OP_stack_value
	.long	0
	.long	0
.Ldebug_loc12:
	.long	-1
	.long	.Lfunc_begin1                   @   base address
	.long	.Ltmp54-.Lfunc_begin1
	.long	.Ltmp62-.Lfunc_begin1
	.short	1                               @ Loc expr size
	.byte	82                              @ DW_OP_reg2
	.long	0
	.long	0
.Ldebug_loc13:
	.long	-1
	.long	.Lfunc_begin1                   @   base address
	.long	.Ltmp55-.Lfunc_begin1
	.long	.Ltmp66-.Lfunc_begin1
	.short	1                               @ Loc expr size
	.byte	83                              @ DW_OP_reg3
	.long	0
	.long	0
.Ldebug_loc14:
	.long	-1
	.long	.Lfunc_begin1                   @   base address
	.long	.Ltmp56-.Lfunc_begin1
	.long	.Ltmp61-.Lfunc_begin1
	.short	1                               @ Loc expr size
	.byte	80                              @ DW_OP_reg0
	.long	0
	.long	0
.Ldebug_loc15:
	.long	-1
	.long	.Lfunc_begin1                   @   base address
	.long	.Ltmp57-.Lfunc_begin1
	.long	.Ltmp65-.Lfunc_begin1
	.short	1                               @ Loc expr size
	.byte	81                              @ DW_OP_reg1
	.long	0
	.long	0
.Ldebug_loc16:
	.long	-1
	.long	.Lfunc_begin1                   @   base address
	.long	.Ltmp58-.Lfunc_begin1
	.long	.Ltmp60-.Lfunc_begin1
	.short	1                               @ Loc expr size
	.byte	84                              @ DW_OP_reg4
	.long	0
	.long	0
.Ldebug_loc17:
	.long	-1
	.long	.Lfunc_begin1                   @   base address
	.long	.Ltmp64-.Lfunc_begin1
	.long	.Ltmp70-.Lfunc_begin1
	.short	1                               @ Loc expr size
	.byte	80                              @ DW_OP_reg0
	.long	0
	.long	0
.Ldebug_loc18:
	.long	-1
	.long	.Lfunc_begin1                   @   base address
	.long	.Ltmp60-.Lfunc_begin1
	.long	.Ltmp74-.Lfunc_begin1
	.short	1                               @ Loc expr size
	.byte	84                              @ DW_OP_reg4
	.long	0
	.long	0
.Ldebug_loc19:
	.long	-1
	.long	.Lfunc_begin1                   @   base address
	.long	.Ltmp61-.Lfunc_begin1
	.long	.Ltmp64-.Lfunc_begin1
	.short	1                               @ Loc expr size
	.byte	80                              @ DW_OP_reg0
	.long	0
	.long	0
.Ldebug_loc20:
	.long	-1
	.long	.Lfunc_begin1                   @   base address
	.long	.Ltmp62-.Lfunc_begin1
	.long	.Ltmp63-.Lfunc_begin1
	.short	1                               @ Loc expr size
	.byte	82                              @ DW_OP_reg2
	.long	0
	.long	0
.Ldebug_loc21:
	.long	-1
	.long	.Lfunc_begin1                   @   base address
	.long	.Ltmp63-.Lfunc_begin1
	.long	.Ltmp64-.Lfunc_begin1
	.short	1                               @ Loc expr size
	.byte	82                              @ DW_OP_reg2
	.long	.Ltmp67-.Lfunc_begin1
	.long	.Ltmp71-.Lfunc_begin1
	.short	1                               @ Loc expr size
	.byte	81                              @ DW_OP_reg1
	.long	0
	.long	0
.Ldebug_loc22:
	.long	-1
	.long	.Lfunc_begin1                   @   base address
	.long	.Ltmp65-.Lfunc_begin1
	.long	.Ltmp74-.Lfunc_begin1
	.short	1                               @ Loc expr size
	.byte	82                              @ DW_OP_reg2
	.long	0
	.long	0
.Ldebug_loc23:
	.long	-1
	.long	.Lfunc_begin1                   @   base address
	.long	.Ltmp72-.Lfunc_begin1
	.long	.Ltmp74-.Lfunc_begin1
	.short	1                               @ Loc expr size
	.byte	80                              @ DW_OP_reg0
	.long	0
	.long	0
	.section	.debug_abbrev,"",%progbits
	.byte	1                               @ Abbreviation Code
	.byte	17                              @ DW_TAG_compile_unit
	.byte	1                               @ DW_CHILDREN_yes
	.byte	37                              @ DW_AT_producer
	.byte	14                              @ DW_FORM_strp
	.byte	19                              @ DW_AT_language
	.byte	5                               @ DW_FORM_data2
	.byte	3                               @ DW_AT_name
	.byte	14                              @ DW_FORM_strp
	.byte	16                              @ DW_AT_stmt_list
	.byte	23                              @ DW_FORM_sec_offset
	.byte	27                              @ DW_AT_comp_dir
	.byte	14                              @ DW_FORM_strp
	.byte	17                              @ DW_AT_low_pc
	.byte	1                               @ DW_FORM_addr
	.byte	85                              @ DW_AT_ranges
	.byte	23                              @ DW_FORM_sec_offset
	.byte	0                               @ EOM(1)
	.byte	0                               @ EOM(2)
	.byte	2                               @ Abbreviation Code
	.byte	52                              @ DW_TAG_variable
	.byte	0                               @ DW_CHILDREN_no
	.byte	3                               @ DW_AT_name
	.byte	14                              @ DW_FORM_strp
	.byte	73                              @ DW_AT_type
	.byte	19                              @ DW_FORM_ref4
	.byte	58                              @ DW_AT_decl_file
	.byte	11                              @ DW_FORM_data1
	.byte	59                              @ DW_AT_decl_line
	.byte	11                              @ DW_FORM_data1
	.byte	28                              @ DW_AT_const_value
	.byte	15                              @ DW_FORM_udata
	.byte	0                               @ EOM(1)
	.byte	0                               @ EOM(2)
	.byte	3                               @ Abbreviation Code
	.byte	38                              @ DW_TAG_const_type
	.byte	0                               @ DW_CHILDREN_no
	.byte	73                              @ DW_AT_type
	.byte	19                              @ DW_FORM_ref4
	.byte	0                               @ EOM(1)
	.byte	0                               @ EOM(2)
	.byte	4                               @ Abbreviation Code
	.byte	22                              @ DW_TAG_typedef
	.byte	0                               @ DW_CHILDREN_no
	.byte	73                              @ DW_AT_type
	.byte	19                              @ DW_FORM_ref4
	.byte	3                               @ DW_AT_name
	.byte	14                              @ DW_FORM_strp
	.byte	58                              @ DW_AT_decl_file
	.byte	11                              @ DW_FORM_data1
	.byte	59                              @ DW_AT_decl_line
	.byte	11                              @ DW_FORM_data1
	.byte	0                               @ EOM(1)
	.byte	0                               @ EOM(2)
	.byte	5                               @ Abbreviation Code
	.byte	36                              @ DW_TAG_base_type
	.byte	0                               @ DW_CHILDREN_no
	.byte	3                               @ DW_AT_name
	.byte	14                              @ DW_FORM_strp
	.byte	62                              @ DW_AT_encoding
	.byte	11                              @ DW_FORM_data1
	.byte	11                              @ DW_AT_byte_size
	.byte	11                              @ DW_FORM_data1
	.byte	0                               @ EOM(1)
	.byte	0                               @ EOM(2)
	.byte	6                               @ Abbreviation Code
	.byte	46                              @ DW_TAG_subprogram
	.byte	1                               @ DW_CHILDREN_yes
	.byte	3                               @ DW_AT_name
	.byte	14                              @ DW_FORM_strp
	.byte	58                              @ DW_AT_decl_file
	.byte	11                              @ DW_FORM_data1
	.byte	59                              @ DW_AT_decl_line
	.byte	11                              @ DW_FORM_data1
	.byte	39                              @ DW_AT_prototyped
	.byte	25                              @ DW_FORM_flag_present
	.byte	73                              @ DW_AT_type
	.byte	19                              @ DW_FORM_ref4
	.byte	32                              @ DW_AT_inline
	.byte	11                              @ DW_FORM_data1
	.byte	0                               @ EOM(1)
	.byte	0                               @ EOM(2)
	.byte	7                               @ Abbreviation Code
	.byte	5                               @ DW_TAG_formal_parameter
	.byte	0                               @ DW_CHILDREN_no
	.byte	3                               @ DW_AT_name
	.byte	14                              @ DW_FORM_strp
	.byte	58                              @ DW_AT_decl_file
	.byte	11                              @ DW_FORM_data1
	.byte	59                              @ DW_AT_decl_line
	.byte	11                              @ DW_FORM_data1
	.byte	73                              @ DW_AT_type
	.byte	19                              @ DW_FORM_ref4
	.byte	0                               @ EOM(1)
	.byte	0                               @ EOM(2)
	.byte	8                               @ Abbreviation Code
	.byte	52                              @ DW_TAG_variable
	.byte	0                               @ DW_CHILDREN_no
	.byte	3                               @ DW_AT_name
	.byte	14                              @ DW_FORM_strp
	.byte	58                              @ DW_AT_decl_file
	.byte	11                              @ DW_FORM_data1
	.byte	59                              @ DW_AT_decl_line
	.byte	11                              @ DW_FORM_data1
	.byte	73                              @ DW_AT_type
	.byte	19                              @ DW_FORM_ref4
	.byte	0                               @ EOM(1)
	.byte	0                               @ EOM(2)
	.byte	9                               @ Abbreviation Code
	.byte	46                              @ DW_TAG_subprogram
	.byte	1                               @ DW_CHILDREN_yes
	.byte	17                              @ DW_AT_low_pc
	.byte	1                               @ DW_FORM_addr
	.byte	18                              @ DW_AT_high_pc
	.byte	6                               @ DW_FORM_data4
	.byte	64                              @ DW_AT_frame_base
	.byte	24                              @ DW_FORM_exprloc
	.ascii	"\227B"                         @ DW_AT_GNU_all_call_sites
	.byte	25                              @ DW_FORM_flag_present
	.byte	3                               @ DW_AT_name
	.byte	14                              @ DW_FORM_strp
	.byte	58                              @ DW_AT_decl_file
	.byte	11                              @ DW_FORM_data1
	.byte	59                              @ DW_AT_decl_line
	.byte	11                              @ DW_FORM_data1
	.byte	39                              @ DW_AT_prototyped
	.byte	25                              @ DW_FORM_flag_present
	.byte	73                              @ DW_AT_type
	.byte	19                              @ DW_FORM_ref4
	.byte	63                              @ DW_AT_external
	.byte	25                              @ DW_FORM_flag_present
	.byte	0                               @ EOM(1)
	.byte	0                               @ EOM(2)
	.byte	10                              @ Abbreviation Code
	.byte	5                               @ DW_TAG_formal_parameter
	.byte	0                               @ DW_CHILDREN_no
	.byte	2                               @ DW_AT_location
	.byte	23                              @ DW_FORM_sec_offset
	.byte	3                               @ DW_AT_name
	.byte	14                              @ DW_FORM_strp
	.byte	58                              @ DW_AT_decl_file
	.byte	11                              @ DW_FORM_data1
	.byte	59                              @ DW_AT_decl_line
	.byte	11                              @ DW_FORM_data1
	.byte	73                              @ DW_AT_type
	.byte	19                              @ DW_FORM_ref4
	.byte	0                               @ EOM(1)
	.byte	0                               @ EOM(2)
	.byte	11                              @ Abbreviation Code
	.byte	52                              @ DW_TAG_variable
	.byte	0                               @ DW_CHILDREN_no
	.byte	2                               @ DW_AT_location
	.byte	23                              @ DW_FORM_sec_offset
	.byte	3                               @ DW_AT_name
	.byte	14                              @ DW_FORM_strp
	.byte	58                              @ DW_AT_decl_file
	.byte	11                              @ DW_FORM_data1
	.byte	59                              @ DW_AT_decl_line
	.byte	11                              @ DW_FORM_data1
	.byte	73                              @ DW_AT_type
	.byte	19                              @ DW_FORM_ref4
	.byte	0                               @ EOM(1)
	.byte	0                               @ EOM(2)
	.byte	12                              @ Abbreviation Code
	.byte	11                              @ DW_TAG_lexical_block
	.byte	1                               @ DW_CHILDREN_yes
	.byte	17                              @ DW_AT_low_pc
	.byte	1                               @ DW_FORM_addr
	.byte	18                              @ DW_AT_high_pc
	.byte	6                               @ DW_FORM_data4
	.byte	0                               @ EOM(1)
	.byte	0                               @ EOM(2)
	.byte	13                              @ Abbreviation Code
	.byte	29                              @ DW_TAG_inlined_subroutine
	.byte	1                               @ DW_CHILDREN_yes
	.byte	49                              @ DW_AT_abstract_origin
	.byte	19                              @ DW_FORM_ref4
	.byte	17                              @ DW_AT_low_pc
	.byte	1                               @ DW_FORM_addr
	.byte	18                              @ DW_AT_high_pc
	.byte	6                               @ DW_FORM_data4
	.byte	88                              @ DW_AT_call_file
	.byte	11                              @ DW_FORM_data1
	.byte	89                              @ DW_AT_call_line
	.byte	11                              @ DW_FORM_data1
	.byte	87                              @ DW_AT_call_column
	.byte	11                              @ DW_FORM_data1
	.byte	0                               @ EOM(1)
	.byte	0                               @ EOM(2)
	.byte	14                              @ Abbreviation Code
	.byte	5                               @ DW_TAG_formal_parameter
	.byte	0                               @ DW_CHILDREN_no
	.byte	2                               @ DW_AT_location
	.byte	24                              @ DW_FORM_exprloc
	.byte	49                              @ DW_AT_abstract_origin
	.byte	19                              @ DW_FORM_ref4
	.byte	0                               @ EOM(1)
	.byte	0                               @ EOM(2)
	.byte	15                              @ Abbreviation Code
	.byte	52                              @ DW_TAG_variable
	.byte	0                               @ DW_CHILDREN_no
	.byte	2                               @ DW_AT_location
	.byte	24                              @ DW_FORM_exprloc
	.byte	49                              @ DW_AT_abstract_origin
	.byte	19                              @ DW_FORM_ref4
	.byte	0                               @ EOM(1)
	.byte	0                               @ EOM(2)
	.byte	0                               @ EOM(3)
	.section	.debug_info,"",%progbits
.Lcu_begin0:
	.long	.Ldebug_info_end0-.Ldebug_info_start0 @ Length of Unit
.Ldebug_info_start0:
	.short	4                               @ DWARF version number
	.long	.debug_abbrev                   @ Offset Into Abbrev. Section
	.byte	4                               @ Address Size (in bytes)
	.byte	1                               @ Abbrev [1] 0xb:0x273 DW_TAG_compile_unit
	.long	.Linfo_string0                  @ DW_AT_producer
	.short	12                              @ DW_AT_language
	.long	.Linfo_string1                  @ DW_AT_name
	.long	.Lline_table_start0             @ DW_AT_stmt_list
	.long	.Linfo_string2                  @ DW_AT_comp_dir
	.long	0                               @ DW_AT_low_pc
	.long	.Ldebug_ranges0                 @ DW_AT_ranges
	.byte	2                               @ Abbrev [2] 0x26:0x15 DW_TAG_variable
	.long	.Linfo_string3                  @ DW_AT_name
	.long	59                              @ DW_AT_type
	.byte	2                               @ DW_AT_decl_file
	.byte	27                              @ DW_AT_decl_line
	.ascii	"\200\200\200\200\370\377\377\377\377\001" @ DW_AT_const_value
	.byte	3                               @ Abbrev [3] 0x3b:0x5 DW_TAG_const_type
	.long	64                              @ DW_AT_type
	.byte	4                               @ Abbrev [4] 0x40:0xb DW_TAG_typedef
	.long	75                              @ DW_AT_type
	.long	.Linfo_string6                  @ DW_AT_name
	.byte	2                               @ DW_AT_decl_file
	.byte	25                              @ DW_AT_decl_line
	.byte	4                               @ Abbrev [4] 0x4b:0xb DW_TAG_typedef
	.long	86                              @ DW_AT_type
	.long	.Linfo_string5                  @ DW_AT_name
	.byte	1                               @ DW_AT_decl_file
	.byte	58                              @ DW_AT_decl_line
	.byte	5                               @ Abbrev [5] 0x56:0x7 DW_TAG_base_type
	.long	.Linfo_string4                  @ DW_AT_name
	.byte	5                               @ DW_AT_encoding
	.byte	4                               @ DW_AT_byte_size
	.byte	4                               @ Abbrev [4] 0x5d:0xb DW_TAG_typedef
	.long	104                             @ DW_AT_type
	.long	.Linfo_string8                  @ DW_AT_name
	.byte	1                               @ DW_AT_decl_file
	.byte	65                              @ DW_AT_decl_line
	.byte	5                               @ Abbrev [5] 0x68:0x7 DW_TAG_base_type
	.long	.Linfo_string7                  @ DW_AT_name
	.byte	7                               @ DW_AT_encoding
	.byte	8                               @ DW_AT_byte_size
	.byte	4                               @ Abbrev [4] 0x6f:0xb DW_TAG_typedef
	.long	122                             @ DW_AT_type
	.long	.Linfo_string10                 @ DW_AT_name
	.byte	1                               @ DW_AT_decl_file
	.byte	64                              @ DW_AT_decl_line
	.byte	5                               @ Abbrev [5] 0x7a:0x7 DW_TAG_base_type
	.long	.Linfo_string9                  @ DW_AT_name
	.byte	7                               @ DW_AT_encoding
	.byte	4                               @ DW_AT_byte_size
	.byte	6                               @ Abbrev [6] 0x81:0x23 DW_TAG_subprogram
	.long	.Linfo_string11                 @ DW_AT_name
	.byte	3                               @ DW_AT_decl_file
	.byte	7                               @ DW_AT_decl_line
                                        @ DW_AT_prototyped
	.long	164                             @ DW_AT_type
	.byte	1                               @ DW_AT_inline
	.byte	7                               @ Abbrev [7] 0x8d:0xb DW_TAG_formal_parameter
	.long	.Linfo_string14                 @ DW_AT_name
	.byte	3                               @ DW_AT_decl_file
	.byte	7                               @ DW_AT_decl_line
	.long	111                             @ DW_AT_type
	.byte	8                               @ Abbrev [8] 0x98:0xb DW_TAG_variable
	.long	.Linfo_string15                 @ DW_AT_name
	.byte	3                               @ DW_AT_decl_file
	.byte	9                               @ DW_AT_decl_line
	.long	164                             @ DW_AT_type
	.byte	0                               @ End Of Children Mark
	.byte	4                               @ Abbrev [4] 0xa4:0xb DW_TAG_typedef
	.long	175                             @ DW_AT_type
	.long	.Linfo_string13                 @ DW_AT_name
	.byte	1                               @ DW_AT_decl_file
	.byte	62                              @ DW_AT_decl_line
	.byte	5                               @ Abbrev [5] 0xaf:0x7 DW_TAG_base_type
	.long	.Linfo_string12                 @ DW_AT_name
	.byte	8                               @ DW_AT_encoding
	.byte	1                               @ DW_AT_byte_size
	.byte	9                               @ Abbrev [9] 0xb6:0xdf DW_TAG_subprogram
	.long	.Lfunc_begin0                   @ DW_AT_low_pc
	.long	.Lfunc_end0-.Lfunc_begin0       @ DW_AT_high_pc
	.byte	1                               @ DW_AT_frame_base
	.byte	93
                                        @ DW_AT_GNU_all_call_sites
	.long	.Linfo_string16                 @ DW_AT_name
	.byte	3                               @ DW_AT_decl_file
	.byte	16                              @ DW_AT_decl_line
                                        @ DW_AT_prototyped
	.long	64                              @ DW_AT_type
                                        @ DW_AT_external
	.byte	10                              @ Abbrev [10] 0xcb:0xf DW_TAG_formal_parameter
	.long	.Ldebug_loc0                    @ DW_AT_location
	.long	.Linfo_string18                 @ DW_AT_name
	.byte	3                               @ DW_AT_decl_file
	.byte	16                              @ DW_AT_decl_line
	.long	64                              @ DW_AT_type
	.byte	10                              @ Abbrev [10] 0xda:0xf DW_TAG_formal_parameter
	.long	.Ldebug_loc1                    @ DW_AT_location
	.long	.Linfo_string19                 @ DW_AT_name
	.byte	3                               @ DW_AT_decl_file
	.byte	16                              @ DW_AT_decl_line
	.long	64                              @ DW_AT_type
	.byte	11                              @ Abbrev [11] 0xe9:0xf DW_TAG_variable
	.long	.Ldebug_loc2                    @ DW_AT_location
	.long	.Linfo_string20                 @ DW_AT_name
	.byte	3                               @ DW_AT_decl_file
	.byte	23                              @ DW_AT_decl_line
	.long	111                             @ DW_AT_type
	.byte	11                              @ Abbrev [11] 0xf8:0xf DW_TAG_variable
	.long	.Ldebug_loc3                    @ DW_AT_location
	.long	.Linfo_string21                 @ DW_AT_name
	.byte	3                               @ DW_AT_decl_file
	.byte	26                              @ DW_AT_decl_line
	.long	86                              @ DW_AT_type
	.byte	11                              @ Abbrev [11] 0x107:0xf DW_TAG_variable
	.long	.Ldebug_loc4                    @ DW_AT_location
	.long	.Linfo_string22                 @ DW_AT_name
	.byte	3                               @ DW_AT_decl_file
	.byte	25                              @ DW_AT_decl_line
	.long	111                             @ DW_AT_type
	.byte	11                              @ Abbrev [11] 0x116:0xf DW_TAG_variable
	.long	.Ldebug_loc5                    @ DW_AT_location
	.long	.Linfo_string23                 @ DW_AT_name
	.byte	3                               @ DW_AT_decl_file
	.byte	24                              @ DW_AT_decl_line
	.long	111                             @ DW_AT_type
	.byte	11                              @ Abbrev [11] 0x125:0xf DW_TAG_variable
	.long	.Ldebug_loc9                    @ DW_AT_location
	.long	.Linfo_string15                 @ DW_AT_name
	.byte	3                               @ DW_AT_decl_file
	.byte	71                              @ DW_AT_decl_line
	.long	64                              @ DW_AT_type
	.byte	12                              @ Abbrev [12] 0x134:0x19 DW_TAG_lexical_block
	.long	.Ltmp10                         @ DW_AT_low_pc
	.long	.Ltmp15-.Ltmp10                 @ DW_AT_high_pc
	.byte	11                              @ Abbrev [11] 0x13d:0xf DW_TAG_variable
	.long	.Ldebug_loc6                    @ DW_AT_location
	.long	.Linfo_string24                 @ DW_AT_name
	.byte	3                               @ DW_AT_decl_file
	.byte	33                              @ DW_AT_decl_line
	.long	111                             @ DW_AT_type
	.byte	0                               @ End Of Children Mark
	.byte	12                              @ Abbrev [12] 0x14d:0x47 DW_TAG_lexical_block
	.long	.Ltmp23                         @ DW_AT_low_pc
	.long	.Ltmp43-.Ltmp23                 @ DW_AT_high_pc
	.byte	11                              @ Abbrev [11] 0x156:0xf DW_TAG_variable
	.long	.Ldebug_loc7                    @ DW_AT_location
	.long	.Linfo_string25                 @ DW_AT_name
	.byte	3                               @ DW_AT_decl_file
	.byte	48                              @ DW_AT_decl_line
	.long	86                              @ DW_AT_type
	.byte	11                              @ Abbrev [11] 0x165:0xf DW_TAG_variable
	.long	.Ldebug_loc8                    @ DW_AT_location
	.long	.Linfo_string26                 @ DW_AT_name
	.byte	3                               @ DW_AT_decl_file
	.byte	53                              @ DW_AT_decl_line
	.long	111                             @ DW_AT_type
	.byte	13                              @ Abbrev [13] 0x174:0x1f DW_TAG_inlined_subroutine
	.long	129                             @ DW_AT_abstract_origin
	.long	.Ltmp23                         @ DW_AT_low_pc
	.long	.Ltmp30-.Ltmp23                 @ DW_AT_high_pc
	.byte	3                               @ DW_AT_call_file
	.byte	48                              @ DW_AT_call_line
	.byte	17                              @ DW_AT_call_column
	.byte	14                              @ Abbrev [14] 0x184:0x7 DW_TAG_formal_parameter
	.byte	1                               @ DW_AT_location
	.byte	82
	.long	141                             @ DW_AT_abstract_origin
	.byte	15                              @ Abbrev [15] 0x18b:0x7 DW_TAG_variable
	.byte	1                               @ DW_AT_location
	.byte	81
	.long	152                             @ DW_AT_abstract_origin
	.byte	0                               @ End Of Children Mark
	.byte	0                               @ End Of Children Mark
	.byte	0                               @ End Of Children Mark
	.byte	9                               @ Abbrev [9] 0x195:0xe8 DW_TAG_subprogram
	.long	.Lfunc_begin1                   @ DW_AT_low_pc
	.long	.Lfunc_end1-.Lfunc_begin1       @ DW_AT_high_pc
	.byte	1                               @ DW_AT_frame_base
	.byte	93
                                        @ DW_AT_GNU_all_call_sites
	.long	.Linfo_string17                 @ DW_AT_name
	.byte	3                               @ DW_AT_decl_file
	.byte	87                              @ DW_AT_decl_line
                                        @ DW_AT_prototyped
	.long	64                              @ DW_AT_type
                                        @ DW_AT_external
	.byte	10                              @ Abbrev [10] 0x1aa:0xf DW_TAG_formal_parameter
	.long	.Ldebug_loc10                   @ DW_AT_location
	.long	.Linfo_string27                 @ DW_AT_name
	.byte	3                               @ DW_AT_decl_file
	.byte	87                              @ DW_AT_decl_line
	.long	64                              @ DW_AT_type
	.byte	10                              @ Abbrev [10] 0x1b9:0xf DW_TAG_formal_parameter
	.long	.Ldebug_loc11                   @ DW_AT_location
	.long	.Linfo_string28                 @ DW_AT_name
	.byte	3                               @ DW_AT_decl_file
	.byte	87                              @ DW_AT_decl_line
	.long	64                              @ DW_AT_type
	.byte	11                              @ Abbrev [11] 0x1c8:0xf DW_TAG_variable
	.long	.Ldebug_loc12                   @ DW_AT_location
	.long	.Linfo_string29                 @ DW_AT_name
	.byte	3                               @ DW_AT_decl_file
	.byte	99                              @ DW_AT_decl_line
	.long	111                             @ DW_AT_type
	.byte	11                              @ Abbrev [11] 0x1d7:0xf DW_TAG_variable
	.long	.Ldebug_loc13                   @ DW_AT_location
	.long	.Linfo_string30                 @ DW_AT_name
	.byte	3                               @ DW_AT_decl_file
	.byte	98                              @ DW_AT_decl_line
	.long	75                              @ DW_AT_type
	.byte	11                              @ Abbrev [11] 0x1e6:0xf DW_TAG_variable
	.long	.Ldebug_loc14                   @ DW_AT_location
	.long	.Linfo_string31                 @ DW_AT_name
	.byte	3                               @ DW_AT_decl_file
	.byte	98                              @ DW_AT_decl_line
	.long	75                              @ DW_AT_type
	.byte	11                              @ Abbrev [11] 0x1f5:0xf DW_TAG_variable
	.long	.Ldebug_loc15                   @ DW_AT_location
	.long	.Linfo_string32                 @ DW_AT_name
	.byte	3                               @ DW_AT_decl_file
	.byte	99                              @ DW_AT_decl_line
	.long	111                             @ DW_AT_type
	.byte	11                              @ Abbrev [11] 0x204:0xf DW_TAG_variable
	.long	.Ldebug_loc16                   @ DW_AT_location
	.long	.Linfo_string33                 @ DW_AT_name
	.byte	3                               @ DW_AT_decl_file
	.byte	102                             @ DW_AT_decl_line
	.long	75                              @ DW_AT_type
	.byte	11                              @ Abbrev [11] 0x213:0xf DW_TAG_variable
	.long	.Ldebug_loc17                   @ DW_AT_location
	.long	.Linfo_string34                 @ DW_AT_name
	.byte	3                               @ DW_AT_decl_file
	.byte	105                             @ DW_AT_decl_line
	.long	75                              @ DW_AT_type
	.byte	11                              @ Abbrev [11] 0x222:0xf DW_TAG_variable
	.long	.Ldebug_loc18                   @ DW_AT_location
	.long	.Linfo_string35                 @ DW_AT_name
	.byte	3                               @ DW_AT_decl_file
	.byte	108                             @ DW_AT_decl_line
	.long	111                             @ DW_AT_type
	.byte	11                              @ Abbrev [11] 0x231:0xf DW_TAG_variable
	.long	.Ldebug_loc19                   @ DW_AT_location
	.long	.Linfo_string36                 @ DW_AT_name
	.byte	3                               @ DW_AT_decl_file
	.byte	101                             @ DW_AT_decl_line
	.long	75                              @ DW_AT_type
	.byte	11                              @ Abbrev [11] 0x240:0xf DW_TAG_variable
	.long	.Ldebug_loc20                   @ DW_AT_location
	.long	.Linfo_string37                 @ DW_AT_name
	.byte	3                               @ DW_AT_decl_file
	.byte	103                             @ DW_AT_decl_line
	.long	111                             @ DW_AT_type
	.byte	11                              @ Abbrev [11] 0x24f:0xf DW_TAG_variable
	.long	.Ldebug_loc21                   @ DW_AT_location
	.long	.Linfo_string38                 @ DW_AT_name
	.byte	3                               @ DW_AT_decl_file
	.byte	109                             @ DW_AT_decl_line
	.long	111                             @ DW_AT_type
	.byte	11                              @ Abbrev [11] 0x25e:0xf DW_TAG_variable
	.long	.Ldebug_loc22                   @ DW_AT_location
	.long	.Linfo_string39                 @ DW_AT_name
	.byte	3                               @ DW_AT_decl_file
	.byte	126                             @ DW_AT_decl_line
	.long	111                             @ DW_AT_type
	.byte	11                              @ Abbrev [11] 0x26d:0xf DW_TAG_variable
	.long	.Ldebug_loc23                   @ DW_AT_location
	.long	.Linfo_string15                 @ DW_AT_name
	.byte	3                               @ DW_AT_decl_file
	.byte	136                             @ DW_AT_decl_line
	.long	64                              @ DW_AT_type
	.byte	0                               @ End Of Children Mark
	.byte	0                               @ End Of Children Mark
.Ldebug_info_end0:
	.section	.debug_ranges,"",%progbits
.Ldebug_ranges0:
	.long	.Lfunc_begin0
	.long	.Lfunc_end0
	.long	.Lfunc_begin1
	.long	.Lfunc_end1
	.long	0
	.long	0
	.section	.debug_str,"MS",%progbits,1
.Linfo_string0:
	.asciz	"Component: Arm Compiler for Embedded 6.21 Tool: armclang [5ec1fd00]" @ string offset=0
.Linfo_string1:
	.asciz	"../03_Algorithm_FixedPoint\\FixedPoint.c" @ string offset=68
.Linfo_string2:
	.asciz	"C:\\baidunetdiskdownload\\\346\263\260\347\237\275\345\276\256\\\346\260\233\345\233\264\347\201\257\\TCPL0X_AUTO_SDK_V2.0.0\\TCPL0X_AUTO_SDK_V2.0.0\\examples\\tcpl04x\\demo_apps\\tcpl04b_swsc_lean\\MDK" @ string offset=108
.Linfo_string3:
	.asciz	"fix16_minimum"                 @ string offset=247
.Linfo_string4:
	.asciz	"int"                           @ string offset=261
.Linfo_string5:
	.asciz	"int32_t"                       @ string offset=265
.Linfo_string6:
	.asciz	"fix16_t"                       @ string offset=273
.Linfo_string7:
	.asciz	"unsigned long long"            @ string offset=281
.Linfo_string8:
	.asciz	"uint64_t"                      @ string offset=300
.Linfo_string9:
	.asciz	"unsigned int"                  @ string offset=309
.Linfo_string10:
	.asciz	"uint32_t"                      @ string offset=322
.Linfo_string11:
	.asciz	"clz"                           @ string offset=331
.Linfo_string12:
	.asciz	"unsigned char"                 @ string offset=335
.Linfo_string13:
	.asciz	"uint8_t"                       @ string offset=349
.Linfo_string14:
	.asciz	"x"                             @ string offset=357
.Linfo_string15:
	.asciz	"result"                        @ string offset=359
.Linfo_string16:
	.asciz	"fix16_div"                     @ string offset=366
.Linfo_string17:
	.asciz	"fix16_mul"                     @ string offset=376
.Linfo_string18:
	.asciz	"a"                             @ string offset=386
.Linfo_string19:
	.asciz	"b"                             @ string offset=388
.Linfo_string20:
	.asciz	"remainder"                     @ string offset=390
.Linfo_string21:
	.asciz	"bit_pos"                       @ string offset=400
.Linfo_string22:
	.asciz	"quotient"                      @ string offset=408
.Linfo_string23:
	.asciz	"divider"                       @ string offset=417
.Linfo_string24:
	.asciz	"shifted_div"                   @ string offset=425
.Linfo_string25:
	.asciz	"shift"                         @ string offset=437
.Linfo_string26:
	.asciz	"div"                           @ string offset=443
.Linfo_string27:
	.asciz	"inArg0"                        @ string offset=447
.Linfo_string28:
	.asciz	"inArg1"                        @ string offset=454
.Linfo_string29:
	.asciz	"B"                             @ string offset=461
.Linfo_string30:
	.asciz	"C"                             @ string offset=463
.Linfo_string31:
	.asciz	"A"                             @ string offset=465
.Linfo_string32:
	.asciz	"D"                             @ string offset=467
.Linfo_string33:
	.asciz	"AD_CB"                         @ string offset=469
.Linfo_string34:
	.asciz	"product_hi"                    @ string offset=475
.Linfo_string35:
	.asciz	"ad_cb_temp"                    @ string offset=486
.Linfo_string36:
	.asciz	"AC"                            @ string offset=497
.Linfo_string37:
	.asciz	"BD"                            @ string offset=500
.Linfo_string38:
	.asciz	"product_lo"                    @ string offset=503
.Linfo_string39:
	.asciz	"product_lo_tmp"                @ string offset=514
	.ident	"Component: Arm Compiler for Embedded 6.21 Tool: armclang [5ec1fd00]"
	.section	".note.GNU-stack","",%progbits
	.eabi_attribute	30, 4	@ Tag_ABI_optimization_goals
	.ARM_attribute	16, 1	@ Tag_AV_eba
	.section	.debug_line,"",%progbits
.Lline_table_start0:
