	.text
	.syntax unified
	.eabi_attribute	67, "2.09"	@ Tag_conformance
	.cpu	cortex-m0
	.eabi_attribute	6, 12	@ Tag_CPU_arch
	.eabi_attribute	7, 77	@ Tag_CPU_arch_profile
	.eabi_attribute	8, 0	@ Tag_ARM_ISA_use
	.eabi_attribute	9, 1	@ Tag_THUMB_ISA_use
	.eabi_attribute	34, 0	@ Tag_CPU_unaligned_access
	.eabi_attribute	17, 1	@ Tag_ABI_PCS_GOT_use
	.eabi_attribute	20, 2	@ Tag_ABI_FP_denormal
	.eabi_attribute	21, 0	@ Tag_ABI_FP_exceptions
	.eabi_attribute	23, 1	@ Tag_ABI_FP_number_model
	.eabi_attribute	24, 1	@ Tag_ABI_align_needed
	.eabi_attribute	25, 1	@ Tag_ABI_align_preserved
	.eabi_attribute	38, 1	@ Tag_ABI_FP_16bit_format
	.eabi_attribute	18, 2	@ Tag_ABI_PCS_wchar_t
	.eabi_attribute	26, 1	@ Tag_ABI_enum_size
	.eabi_attribute	14, 0	@ Tag_ABI_PCS_R9_use
	.file	"main.c"
	.section	.text.TcMain,"ax",%progbits
	.hidden	TcMain                          @ -- Begin function TcMain
	.globl	TcMain
	.p2align	1
	.type	TcMain,%function
	.code	16                              @ @TcMain
	.thumb_func
TcMain:
.Lfunc_begin0:
	.fnstart
	.cfi_sections .debug_frame
	.cfi_startproc
@ %bb.0:
	.file	1 "C:\\baidunetdiskdownload\\\346\263\260\347\237\275\345\276\256\\\346\260\233\345\233\264\347\201\257\\TCPL0X_AUTO_SDK_V2.0.0\\TCPL0X_AUTO_SDK_V2.0.0\\examples\\tcpl04x\\demo_apps\\tcpl04b_swsc_lean\\MDK" "../01_App/main.c"
	.loc	1 15 5 prologue_end             @ ../01_App/main.c:15:5
	@APP
	mrs	r0, primask
	cpsid i

	@NO_APP
	.loc	1 20 5                          @ ../01_App/main.c:20:5
	bl	SwscSystem_Init
.Ltmp0:
	.loc	1 22 16                         @ ../01_App/main.c:22:16
	bl	systick_count_get
.Ltmp1:
	mov	r4, r0
.Ltmp2:
	@DEBUG_VALUE: TcMain:tick_100ms <- $r4
	@DEBUG_VALUE: TcMain:tick_10ms <- $r4
	@DEBUG_VALUE: TcMain:tick_1ms <- $r4
	.loc	1 25 5                          @ ../01_App/main.c:25:5
	@APP
	cpsie i
	@NO_APP
	mov	r5, r0
	mov	r6, r0
.Ltmp3:
.LBB0_1:                                @ =>This Inner Loop Header: Depth=1
	@DEBUG_VALUE: TcMain:tick_1ms <- $r4
	@DEBUG_VALUE: TcMain:tick_1ms <- $r4
	@DEBUG_VALUE: TcMain:tick_10ms <- $r5
	@DEBUG_VALUE: TcMain:tick_100ms <- $r6
	.loc	1 29 13                         @ ../01_App/main.c:29:13
	mov	r0, r4
	bl	systick_diff
.Ltmp4:
	.loc	1 29 13 is_stmt 0               @ ../01_App/main.c:29:13
	cmp	r0, #0
	beq	.LBB0_3
.Ltmp5:
@ %bb.2:                                @   in Loop: Header=BB0_1 Depth=1
	@DEBUG_VALUE: TcMain:tick_100ms <- $r6
	@DEBUG_VALUE: TcMain:tick_10ms <- $r5
	@DEBUG_VALUE: TcMain:tick_1ms <- $r4
	.loc	1 31 24 is_stmt 1               @ ../01_App/main.c:31:24
	bl	systick_count_get
.Ltmp6:
	mov	r4, r0
.Ltmp7:
	@DEBUG_VALUE: TcMain:tick_1ms <- $r4
	.loc	1 32 13                         @ ../01_App/main.c:32:13
	bl	SwscSystem_MainFunction1ms
.Ltmp8:
.LBB0_3:                                @   in Loop: Header=BB0_1 Depth=1
	@DEBUG_VALUE: TcMain:tick_100ms <- $r6
	@DEBUG_VALUE: TcMain:tick_10ms <- $r5
	@DEBUG_VALUE: TcMain:tick_1ms <- $r4
	@DEBUG_VALUE: TcMain:tick_1ms <- $r4
	.loc	1 35 13                         @ ../01_App/main.c:35:13
	mov	r0, r5
	bl	systick_diff
.Ltmp9:
	.loc	1 35 13 is_stmt 0               @ ../01_App/main.c:35:13
	cmp	r0, #10
	blo	.LBB0_5
.Ltmp10:
@ %bb.4:                                @   in Loop: Header=BB0_1 Depth=1
	@DEBUG_VALUE: TcMain:tick_100ms <- $r6
	@DEBUG_VALUE: TcMain:tick_10ms <- $r5
	@DEBUG_VALUE: TcMain:tick_1ms <- $r4
	.loc	1 37 25 is_stmt 1               @ ../01_App/main.c:37:25
	bl	systick_count_get
.Ltmp11:
	mov	r5, r0
.Ltmp12:
	@DEBUG_VALUE: TcMain:tick_10ms <- $r5
	.loc	1 38 13                         @ ../01_App/main.c:38:13
	bl	SwscSystem_MainFunction10ms
.Ltmp13:
.LBB0_5:                                @   in Loop: Header=BB0_1 Depth=1
	@DEBUG_VALUE: TcMain:tick_100ms <- $r6
	@DEBUG_VALUE: TcMain:tick_10ms <- $r5
	@DEBUG_VALUE: TcMain:tick_1ms <- $r4
	@DEBUG_VALUE: TcMain:tick_10ms <- $r5
	.loc	1 41 13                         @ ../01_App/main.c:41:13
	mov	r0, r6
	bl	systick_diff
.Ltmp14:
	.loc	1 41 13 is_stmt 0               @ ../01_App/main.c:41:13
	cmp	r0, #100
	blo	.LBB0_1
.Ltmp15:
@ %bb.6:                                @   in Loop: Header=BB0_1 Depth=1
	@DEBUG_VALUE: TcMain:tick_100ms <- $r6
	@DEBUG_VALUE: TcMain:tick_10ms <- $r5
	@DEBUG_VALUE: TcMain:tick_1ms <- $r4
	.loc	1 43 26 is_stmt 1               @ ../01_App/main.c:43:26
	bl	systick_count_get
.Ltmp16:
	mov	r6, r0
.Ltmp17:
	@DEBUG_VALUE: TcMain:tick_100ms <- $r6
	.loc	1 44 13                         @ ../01_App/main.c:44:13
	bl	SwscSystem_MainFunction100ms
.Ltmp18:
	.loc	1 0 13 is_stmt 0                @ ../01_App/main.c:0:13
	b	.LBB0_1
.Ltmp19:
.Lfunc_end0:
	.size	TcMain, .Lfunc_end0-TcMain
	.cfi_endproc
	.cantunwind
	.fnend
                                        @ -- End function
	.file	2 "C:\\Keil_v5\\ARM\\ARMCLANG\\Bin\\..\\include" "stdint.h"
	.section	.debug_loc,"",%progbits
.Ldebug_loc0:
	.long	.Ltmp2-.Lfunc_begin0
	.long	.Ltmp3-.Lfunc_begin0
	.short	1                               @ Loc expr size
	.byte	84                              @ DW_OP_reg4
	.long	.Ltmp3-.Lfunc_begin0
	.long	.Lfunc_end0-.Lfunc_begin0
	.short	1                               @ Loc expr size
	.byte	86                              @ DW_OP_reg6
	.long	0
	.long	0
.Ldebug_loc1:
	.long	.Ltmp2-.Lfunc_begin0
	.long	.Ltmp3-.Lfunc_begin0
	.short	1                               @ Loc expr size
	.byte	84                              @ DW_OP_reg4
	.long	.Ltmp3-.Lfunc_begin0
	.long	.Lfunc_end0-.Lfunc_begin0
	.short	1                               @ Loc expr size
	.byte	85                              @ DW_OP_reg5
	.long	0
	.long	0
.Ldebug_loc2:
	.long	.Ltmp2-.Lfunc_begin0
	.long	.Lfunc_end0-.Lfunc_begin0
	.short	1                               @ Loc expr size
	.byte	84                              @ DW_OP_reg4
	.long	0
	.long	0
	.section	.debug_abbrev,"",%progbits
	.byte	1                               @ Abbreviation Code
	.byte	17                              @ DW_TAG_compile_unit
	.byte	1                               @ DW_CHILDREN_yes
	.byte	37                              @ DW_AT_producer
	.byte	14                              @ DW_FORM_strp
	.byte	19                              @ DW_AT_language
	.byte	5                               @ DW_FORM_data2
	.byte	3                               @ DW_AT_name
	.byte	14                              @ DW_FORM_strp
	.byte	16                              @ DW_AT_stmt_list
	.byte	23                              @ DW_FORM_sec_offset
	.byte	27                              @ DW_AT_comp_dir
	.byte	14                              @ DW_FORM_strp
	.byte	17                              @ DW_AT_low_pc
	.byte	1                               @ DW_FORM_addr
	.byte	18                              @ DW_AT_high_pc
	.byte	6                               @ DW_FORM_data4
	.byte	0                               @ EOM(1)
	.byte	0                               @ EOM(2)
	.byte	2                               @ Abbreviation Code
	.byte	46                              @ DW_TAG_subprogram
	.byte	1                               @ DW_CHILDREN_yes
	.byte	17                              @ DW_AT_low_pc
	.byte	1                               @ DW_FORM_addr
	.byte	18                              @ DW_AT_high_pc
	.byte	6                               @ DW_FORM_data4
	.byte	64                              @ DW_AT_frame_base
	.byte	24                              @ DW_FORM_exprloc
	.ascii	"\227B"                         @ DW_AT_GNU_all_call_sites
	.byte	25                              @ DW_FORM_flag_present
	.byte	3                               @ DW_AT_name
	.byte	14                              @ DW_FORM_strp
	.byte	58                              @ DW_AT_decl_file
	.byte	11                              @ DW_FORM_data1
	.byte	59                              @ DW_AT_decl_line
	.byte	11                              @ DW_FORM_data1
	.byte	39                              @ DW_AT_prototyped
	.byte	25                              @ DW_FORM_flag_present
	.byte	73                              @ DW_AT_type
	.byte	19                              @ DW_FORM_ref4
	.byte	63                              @ DW_AT_external
	.byte	25                              @ DW_FORM_flag_present
	.byte	0                               @ EOM(1)
	.byte	0                               @ EOM(2)
	.byte	3                               @ Abbreviation Code
	.byte	52                              @ DW_TAG_variable
	.byte	0                               @ DW_CHILDREN_no
	.byte	2                               @ DW_AT_location
	.byte	23                              @ DW_FORM_sec_offset
	.byte	3                               @ DW_AT_name
	.byte	14                              @ DW_FORM_strp
	.byte	58                              @ DW_AT_decl_file
	.byte	11                              @ DW_FORM_data1
	.byte	59                              @ DW_AT_decl_line
	.byte	11                              @ DW_FORM_data1
	.byte	73                              @ DW_AT_type
	.byte	19                              @ DW_FORM_ref4
	.byte	0                               @ EOM(1)
	.byte	0                               @ EOM(2)
	.byte	4                               @ Abbreviation Code
	.byte	36                              @ DW_TAG_base_type
	.byte	0                               @ DW_CHILDREN_no
	.byte	3                               @ DW_AT_name
	.byte	14                              @ DW_FORM_strp
	.byte	62                              @ DW_AT_encoding
	.byte	11                              @ DW_FORM_data1
	.byte	11                              @ DW_AT_byte_size
	.byte	11                              @ DW_FORM_data1
	.byte	0                               @ EOM(1)
	.byte	0                               @ EOM(2)
	.byte	5                               @ Abbreviation Code
	.byte	22                              @ DW_TAG_typedef
	.byte	0                               @ DW_CHILDREN_no
	.byte	73                              @ DW_AT_type
	.byte	19                              @ DW_FORM_ref4
	.byte	3                               @ DW_AT_name
	.byte	14                              @ DW_FORM_strp
	.byte	58                              @ DW_AT_decl_file
	.byte	11                              @ DW_FORM_data1
	.byte	59                              @ DW_AT_decl_line
	.byte	11                              @ DW_FORM_data1
	.byte	0                               @ EOM(1)
	.byte	0                               @ EOM(2)
	.byte	0                               @ EOM(3)
	.section	.debug_info,"",%progbits
.Lcu_begin0:
	.long	.Ldebug_info_end0-.Ldebug_info_start0 @ Length of Unit
.Ldebug_info_start0:
	.short	4                               @ DWARF version number
	.long	.debug_abbrev                   @ Offset Into Abbrev. Section
	.byte	4                               @ Address Size (in bytes)
	.byte	1                               @ Abbrev [1] 0xb:0x78 DW_TAG_compile_unit
	.long	.Linfo_string0                  @ DW_AT_producer
	.short	12                              @ DW_AT_language
	.long	.Linfo_string1                  @ DW_AT_name
	.long	.Lline_table_start0             @ DW_AT_stmt_list
	.long	.Linfo_string2                  @ DW_AT_comp_dir
	.long	.Lfunc_begin0                   @ DW_AT_low_pc
	.long	.Lfunc_end0-.Lfunc_begin0       @ DW_AT_high_pc
	.byte	2                               @ Abbrev [2] 0x26:0x43 DW_TAG_subprogram
	.long	.Lfunc_begin0                   @ DW_AT_low_pc
	.long	.Lfunc_end0-.Lfunc_begin0       @ DW_AT_high_pc
	.byte	1                               @ DW_AT_frame_base
	.byte	93
                                        @ DW_AT_GNU_all_call_sites
	.long	.Linfo_string3                  @ DW_AT_name
	.byte	1                               @ DW_AT_decl_file
	.byte	8                               @ DW_AT_decl_line
                                        @ DW_AT_prototyped
	.long	105                             @ DW_AT_type
                                        @ DW_AT_external
	.byte	3                               @ Abbrev [3] 0x3b:0xf DW_TAG_variable
	.long	.Ldebug_loc0                    @ DW_AT_location
	.long	.Linfo_string5                  @ DW_AT_name
	.byte	1                               @ DW_AT_decl_file
	.byte	13                              @ DW_AT_decl_line
	.long	112                             @ DW_AT_type
	.byte	3                               @ Abbrev [3] 0x4a:0xf DW_TAG_variable
	.long	.Ldebug_loc1                    @ DW_AT_location
	.long	.Linfo_string8                  @ DW_AT_name
	.byte	1                               @ DW_AT_decl_file
	.byte	12                              @ DW_AT_decl_line
	.long	112                             @ DW_AT_type
	.byte	3                               @ Abbrev [3] 0x59:0xf DW_TAG_variable
	.long	.Ldebug_loc2                    @ DW_AT_location
	.long	.Linfo_string9                  @ DW_AT_name
	.byte	1                               @ DW_AT_decl_file
	.byte	11                              @ DW_AT_decl_line
	.long	112                             @ DW_AT_type
	.byte	0                               @ End Of Children Mark
	.byte	4                               @ Abbrev [4] 0x69:0x7 DW_TAG_base_type
	.long	.Linfo_string4                  @ DW_AT_name
	.byte	5                               @ DW_AT_encoding
	.byte	4                               @ DW_AT_byte_size
	.byte	5                               @ Abbrev [5] 0x70:0xb DW_TAG_typedef
	.long	123                             @ DW_AT_type
	.long	.Linfo_string7                  @ DW_AT_name
	.byte	2                               @ DW_AT_decl_file
	.byte	64                              @ DW_AT_decl_line
	.byte	4                               @ Abbrev [4] 0x7b:0x7 DW_TAG_base_type
	.long	.Linfo_string6                  @ DW_AT_name
	.byte	7                               @ DW_AT_encoding
	.byte	4                               @ DW_AT_byte_size
	.byte	0                               @ End Of Children Mark
.Ldebug_info_end0:
	.section	.debug_str,"MS",%progbits,1
.Linfo_string0:
	.asciz	"Component: Arm Compiler for Embedded 6.21 Tool: armclang [5ec1fd00]" @ string offset=0
.Linfo_string1:
	.asciz	"../01_App\\main.c"             @ string offset=68
.Linfo_string2:
	.asciz	"C:\\baidunetdiskdownload\\\346\263\260\347\237\275\345\276\256\\\346\260\233\345\233\264\347\201\257\\TCPL0X_AUTO_SDK_V2.0.0\\TCPL0X_AUTO_SDK_V2.0.0\\examples\\tcpl04x\\demo_apps\\tcpl04b_swsc_lean\\MDK" @ string offset=85
.Linfo_string3:
	.asciz	"TcMain"                        @ string offset=224
.Linfo_string4:
	.asciz	"int"                           @ string offset=231
.Linfo_string5:
	.asciz	"tick_100ms"                    @ string offset=235
.Linfo_string6:
	.asciz	"unsigned int"                  @ string offset=246
.Linfo_string7:
	.asciz	"uint32_t"                      @ string offset=259
.Linfo_string8:
	.asciz	"tick_10ms"                     @ string offset=268
.Linfo_string9:
	.asciz	"tick_1ms"                      @ string offset=278
	.ident	"Component: Arm Compiler for Embedded 6.21 Tool: armclang [5ec1fd00]"
	.section	".note.GNU-stack","",%progbits
	.eabi_attribute	30, 4	@ Tag_ABI_optimization_goals
	.ARM_attribute	16, 1	@ Tag_AV_eba
	.section	.debug_line,"",%progbits
.Lline_table_start0:
