<!doctype html public "-//w3c//dtd html 4.0 transitional//en">
<html><head>
<title>Static Call Graph - [..\Build\Objects\normal\tcpl04b_swsc_lean.axf]</title></head>
<body><HR>
<H1>Static Call Graph for image ..\Build\Objects\normal\tcpl04b_swsc_lean.axf</H1><HR>
<BR><P>#&#060CALLGRAPH&#062# ARM Linker, 6210000: Last Updated: Wed Aug 19 17:48:33 2026
<BR><P>
<H3>Maximum Stack Usage =        920 bytes + Unknown(Cycles, Untraceable Function Pointers)</H3><H3>
Call chain for Maximum Stack Depth:</H3>
TcMain &rArr; Swc_Lighting_MainFunction1ms &rArr; systemMainLoop &rArr; systemLinCommSignalUpdate &rArr; Swc_PersistentData_StoreDiagnosticNad &rArr; Rte_Call_NvM_WriteSwscConfig &rArr; NvM_WriteBlock &rArr; MemIf_Write &rArr; Fee_Write &rArr; Fls_Write &rArr; pal_store_data_set &rArr; ll_flash_smart_write &rArr; ll_flash_write_reg
<P>
<H3>
Mutually Recursive functions
</H3> <LI><a href="#[3]">SVC_Handler</a>&nbsp;&nbsp;&nbsp;&rArr;&nbsp;&nbsp;&nbsp;<a href="#[3]">SVC_Handler</a><BR>
 <LI><a href="#[4]">PendSV_Handler</a>&nbsp;&nbsp;&nbsp;&rArr;&nbsp;&nbsp;&nbsp;<a href="#[4]">PendSV_Handler</a><BR>
 <LI><a href="#[e]">RESERVED_S_IRQHandler</a>&nbsp;&nbsp;&nbsp;&rArr;&nbsp;&nbsp;&nbsp;<a href="#[e]">RESERVED_S_IRQHandler</a><BR>
 <LI><a href="#[a3]">NvM_Copy</a>&nbsp;&nbsp;&nbsp;&rArr;&nbsp;&nbsp;&nbsp;<a href="#[a3]">NvM_Copy</a><BR>
</UL>
<P>
<H3>
Function Pointers
</H3><UL>
 <LI><a href="#[7]">ADC_IRQHandler</a> from tcpl04x_ll_adc.o(.text.ADC_IRQHandler) referenced from startup_tcpl04x.o(RESET)
 <LI><a href="#[c]">AON_IRQHandler</a> from tcpl04x_ll_sys.o(.text.AON_IRQHandler) referenced from startup_tcpl04x.o(RESET)
 <LI><a href="#[13]">Adc_LedIrqCallback</a> from adc.o(.text.Adc_LedIrqCallback) referenced from adc.o(.text.Adc_Init)
 <LI><a href="#[6]">FLASH_IRQHandler</a> from tcpl04x_ll_flash.o(.text.FLASH_IRQHandler) referenced from startup_tcpl04x.o(RESET)
 <LI><a href="#[d]">GPIO_IRQHandler</a> from tcpl04x_ll_gpio.o(.text.GPIO_IRQHandler) referenced from startup_tcpl04x.o(RESET)
 <LI><a href="#[2]">HardFault_Handler</a> from tcpl04x_ll_cortex.o(.text.HardFault_Handler) referenced from startup_tcpl04x.o(RESET)
 <LI><a href="#[a]">IWDG_IRQHandler</a> from tcpl04x_ll_wdg.o(.text.IWDG_IRQHandler) referenced from startup_tcpl04x.o(RESET)
 <LI><a href="#[14]">IoHwAb_Led_GetPWM</a> from iohwab_led.o(.text.IoHwAb_Led_GetPWM) referenced from iohwab_temperature.o(.text.IoHwAb_Temperature_Update)
 <LI><a href="#[14]">IoHwAb_Led_GetPWM</a> from iohwab_led.o(.text.IoHwAb_Led_GetPWM) referenced from swc_diagnostic.o(.text.__doRequest)
 <LI><a href="#[16]">IoHwAb_Led_GetStatus</a> from iohwab_led.o(.text.IoHwAb_Led_GetStatus) referenced from swc_diagnostic.o(.text.__doRequest)
 <LI><a href="#[15]">IoHwAb_Led_GetVoltage</a> from iohwab_led.o(.text.IoHwAb_Led_GetVoltage) referenced from iohwab_temperature.o(.text.IoHwAb_Temperature_Update)
 <LI><a href="#[15]">IoHwAb_Led_GetVoltage</a> from iohwab_led.o(.text.IoHwAb_Led_GetVoltage) referenced from swc_diagnostic.o(.text.__doRequest)
 <LI><a href="#[19]">Lin_HwTcpl04bIsr</a> from lin_hw.o(.text.Lin_HwTcpl04bIsr) referenced from lin_hw.o(.text.lin_hal_init)
 <LI><a href="#[1]">NMI_Handler</a> from tcpl04x_ll_cortex.o(.text.NMI_Handler) referenced from startup_tcpl04x.o(RESET)
 <LI><a href="#[22]">NvM_CfgMigrateSwscLegacy</a> from nvm_cfg.o(.text.NvM_CfgMigrateSwscLegacy) referenced from nvm_cfg.o(.rodata.NvM_BlockDescriptorTable)
 <LI><a href="#[20]">NvM_CfgValidateSwsc</a> from nvm_cfg.o(.text.NvM_CfgValidateSwsc) referenced from nvm_cfg.o(.rodata.NvM_BlockDescriptorTable)
 <LI><a href="#[21]">NvM_CfgValidateSwscLegacy</a> from nvm_cfg.o(.text.NvM_CfgValidateSwscLegacy) referenced from nvm_cfg.o(.rodata.NvM_BlockDescriptorTable)
 <LI><a href="#[8]">PWM_IRQHandler</a> from tcpl04x_ll_pwm.o(.text.PWM_IRQHandler) referenced from startup_tcpl04x.o(RESET)
 <LI><a href="#[4]">PendSV_Handler</a> from startup_tcpl04x.o(.text) referenced from startup_tcpl04x.o(RESET)
 <LI><a href="#[e]">RESERVED_S_IRQHandler</a> from startup_tcpl04x.o(.text) referenced from startup_tcpl04x.o(RESET)
 <LI><a href="#[f]">RESERVED_T_IRQHandler</a> from startup_tcpl04x.o(.text) referenced from startup_tcpl04x.o(RESET)
 <LI><a href="#[0]">Reset_Handler</a> from startup_tcpl04x.o(.text) referenced from startup_tcpl04x.o(RESET)
 <LI><a href="#[b]">SCI_IRQHandler</a> from tcpl04x_ll_sci.o(.text.SCI_IRQHandler) referenced from startup_tcpl04x.o(RESET)
 <LI><a href="#[3]">SVC_Handler</a> from startup_tcpl04x.o(.text) referenced from startup_tcpl04x.o(RESET)
 <LI><a href="#[1c]">Swc_Communication_OpenStatus</a> from swc_communication.o(.text.Swc_Communication_OpenStatus) referenced from swc_communication.o(.text.systemLinCommRespUpdate)
 <LI><a href="#[1d]">Swc_Communication_ShortStatus</a> from swc_communication.o(.text.Swc_Communication_ShortStatus) referenced from swc_communication.o(.text.systemLinCommRespUpdate)
 <LI><a href="#[5]">SysTick_Handler</a> from mcu.o(.text.SysTick_Handler) referenced from startup_tcpl04x.o(RESET)
 <LI><a href="#[11]">SystemInit</a> from system_tcpl04x.o(.text.SystemInit) referenced from startup_tcpl04x.o(.text)
 <LI><a href="#[9]">TIMER_IRQHandler</a> from startup_tcpl04x.o(.text) referenced from startup_tcpl04x.o(RESET)
 <LI><a href="#[12]">TcMain</a> from ecum_callout.o(.text.TcMain) referenced from startup_tcpl04x.o(.text)
 <LI><a href="#[10]">UART_IRQHandler</a> from tcpl04x_ll_sci.o(.text.UART_IRQHandler) referenced from startup_tcpl04x.o(RESET)
 <LI><a href="#[18]">fix16_div</a> from fixedpoint.o(.text.fix16_div) referenced from algorithm.o(.text.algoGetPWMOutput)
 <LI><a href="#[17]">fix16_mul</a> from fixedpoint.o(.text.fix16_mul) referenced 2 times from algorithm.o(.text.algoGetPWMOutput)
 <LI><a href="#[1e]">ll_flash_erase_reg</a> from tcpl04x_ll_flash_drv.o(.Flash_Driver_Section) referenced from tcpl04x_ll_flash_drv.o(.Flash_Driver_Section_Offset)
 <LI><a href="#[1f]">ll_flash_write_reg</a> from tcpl04x_ll_flash_drv.o(.Flash_Driver_Section) referenced from tcpl04x_ll_flash_drv.o(.Flash_Driver_Section_Offset)
 <LI><a href="#[1b]">ll_gpio_afio_config</a> from tcpl04x_ll_gpio.o(.text.ll_gpio_afio_config) referenced from pal_led.o(.text.pal_led_register)
 <LI><a href="#[25]">pal_led_break</a> from pal_led.o(.text.pal_led_break) referenced from pal_led.o(.rodata.led_ctrl_instance_def)
 <LI><a href="#[2b]">pal_led_channel_mux_get</a> from pal_led.o(.text.pal_led_channel_mux_get) referenced from pal_led.o(.rodata.led_ctrl_instance_def)
 <LI><a href="#[29]">pal_led_current_get</a> from pal_led.o(.text.pal_led_current_get) referenced from pal_led.o(.rodata.led_ctrl_instance_def)
 <LI><a href="#[28]">pal_led_current_set</a> from pal_led.o(.text.pal_led_current_set) referenced from pal_led.o(.rodata.led_ctrl_instance_def)
 <LI><a href="#[27]">pal_led_duty_cycle_get</a> from pal_led.o(.text.pal_led_duty_cycle_get) referenced from pal_led.o(.rodata.led_ctrl_instance_def)
 <LI><a href="#[26]">pal_led_duty_cycle_set</a> from pal_led.o(.text.pal_led_duty_cycle_set) referenced from pal_led.o(.rodata.led_ctrl_instance_def)
 <LI><a href="#[24]">pal_led_enable</a> from pal_led.o(.text.pal_led_enable) referenced from pal_led.o(.rodata.led_ctrl_instance_def)
 <LI><a href="#[23]">pal_led_register</a> from pal_led.o(.text.pal_led_register) referenced from pal_led.o(.rodata.led_ctrl_instance_def)
 <LI><a href="#[2a]">pal_led_static_pnvolt_set</a> from pal_led.o(.text.pal_led_static_pnvolt_set) referenced from pal_led.o(.rodata.led_ctrl_instance_def)
 <LI><a href="#[1a]">pwm_callback_handle</a> from adc.o(.text.pwm_callback_handle) referenced from pal_led.o(.text.pal_led_init)
</UL>
<P>
<H3>
Global Symbols
</H3>
<P><STRONG><a name="[1e]"></a>ll_flash_erase_reg</STRONG> (Thumb, 28 bytes, Stack size 0 bytes, tcpl04x_ll_flash_drv.o(.Flash_Driver_Section))
<BR>[Address Reference Count : 1]<UL><LI> tcpl04x_ll_flash_drv.o(.Flash_Driver_Section_Offset)
</UL>
<P><STRONG><a name="[1f]"></a>ll_flash_write_reg</STRONG> (Thumb, 28 bytes, Stack size 0 bytes, tcpl04x_ll_flash_drv.o(.Flash_Driver_Section))
<BR>[Address Reference Count : 1]<UL><LI> tcpl04x_ll_flash_drv.o(.Flash_Driver_Section_Offset)
</UL>
<P><STRONG><a name="[0]"></a>Reset_Handler</STRONG> (Thumb, 24 bytes, Stack size 0 bytes, startup_tcpl04x.o(.text))
<BR>[Address Reference Count : 1]<UL><LI> startup_tcpl04x.o(RESET)
</UL>
<P><STRONG><a name="[3]"></a>SVC_Handler</STRONG> (Thumb, 2 bytes, Stack size 0 bytes, startup_tcpl04x.o(.text))
<BR><BR>[Calls]<UL><LI><a href="#[3]">&gt;&gt;</a>&nbsp;&nbsp;&nbsp;SVC_Handler
</UL>
<BR>[Called By]<UL><LI><a href="#[3]">&gt;&gt;</a>&nbsp;&nbsp;&nbsp;SVC_Handler
</UL>
<BR>[Address Reference Count : 1]<UL><LI> startup_tcpl04x.o(RESET)
</UL>
<P><STRONG><a name="[4]"></a>PendSV_Handler</STRONG> (Thumb, 2 bytes, Stack size 0 bytes, startup_tcpl04x.o(.text))
<BR><BR>[Calls]<UL><LI><a href="#[4]">&gt;&gt;</a>&nbsp;&nbsp;&nbsp;PendSV_Handler
</UL>
<BR>[Called By]<UL><LI><a href="#[4]">&gt;&gt;</a>&nbsp;&nbsp;&nbsp;PendSV_Handler
</UL>
<BR>[Address Reference Count : 1]<UL><LI> startup_tcpl04x.o(RESET)
</UL>
<P><STRONG><a name="[e]"></a>RESERVED_S_IRQHandler</STRONG> (Thumb, 0 bytes, Stack size 0 bytes, startup_tcpl04x.o(.text))
<BR><BR>[Calls]<UL><LI><a href="#[e]">&gt;&gt;</a>&nbsp;&nbsp;&nbsp;RESERVED_S_IRQHandler
</UL>
<BR>[Called By]<UL><LI><a href="#[e]">&gt;&gt;</a>&nbsp;&nbsp;&nbsp;RESERVED_S_IRQHandler
</UL>
<BR>[Address Reference Count : 1]<UL><LI> startup_tcpl04x.o(RESET)
</UL>
<P><STRONG><a name="[f]"></a>RESERVED_T_IRQHandler</STRONG> (Thumb, 0 bytes, Stack size 0 bytes, startup_tcpl04x.o(.text))
<BR>[Address Reference Count : 1]<UL><LI> startup_tcpl04x.o(RESET)
</UL>
<P><STRONG><a name="[9]"></a>TIMER_IRQHandler</STRONG> (Thumb, 0 bytes, Stack size 0 bytes, startup_tcpl04x.o(.text))
<BR>[Address Reference Count : 1]<UL><LI> startup_tcpl04x.o(RESET)
</UL>
<P><STRONG><a name="[c8]"></a>__aeabi_lmul</STRONG> (Thumb, 48 bytes, Stack size 12 bytes, llmul.o(.text))
<BR><BR>[Stack]<UL><LI>Max Depth = 12<LI>Call Chain = __aeabi_lmul
</UL>
<BR>[Called By]<UL><LI><a href="#[18]">&gt;&gt;</a>&nbsp;&nbsp;&nbsp;fix16_div
</UL>

<P><STRONG><a name="[11a]"></a>_ll_mul</STRONG> (Thumb, 0 bytes, Stack size 12 bytes, llmul.o(.text), UNUSED)

<P><STRONG><a name="[b2]"></a>__aeabi_memcpy</STRONG> (Thumb, 36 bytes, Stack size 0 bytes, memcpya.o(.text))
<BR><BR>[Called By]<UL><LI><a href="#[7c]">&gt;&gt;</a>&nbsp;&nbsp;&nbsp;pal_led_init
<LI><a href="#[b4]">&gt;&gt;</a>&nbsp;&nbsp;&nbsp;Swc_PersistentData_Save
<LI><a href="#[b0]">&gt;&gt;</a>&nbsp;&nbsp;&nbsp;Swc_PersistentData_Init
<LI><a href="#[e4]">&gt;&gt;</a>&nbsp;&nbsp;&nbsp;ll_flash_read
<LI><a href="#[e7]">&gt;&gt;</a>&nbsp;&nbsp;&nbsp;ll_flash_write_reg
<LI><a href="#[75]">&gt;&gt;</a>&nbsp;&nbsp;&nbsp;pal_store_data_set
<LI><a href="#[74]">&gt;&gt;</a>&nbsp;&nbsp;&nbsp;pal_store_data_get
<LI><a href="#[c6]">&gt;&gt;</a>&nbsp;&nbsp;&nbsp;bit_invert_swap_func
</UL>

<P><STRONG><a name="[a2]"></a>__aeabi_memcpy4</STRONG> (Thumb, 0 bytes, Stack size 0 bytes, memcpya.o(.text))
<BR><BR>[Called By]<UL><LI><a href="#[22]">&gt;&gt;</a>&nbsp;&nbsp;&nbsp;NvM_CfgMigrateSwscLegacy
<LI><a href="#[11]">&gt;&gt;</a>&nbsp;&nbsp;&nbsp;SystemInit
</UL>

<P><STRONG><a name="[11b]"></a>__aeabi_memcpy8</STRONG> (Thumb, 0 bytes, Stack size 0 bytes, memcpya.o(.text), UNUSED)

<P><STRONG><a name="[2d]"></a>__aeabi_memset</STRONG> (Thumb, 14 bytes, Stack size 0 bytes, memseta.o(.text))
<BR><BR>[Called By]<UL><LI><a href="#[ce]">&gt;&gt;</a>&nbsp;&nbsp;&nbsp;lin_handle_config
<LI><a href="#[2e]">&gt;&gt;</a>&nbsp;&nbsp;&nbsp;_memset$wrapper
<LI><a href="#[2c]">&gt;&gt;</a>&nbsp;&nbsp;&nbsp;__aeabi_memclr
</UL>

<P><STRONG><a name="[11c]"></a>__aeabi_memset4</STRONG> (Thumb, 0 bytes, Stack size 0 bytes, memseta.o(.text), UNUSED)

<P><STRONG><a name="[11d]"></a>__aeabi_memset8</STRONG> (Thumb, 0 bytes, Stack size 0 bytes, memseta.o(.text), UNUSED)

<P><STRONG><a name="[2c]"></a>__aeabi_memclr</STRONG> (Thumb, 4 bytes, Stack size 0 bytes, memseta.o(.text), UNUSED)
<BR><BR>[Calls]<UL><LI><a href="#[2d]">&gt;&gt;</a>&nbsp;&nbsp;&nbsp;__aeabi_memset
</UL>

<P><STRONG><a name="[b1]"></a>__aeabi_memclr4</STRONG> (Thumb, 0 bytes, Stack size 0 bytes, memseta.o(.text))
<BR><BR>[Called By]<UL><LI><a href="#[b0]">&gt;&gt;</a>&nbsp;&nbsp;&nbsp;Swc_PersistentData_Init
</UL>

<P><STRONG><a name="[11e]"></a>__aeabi_memclr8</STRONG> (Thumb, 0 bytes, Stack size 0 bytes, memseta.o(.text), UNUSED)

<P><STRONG><a name="[2e]"></a>_memset$wrapper</STRONG> (Thumb, 18 bytes, Stack size 8 bytes, memseta.o(.text), UNUSED)
<BR><BR>[Calls]<UL><LI><a href="#[2d]">&gt;&gt;</a>&nbsp;&nbsp;&nbsp;__aeabi_memset
</UL>

<P><STRONG><a name="[104]"></a>memcmp</STRONG> (Thumb, 26 bytes, Stack size 12 bytes, memcmp.o(.text))
<BR><BR>[Stack]<UL><LI>Max Depth = 12<LI>Call Chain = memcmp
</UL>
<BR>[Called By]<UL><LI><a href="#[75]">&gt;&gt;</a>&nbsp;&nbsp;&nbsp;pal_store_data_set
</UL>

<P><STRONG><a name="[2f]"></a>__aeabi_fadd</STRONG> (Thumb, 162 bytes, Stack size 24 bytes, fadd.o(.text))
<BR><BR>[Stack]<UL><LI>Max Depth = 36<LI>Call Chain = __aeabi_fadd &rArr; _float_epilogue
</UL>
<BR>[Calls]<UL><LI><a href="#[31]">&gt;&gt;</a>&nbsp;&nbsp;&nbsp;_float_round
<LI><a href="#[30]">&gt;&gt;</a>&nbsp;&nbsp;&nbsp;_float_epilogue
</UL>
<BR>[Called By]<UL><LI><a href="#[32]">&gt;&gt;</a>&nbsp;&nbsp;&nbsp;__aeabi_fsub
<LI><a href="#[51]">&gt;&gt;</a>&nbsp;&nbsp;&nbsp;ll_adc_vf_calculate_func
<LI><a href="#[33]">&gt;&gt;</a>&nbsp;&nbsp;&nbsp;__aeabi_frsub
</UL>

<P><STRONG><a name="[32]"></a>__aeabi_fsub</STRONG> (Thumb, 8 bytes, Stack size 0 bytes, fadd.o(.text))
<BR><BR>[Stack]<UL><LI>Max Depth = 36<LI>Call Chain = __aeabi_fsub &rArr; __aeabi_fadd &rArr; _float_epilogue
</UL>
<BR>[Calls]<UL><LI><a href="#[2f]">&gt;&gt;</a>&nbsp;&nbsp;&nbsp;__aeabi_fadd
</UL>
<BR>[Called By]<UL><LI><a href="#[4f]">&gt;&gt;</a>&nbsp;&nbsp;&nbsp;ll_adc_init
</UL>

<P><STRONG><a name="[33]"></a>__aeabi_frsub</STRONG> (Thumb, 8 bytes, Stack size 0 bytes, fadd.o(.text), UNUSED)
<BR><BR>[Calls]<UL><LI><a href="#[2f]">&gt;&gt;</a>&nbsp;&nbsp;&nbsp;__aeabi_fadd
</UL>

<P><STRONG><a name="[de]"></a>__aeabi_fmul</STRONG> (Thumb, 122 bytes, Stack size 16 bytes, fmul.o(.text))
<BR><BR>[Stack]<UL><LI>Max Depth = 16<LI>Call Chain = __aeabi_fmul
</UL>
<BR>[Called By]<UL><LI><a href="#[51]">&gt;&gt;</a>&nbsp;&nbsp;&nbsp;ll_adc_vf_calculate_func
<LI><a href="#[4f]">&gt;&gt;</a>&nbsp;&nbsp;&nbsp;ll_adc_init
</UL>

<P><STRONG><a name="[34]"></a>__aeabi_fdiv</STRONG> (Thumb, 124 bytes, Stack size 16 bytes, fdiv.o(.text))
<BR><BR>[Stack]<UL><LI>Max Depth = 16<LI>Call Chain = __aeabi_fdiv
</UL>
<BR>[Calls]<UL><LI><a href="#[31]">&gt;&gt;</a>&nbsp;&nbsp;&nbsp;_float_round
</UL>
<BR>[Called By]<UL><LI><a href="#[51]">&gt;&gt;</a>&nbsp;&nbsp;&nbsp;ll_adc_vf_calculate_func
<LI><a href="#[4f]">&gt;&gt;</a>&nbsp;&nbsp;&nbsp;ll_adc_init
</UL>

<P><STRONG><a name="[35]"></a>__aeabi_dadd</STRONG> (Thumb, 328 bytes, Stack size 48 bytes, dadd.o(.text))
<BR><BR>[Stack]<UL><LI>Max Depth = 104<LI>Call Chain = __aeabi_dadd &rArr; _double_epilogue &rArr; __aeabi_llsr
</UL>
<BR>[Calls]<UL><LI><a href="#[37]">&gt;&gt;</a>&nbsp;&nbsp;&nbsp;__aeabi_lasr
<LI><a href="#[36]">&gt;&gt;</a>&nbsp;&nbsp;&nbsp;__aeabi_llsl
<LI><a href="#[39]">&gt;&gt;</a>&nbsp;&nbsp;&nbsp;_double_round
<LI><a href="#[38]">&gt;&gt;</a>&nbsp;&nbsp;&nbsp;_double_epilogue
</UL>
<BR>[Called By]<UL><LI><a href="#[3a]">&gt;&gt;</a>&nbsp;&nbsp;&nbsp;__aeabi_dsub
<LI><a href="#[51]">&gt;&gt;</a>&nbsp;&nbsp;&nbsp;ll_adc_vf_calculate_func
<LI><a href="#[3b]">&gt;&gt;</a>&nbsp;&nbsp;&nbsp;__aeabi_drsub
</UL>

<P><STRONG><a name="[3a]"></a>__aeabi_dsub</STRONG> (Thumb, 12 bytes, Stack size 8 bytes, dadd.o(.text), UNUSED)
<BR><BR>[Calls]<UL><LI><a href="#[35]">&gt;&gt;</a>&nbsp;&nbsp;&nbsp;__aeabi_dadd
</UL>

<P><STRONG><a name="[3b]"></a>__aeabi_drsub</STRONG> (Thumb, 12 bytes, Stack size 8 bytes, dadd.o(.text), UNUSED)
<BR><BR>[Calls]<UL><LI><a href="#[35]">&gt;&gt;</a>&nbsp;&nbsp;&nbsp;__aeabi_dadd
</UL>

<P><STRONG><a name="[3c]"></a>__aeabi_dmul</STRONG> (Thumb, 202 bytes, Stack size 72 bytes, dmul.o(.text))
<BR><BR>[Stack]<UL><LI>Max Depth = 128<LI>Call Chain = __aeabi_dmul &rArr; _double_epilogue &rArr; __aeabi_llsr
</UL>
<BR>[Calls]<UL><LI><a href="#[38]">&gt;&gt;</a>&nbsp;&nbsp;&nbsp;_double_epilogue
</UL>
<BR>[Called By]<UL><LI><a href="#[4f]">&gt;&gt;</a>&nbsp;&nbsp;&nbsp;ll_adc_init
</UL>

<P><STRONG><a name="[3d]"></a>__aeabi_ddiv</STRONG> (Thumb, 234 bytes, Stack size 40 bytes, ddiv.o(.text))
<BR><BR>[Stack]<UL><LI>Max Depth = 48<LI>Call Chain = __aeabi_ddiv &rArr; _double_round
</UL>
<BR>[Calls]<UL><LI><a href="#[39]">&gt;&gt;</a>&nbsp;&nbsp;&nbsp;_double_round
</UL>
<BR>[Called By]<UL><LI><a href="#[4f]">&gt;&gt;</a>&nbsp;&nbsp;&nbsp;ll_adc_init
</UL>

<P><STRONG><a name="[3e]"></a>__aeabi_i2f</STRONG> (Thumb, 22 bytes, Stack size 8 bytes, fflti.o(.text))
<BR><BR>[Stack]<UL><LI>Max Depth = 20<LI>Call Chain = __aeabi_i2f &rArr; _float_epilogue
</UL>
<BR>[Calls]<UL><LI><a href="#[30]">&gt;&gt;</a>&nbsp;&nbsp;&nbsp;_float_epilogue
</UL>
<BR>[Called By]<UL><LI><a href="#[51]">&gt;&gt;</a>&nbsp;&nbsp;&nbsp;ll_adc_vf_calculate_func
<LI><a href="#[4f]">&gt;&gt;</a>&nbsp;&nbsp;&nbsp;ll_adc_init
</UL>

<P><STRONG><a name="[3f]"></a>__aeabi_ui2f</STRONG> (Thumb, 14 bytes, Stack size 8 bytes, ffltui.o(.text))
<BR><BR>[Stack]<UL><LI>Max Depth = 20<LI>Call Chain = __aeabi_ui2f &rArr; _float_epilogue
</UL>
<BR>[Calls]<UL><LI><a href="#[30]">&gt;&gt;</a>&nbsp;&nbsp;&nbsp;_float_epilogue
</UL>
<BR>[Called By]<UL><LI><a href="#[4f]">&gt;&gt;</a>&nbsp;&nbsp;&nbsp;ll_adc_init
</UL>

<P><STRONG><a name="[40]"></a>__aeabi_i2d</STRONG> (Thumb, 34 bytes, Stack size 16 bytes, dflti.o(.text))
<BR><BR>[Stack]<UL><LI>Max Depth = 72<LI>Call Chain = __aeabi_i2d &rArr; _double_epilogue &rArr; __aeabi_llsr
</UL>
<BR>[Calls]<UL><LI><a href="#[38]">&gt;&gt;</a>&nbsp;&nbsp;&nbsp;_double_epilogue
</UL>
<BR>[Called By]<UL><LI><a href="#[4f]">&gt;&gt;</a>&nbsp;&nbsp;&nbsp;ll_adc_init
</UL>

<P><STRONG><a name="[41]"></a>__aeabi_d2iz</STRONG> (Thumb, 62 bytes, Stack size 16 bytes, dfixi.o(.text))
<BR><BR>[Stack]<UL><LI>Max Depth = 24<LI>Call Chain = __aeabi_d2iz &rArr; __aeabi_llsr
</UL>
<BR>[Calls]<UL><LI><a href="#[42]">&gt;&gt;</a>&nbsp;&nbsp;&nbsp;__aeabi_llsr
</UL>
<BR>[Called By]<UL><LI><a href="#[51]">&gt;&gt;</a>&nbsp;&nbsp;&nbsp;ll_adc_vf_calculate_func
</UL>

<P><STRONG><a name="[e0]"></a>__aeabi_f2d</STRONG> (Thumb, 40 bytes, Stack size 0 bytes, f2d.o(.text))
<BR><BR>[Called By]<UL><LI><a href="#[51]">&gt;&gt;</a>&nbsp;&nbsp;&nbsp;ll_adc_vf_calculate_func
</UL>

<P><STRONG><a name="[43]"></a>__aeabi_d2f</STRONG> (Thumb, 56 bytes, Stack size 8 bytes, d2f.o(.text))
<BR><BR>[Stack]<UL><LI>Max Depth = 8<LI>Call Chain = __aeabi_d2f
</UL>
<BR>[Calls]<UL><LI><a href="#[31]">&gt;&gt;</a>&nbsp;&nbsp;&nbsp;_float_round
</UL>
<BR>[Called By]<UL><LI><a href="#[4f]">&gt;&gt;</a>&nbsp;&nbsp;&nbsp;ll_adc_init
</UL>

<P><STRONG><a name="[59]"></a>__aeabi_uidiv</STRONG> (Thumb, 0 bytes, Stack size 16 bytes, uidiv_div0.o(.text))
<BR><BR>[Stack]<UL><LI>Max Depth = 16<LI>Call Chain = __aeabi_uidiv
</UL>
<BR>[Called By]<UL><LI><a href="#[58]">&gt;&gt;</a>&nbsp;&nbsp;&nbsp;Adc_ReadMcuTempDeciC
<LI><a href="#[18]">&gt;&gt;</a>&nbsp;&nbsp;&nbsp;fix16_div
<LI><a href="#[84]">&gt;&gt;</a>&nbsp;&nbsp;&nbsp;IoHwAb_Temperature_Update
<LI><a href="#[af]">&gt;&gt;</a>&nbsp;&nbsp;&nbsp;systemMainLoop
<LI><a href="#[c1]">&gt;&gt;</a>&nbsp;&nbsp;&nbsp;algoGetFixedRGB
<LI><a href="#[106]">&gt;&gt;</a>&nbsp;&nbsp;&nbsp;systemControl
<LI><a href="#[ef]">&gt;&gt;</a>&nbsp;&nbsp;&nbsp;ll_sci_baudrate_config
<LI><a href="#[b7]">&gt;&gt;</a>&nbsp;&nbsp;&nbsp;sys_core_clock_update
<LI><a href="#[ee]">&gt;&gt;</a>&nbsp;&nbsp;&nbsp;ll_sci_auto_baudrate
</UL>

<P><STRONG><a name="[45]"></a>__aeabi_uidivmod</STRONG> (Thumb, 62 bytes, Stack size 16 bytes, uidiv_div0.o(.text))
<BR><BR>[Stack]<UL><LI>Max Depth = 16<LI>Call Chain = __aeabi_uidivmod
</UL>
<BR>[Called By]<UL><LI><a href="#[1b]">&gt;&gt;</a>&nbsp;&nbsp;&nbsp;ll_gpio_afio_config
<LI><a href="#[44]">&gt;&gt;</a>&nbsp;&nbsp;&nbsp;__aeabi_idivmod$div0
</UL>

<P><STRONG><a name="[57]"></a>__aeabi_idiv</STRONG> (Thumb, 0 bytes, Stack size 16 bytes, idiv_div0.o(.text))
<BR><BR>[Stack]<UL><LI>Max Depth = 16<LI>Call Chain = __aeabi_idiv
</UL>
<BR>[Called By]<UL><LI><a href="#[55]">&gt;&gt;</a>&nbsp;&nbsp;&nbsp;Adc_ReadBatteryMv
<LI><a href="#[84]">&gt;&gt;</a>&nbsp;&nbsp;&nbsp;IoHwAb_Temperature_Update
<LI><a href="#[c2]">&gt;&gt;</a>&nbsp;&nbsp;&nbsp;algoGetPWMOutput
<LI><a href="#[c3]">&gt;&gt;</a>&nbsp;&nbsp;&nbsp;algoUpdateBlueCIE
<LI><a href="#[c4]">&gt;&gt;</a>&nbsp;&nbsp;&nbsp;algoUpdateGreenCIE
<LI><a href="#[c5]">&gt;&gt;</a>&nbsp;&nbsp;&nbsp;algoUpdateRedCIE
<LI><a href="#[107]">&gt;&gt;</a>&nbsp;&nbsp;&nbsp;systemTempDerating
</UL>

<P><STRONG><a name="[44]"></a>__aeabi_idivmod$div0</STRONG> (Thumb, 74 bytes, Stack size 16 bytes, idiv_div0.o(.text), UNUSED)
<BR><BR>[Calls]<UL><LI><a href="#[45]">&gt;&gt;</a>&nbsp;&nbsp;&nbsp;__aeabi_uidivmod
</UL>

<P><STRONG><a name="[36]"></a>__aeabi_llsl</STRONG> (Thumb, 32 bytes, Stack size 8 bytes, llshl.o(.text))
<BR><BR>[Stack]<UL><LI>Max Depth = 8<LI>Call Chain = __aeabi_llsl
</UL>
<BR>[Called By]<UL><LI><a href="#[35]">&gt;&gt;</a>&nbsp;&nbsp;&nbsp;__aeabi_dadd
<LI><a href="#[38]">&gt;&gt;</a>&nbsp;&nbsp;&nbsp;_double_epilogue
</UL>

<P><STRONG><a name="[11f]"></a>_ll_shift_l</STRONG> (Thumb, 0 bytes, Stack size 8 bytes, llshl.o(.text), UNUSED)

<P><STRONG><a name="[42]"></a>__aeabi_llsr</STRONG> (Thumb, 34 bytes, Stack size 8 bytes, llushr.o(.text))
<BR><BR>[Stack]<UL><LI>Max Depth = 8<LI>Call Chain = __aeabi_llsr
</UL>
<BR>[Called By]<UL><LI><a href="#[41]">&gt;&gt;</a>&nbsp;&nbsp;&nbsp;__aeabi_d2iz
<LI><a href="#[38]">&gt;&gt;</a>&nbsp;&nbsp;&nbsp;_double_epilogue
</UL>

<P><STRONG><a name="[120]"></a>_ll_ushift_r</STRONG> (Thumb, 0 bytes, Stack size 8 bytes, llushr.o(.text), UNUSED)

<P><STRONG><a name="[37]"></a>__aeabi_lasr</STRONG> (Thumb, 38 bytes, Stack size 8 bytes, llsshr.o(.text))
<BR><BR>[Stack]<UL><LI>Max Depth = 8<LI>Call Chain = __aeabi_lasr
</UL>
<BR>[Called By]<UL><LI><a href="#[35]">&gt;&gt;</a>&nbsp;&nbsp;&nbsp;__aeabi_dadd
</UL>

<P><STRONG><a name="[121]"></a>_ll_sshift_r</STRONG> (Thumb, 0 bytes, Stack size 8 bytes, llsshr.o(.text), UNUSED)

<P><STRONG><a name="[122]"></a>__I$use$fp</STRONG> (Thumb, 0 bytes, Stack size 0 bytes, iusefp.o(.text), UNUSED)

<P><STRONG><a name="[31]"></a>_float_round</STRONG> (Thumb, 16 bytes, Stack size 0 bytes, fepilogue.o(.text))
<BR><BR>[Called By]<UL><LI><a href="#[2f]">&gt;&gt;</a>&nbsp;&nbsp;&nbsp;__aeabi_fadd
<LI><a href="#[43]">&gt;&gt;</a>&nbsp;&nbsp;&nbsp;__aeabi_d2f
<LI><a href="#[34]">&gt;&gt;</a>&nbsp;&nbsp;&nbsp;__aeabi_fdiv
</UL>

<P><STRONG><a name="[30]"></a>_float_epilogue</STRONG> (Thumb, 114 bytes, Stack size 12 bytes, fepilogue.o(.text))
<BR><BR>[Stack]<UL><LI>Max Depth = 12<LI>Call Chain = _float_epilogue
</UL>
<BR>[Called By]<UL><LI><a href="#[2f]">&gt;&gt;</a>&nbsp;&nbsp;&nbsp;__aeabi_fadd
<LI><a href="#[3f]">&gt;&gt;</a>&nbsp;&nbsp;&nbsp;__aeabi_ui2f
<LI><a href="#[3e]">&gt;&gt;</a>&nbsp;&nbsp;&nbsp;__aeabi_i2f
</UL>

<P><STRONG><a name="[39]"></a>_double_round</STRONG> (Thumb, 26 bytes, Stack size 8 bytes, depilogue.o(.text))
<BR><BR>[Stack]<UL><LI>Max Depth = 8<LI>Call Chain = _double_round
</UL>
<BR>[Called By]<UL><LI><a href="#[35]">&gt;&gt;</a>&nbsp;&nbsp;&nbsp;__aeabi_dadd
<LI><a href="#[3d]">&gt;&gt;</a>&nbsp;&nbsp;&nbsp;__aeabi_ddiv
<LI><a href="#[38]">&gt;&gt;</a>&nbsp;&nbsp;&nbsp;_double_epilogue
</UL>

<P><STRONG><a name="[38]"></a>_double_epilogue</STRONG> (Thumb, 164 bytes, Stack size 48 bytes, depilogue.o(.text))
<BR><BR>[Stack]<UL><LI>Max Depth = 56<LI>Call Chain = _double_epilogue &rArr; __aeabi_llsr
</UL>
<BR>[Calls]<UL><LI><a href="#[46]">&gt;&gt;</a>&nbsp;&nbsp;&nbsp;__ARM_clz
<LI><a href="#[42]">&gt;&gt;</a>&nbsp;&nbsp;&nbsp;__aeabi_llsr
<LI><a href="#[36]">&gt;&gt;</a>&nbsp;&nbsp;&nbsp;__aeabi_llsl
<LI><a href="#[39]">&gt;&gt;</a>&nbsp;&nbsp;&nbsp;_double_round
</UL>
<BR>[Called By]<UL><LI><a href="#[35]">&gt;&gt;</a>&nbsp;&nbsp;&nbsp;__aeabi_dadd
<LI><a href="#[3c]">&gt;&gt;</a>&nbsp;&nbsp;&nbsp;__aeabi_dmul
<LI><a href="#[40]">&gt;&gt;</a>&nbsp;&nbsp;&nbsp;__aeabi_i2d
</UL>

<P><STRONG><a name="[7]"></a>ADC_IRQHandler</STRONG> (Thumb, 32 bytes, Stack size 16 bytes, tcpl04x_ll_adc.o(.text.ADC_IRQHandler))
<BR><BR>[Stack]<UL><LI>Max Depth = 16<LI>Call Chain = ADC_IRQHandler
</UL>
<BR>[Address Reference Count : 1]<UL><LI> startup_tcpl04x.o(RESET)
</UL>
<P><STRONG><a name="[c]"></a>AON_IRQHandler</STRONG> (Thumb, 12 bytes, Stack size 0 bytes, tcpl04x_ll_sys.o(.text.AON_IRQHandler))
<BR>[Address Reference Count : 1]<UL><LI> startup_tcpl04x.o(RESET)
</UL>
<P><STRONG><a name="[81]"></a>Adc_GetLedForwardVoltageMv</STRONG> (Thumb, 36 bytes, Stack size 8 bytes, adc.o(.text.Adc_GetLedForwardVoltageMv))
<BR><BR>[Stack]<UL><LI>Max Depth = 8<LI>Call Chain = Adc_GetLedForwardVoltageMv
</UL>
<BR>[Called By]<UL><LI><a href="#[80]">&gt;&gt;</a>&nbsp;&nbsp;&nbsp;IoHwAb_Led_UpdateStatus
</UL>

<P><STRONG><a name="[4c]"></a>Adc_Init</STRONG> (Thumb, 300 bytes, Stack size 48 bytes, adc.o(.text.Adc_Init))
<BR><BR>[Stack]<UL><LI>Max Depth = 248<LI>Call Chain = Adc_Init &rArr; ll_adc_init &rArr; __aeabi_dmul &rArr; _double_epilogue &rArr; __aeabi_llsr
</UL>
<BR>[Calls]<UL><LI><a href="#[49]">&gt;&gt;</a>&nbsp;&nbsp;&nbsp;ll_adc_isr_enable
<LI><a href="#[4f]">&gt;&gt;</a>&nbsp;&nbsp;&nbsp;ll_adc_init
<LI><a href="#[4b]">&gt;&gt;</a>&nbsp;&nbsp;&nbsp;ll_adc_fifo_clear
<LI><a href="#[4e]">&gt;&gt;</a>&nbsp;&nbsp;&nbsp;ll_adc_tsensor_enable
<LI><a href="#[4d]">&gt;&gt;</a>&nbsp;&nbsp;&nbsp;ll_adc_deinit
</UL>
<BR>[Called By]<UL><LI><a href="#[76]">&gt;&gt;</a>&nbsp;&nbsp;&nbsp;IoHwAb_Adc_Init
</UL>

<P><STRONG><a name="[55]"></a>Adc_ReadBatteryMv</STRONG> (Thumb, 220 bytes, Stack size 40 bytes, adc.o(.text.Adc_ReadBatteryMv))
<BR><BR>[Stack]<UL><LI>Max Depth = 140<LI>Call Chain = Adc_ReadBatteryMv &rArr; Adc_ReadAverage &rArr; ll_adc_channel_start &rArr; ll_adc_channel_config &rArr; ll_adc_gain_config
</UL>
<BR>[Calls]<UL><LI><a href="#[56]">&gt;&gt;</a>&nbsp;&nbsp;&nbsp;Adc_HasTemperatureTrim
<LI><a href="#[53]">&gt;&gt;</a>&nbsp;&nbsp;&nbsp;Adc_ReadAverage
<LI><a href="#[57]">&gt;&gt;</a>&nbsp;&nbsp;&nbsp;__aeabi_idiv
</UL>
<BR>[Called By]<UL><LI><a href="#[77]">&gt;&gt;</a>&nbsp;&nbsp;&nbsp;IoHwAb_Adc_MainFunction100ms
</UL>

<P><STRONG><a name="[58]"></a>Adc_ReadMcuTempDeciC</STRONG> (Thumb, 136 bytes, Stack size 32 bytes, adc.o(.text.Adc_ReadMcuTempDeciC))
<BR><BR>[Stack]<UL><LI>Max Depth = 132<LI>Call Chain = Adc_ReadMcuTempDeciC &rArr; Adc_ReadAverage &rArr; ll_adc_channel_start &rArr; ll_adc_channel_config &rArr; ll_adc_gain_config
</UL>
<BR>[Calls]<UL><LI><a href="#[56]">&gt;&gt;</a>&nbsp;&nbsp;&nbsp;Adc_HasTemperatureTrim
<LI><a href="#[53]">&gt;&gt;</a>&nbsp;&nbsp;&nbsp;Adc_ReadAverage
<LI><a href="#[59]">&gt;&gt;</a>&nbsp;&nbsp;&nbsp;__aeabi_uidiv
</UL>
<BR>[Called By]<UL><LI><a href="#[77]">&gt;&gt;</a>&nbsp;&nbsp;&nbsp;IoHwAb_Adc_MainFunction100ms
</UL>

<P><STRONG><a name="[5a]"></a>Adc_StartLedVoltageCycle</STRONG> (Thumb, 76 bytes, Stack size 24 bytes, adc.o(.text.Adc_StartLedVoltageCycle))
<BR><BR>[Stack]<UL><LI>Max Depth = 84<LI>Call Chain = Adc_StartLedVoltageCycle &rArr; Adc_StartNextLedChannel &rArr; ll_adc_vf_channel_config &rArr; ll_adc_gain_config
</UL>
<BR>[Calls]<UL><LI><a href="#[2b]">&gt;&gt;</a>&nbsp;&nbsp;&nbsp;pal_led_channel_mux_get
<LI><a href="#[47]">&gt;&gt;</a>&nbsp;&nbsp;&nbsp;Adc_AbortLedCycle
<LI><a href="#[52]">&gt;&gt;</a>&nbsp;&nbsp;&nbsp;Adc_StartNextLedChannel
</UL>
<BR>[Called By]<UL><LI><a href="#[80]">&gt;&gt;</a>&nbsp;&nbsp;&nbsp;IoHwAb_Led_UpdateStatus
</UL>

<P><STRONG><a name="[5c]"></a>BswM_MainFunction</STRONG> (Thumb, 20 bytes, Stack size 8 bytes, bswm.o(.text.BswM_MainFunction))
<BR><BR>[Stack]<UL><LI>Max Depth = 192<LI>Call Chain = BswM_MainFunction &rArr; Dcm_MainFunction &rArr; systemLinDiagHandleSend &rArr; __doRequest &rArr; IoHwAb_Temperature_GetLed &rArr; IoHwAb_Temperature_Update &rArr; __aeabi_idiv
</UL>
<BR>[Calls]<UL><LI><a href="#[5d]">&gt;&gt;</a>&nbsp;&nbsp;&nbsp;Lin_MainFunction
<LI><a href="#[60]">&gt;&gt;</a>&nbsp;&nbsp;&nbsp;Dem_MainFunction
<LI><a href="#[5f]">&gt;&gt;</a>&nbsp;&nbsp;&nbsp;NvM_MainFunction
<LI><a href="#[5e]">&gt;&gt;</a>&nbsp;&nbsp;&nbsp;Dcm_MainFunction
</UL>
<BR>[Called By]<UL><LI><a href="#[12]">&gt;&gt;</a>&nbsp;&nbsp;&nbsp;TcMain
</UL>

<P><STRONG><a name="[5e]"></a>Dcm_MainFunction</STRONG> (Thumb, 328 bytes, Stack size 32 bytes, dcm.o(.text.Dcm_MainFunction))
<BR><BR>[Stack]<UL><LI>Max Depth = 184<LI>Call Chain = Dcm_MainFunction &rArr; systemLinDiagHandleSend &rArr; __doRequest &rArr; IoHwAb_Temperature_GetLed &rArr; IoHwAb_Temperature_Update &rArr; __aeabi_idiv
</UL>
<BR>[Calls]<UL><LI><a href="#[64]">&gt;&gt;</a>&nbsp;&nbsp;&nbsp;ld_send_message
<LI><a href="#[62]">&gt;&gt;</a>&nbsp;&nbsp;&nbsp;ld_receive_message
<LI><a href="#[61]">&gt;&gt;</a>&nbsp;&nbsp;&nbsp;lin_tp_init
<LI><a href="#[66]">&gt;&gt;</a>&nbsp;&nbsp;&nbsp;systemLinDiag0x27Handle
<LI><a href="#[63]">&gt;&gt;</a>&nbsp;&nbsp;&nbsp;systemLinDiagHandleSend
<LI><a href="#[65]">&gt;&gt;</a>&nbsp;&nbsp;&nbsp;systemLinDiagHandleRecv
</UL>
<BR>[Called By]<UL><LI><a href="#[5c]">&gt;&gt;</a>&nbsp;&nbsp;&nbsp;BswM_MainFunction
</UL>

<P><STRONG><a name="[69]"></a>Dem_Init</STRONG> (Thumb, 28 bytes, Stack size 0 bytes, dem.o(.text.Dem_Init))
<BR><BR>[Called By]<UL><LI><a href="#[67]">&gt;&gt;</a>&nbsp;&nbsp;&nbsp;EcuM_Init
</UL>

<P><STRONG><a name="[60]"></a>Dem_MainFunction</STRONG> (Thumb, 2 bytes, Stack size 0 bytes, dem.o(.text.Dem_MainFunction))
<BR><BR>[Called By]<UL><LI><a href="#[5c]">&gt;&gt;</a>&nbsp;&nbsp;&nbsp;BswM_MainFunction
</UL>

<P><STRONG><a name="[67]"></a>EcuM_Init</STRONG> (Thumb, 40 bytes, Stack size 8 bytes, ecum.o(.text.EcuM_Init))
<BR><BR>[Stack]<UL><LI>Max Depth = 832<LI>Call Chain = EcuM_Init &rArr; NvM_Init &rArr; MemIf_Write &rArr; Fee_Write &rArr; Fls_Write &rArr; pal_store_data_set &rArr; ll_flash_smart_write &rArr; ll_flash_write_reg
</UL>
<BR>[Calls]<UL><LI><a href="#[69]">&gt;&gt;</a>&nbsp;&nbsp;&nbsp;Dem_Init
<LI><a href="#[6a]">&gt;&gt;</a>&nbsp;&nbsp;&nbsp;NvM_CfgGetSwscConfig
<LI><a href="#[68]">&gt;&gt;</a>&nbsp;&nbsp;&nbsp;NvM_Init
<LI><a href="#[6b]">&gt;&gt;</a>&nbsp;&nbsp;&nbsp;Lin_Init
</UL>
<BR>[Called By]<UL><LI><a href="#[12]">&gt;&gt;</a>&nbsp;&nbsp;&nbsp;TcMain
</UL>

<P><STRONG><a name="[6]"></a>FLASH_IRQHandler</STRONG> (Thumb, 20 bytes, Stack size 0 bytes, tcpl04x_ll_flash.o(.text.FLASH_IRQHandler))
<BR>[Address Reference Count : 1]<UL><LI> startup_tcpl04x.o(RESET)
</UL>
<P><STRONG><a name="[6c]"></a>Fee_Init</STRONG> (Thumb, 8 bytes, Stack size 8 bytes, fee.o(.text.Fee_Init))
<BR><BR>[Stack]<UL><LI>Max Depth = 16<LI>Call Chain = Fee_Init &rArr; Fls_Init
</UL>
<BR>[Calls]<UL><LI><a href="#[6d]">&gt;&gt;</a>&nbsp;&nbsp;&nbsp;Fls_Init
</UL>
<BR>[Called By]<UL><LI><a href="#[9f]">&gt;&gt;</a>&nbsp;&nbsp;&nbsp;MemIf_Init
</UL>

<P><STRONG><a name="[6e]"></a>Fee_Read</STRONG> (Thumb, 20 bytes, Stack size 8 bytes, fee.o(.text.Fee_Read))
<BR><BR>[Stack]<UL><LI>Max Depth = 624<LI>Call Chain = Fee_Read &rArr; Fls_Read &rArr; pal_store_data_get &rArr; ll_flash_read &rArr; ll_flash_addr_valid_check
</UL>
<BR>[Calls]<UL><LI><a href="#[6f]">&gt;&gt;</a>&nbsp;&nbsp;&nbsp;Fls_Read
</UL>
<BR>[Called By]<UL><LI><a href="#[a0]">&gt;&gt;</a>&nbsp;&nbsp;&nbsp;MemIf_Read
</UL>

<P><STRONG><a name="[70]"></a>Fee_Write</STRONG> (Thumb, 20 bytes, Stack size 8 bytes, fee.o(.text.Fee_Write))
<BR><BR>[Stack]<UL><LI>Max Depth = 656<LI>Call Chain = Fee_Write &rArr; Fls_Write &rArr; pal_store_data_set &rArr; ll_flash_smart_write &rArr; ll_flash_write_reg
</UL>
<BR>[Calls]<UL><LI><a href="#[71]">&gt;&gt;</a>&nbsp;&nbsp;&nbsp;Fls_Write
</UL>
<BR>[Called By]<UL><LI><a href="#[a1]">&gt;&gt;</a>&nbsp;&nbsp;&nbsp;MemIf_Write
</UL>

<P><STRONG><a name="[6d]"></a>Fls_Init</STRONG> (Thumb, 16 bytes, Stack size 8 bytes, fls.o(.text.Fls_Init))
<BR><BR>[Stack]<UL><LI>Max Depth = 8<LI>Call Chain = Fls_Init
</UL>
<BR>[Calls]<UL><LI><a href="#[73]">&gt;&gt;</a>&nbsp;&nbsp;&nbsp;pal_store_length_set
<LI><a href="#[72]">&gt;&gt;</a>&nbsp;&nbsp;&nbsp;ll_flash_init
</UL>
<BR>[Called By]<UL><LI><a href="#[6c]">&gt;&gt;</a>&nbsp;&nbsp;&nbsp;Fee_Init
</UL>

<P><STRONG><a name="[6f]"></a>Fls_Read</STRONG> (Thumb, 28 bytes, Stack size 8 bytes, fls.o(.text.Fls_Read))
<BR><BR>[Stack]<UL><LI>Max Depth = 616<LI>Call Chain = Fls_Read &rArr; pal_store_data_get &rArr; ll_flash_read &rArr; ll_flash_addr_valid_check
</UL>
<BR>[Calls]<UL><LI><a href="#[74]">&gt;&gt;</a>&nbsp;&nbsp;&nbsp;pal_store_data_get
</UL>
<BR>[Called By]<UL><LI><a href="#[6e]">&gt;&gt;</a>&nbsp;&nbsp;&nbsp;Fee_Read
</UL>

<P><STRONG><a name="[71]"></a>Fls_Write</STRONG> (Thumb, 28 bytes, Stack size 8 bytes, fls.o(.text.Fls_Write))
<BR><BR>[Stack]<UL><LI>Max Depth = 648<LI>Call Chain = Fls_Write &rArr; pal_store_data_set &rArr; ll_flash_smart_write &rArr; ll_flash_write_reg
</UL>
<BR>[Calls]<UL><LI><a href="#[75]">&gt;&gt;</a>&nbsp;&nbsp;&nbsp;pal_store_data_set
</UL>
<BR>[Called By]<UL><LI><a href="#[70]">&gt;&gt;</a>&nbsp;&nbsp;&nbsp;Fee_Write
</UL>

<P><STRONG><a name="[d]"></a>GPIO_IRQHandler</STRONG> (Thumb, 40 bytes, Stack size 16 bytes, tcpl04x_ll_gpio.o(.text.GPIO_IRQHandler))
<BR><BR>[Stack]<UL><LI>Max Depth = 16<LI>Call Chain = GPIO_IRQHandler
</UL>
<BR>[Address Reference Count : 1]<UL><LI> startup_tcpl04x.o(RESET)
</UL>
<P><STRONG><a name="[2]"></a>HardFault_Handler</STRONG> (Thumb, 16 bytes, Stack size 0 bytes, tcpl04x_ll_cortex.o(.text.HardFault_Handler))
<BR>[Address Reference Count : 1]<UL><LI> startup_tcpl04x.o(RESET)
</UL>
<P><STRONG><a name="[a]"></a>IWDG_IRQHandler</STRONG> (Thumb, 48 bytes, Stack size 8 bytes, tcpl04x_ll_wdg.o(.text.IWDG_IRQHandler))
<BR><BR>[Stack]<UL><LI>Max Depth = 8<LI>Call Chain = IWDG_IRQHandler
</UL>
<BR>[Address Reference Count : 1]<UL><LI> startup_tcpl04x.o(RESET)
</UL>
<P><STRONG><a name="[79]"></a>IoHwAb_Adc_GetBatteryMv</STRONG> (Thumb, 24 bytes, Stack size 0 bytes, iohwab_adc.o(.text.IoHwAb_Adc_GetBatteryMv))
<BR><BR>[Called By]<UL><LI><a href="#[7a]">&gt;&gt;</a>&nbsp;&nbsp;&nbsp;IoHwAb_Battery_UpdateStatus
<LI><a href="#[78]">&gt;&gt;</a>&nbsp;&nbsp;&nbsp;IoHwAb_Battery_Init
</UL>

<P><STRONG><a name="[88]"></a>IoHwAb_Adc_GetMcuTempDeciC</STRONG> (Thumb, 24 bytes, Stack size 0 bytes, iohwab_adc.o(.text.IoHwAb_Adc_GetMcuTempDeciC))
<BR><BR>[Called By]<UL><LI><a href="#[84]">&gt;&gt;</a>&nbsp;&nbsp;&nbsp;IoHwAb_Temperature_Update
</UL>

<P><STRONG><a name="[76]"></a>IoHwAb_Adc_Init</STRONG> (Thumb, 24 bytes, Stack size 8 bytes, iohwab_adc.o(.text.IoHwAb_Adc_Init))
<BR><BR>[Stack]<UL><LI>Max Depth = 256<LI>Call Chain = IoHwAb_Adc_Init &rArr; Adc_Init &rArr; ll_adc_init &rArr; __aeabi_dmul &rArr; _double_epilogue &rArr; __aeabi_llsr
</UL>
<BR>[Calls]<UL><LI><a href="#[4c]">&gt;&gt;</a>&nbsp;&nbsp;&nbsp;Adc_Init
<LI><a href="#[77]">&gt;&gt;</a>&nbsp;&nbsp;&nbsp;IoHwAb_Adc_MainFunction100ms
</UL>
<BR>[Called By]<UL><LI><a href="#[ac]">&gt;&gt;</a>&nbsp;&nbsp;&nbsp;systemInit
</UL>

<P><STRONG><a name="[77]"></a>IoHwAb_Adc_MainFunction100ms</STRONG> (Thumb, 24 bytes, Stack size 8 bytes, iohwab_adc.o(.text.IoHwAb_Adc_MainFunction100ms))
<BR><BR>[Stack]<UL><LI>Max Depth = 148<LI>Call Chain = IoHwAb_Adc_MainFunction100ms &rArr; Adc_ReadBatteryMv &rArr; Adc_ReadAverage &rArr; ll_adc_channel_start &rArr; ll_adc_channel_config &rArr; ll_adc_gain_config
</UL>
<BR>[Calls]<UL><LI><a href="#[55]">&gt;&gt;</a>&nbsp;&nbsp;&nbsp;Adc_ReadBatteryMv
<LI><a href="#[58]">&gt;&gt;</a>&nbsp;&nbsp;&nbsp;Adc_ReadMcuTempDeciC
</UL>
<BR>[Called By]<UL><LI><a href="#[76]">&gt;&gt;</a>&nbsp;&nbsp;&nbsp;IoHwAb_Adc_Init
<LI><a href="#[ad]">&gt;&gt;</a>&nbsp;&nbsp;&nbsp;Swc_Lighting_MainFunction100ms
</UL>

<P><STRONG><a name="[86]"></a>IoHwAb_Battery_GetVoltage</STRONG> (Thumb, 12 bytes, Stack size 0 bytes, iohwab_battery.o(.text.IoHwAb_Battery_GetVoltage))
<BR><BR>[Called By]<UL><LI><a href="#[bd]">&gt;&gt;</a>&nbsp;&nbsp;&nbsp;__doRequest
<LI><a href="#[84]">&gt;&gt;</a>&nbsp;&nbsp;&nbsp;IoHwAb_Temperature_Update
</UL>

<P><STRONG><a name="[78]"></a>IoHwAb_Battery_Init</STRONG> (Thumb, 12 bytes, Stack size 8 bytes, iohwab_battery.o(.text.IoHwAb_Battery_Init))
<BR><BR>[Stack]<UL><LI>Max Depth = 8<LI>Call Chain = IoHwAb_Battery_Init
</UL>
<BR>[Calls]<UL><LI><a href="#[79]">&gt;&gt;</a>&nbsp;&nbsp;&nbsp;IoHwAb_Adc_GetBatteryMv
</UL>
<BR>[Called By]<UL><LI><a href="#[ac]">&gt;&gt;</a>&nbsp;&nbsp;&nbsp;systemInit
</UL>

<P><STRONG><a name="[7a]"></a>IoHwAb_Battery_UpdateStatus</STRONG> (Thumb, 48 bytes, Stack size 8 bytes, iohwab_battery.o(.text.IoHwAb_Battery_UpdateStatus))
<BR><BR>[Stack]<UL><LI>Max Depth = 8<LI>Call Chain = IoHwAb_Battery_UpdateStatus
</UL>
<BR>[Calls]<UL><LI><a href="#[79]">&gt;&gt;</a>&nbsp;&nbsp;&nbsp;IoHwAb_Adc_GetBatteryMv
</UL>
<BR>[Called By]<UL><LI><a href="#[115]">&gt;&gt;</a>&nbsp;&nbsp;&nbsp;systemStatusUpdate
</UL>

<P><STRONG><a name="[14]"></a>IoHwAb_Led_GetPWM</STRONG> (Thumb, 28 bytes, Stack size 0 bytes, iohwab_led.o(.text.IoHwAb_Led_GetPWM))
<BR>[Address Reference Count : 2]<UL><LI> swc_diagnostic.o(.text.__doRequest)
<LI> iohwab_temperature.o(.text.IoHwAb_Temperature_Update)
</UL>
<P><STRONG><a name="[16]"></a>IoHwAb_Led_GetStatus</STRONG> (Thumb, 24 bytes, Stack size 0 bytes, iohwab_led.o(.text.IoHwAb_Led_GetStatus))
<BR><BR>[Called By]<UL><LI><a href="#[1d]">&gt;&gt;</a>&nbsp;&nbsp;&nbsp;Swc_Communication_ShortStatus
<LI><a href="#[1c]">&gt;&gt;</a>&nbsp;&nbsp;&nbsp;Swc_Communication_OpenStatus
</UL>
<BR>[Address Reference Count : 1]<UL><LI> swc_diagnostic.o(.text.__doRequest)
</UL>
<P><STRONG><a name="[15]"></a>IoHwAb_Led_GetVoltage</STRONG> (Thumb, 28 bytes, Stack size 0 bytes, iohwab_led.o(.text.IoHwAb_Led_GetVoltage))
<BR>[Address Reference Count : 2]<UL><LI> swc_diagnostic.o(.text.__doRequest)
<LI> iohwab_temperature.o(.text.IoHwAb_Temperature_Update)
</UL>
<P><STRONG><a name="[7b]"></a>IoHwAb_Led_Init</STRONG> (Thumb, 60 bytes, Stack size 16 bytes, iohwab_led.o(.text.IoHwAb_Led_Init))
<BR><BR>[Stack]<UL><LI>Max Depth = 80<LI>Call Chain = IoHwAb_Led_Init &rArr; pal_led_init &rArr; ll_pwm_init
</UL>
<BR>[Calls]<UL><LI><a href="#[24]">&gt;&gt;</a>&nbsp;&nbsp;&nbsp;pal_led_enable
<LI><a href="#[26]">&gt;&gt;</a>&nbsp;&nbsp;&nbsp;pal_led_duty_cycle_set
<LI><a href="#[7c]">&gt;&gt;</a>&nbsp;&nbsp;&nbsp;pal_led_init
</UL>
<BR>[Called By]<UL><LI><a href="#[ac]">&gt;&gt;</a>&nbsp;&nbsp;&nbsp;systemInit
</UL>

<P><STRONG><a name="[7d]"></a>IoHwAb_Led_PowerOff</STRONG> (Thumb, 14 bytes, Stack size 8 bytes, iohwab_led.o(.text.IoHwAb_Led_PowerOff))
<BR><BR>[Stack]<UL><LI>Max Depth = 56<LI>Call Chain = IoHwAb_Led_PowerOff &rArr; IoHwAb_Led_UpdatePWM &rArr; pal_led_duty_cycle_set &rArr; ll_pwm_channel_threshold_config
</UL>
<BR>[Calls]<UL><LI><a href="#[7e]">&gt;&gt;</a>&nbsp;&nbsp;&nbsp;IoHwAb_Led_UpdatePWM
</UL>
<BR>[Called By]<UL><LI><a href="#[7f]">&gt;&gt;</a>&nbsp;&nbsp;&nbsp;IoHwAb_Led_Sleep
<LI><a href="#[af]">&gt;&gt;</a>&nbsp;&nbsp;&nbsp;systemMainLoop
</UL>

<P><STRONG><a name="[117]"></a>IoHwAb_Led_ResetDetection</STRONG> (Thumb, 40 bytes, Stack size 0 bytes, iohwab_led.o(.text.IoHwAb_Led_ResetDetection))
<BR><BR>[Called By]<UL><LI><a href="#[115]">&gt;&gt;</a>&nbsp;&nbsp;&nbsp;systemStatusUpdate
</UL>

<P><STRONG><a name="[c0]"></a>IoHwAb_Led_SetCalibrationControl</STRONG> (Thumb, 20 bytes, Stack size 0 bytes, iohwab_led.o(.text.IoHwAb_Led_SetCalibrationControl))
<BR><BR>[Called By]<UL><LI><a href="#[bd]">&gt;&gt;</a>&nbsp;&nbsp;&nbsp;__doRequest
</UL>

<P><STRONG><a name="[7f]"></a>IoHwAb_Led_Sleep</STRONG> (Thumb, 28 bytes, Stack size 8 bytes, iohwab_led.o(.text.IoHwAb_Led_Sleep))
<BR><BR>[Stack]<UL><LI>Max Depth = 64<LI>Call Chain = IoHwAb_Led_Sleep &rArr; IoHwAb_Led_PowerOff &rArr; IoHwAb_Led_UpdatePWM &rArr; pal_led_duty_cycle_set &rArr; ll_pwm_channel_threshold_config
</UL>
<BR>[Calls]<UL><LI><a href="#[24]">&gt;&gt;</a>&nbsp;&nbsp;&nbsp;pal_led_enable
<LI><a href="#[7d]">&gt;&gt;</a>&nbsp;&nbsp;&nbsp;IoHwAb_Led_PowerOff
</UL>
<BR>[Called By]<UL><LI><a href="#[af]">&gt;&gt;</a>&nbsp;&nbsp;&nbsp;systemMainLoop
</UL>

<P><STRONG><a name="[7e]"></a>IoHwAb_Led_UpdatePWM</STRONG> (Thumb, 96 bytes, Stack size 16 bytes, iohwab_led.o(.text.IoHwAb_Led_UpdatePWM))
<BR><BR>[Stack]<UL><LI>Max Depth = 48<LI>Call Chain = IoHwAb_Led_UpdatePWM &rArr; pal_led_duty_cycle_set &rArr; ll_pwm_channel_threshold_config
</UL>
<BR>[Calls]<UL><LI><a href="#[26]">&gt;&gt;</a>&nbsp;&nbsp;&nbsp;pal_led_duty_cycle_set
</UL>
<BR>[Called By]<UL><LI><a href="#[7d]">&gt;&gt;</a>&nbsp;&nbsp;&nbsp;IoHwAb_Led_PowerOff
<LI><a href="#[af]">&gt;&gt;</a>&nbsp;&nbsp;&nbsp;systemMainLoop
</UL>

<P><STRONG><a name="[80]"></a>IoHwAb_Led_UpdateStatus</STRONG> (Thumb, 132 bytes, Stack size 16 bytes, iohwab_led.o(.text.IoHwAb_Led_UpdateStatus))
<BR><BR>[Stack]<UL><LI>Max Depth = 100<LI>Call Chain = IoHwAb_Led_UpdateStatus &rArr; Adc_StartLedVoltageCycle &rArr; Adc_StartNextLedChannel &rArr; ll_adc_vf_channel_config &rArr; ll_adc_gain_config
</UL>
<BR>[Calls]<UL><LI><a href="#[5a]">&gt;&gt;</a>&nbsp;&nbsp;&nbsp;Adc_StartLedVoltageCycle
<LI><a href="#[81]">&gt;&gt;</a>&nbsp;&nbsp;&nbsp;Adc_GetLedForwardVoltageMv
<LI><a href="#[82]">&gt;&gt;</a>&nbsp;&nbsp;&nbsp;IoHwAb_Led_UpdateOneStatus
</UL>
<BR>[Called By]<UL><LI><a href="#[115]">&gt;&gt;</a>&nbsp;&nbsp;&nbsp;systemStatusUpdate
</UL>

<P><STRONG><a name="[83]"></a>IoHwAb_Temperature_GetLed</STRONG> (Thumb, 16 bytes, Stack size 8 bytes, iohwab_temperature.o(.text.IoHwAb_Temperature_GetLed))
<BR><BR>[Stack]<UL><LI>Max Depth = 88<LI>Call Chain = IoHwAb_Temperature_GetLed &rArr; IoHwAb_Temperature_Update &rArr; __aeabi_idiv
</UL>
<BR>[Calls]<UL><LI><a href="#[84]">&gt;&gt;</a>&nbsp;&nbsp;&nbsp;IoHwAb_Temperature_Update
</UL>
<BR>[Called By]<UL><LI><a href="#[bd]">&gt;&gt;</a>&nbsp;&nbsp;&nbsp;__doRequest
<LI><a href="#[107]">&gt;&gt;</a>&nbsp;&nbsp;&nbsp;systemTempDerating
<LI><a href="#[106]">&gt;&gt;</a>&nbsp;&nbsp;&nbsp;systemControl
</UL>

<P><STRONG><a name="[be]"></a>IoHwAb_Temperature_GetMcu</STRONG> (Thumb, 8 bytes, Stack size 0 bytes, iohwab_temperature.o(.text.IoHwAb_Temperature_GetMcu))
<BR><BR>[Called By]<UL><LI><a href="#[bd]">&gt;&gt;</a>&nbsp;&nbsp;&nbsp;__doRequest
<LI><a href="#[107]">&gt;&gt;</a>&nbsp;&nbsp;&nbsp;systemTempDerating
</UL>

<P><STRONG><a name="[85]"></a>IoHwAb_Temperature_Init</STRONG> (Thumb, 32 bytes, Stack size 8 bytes, iohwab_temperature.o(.text.IoHwAb_Temperature_Init))
<BR><BR>[Stack]<UL><LI>Max Depth = 88<LI>Call Chain = IoHwAb_Temperature_Init &rArr; IoHwAb_Temperature_Update &rArr; __aeabi_idiv
</UL>
<BR>[Calls]<UL><LI><a href="#[84]">&gt;&gt;</a>&nbsp;&nbsp;&nbsp;IoHwAb_Temperature_Update
</UL>
<BR>[Called By]<UL><LI><a href="#[ac]">&gt;&gt;</a>&nbsp;&nbsp;&nbsp;systemInit
</UL>

<P><STRONG><a name="[84]"></a>IoHwAb_Temperature_Update</STRONG> (Thumb, 432 bytes, Stack size 64 bytes, iohwab_temperature.o(.text.IoHwAb_Temperature_Update))
<BR><BR>[Stack]<UL><LI>Max Depth = 80<LI>Call Chain = IoHwAb_Temperature_Update &rArr; __aeabi_idiv
</UL>
<BR>[Calls]<UL><LI><a href="#[89]">&gt;&gt;</a>&nbsp;&nbsp;&nbsp;IoHwAb_Time_IsAfter
<LI><a href="#[88]">&gt;&gt;</a>&nbsp;&nbsp;&nbsp;IoHwAb_Adc_GetMcuTempDeciC
<LI><a href="#[86]">&gt;&gt;</a>&nbsp;&nbsp;&nbsp;IoHwAb_Battery_GetVoltage
<LI><a href="#[87]">&gt;&gt;</a>&nbsp;&nbsp;&nbsp;IoHwAb_Time_Get
<LI><a href="#[57]">&gt;&gt;</a>&nbsp;&nbsp;&nbsp;__aeabi_idiv
<LI><a href="#[59]">&gt;&gt;</a>&nbsp;&nbsp;&nbsp;__aeabi_uidiv
</UL>
<BR>[Called By]<UL><LI><a href="#[115]">&gt;&gt;</a>&nbsp;&nbsp;&nbsp;systemStatusUpdate
<LI><a href="#[85]">&gt;&gt;</a>&nbsp;&nbsp;&nbsp;IoHwAb_Temperature_Init
<LI><a href="#[83]">&gt;&gt;</a>&nbsp;&nbsp;&nbsp;IoHwAb_Temperature_GetLed
</UL>

<P><STRONG><a name="[87]"></a>IoHwAb_Time_Get</STRONG> (Thumb, 10 bytes, Stack size 8 bytes, iohwab_time.o(.text.IoHwAb_Time_Get))
<BR><BR>[Stack]<UL><LI>Max Depth = 8<LI>Call Chain = IoHwAb_Time_Get
</UL>
<BR>[Calls]<UL><LI><a href="#[8a]">&gt;&gt;</a>&nbsp;&nbsp;&nbsp;systick_count_get
</UL>
<BR>[Called By]<UL><LI><a href="#[66]">&gt;&gt;</a>&nbsp;&nbsp;&nbsp;systemLinDiag0x27Handle
<LI><a href="#[84]">&gt;&gt;</a>&nbsp;&nbsp;&nbsp;IoHwAb_Temperature_Update
<LI><a href="#[af]">&gt;&gt;</a>&nbsp;&nbsp;&nbsp;systemMainLoop
<LI><a href="#[ac]">&gt;&gt;</a>&nbsp;&nbsp;&nbsp;systemInit
<LI><a href="#[106]">&gt;&gt;</a>&nbsp;&nbsp;&nbsp;systemControl
<LI><a href="#[bc]">&gt;&gt;</a>&nbsp;&nbsp;&nbsp;__doBlink
</UL>

<P><STRONG><a name="[108]"></a>IoHwAb_Time_Init</STRONG> (Thumb, 2 bytes, Stack size 0 bytes, iohwab_time.o(.text.IoHwAb_Time_Init))
<BR><BR>[Called By]<UL><LI><a href="#[ac]">&gt;&gt;</a>&nbsp;&nbsp;&nbsp;systemInit
</UL>

<P><STRONG><a name="[89]"></a>IoHwAb_Time_IsAfter</STRONG> (Thumb, 16 bytes, Stack size 0 bytes, iohwab_time.o(.text.IoHwAb_Time_IsAfter))
<BR><BR>[Called By]<UL><LI><a href="#[84]">&gt;&gt;</a>&nbsp;&nbsp;&nbsp;IoHwAb_Temperature_Update
</UL>

<P><STRONG><a name="[8b]"></a>IoHwAb_Wdg_Feed</STRONG> (Thumb, 8 bytes, Stack size 8 bytes, iohwab_wdg.o(.text.IoHwAb_Wdg_Feed))
<BR><BR>[Stack]<UL><LI>Max Depth = 16<LI>Call Chain = IoHwAb_Wdg_Feed &rArr; wdg_reload
</UL>
<BR>[Calls]<UL><LI><a href="#[8c]">&gt;&gt;</a>&nbsp;&nbsp;&nbsp;wdg_reload
</UL>
<BR>[Called By]<UL><LI><a href="#[af]">&gt;&gt;</a>&nbsp;&nbsp;&nbsp;systemMainLoop
<LI><a href="#[ac]">&gt;&gt;</a>&nbsp;&nbsp;&nbsp;systemInit
</UL>

<P><STRONG><a name="[8d]"></a>IoHwAb_Wdg_Init</STRONG> (Thumb, 18 bytes, Stack size 8 bytes, iohwab_wdg.o(.text.IoHwAb_Wdg_Init))
<BR><BR>[Stack]<UL><LI>Max Depth = 72<LI>Call Chain = IoHwAb_Wdg_Init &rArr; wdg_init &rArr; ll_wdg_init &rArr; ll_wdg_deinit
</UL>
<BR>[Calls]<UL><LI><a href="#[8f]">&gt;&gt;</a>&nbsp;&nbsp;&nbsp;wdg_enable
<LI><a href="#[8e]">&gt;&gt;</a>&nbsp;&nbsp;&nbsp;wdg_init
</UL>
<BR>[Called By]<UL><LI><a href="#[ac]">&gt;&gt;</a>&nbsp;&nbsp;&nbsp;systemInit
</UL>

<P><STRONG><a name="[90]"></a>Lin_DeInit</STRONG> (Thumb, 16 bytes, Stack size 8 bytes, lin.o(.text.Lin_DeInit))
<BR><BR>[Stack]<UL><LI>Max Depth = 48<LI>Call Chain = Lin_DeInit &rArr; lin_hal_wait_for_break &rArr; Lin_HwAbort &rArr; pal_lin_abort_handle &rArr; ll_sci_state_clear
</UL>
<BR>[Calls]<UL><LI><a href="#[91]">&gt;&gt;</a>&nbsp;&nbsp;&nbsp;lin_hal_wait_for_break
</UL>
<BR>[Called By]<UL><LI><a href="#[a8]">&gt;&gt;</a>&nbsp;&nbsp;&nbsp;Rte_Call_Lin_SetApplicationAddress
</UL>

<P><STRONG><a name="[92]"></a>Lin_GoToSleepInternal</STRONG> (Thumb, 14 bytes, Stack size 8 bytes, lin.o(.text.Lin_GoToSleepInternal))
<BR><BR>[Stack]<UL><LI>Max Depth = 48<LI>Call Chain = Lin_GoToSleepInternal &rArr; lin_hal_wait_for_break &rArr; Lin_HwAbort &rArr; pal_lin_abort_handle &rArr; ll_sci_state_clear
</UL>
<BR>[Calls]<UL><LI><a href="#[91]">&gt;&gt;</a>&nbsp;&nbsp;&nbsp;lin_hal_wait_for_break
</UL>
<BR>[Called By]<UL><LI><a href="#[a7]">&gt;&gt;</a>&nbsp;&nbsp;&nbsp;Rte_Call_Lin_GoToSleep
</UL>

<P><STRONG><a name="[6b]"></a>Lin_Init</STRONG> (Thumb, 20 bytes, Stack size 8 bytes, lin.o(.text.Lin_Init))
<BR><BR>[Stack]<UL><LI>Max Depth = 232<LI>Call Chain = Lin_Init &rArr; l_sys_init &rArr; lin_main_init &rArr; lin_hal_init &rArr; pal_lin_init &rArr; ll_sci_init &rArr; ll_sci_baudrate_config &rArr; ll_lin_rx_delay_set
</UL>
<BR>[Calls]<UL><LI><a href="#[9d]">&gt;&gt;</a>&nbsp;&nbsp;&nbsp;l_sys_init
</UL>
<BR>[Called By]<UL><LI><a href="#[a8]">&gt;&gt;</a>&nbsp;&nbsp;&nbsp;Rte_Call_Lin_SetApplicationAddress
<LI><a href="#[67]">&gt;&gt;</a>&nbsp;&nbsp;&nbsp;EcuM_Init
</UL>

<P><STRONG><a name="[5d]"></a>Lin_MainFunction</STRONG> (Thumb, 32 bytes, Stack size 8 bytes, lin.o(.text.Lin_MainFunction))
<BR><BR>[Stack]<UL><LI>Max Depth = 80<LI>Call Chain = Lin_MainFunction &rArr; ld_task &rArr; ld_tp_task &rArr; lin_handle_config
</UL>
<BR>[Calls]<UL><LI><a href="#[9e]">&gt;&gt;</a>&nbsp;&nbsp;&nbsp;ld_task
</UL>
<BR>[Called By]<UL><LI><a href="#[5c]">&gt;&gt;</a>&nbsp;&nbsp;&nbsp;BswM_MainFunction
</UL>

<P><STRONG><a name="[9f]"></a>MemIf_Init</STRONG> (Thumb, 8 bytes, Stack size 8 bytes, memif.o(.text.MemIf_Init))
<BR><BR>[Stack]<UL><LI>Max Depth = 24<LI>Call Chain = MemIf_Init &rArr; Fee_Init &rArr; Fls_Init
</UL>
<BR>[Calls]<UL><LI><a href="#[6c]">&gt;&gt;</a>&nbsp;&nbsp;&nbsp;Fee_Init
</UL>
<BR>[Called By]<UL><LI><a href="#[68]">&gt;&gt;</a>&nbsp;&nbsp;&nbsp;NvM_Init
</UL>

<P><STRONG><a name="[a0]"></a>MemIf_Read</STRONG> (Thumb, 8 bytes, Stack size 8 bytes, memif.o(.text.MemIf_Read))
<BR><BR>[Stack]<UL><LI>Max Depth = 632<LI>Call Chain = MemIf_Read &rArr; Fee_Read &rArr; Fls_Read &rArr; pal_store_data_get &rArr; ll_flash_read &rArr; ll_flash_addr_valid_check
</UL>
<BR>[Calls]<UL><LI><a href="#[6e]">&gt;&gt;</a>&nbsp;&nbsp;&nbsp;Fee_Read
</UL>
<BR>[Called By]<UL><LI><a href="#[68]">&gt;&gt;</a>&nbsp;&nbsp;&nbsp;NvM_Init
</UL>

<P><STRONG><a name="[a1]"></a>MemIf_Write</STRONG> (Thumb, 8 bytes, Stack size 8 bytes, memif.o(.text.MemIf_Write))
<BR><BR>[Stack]<UL><LI>Max Depth = 664<LI>Call Chain = MemIf_Write &rArr; Fee_Write &rArr; Fls_Write &rArr; pal_store_data_set &rArr; ll_flash_smart_write &rArr; ll_flash_write_reg
</UL>
<BR>[Calls]<UL><LI><a href="#[70]">&gt;&gt;</a>&nbsp;&nbsp;&nbsp;Fee_Write
</UL>
<BR>[Called By]<UL><LI><a href="#[68]">&gt;&gt;</a>&nbsp;&nbsp;&nbsp;NvM_Init
<LI><a href="#[a6]">&gt;&gt;</a>&nbsp;&nbsp;&nbsp;NvM_WriteBlock
</UL>

<P><STRONG><a name="[1]"></a>NMI_Handler</STRONG> (Thumb, 16 bytes, Stack size 0 bytes, tcpl04x_ll_cortex.o(.text.NMI_Handler))
<BR>[Address Reference Count : 1]<UL><LI> startup_tcpl04x.o(RESET)
</UL>
<P><STRONG><a name="[6a]"></a>NvM_CfgGetSwscConfig</STRONG> (Thumb, 4 bytes, Stack size 0 bytes, nvm_cfg.o(.text.NvM_CfgGetSwscConfig))
<BR><BR>[Called By]<UL><LI><a href="#[67]">&gt;&gt;</a>&nbsp;&nbsp;&nbsp;EcuM_Init
</UL>

<P><STRONG><a name="[68]"></a>NvM_Init</STRONG> (Thumb, 140 bytes, Stack size 160 bytes, nvm.o(.text.NvM_Init))
<BR><BR>[Stack]<UL><LI>Max Depth = 824<LI>Call Chain = NvM_Init &rArr; MemIf_Write &rArr; Fee_Write &rArr; Fls_Write &rArr; pal_store_data_set &rArr; ll_flash_smart_write &rArr; ll_flash_write_reg
</UL>
<BR>[Calls]<UL><LI><a href="#[a1]">&gt;&gt;</a>&nbsp;&nbsp;&nbsp;MemIf_Write
<LI><a href="#[a0]">&gt;&gt;</a>&nbsp;&nbsp;&nbsp;MemIf_Read
<LI><a href="#[9f]">&gt;&gt;</a>&nbsp;&nbsp;&nbsp;MemIf_Init
<LI><a href="#[a3]">&gt;&gt;</a>&nbsp;&nbsp;&nbsp;NvM_Copy
</UL>
<BR>[Called By]<UL><LI><a href="#[67]">&gt;&gt;</a>&nbsp;&nbsp;&nbsp;EcuM_Init
</UL>

<P><STRONG><a name="[5f]"></a>NvM_MainFunction</STRONG> (Thumb, 2 bytes, Stack size 0 bytes, nvm.o(.text.NvM_MainFunction))
<BR><BR>[Called By]<UL><LI><a href="#[5c]">&gt;&gt;</a>&nbsp;&nbsp;&nbsp;BswM_MainFunction
</UL>

<P><STRONG><a name="[a4]"></a>NvM_ReadBlock</STRONG> (Thumb, 40 bytes, Stack size 8 bytes, nvm.o(.text.NvM_ReadBlock))
<BR><BR>[Stack]<UL><LI>Max Depth = 8<LI>Call Chain = NvM_ReadBlock
</UL>
<BR>[Calls]<UL><LI><a href="#[a5]">&gt;&gt;</a>&nbsp;&nbsp;&nbsp;NvM_FindBlock
<LI><a href="#[a3]">&gt;&gt;</a>&nbsp;&nbsp;&nbsp;NvM_Copy
</UL>
<BR>[Called By]<UL><LI><a href="#[a9]">&gt;&gt;</a>&nbsp;&nbsp;&nbsp;Rte_Call_NvM_ReadSwscConfig
</UL>

<P><STRONG><a name="[a6]"></a>NvM_WriteBlock</STRONG> (Thumb, 64 bytes, Stack size 16 bytes, nvm.o(.text.NvM_WriteBlock))
<BR><BR>[Stack]<UL><LI>Max Depth = 680<LI>Call Chain = NvM_WriteBlock &rArr; MemIf_Write &rArr; Fee_Write &rArr; Fls_Write &rArr; pal_store_data_set &rArr; ll_flash_smart_write &rArr; ll_flash_write_reg
</UL>
<BR>[Calls]<UL><LI><a href="#[a1]">&gt;&gt;</a>&nbsp;&nbsp;&nbsp;MemIf_Write
<LI><a href="#[a5]">&gt;&gt;</a>&nbsp;&nbsp;&nbsp;NvM_FindBlock
<LI><a href="#[a3]">&gt;&gt;</a>&nbsp;&nbsp;&nbsp;NvM_Copy
</UL>
<BR>[Called By]<UL><LI><a href="#[aa]">&gt;&gt;</a>&nbsp;&nbsp;&nbsp;Rte_Call_NvM_WriteSwscConfig
</UL>

<P><STRONG><a name="[8]"></a>PWM_IRQHandler</STRONG> (Thumb, 32 bytes, Stack size 16 bytes, tcpl04x_ll_pwm.o(.text.PWM_IRQHandler))
<BR><BR>[Stack]<UL><LI>Max Depth = 16<LI>Call Chain = PWM_IRQHandler
</UL>
<BR>[Address Reference Count : 1]<UL><LI> startup_tcpl04x.o(RESET)
</UL>
<P><STRONG><a name="[114]"></a>Rte_Call_Diagnostic_GetNad</STRONG> (Thumb, 8 bytes, Stack size 0 bytes, rte_bsw.o(.text.Rte_Call_Diagnostic_GetNad))
<BR><BR>[Called By]<UL><LI><a href="#[63]">&gt;&gt;</a>&nbsp;&nbsp;&nbsp;systemLinDiagHandleSend
<LI><a href="#[65]">&gt;&gt;</a>&nbsp;&nbsp;&nbsp;systemLinDiagHandleRecv
</UL>

<P><STRONG><a name="[10d]"></a>Rte_Call_Diagnostic_SetNad</STRONG> (Thumb, 12 bytes, Stack size 0 bytes, rte_bsw.o(.text.Rte_Call_Diagnostic_SetNad))
<BR><BR>[Called By]<UL><LI><a href="#[af]">&gt;&gt;</a>&nbsp;&nbsp;&nbsp;systemMainLoop
<LI><a href="#[10c]">&gt;&gt;</a>&nbsp;&nbsp;&nbsp;systemLinCommChangeNad
</UL>

<P><STRONG><a name="[111]"></a>Rte_Call_Diagnostic_TakeNadChange</STRONG> (Thumb, 32 bytes, Stack size 8 bytes, rte_bsw.o(.text.Rte_Call_Diagnostic_TakeNadChange))
<BR><BR>[Stack]<UL><LI>Max Depth = 8<LI>Call Chain = Rte_Call_Diagnostic_TakeNadChange
</UL>
<BR>[Called By]<UL><LI><a href="#[110]">&gt;&gt;</a>&nbsp;&nbsp;&nbsp;systemLinCommSignalUpdate
</UL>

<P><STRONG><a name="[a7]"></a>Rte_Call_Lin_GoToSleep</STRONG> (Thumb, 10 bytes, Stack size 8 bytes, rte_bsw.o(.text.Rte_Call_Lin_GoToSleep))
<BR><BR>[Stack]<UL><LI>Max Depth = 56<LI>Call Chain = Rte_Call_Lin_GoToSleep &rArr; Lin_GoToSleepInternal &rArr; lin_hal_wait_for_break &rArr; Lin_HwAbort &rArr; pal_lin_abort_handle &rArr; ll_sci_state_clear
</UL>
<BR>[Calls]<UL><LI><a href="#[92]">&gt;&gt;</a>&nbsp;&nbsp;&nbsp;Lin_GoToSleepInternal
</UL>
<BR>[Called By]<UL><LI><a href="#[113]">&gt;&gt;</a>&nbsp;&nbsp;&nbsp;systemLinCommSleep
</UL>

<P><STRONG><a name="[a8]"></a>Rte_Call_Lin_SetApplicationAddress</STRONG> (Thumb, 36 bytes, Stack size 16 bytes, rte_bsw.o(.text.Rte_Call_Lin_SetApplicationAddress))
<BR><BR>[Stack]<UL><LI>Max Depth = 248<LI>Call Chain = Rte_Call_Lin_SetApplicationAddress &rArr; Lin_Init &rArr; l_sys_init &rArr; lin_main_init &rArr; lin_hal_init &rArr; pal_lin_init &rArr; ll_sci_init &rArr; ll_sci_baudrate_config &rArr; ll_lin_rx_delay_set
</UL>
<BR>[Calls]<UL><LI><a href="#[6b]">&gt;&gt;</a>&nbsp;&nbsp;&nbsp;Lin_Init
<LI><a href="#[90]">&gt;&gt;</a>&nbsp;&nbsp;&nbsp;Lin_DeInit
</UL>
<BR>[Called By]<UL><LI><a href="#[10c]">&gt;&gt;</a>&nbsp;&nbsp;&nbsp;systemLinCommChangeNad
</UL>

<P><STRONG><a name="[a9]"></a>Rte_Call_NvM_ReadSwscConfig</STRONG> (Thumb, 12 bytes, Stack size 8 bytes, rte_nvm.o(.text.Rte_Call_NvM_ReadSwscConfig))
<BR><BR>[Stack]<UL><LI>Max Depth = 16<LI>Call Chain = Rte_Call_NvM_ReadSwscConfig &rArr; NvM_ReadBlock
</UL>
<BR>[Calls]<UL><LI><a href="#[a4]">&gt;&gt;</a>&nbsp;&nbsp;&nbsp;NvM_ReadBlock
</UL>
<BR>[Called By]<UL><LI><a href="#[b4]">&gt;&gt;</a>&nbsp;&nbsp;&nbsp;Swc_PersistentData_Save
<LI><a href="#[b0]">&gt;&gt;</a>&nbsp;&nbsp;&nbsp;Swc_PersistentData_Init
<LI><a href="#[b5]">&gt;&gt;</a>&nbsp;&nbsp;&nbsp;Swc_PersistentData_StoreDiagnosticNad
</UL>

<P><STRONG><a name="[aa]"></a>Rte_Call_NvM_WriteSwscConfig</STRONG> (Thumb, 12 bytes, Stack size 8 bytes, rte_nvm.o(.text.Rte_Call_NvM_WriteSwscConfig))
<BR><BR>[Stack]<UL><LI>Max Depth = 688<LI>Call Chain = Rte_Call_NvM_WriteSwscConfig &rArr; NvM_WriteBlock &rArr; MemIf_Write &rArr; Fee_Write &rArr; Fls_Write &rArr; pal_store_data_set &rArr; ll_flash_smart_write &rArr; ll_flash_write_reg
</UL>
<BR>[Calls]<UL><LI><a href="#[a6]">&gt;&gt;</a>&nbsp;&nbsp;&nbsp;NvM_WriteBlock
</UL>
<BR>[Called By]<UL><LI><a href="#[b4]">&gt;&gt;</a>&nbsp;&nbsp;&nbsp;Swc_PersistentData_Save
<LI><a href="#[b5]">&gt;&gt;</a>&nbsp;&nbsp;&nbsp;Swc_PersistentData_StoreDiagnosticNad
</UL>

<P><STRONG><a name="[112]"></a>Rte_Read_LightCommand</STRONG> (Thumb, 112 bytes, Stack size 20 bytes, rte_com.o(.text.Rte_Read_LightCommand))
<BR><BR>[Stack]<UL><LI>Max Depth = 20<LI>Call Chain = Rte_Read_LightCommand
</UL>
<BR>[Called By]<UL><LI><a href="#[110]">&gt;&gt;</a>&nbsp;&nbsp;&nbsp;systemLinCommSignalUpdate
</UL>

<P><STRONG><a name="[10e]"></a>Rte_Write_LightStatus</STRONG> (Thumb, 224 bytes, Stack size 36 bytes, rte_com.o(.text.Rte_Write_LightStatus))
<BR><BR>[Stack]<UL><LI>Max Depth = 36<LI>Call Chain = Rte_Write_LightStatus
</UL>
<BR>[Called By]<UL><LI><a href="#[10f]">&gt;&gt;</a>&nbsp;&nbsp;&nbsp;systemLinCommRespUpdate
<LI><a href="#[10a]">&gt;&gt;</a>&nbsp;&nbsp;&nbsp;systemLinCommInit
</UL>

<P><STRONG><a name="[b]"></a>SCI_IRQHandler</STRONG> (Thumb, 72 bytes, Stack size 16 bytes, tcpl04x_ll_sci.o(.text.SCI_IRQHandler))
<BR><BR>[Stack]<UL><LI>Max Depth = 16<LI>Call Chain = SCI_IRQHandler
</UL>
<BR>[Address Reference Count : 1]<UL><LI> startup_tcpl04x.o(RESET)
</UL>
<P><STRONG><a name="[10b]"></a>Swc_Diagnostic_Init</STRONG> (Thumb, 12 bytes, Stack size 0 bytes, swc_diagnostic.o(.text.Swc_Diagnostic_Init))
<BR><BR>[Called By]<UL><LI><a href="#[ac]">&gt;&gt;</a>&nbsp;&nbsp;&nbsp;systemInit
</UL>

<P><STRONG><a name="[ab]"></a>Swc_Lighting_Init</STRONG> (Thumb, 8 bytes, Stack size 8 bytes, swc_lighting.o(.text.Swc_Lighting_Init))
<BR><BR>[Stack]<UL><LI>Max Depth = 272<LI>Call Chain = Swc_Lighting_Init &rArr; systemInit &rArr; IoHwAb_Adc_Init &rArr; Adc_Init &rArr; ll_adc_init &rArr; __aeabi_dmul &rArr; _double_epilogue &rArr; __aeabi_llsr
</UL>
<BR>[Calls]<UL><LI><a href="#[ac]">&gt;&gt;</a>&nbsp;&nbsp;&nbsp;systemInit
</UL>
<BR>[Called By]<UL><LI><a href="#[12]">&gt;&gt;</a>&nbsp;&nbsp;&nbsp;TcMain
</UL>

<P><STRONG><a name="[ad]"></a>Swc_Lighting_MainFunction100ms</STRONG> (Thumb, 8 bytes, Stack size 8 bytes, swc_lighting.o(.text.Swc_Lighting_MainFunction100ms))
<BR><BR>[Stack]<UL><LI>Max Depth = 156<LI>Call Chain = Swc_Lighting_MainFunction100ms &rArr; IoHwAb_Adc_MainFunction100ms &rArr; Adc_ReadBatteryMv &rArr; Adc_ReadAverage &rArr; ll_adc_channel_start &rArr; ll_adc_channel_config &rArr; ll_adc_gain_config
</UL>
<BR>[Calls]<UL><LI><a href="#[77]">&gt;&gt;</a>&nbsp;&nbsp;&nbsp;IoHwAb_Adc_MainFunction100ms
</UL>
<BR>[Called By]<UL><LI><a href="#[12]">&gt;&gt;</a>&nbsp;&nbsp;&nbsp;TcMain
</UL>

<P><STRONG><a name="[bb]"></a>Swc_Lighting_MainFunction10ms</STRONG> (Thumb, 2 bytes, Stack size 0 bytes, swc_lighting.o(.text.Swc_Lighting_MainFunction10ms))
<BR><BR>[Called By]<UL><LI><a href="#[12]">&gt;&gt;</a>&nbsp;&nbsp;&nbsp;TcMain
</UL>

<P><STRONG><a name="[ae]"></a>Swc_Lighting_MainFunction1ms</STRONG> (Thumb, 8 bytes, Stack size 8 bytes, swc_lighting.o(.text.Swc_Lighting_MainFunction1ms))
<BR><BR>[Stack]<UL><LI>Max Depth = 920<LI>Call Chain = Swc_Lighting_MainFunction1ms &rArr; systemMainLoop &rArr; systemLinCommSignalUpdate &rArr; Swc_PersistentData_StoreDiagnosticNad &rArr; Rte_Call_NvM_WriteSwscConfig &rArr; NvM_WriteBlock &rArr; MemIf_Write &rArr; Fee_Write &rArr; Fls_Write &rArr; pal_store_data_set &rArr; ll_flash_smart_write &rArr; ll_flash_write_reg
</UL>
<BR>[Calls]<UL><LI><a href="#[af]">&gt;&gt;</a>&nbsp;&nbsp;&nbsp;systemMainLoop
</UL>
<BR>[Called By]<UL><LI><a href="#[12]">&gt;&gt;</a>&nbsp;&nbsp;&nbsp;TcMain
</UL>

<P><STRONG><a name="[b0]"></a>Swc_PersistentData_Init</STRONG> (Thumb, 168 bytes, Stack size 144 bytes, swc_persistentdata.o(.text.Swc_PersistentData_Init))
<BR><BR>[Stack]<UL><LI>Max Depth = 160<LI>Call Chain = Swc_PersistentData_Init &rArr; Rte_Call_NvM_ReadSwscConfig &rArr; NvM_ReadBlock
</UL>
<BR>[Calls]<UL><LI><a href="#[a9]">&gt;&gt;</a>&nbsp;&nbsp;&nbsp;Rte_Call_NvM_ReadSwscConfig
<LI><a href="#[b3]">&gt;&gt;</a>&nbsp;&nbsp;&nbsp;Swc_PersistentData_UpdateLockState
<LI><a href="#[b1]">&gt;&gt;</a>&nbsp;&nbsp;&nbsp;__aeabi_memclr4
<LI><a href="#[b2]">&gt;&gt;</a>&nbsp;&nbsp;&nbsp;__aeabi_memcpy
</UL>
<BR>[Called By]<UL><LI><a href="#[ac]">&gt;&gt;</a>&nbsp;&nbsp;&nbsp;systemInit
</UL>

<P><STRONG><a name="[b4]"></a>Swc_PersistentData_Save</STRONG> (Thumb, 160 bytes, Stack size 144 bytes, swc_persistentdata.o(.text.Swc_PersistentData_Save))
<BR><BR>[Stack]<UL><LI>Max Depth = 832<LI>Call Chain = Swc_PersistentData_Save &rArr; Rte_Call_NvM_WriteSwscConfig &rArr; NvM_WriteBlock &rArr; MemIf_Write &rArr; Fee_Write &rArr; Fls_Write &rArr; pal_store_data_set &rArr; ll_flash_smart_write &rArr; ll_flash_write_reg
</UL>
<BR>[Calls]<UL><LI><a href="#[aa]">&gt;&gt;</a>&nbsp;&nbsp;&nbsp;Rte_Call_NvM_WriteSwscConfig
<LI><a href="#[a9]">&gt;&gt;</a>&nbsp;&nbsp;&nbsp;Rte_Call_NvM_ReadSwscConfig
<LI><a href="#[b3]">&gt;&gt;</a>&nbsp;&nbsp;&nbsp;Swc_PersistentData_UpdateLockState
<LI><a href="#[b2]">&gt;&gt;</a>&nbsp;&nbsp;&nbsp;__aeabi_memcpy
</UL>
<BR>[Called By]<UL><LI><a href="#[af]">&gt;&gt;</a>&nbsp;&nbsp;&nbsp;systemMainLoop
</UL>

<P><STRONG><a name="[b5]"></a>Swc_PersistentData_StoreDiagnosticNad</STRONG> (Thumb, 42 bytes, Stack size 136 bytes, swc_persistentdata.o(.text.Swc_PersistentData_StoreDiagnosticNad))
<BR><BR>[Stack]<UL><LI>Max Depth = 824<LI>Call Chain = Swc_PersistentData_StoreDiagnosticNad &rArr; Rte_Call_NvM_WriteSwscConfig &rArr; NvM_WriteBlock &rArr; MemIf_Write &rArr; Fee_Write &rArr; Fls_Write &rArr; pal_store_data_set &rArr; ll_flash_smart_write &rArr; ll_flash_write_reg
</UL>
<BR>[Calls]<UL><LI><a href="#[aa]">&gt;&gt;</a>&nbsp;&nbsp;&nbsp;Rte_Call_NvM_WriteSwscConfig
<LI><a href="#[a9]">&gt;&gt;</a>&nbsp;&nbsp;&nbsp;Rte_Call_NvM_ReadSwscConfig
</UL>
<BR>[Called By]<UL><LI><a href="#[110]">&gt;&gt;</a>&nbsp;&nbsp;&nbsp;systemLinCommSignalUpdate
</UL>

<P><STRONG><a name="[5]"></a>SysTick_Handler</STRONG> (Thumb, 12 bytes, Stack size 0 bytes, mcu.o(.text.SysTick_Handler))
<BR>[Address Reference Count : 1]<UL><LI> startup_tcpl04x.o(RESET)
</UL>
<P><STRONG><a name="[11]"></a>SystemInit</STRONG> (Thumb, 104 bytes, Stack size 16 bytes, system_tcpl04x.o(.text.SystemInit))
<BR><BR>[Stack]<UL><LI>Max Depth = 40<LI>Call Chain = SystemInit &rArr; sys_core_clock_update &rArr; __aeabi_uidiv
</UL>
<BR>[Calls]<UL><LI><a href="#[b8]">&gt;&gt;</a>&nbsp;&nbsp;&nbsp;sys_pclk_config
<LI><a href="#[b6]">&gt;&gt;</a>&nbsp;&nbsp;&nbsp;sys_hclk_config
<LI><a href="#[b9]">&gt;&gt;</a>&nbsp;&nbsp;&nbsp;sys_trim_value_load
<LI><a href="#[b7]">&gt;&gt;</a>&nbsp;&nbsp;&nbsp;sys_core_clock_update
<LI><a href="#[a2]">&gt;&gt;</a>&nbsp;&nbsp;&nbsp;__aeabi_memcpy4
</UL>
<BR>[Address Reference Count : 1]<UL><LI> startup_tcpl04x.o(.text)
</UL>
<P><STRONG><a name="[12]"></a>TcMain</STRONG> (Thumb, 92 bytes, Stack size 0 bytes, ecum_callout.o(.text.TcMain))
<BR><BR>[Stack]<UL><LI>Max Depth = 920<LI>Call Chain = TcMain &rArr; Swc_Lighting_MainFunction1ms &rArr; systemMainLoop &rArr; systemLinCommSignalUpdate &rArr; Swc_PersistentData_StoreDiagnosticNad &rArr; Rte_Call_NvM_WriteSwscConfig &rArr; NvM_WriteBlock &rArr; MemIf_Write &rArr; Fee_Write &rArr; Fls_Write &rArr; pal_store_data_set &rArr; ll_flash_smart_write &rArr; ll_flash_write_reg
</UL>
<BR>[Calls]<UL><LI><a href="#[ad]">&gt;&gt;</a>&nbsp;&nbsp;&nbsp;Swc_Lighting_MainFunction100ms
<LI><a href="#[bb]">&gt;&gt;</a>&nbsp;&nbsp;&nbsp;Swc_Lighting_MainFunction10ms
<LI><a href="#[ae]">&gt;&gt;</a>&nbsp;&nbsp;&nbsp;Swc_Lighting_MainFunction1ms
<LI><a href="#[5c]">&gt;&gt;</a>&nbsp;&nbsp;&nbsp;BswM_MainFunction
<LI><a href="#[ba]">&gt;&gt;</a>&nbsp;&nbsp;&nbsp;systick_diff
<LI><a href="#[8a]">&gt;&gt;</a>&nbsp;&nbsp;&nbsp;systick_count_get
<LI><a href="#[ab]">&gt;&gt;</a>&nbsp;&nbsp;&nbsp;Swc_Lighting_Init
<LI><a href="#[67]">&gt;&gt;</a>&nbsp;&nbsp;&nbsp;EcuM_Init
</UL>
<BR>[Address Reference Count : 1]<UL><LI> startup_tcpl04x.o(.text)
</UL>
<P><STRONG><a name="[10]"></a>UART_IRQHandler</STRONG> (Thumb, 32 bytes, Stack size 16 bytes, tcpl04x_ll_sci.o(.text.UART_IRQHandler))
<BR><BR>[Stack]<UL><LI>Max Depth = 16<LI>Call Chain = UART_IRQHandler
</UL>
<BR>[Address Reference Count : 1]<UL><LI> startup_tcpl04x.o(RESET)
</UL>
<P><STRONG><a name="[c1]"></a>algoGetFixedRGB</STRONG> (Thumb, 46 bytes, Stack size 24 bytes, algorithm.o(.text.algoGetFixedRGB))
<BR><BR>[Stack]<UL><LI>Max Depth = 40<LI>Call Chain = algoGetFixedRGB &rArr; __aeabi_uidiv
</UL>
<BR>[Calls]<UL><LI><a href="#[59]">&gt;&gt;</a>&nbsp;&nbsp;&nbsp;__aeabi_uidiv
</UL>
<BR>[Called By]<UL><LI><a href="#[106]">&gt;&gt;</a>&nbsp;&nbsp;&nbsp;systemControl
</UL>

<P><STRONG><a name="[c2]"></a>algoGetPWMOutput</STRONG> (Thumb, 1276 bytes, Stack size 96 bytes, algorithm.o(.text.algoGetPWMOutput))
<BR><BR>[Stack]<UL><LI>Max Depth = 144<LI>Call Chain = algoGetPWMOutput &rArr; fix16_div &rArr; __aeabi_uidiv
</UL>
<BR>[Calls]<UL><LI><a href="#[18]">&gt;&gt;</a>&nbsp;&nbsp;&nbsp;fix16_div
<LI><a href="#[57]">&gt;&gt;</a>&nbsp;&nbsp;&nbsp;__aeabi_idiv
</UL>
<BR>[Called By]<UL><LI><a href="#[af]">&gt;&gt;</a>&nbsp;&nbsp;&nbsp;systemMainLoop
</UL>

<P><STRONG><a name="[c3]"></a>algoUpdateBlueCIE</STRONG> (Thumb, 20 bytes, Stack size 8 bytes, algorithm.o(.text.algoUpdateBlueCIE))
<BR><BR>[Stack]<UL><LI>Max Depth = 24<LI>Call Chain = algoUpdateBlueCIE &rArr; __aeabi_idiv
</UL>
<BR>[Calls]<UL><LI><a href="#[57]">&gt;&gt;</a>&nbsp;&nbsp;&nbsp;__aeabi_idiv
</UL>
<BR>[Called By]<UL><LI><a href="#[af]">&gt;&gt;</a>&nbsp;&nbsp;&nbsp;systemMainLoop
<LI><a href="#[ac]">&gt;&gt;</a>&nbsp;&nbsp;&nbsp;systemInit
</UL>

<P><STRONG><a name="[c4]"></a>algoUpdateGreenCIE</STRONG> (Thumb, 20 bytes, Stack size 8 bytes, algorithm.o(.text.algoUpdateGreenCIE))
<BR><BR>[Stack]<UL><LI>Max Depth = 24<LI>Call Chain = algoUpdateGreenCIE &rArr; __aeabi_idiv
</UL>
<BR>[Calls]<UL><LI><a href="#[57]">&gt;&gt;</a>&nbsp;&nbsp;&nbsp;__aeabi_idiv
</UL>
<BR>[Called By]<UL><LI><a href="#[af]">&gt;&gt;</a>&nbsp;&nbsp;&nbsp;systemMainLoop
<LI><a href="#[ac]">&gt;&gt;</a>&nbsp;&nbsp;&nbsp;systemInit
</UL>

<P><STRONG><a name="[c5]"></a>algoUpdateRedCIE</STRONG> (Thumb, 20 bytes, Stack size 8 bytes, algorithm.o(.text.algoUpdateRedCIE))
<BR><BR>[Stack]<UL><LI>Max Depth = 24<LI>Call Chain = algoUpdateRedCIE &rArr; __aeabi_idiv
</UL>
<BR>[Calls]<UL><LI><a href="#[57]">&gt;&gt;</a>&nbsp;&nbsp;&nbsp;__aeabi_idiv
</UL>
<BR>[Called By]<UL><LI><a href="#[af]">&gt;&gt;</a>&nbsp;&nbsp;&nbsp;systemMainLoop
<LI><a href="#[ac]">&gt;&gt;</a>&nbsp;&nbsp;&nbsp;systemInit
</UL>

<P><STRONG><a name="[c6]"></a>bit_invert_swap_func</STRONG> (Thumb, 88 bytes, Stack size 32 bytes, utilities.o(.text.bit_invert_swap_func))
<BR><BR>[Stack]<UL><LI>Max Depth = 32<LI>Call Chain = bit_invert_swap_func
</UL>
<BR>[Calls]<UL><LI><a href="#[b2]">&gt;&gt;</a>&nbsp;&nbsp;&nbsp;__aeabi_memcpy
</UL>
<BR>[Called By]<UL><LI><a href="#[c7]">&gt;&gt;</a>&nbsp;&nbsp;&nbsp;crc16_calculate_func
</UL>

<P><STRONG><a name="[c7]"></a>crc16_calculate_func</STRONG> (Thumb, 68 bytes, Stack size 24 bytes, utilities.o(.text.crc16_calculate_func))
<BR><BR>[Stack]<UL><LI>Max Depth = 56<LI>Call Chain = crc16_calculate_func &rArr; bit_invert_swap_func
</UL>
<BR>[Calls]<UL><LI><a href="#[c6]">&gt;&gt;</a>&nbsp;&nbsp;&nbsp;bit_invert_swap_func
</UL>
<BR>[Called By]<UL><LI><a href="#[75]">&gt;&gt;</a>&nbsp;&nbsp;&nbsp;pal_store_data_set
<LI><a href="#[74]">&gt;&gt;</a>&nbsp;&nbsp;&nbsp;pal_store_data_get
</UL>

<P><STRONG><a name="[18]"></a>fix16_div</STRONG> (Thumb, 168 bytes, Stack size 32 bytes, fixedpoint.o(.text.fix16_div))
<BR><BR>[Stack]<UL><LI>Max Depth = 48<LI>Call Chain = fix16_div &rArr; __aeabi_uidiv
</UL>
<BR>[Calls]<UL><LI><a href="#[59]">&gt;&gt;</a>&nbsp;&nbsp;&nbsp;__aeabi_uidiv
<LI><a href="#[c8]">&gt;&gt;</a>&nbsp;&nbsp;&nbsp;__aeabi_lmul
</UL>
<BR>[Called By]<UL><LI><a href="#[c2]">&gt;&gt;</a>&nbsp;&nbsp;&nbsp;algoGetPWMOutput
</UL>
<BR>[Address Reference Count : 1]<UL><LI> algorithm.o(.text.algoGetPWMOutput)
</UL>
<P><STRONG><a name="[17]"></a>fix16_mul</STRONG> (Thumb, 56 bytes, Stack size 16 bytes, fixedpoint.o(.text.fix16_mul))
<BR><BR>[Stack]<UL><LI>Max Depth = 16<LI>Call Chain = fix16_mul
</UL>
<BR>[Address Reference Count : 1]<UL><LI> algorithm.o(.text.algoGetPWMOutput)
</UL>
<P><STRONG><a name="[d8]"></a>l_Update_Frame_Flags</STRONG> (Thumb, 24 bytes, Stack size 0 bytes, com.o(.text.l_Update_Frame_Flags))
<BR><BR>[Called By]<UL><LI><a href="#[9b]">&gt;&gt;</a>&nbsp;&nbsp;&nbsp;lin_slave_task_rx_data
</UL>

<P><STRONG><a name="[c9]"></a>l_autobaud_control</STRONG> (Thumb, 36 bytes, Stack size 8 bytes, lin_hw.o(.text.l_autobaud_control))
<BR><BR>[Stack]<UL><LI>Max Depth = 56<LI>Call Chain = l_autobaud_control &rArr; pal_lin_autobaudrate_check &rArr; ll_sci_auto_baudrate &rArr; __aeabi_uidiv
</UL>
<BR>[Calls]<UL><LI><a href="#[98]">&gt;&gt;</a>&nbsp;&nbsp;&nbsp;pal_lin_autobaudrate_check
</UL>
<BR>[Called By]<UL><LI><a href="#[9e]">&gt;&gt;</a>&nbsp;&nbsp;&nbsp;ld_task
</UL>

<P><STRONG><a name="[d5]"></a>l_callback_Get_Initial_NAD</STRONG> (Thumb, 8 bytes, Stack size 0 bytes, linif_cfg.o(.text.l_callback_Get_Initial_NAD))
<BR><BR>[Called By]<UL><LI><a href="#[cb]">&gt;&gt;</a>&nbsp;&nbsp;&nbsp;lin_main_init
</UL>

<P><STRONG><a name="[ca]"></a>l_frame_timeout_control</STRONG> (Thumb, 28 bytes, Stack size 8 bytes, lin_hw.o(.text.l_frame_timeout_control))
<BR><BR>[Stack]<UL><LI>Max Depth = 56<LI>Call Chain = l_frame_timeout_control &rArr; Lin_HwReportError &rArr; lin_hal_wait_for_break &rArr; Lin_HwAbort &rArr; pal_lin_abort_handle &rArr; ll_sci_state_clear
</UL>
<BR>[Calls]<UL><LI><a href="#[95]">&gt;&gt;</a>&nbsp;&nbsp;&nbsp;Lin_HwReportError
</UL>
<BR>[Called By]<UL><LI><a href="#[9e]">&gt;&gt;</a>&nbsp;&nbsp;&nbsp;ld_task
</UL>

<P><STRONG><a name="[cd]"></a>l_hal_baudrate_control</STRONG> (Thumb, 2 bytes, Stack size 0 bytes, lin_hw.o(.text.l_hal_baudrate_control))
<BR><BR>[Called By]<UL><LI><a href="#[9e]">&gt;&gt;</a>&nbsp;&nbsp;&nbsp;ld_task
</UL>

<P><STRONG><a name="[9d]"></a>l_sys_init</STRONG> (Thumb, 10 bytes, Stack size 8 bytes, linif_compat.o(.text.l_sys_init))
<BR><BR>[Stack]<UL><LI>Max Depth = 224<LI>Call Chain = l_sys_init &rArr; lin_main_init &rArr; lin_hal_init &rArr; pal_lin_init &rArr; ll_sci_init &rArr; ll_sci_baudrate_config &rArr; ll_lin_rx_delay_set
</UL>
<BR>[Calls]<UL><LI><a href="#[cb]">&gt;&gt;</a>&nbsp;&nbsp;&nbsp;lin_main_init
</UL>
<BR>[Called By]<UL><LI><a href="#[6b]">&gt;&gt;</a>&nbsp;&nbsp;&nbsp;Lin_Init
</UL>

<P><STRONG><a name="[d6]"></a>l_sys_irq_disable</STRONG> (Thumb, 14 bytes, Stack size 0 bytes, lin_hw.o(.text.l_sys_irq_disable))
<BR><BR>[Called By]<UL><LI><a href="#[9b]">&gt;&gt;</a>&nbsp;&nbsp;&nbsp;lin_slave_task_rx_data
</UL>

<P><STRONG><a name="[d7]"></a>l_sys_irq_restore</STRONG> (Thumb, 10 bytes, Stack size 0 bytes, lin_hw.o(.text.l_sys_irq_restore))
<BR><BR>[Called By]<UL><LI><a href="#[9b]">&gt;&gt;</a>&nbsp;&nbsp;&nbsp;lin_slave_task_rx_data
</UL>

<P><STRONG><a name="[62]"></a>ld_receive_message</STRONG> (Thumb, 24 bytes, Stack size 8 bytes, lintp.o(.text.ld_receive_message))
<BR><BR>[Stack]<UL><LI>Max Depth = 8<LI>Call Chain = ld_receive_message
</UL>
<BR>[Called By]<UL><LI><a href="#[5e]">&gt;&gt;</a>&nbsp;&nbsp;&nbsp;Dcm_MainFunction
</UL>

<P><STRONG><a name="[64]"></a>ld_send_message</STRONG> (Thumb, 156 bytes, Stack size 16 bytes, lintp.o(.text.ld_send_message))
<BR><BR>[Stack]<UL><LI>Max Depth = 16<LI>Call Chain = ld_send_message
</UL>
<BR>[Called By]<UL><LI><a href="#[5e]">&gt;&gt;</a>&nbsp;&nbsp;&nbsp;Dcm_MainFunction
</UL>

<P><STRONG><a name="[9e]"></a>ld_task</STRONG> (Thumb, 20 bytes, Stack size 8 bytes, linif_compat.o(.text.ld_task))
<BR><BR>[Stack]<UL><LI>Max Depth = 72<LI>Call Chain = ld_task &rArr; ld_tp_task &rArr; lin_handle_config
</UL>
<BR>[Calls]<UL><LI><a href="#[cd]">&gt;&gt;</a>&nbsp;&nbsp;&nbsp;l_hal_baudrate_control
<LI><a href="#[c9]">&gt;&gt;</a>&nbsp;&nbsp;&nbsp;l_autobaud_control
<LI><a href="#[ca]">&gt;&gt;</a>&nbsp;&nbsp;&nbsp;l_frame_timeout_control
<LI><a href="#[cc]">&gt;&gt;</a>&nbsp;&nbsp;&nbsp;ld_tp_task
</UL>
<BR>[Called By]<UL><LI><a href="#[5d]">&gt;&gt;</a>&nbsp;&nbsp;&nbsp;Lin_MainFunction
</UL>

<P><STRONG><a name="[cc]"></a>ld_tp_task</STRONG> (Thumb, 592 bytes, Stack size 40 bytes, lintp.o(.text.ld_tp_task))
<BR><BR>[Stack]<UL><LI>Max Depth = 64<LI>Call Chain = ld_tp_task &rArr; lin_handle_config
</UL>
<BR>[Calls]<UL><LI><a href="#[ce]">&gt;&gt;</a>&nbsp;&nbsp;&nbsp;lin_handle_config
</UL>
<BR>[Called By]<UL><LI><a href="#[9e]">&gt;&gt;</a>&nbsp;&nbsp;&nbsp;ld_task
</UL>

<P><STRONG><a name="[cf]"></a>lin_hal_init</STRONG> (Thumb, 80 bytes, Stack size 8 bytes, lin_hw.o(.text.lin_hal_init))
<BR><BR>[Stack]<UL><LI>Max Depth = 120<LI>Call Chain = lin_hal_init &rArr; pal_lin_init &rArr; ll_sci_init &rArr; ll_sci_baudrate_config &rArr; ll_lin_rx_delay_set
</UL>
<BR>[Calls]<UL><LI><a href="#[d0]">&gt;&gt;</a>&nbsp;&nbsp;&nbsp;pal_lin_init
</UL>
<BR>[Called By]<UL><LI><a href="#[cb]">&gt;&gt;</a>&nbsp;&nbsp;&nbsp;lin_main_init
</UL>

<P><STRONG><a name="[d1]"></a>lin_hal_rx_response</STRONG> (Thumb, 116 bytes, Stack size 24 bytes, lin_hw.o(.text.lin_hal_rx_response))
<BR><BR>[Stack]<UL><LI>Max Depth = 72<LI>Call Chain = lin_hal_rx_response &rArr; Lin_HwReportError &rArr; lin_hal_wait_for_break &rArr; Lin_HwAbort &rArr; pal_lin_abort_handle &rArr; ll_sci_state_clear
</UL>
<BR>[Calls]<UL><LI><a href="#[d2]">&gt;&gt;</a>&nbsp;&nbsp;&nbsp;pal_lin_rx_response
<LI><a href="#[95]">&gt;&gt;</a>&nbsp;&nbsp;&nbsp;Lin_HwReportError
</UL>
<BR>[Called By]<UL><LI><a href="#[9a]">&gt;&gt;</a>&nbsp;&nbsp;&nbsp;lin_slave_task_rx_pid
</UL>

<P><STRONG><a name="[96]"></a>lin_hal_set_resp_error</STRONG> (Thumb, 28 bytes, Stack size 0 bytes, lin_hw.o(.text.lin_hal_set_resp_error))
<BR><BR>[Called By]<UL><LI><a href="#[95]">&gt;&gt;</a>&nbsp;&nbsp;&nbsp;Lin_HwReportError
</UL>

<P><STRONG><a name="[d3]"></a>lin_hal_tx_response</STRONG> (Thumb, 72 bytes, Stack size 16 bytes, lin_hw.o(.text.lin_hal_tx_response))
<BR><BR>[Stack]<UL><LI>Max Depth = 64<LI>Call Chain = lin_hal_tx_response &rArr; pal_lin_tx_response &rArr; ll_lin_transmit &rArr; ll_sci_state_clear
</UL>
<BR>[Calls]<UL><LI><a href="#[d4]">&gt;&gt;</a>&nbsp;&nbsp;&nbsp;pal_lin_tx_response
<LI><a href="#[95]">&gt;&gt;</a>&nbsp;&nbsp;&nbsp;Lin_HwReportError
</UL>
<BR>[Called By]<UL><LI><a href="#[9a]">&gt;&gt;</a>&nbsp;&nbsp;&nbsp;lin_slave_task_rx_pid
</UL>

<P><STRONG><a name="[91]"></a>lin_hal_wait_for_break</STRONG> (Thumb, 24 bytes, Stack size 8 bytes, lin_hw.o(.text.lin_hal_wait_for_break))
<BR><BR>[Stack]<UL><LI>Max Depth = 40<LI>Call Chain = lin_hal_wait_for_break &rArr; Lin_HwAbort &rArr; pal_lin_abort_handle &rArr; ll_sci_state_clear
</UL>
<BR>[Calls]<UL><LI><a href="#[93]">&gt;&gt;</a>&nbsp;&nbsp;&nbsp;Lin_HwAbort
</UL>
<BR>[Called By]<UL><LI><a href="#[9a]">&gt;&gt;</a>&nbsp;&nbsp;&nbsp;lin_slave_task_rx_pid
<LI><a href="#[90]">&gt;&gt;</a>&nbsp;&nbsp;&nbsp;Lin_DeInit
<LI><a href="#[92]">&gt;&gt;</a>&nbsp;&nbsp;&nbsp;Lin_GoToSleepInternal
<LI><a href="#[95]">&gt;&gt;</a>&nbsp;&nbsp;&nbsp;Lin_HwReportError
</UL>

<P><STRONG><a name="[ce]"></a>lin_handle_config</STRONG> (Thumb, 552 bytes, Stack size 24 bytes, dcm_linnodeconfig.o(.text.lin_handle_config))
<BR><BR>[Stack]<UL><LI>Max Depth = 24<LI>Call Chain = lin_handle_config
</UL>
<BR>[Calls]<UL><LI><a href="#[2d]">&gt;&gt;</a>&nbsp;&nbsp;&nbsp;__aeabi_memset
</UL>
<BR>[Called By]<UL><LI><a href="#[cc]">&gt;&gt;</a>&nbsp;&nbsp;&nbsp;ld_tp_task
</UL>

<P><STRONG><a name="[cb]"></a>lin_main_init</STRONG> (Thumb, 432 bytes, Stack size 96 bytes, linif_init.o(.text.lin_main_init))
<BR><BR>[Stack]<UL><LI>Max Depth = 216<LI>Call Chain = lin_main_init &rArr; lin_hal_init &rArr; pal_lin_init &rArr; ll_sci_init &rArr; ll_sci_baudrate_config &rArr; ll_lin_rx_delay_set
</UL>
<BR>[Calls]<UL><LI><a href="#[d5]">&gt;&gt;</a>&nbsp;&nbsp;&nbsp;l_callback_Get_Initial_NAD
<LI><a href="#[cf]">&gt;&gt;</a>&nbsp;&nbsp;&nbsp;lin_hal_init
<LI><a href="#[61]">&gt;&gt;</a>&nbsp;&nbsp;&nbsp;lin_tp_init
</UL>
<BR>[Called By]<UL><LI><a href="#[9d]">&gt;&gt;</a>&nbsp;&nbsp;&nbsp;l_sys_init
</UL>

<P><STRONG><a name="[9b]"></a>lin_slave_task_rx_data</STRONG> (Thumb, 192 bytes, Stack size 16 bytes, linif.o(.text.lin_slave_task_rx_data))
<BR><BR>[Stack]<UL><LI>Max Depth = 16<LI>Call Chain = lin_slave_task_rx_data
</UL>
<BR>[Calls]<UL><LI><a href="#[d7]">&gt;&gt;</a>&nbsp;&nbsp;&nbsp;l_sys_irq_restore
<LI><a href="#[d6]">&gt;&gt;</a>&nbsp;&nbsp;&nbsp;l_sys_irq_disable
<LI><a href="#[d8]">&gt;&gt;</a>&nbsp;&nbsp;&nbsp;l_Update_Frame_Flags
</UL>
<BR>[Called By]<UL><LI><a href="#[19]">&gt;&gt;</a>&nbsp;&nbsp;&nbsp;Lin_HwTcpl04bIsr
</UL>

<P><STRONG><a name="[9a]"></a>lin_slave_task_rx_pid</STRONG> (Thumb, 152 bytes, Stack size 16 bytes, linif.o(.text.lin_slave_task_rx_pid))
<BR><BR>[Stack]<UL><LI>Max Depth = 88<LI>Call Chain = lin_slave_task_rx_pid &rArr; lin_hal_rx_response &rArr; Lin_HwReportError &rArr; lin_hal_wait_for_break &rArr; Lin_HwAbort &rArr; pal_lin_abort_handle &rArr; ll_sci_state_clear
</UL>
<BR>[Calls]<UL><LI><a href="#[d3]">&gt;&gt;</a>&nbsp;&nbsp;&nbsp;lin_hal_tx_response
<LI><a href="#[d1]">&gt;&gt;</a>&nbsp;&nbsp;&nbsp;lin_hal_rx_response
<LI><a href="#[91]">&gt;&gt;</a>&nbsp;&nbsp;&nbsp;lin_hal_wait_for_break
</UL>
<BR>[Called By]<UL><LI><a href="#[19]">&gt;&gt;</a>&nbsp;&nbsp;&nbsp;Lin_HwTcpl04bIsr
</UL>

<P><STRONG><a name="[9c]"></a>lin_slave_task_tx_data</STRONG> (Thumb, 84 bytes, Stack size 16 bytes, linif.o(.text.lin_slave_task_tx_data))
<BR><BR>[Stack]<UL><LI>Max Depth = 36<LI>Call Chain = lin_slave_task_tx_data &rArr; lin_tp_tx_part_complete
</UL>
<BR>[Calls]<UL><LI><a href="#[d9]">&gt;&gt;</a>&nbsp;&nbsp;&nbsp;lin_tp_tx_part_complete
</UL>
<BR>[Called By]<UL><LI><a href="#[19]">&gt;&gt;</a>&nbsp;&nbsp;&nbsp;Lin_HwTcpl04bIsr
</UL>

<P><STRONG><a name="[61]"></a>lin_tp_init</STRONG> (Thumb, 36 bytes, Stack size 0 bytes, lintp.o(.text.lin_tp_init))
<BR><BR>[Called By]<UL><LI><a href="#[cb]">&gt;&gt;</a>&nbsp;&nbsp;&nbsp;lin_main_init
<LI><a href="#[5e]">&gt;&gt;</a>&nbsp;&nbsp;&nbsp;Dcm_MainFunction
</UL>

<P><STRONG><a name="[d9]"></a>lin_tp_tx_part_complete</STRONG> (Thumb, 112 bytes, Stack size 20 bytes, lintp.o(.text.lin_tp_tx_part_complete))
<BR><BR>[Stack]<UL><LI>Max Depth = 20<LI>Call Chain = lin_tp_tx_part_complete
</UL>
<BR>[Called By]<UL><LI><a href="#[9c]">&gt;&gt;</a>&nbsp;&nbsp;&nbsp;lin_slave_task_tx_data
</UL>

<P><STRONG><a name="[da]"></a>ll_adc_channel_config</STRONG> (Thumb, 404 bytes, Stack size 24 bytes, tcpl04x_ll_adc.o(.text.ll_adc_channel_config))
<BR><BR>[Stack]<UL><LI>Max Depth = 44<LI>Call Chain = ll_adc_channel_config &rArr; ll_adc_gain_config
</UL>
<BR>[Calls]<UL><LI><a href="#[dc]">&gt;&gt;</a>&nbsp;&nbsp;&nbsp;ll_adc_gain_config
<LI><a href="#[db]">&gt;&gt;</a>&nbsp;&nbsp;&nbsp;ll_adc_idle_wait
</UL>
<BR>[Called By]<UL><LI><a href="#[54]">&gt;&gt;</a>&nbsp;&nbsp;&nbsp;ll_adc_channel_start
</UL>

<P><STRONG><a name="[54]"></a>ll_adc_channel_start</STRONG> (Thumb, 88 bytes, Stack size 24 bytes, tcpl04x_ll_adc.o(.text.ll_adc_channel_start))
<BR><BR>[Stack]<UL><LI>Max Depth = 68<LI>Call Chain = ll_adc_channel_start &rArr; ll_adc_channel_config &rArr; ll_adc_gain_config
</UL>
<BR>[Calls]<UL><LI><a href="#[da]">&gt;&gt;</a>&nbsp;&nbsp;&nbsp;ll_adc_channel_config
<LI><a href="#[50]">&gt;&gt;</a>&nbsp;&nbsp;&nbsp;ll_adc_fifo_get
<LI><a href="#[49]">&gt;&gt;</a>&nbsp;&nbsp;&nbsp;ll_adc_isr_enable
</UL>
<BR>[Called By]<UL><LI><a href="#[53]">&gt;&gt;</a>&nbsp;&nbsp;&nbsp;Adc_ReadAverage
</UL>

<P><STRONG><a name="[4d]"></a>ll_adc_deinit</STRONG> (Thumb, 76 bytes, Stack size 20 bytes, tcpl04x_ll_adc.o(.text.ll_adc_deinit))
<BR><BR>[Stack]<UL><LI>Max Depth = 20<LI>Call Chain = ll_adc_deinit
</UL>
<BR>[Called By]<UL><LI><a href="#[4c]">&gt;&gt;</a>&nbsp;&nbsp;&nbsp;Adc_Init
<LI><a href="#[4f]">&gt;&gt;</a>&nbsp;&nbsp;&nbsp;ll_adc_init
</UL>

<P><STRONG><a name="[4b]"></a>ll_adc_fifo_clear</STRONG> (Thumb, 24 bytes, Stack size 0 bytes, tcpl04x_ll_adc.o(.text.ll_adc_fifo_clear))
<BR><BR>[Called By]<UL><LI><a href="#[4c]">&gt;&gt;</a>&nbsp;&nbsp;&nbsp;Adc_Init
<LI><a href="#[4f]">&gt;&gt;</a>&nbsp;&nbsp;&nbsp;ll_adc_init
<LI><a href="#[df]">&gt;&gt;</a>&nbsp;&nbsp;&nbsp;ll_adc_it_start
<LI><a href="#[47]">&gt;&gt;</a>&nbsp;&nbsp;&nbsp;Adc_AbortLedCycle
</UL>

<P><STRONG><a name="[50]"></a>ll_adc_fifo_get</STRONG> (Thumb, 60 bytes, Stack size 16 bytes, tcpl04x_ll_adc.o(.text.ll_adc_fifo_get))
<BR><BR>[Stack]<UL><LI>Max Depth = 16<LI>Call Chain = ll_adc_fifo_get
</UL>
<BR>[Called By]<UL><LI><a href="#[54]">&gt;&gt;</a>&nbsp;&nbsp;&nbsp;ll_adc_channel_start
<LI><a href="#[13]">&gt;&gt;</a>&nbsp;&nbsp;&nbsp;Adc_LedIrqCallback
</UL>

<P><STRONG><a name="[dc]"></a>ll_adc_gain_config</STRONG> (Thumb, 220 bytes, Stack size 20 bytes, tcpl04x_ll_adc.o(.text.ll_adc_gain_config))
[...]
</UL>
<BR>[Calls]<UL><LI><a href="#[87]">&gt;&gt;</a>&nbsp;&nbsp;&nbsp;IoHwAb_Time_Get
</UL>
<BR>[Called By]<UL><LI><a href="#[5e]">&gt;&gt;</a>&nbsp;&nbsp;&nbsp;Dcm_MainFunction
</UL>

<P><STRONG><a name="[65]"></a>systemLinDiagHandleRecv</STRONG> (Thumb, 40 bytes, Stack size 16 bytes, swc_diagnostic.o(.text.systemLinDiagHandleRecv))
<BR><BR>[Stack]<UL><LI>Max Depth = 144<LI>Call Chain = systemLinDiagHandleRecv &rArr; __doRequest &rArr; IoHwAb_Temperature_GetLed &rArr; IoHwAb_Temperature_Update &rArr; __aeabi_idiv
</UL>
<BR>[Calls]<UL><LI><a href="#[114]">&gt;&gt;</a>&nbsp;&nbsp;&nbsp;Rte_Call_Diagnostic_GetNad
<LI><a href="#[bd]">&gt;&gt;</a>&nbsp;&nbsp;&nbsp;__doRequest
</UL>
<BR>[Called By]<UL><LI><a href="#[5e]">&gt;&gt;</a>&nbsp;&nbsp;&nbsp;Dcm_MainFunction
</UL>

<P><STRONG><a name="[63]"></a>systemLinDiagHandleSend</STRONG> (Thumb, 64 bytes, Stack size 24 bytes, swc_diagnostic.o(.text.systemLinDiagHandleSend))
<BR><BR>[Stack]<UL><LI>Max Depth = 152<LI>Call Chain = systemLinDiagHandleSend &rArr; __doRequest &rArr; IoHwAb_Temperature_GetLed &rArr; IoHwAb_Temperature_Update &rArr; __aeabi_idiv
</UL>
<BR>[Calls]<UL><LI><a href="#[114]">&gt;&gt;</a>&nbsp;&nbsp;&nbsp;Rte_Call_Diagnostic_GetNad
<LI><a href="#[bd]">&gt;&gt;</a>&nbsp;&nbsp;&nbsp;__doRequest
</UL>
<BR>[Called By]<UL><LI><a href="#[5e]">&gt;&gt;</a>&nbsp;&nbsp;&nbsp;Dcm_MainFunction
</UL>

<P><STRONG><a name="[af]"></a>systemMainLoop</STRONG> (Thumb, 268 bytes, Stack size 32 bytes, swc_lighting.o(.text.systemMainLoop))
<BR><BR>[Stack]<UL><LI>Max Depth = 912<LI>Call Chain = systemMainLoop &rArr; systemLinCommSignalUpdate &rArr; Swc_PersistentData_StoreDiagnosticNad &rArr; Rte_Call_NvM_WriteSwscConfig &rArr; NvM_WriteBlock &rArr; MemIf_Write &rArr; Fee_Write &rArr; Fls_Write &rArr; pal_store_data_set &rArr; ll_flash_smart_write &rArr; ll_flash_write_reg
</UL>
<BR>[Calls]<UL><LI><a href="#[7f]">&gt;&gt;</a>&nbsp;&nbsp;&nbsp;IoHwAb_Led_Sleep
<LI><a href="#[7e]">&gt;&gt;</a>&nbsp;&nbsp;&nbsp;IoHwAb_Led_UpdatePWM
<LI><a href="#[c2]">&gt;&gt;</a>&nbsp;&nbsp;&nbsp;algoGetPWMOutput
<LI><a href="#[7d]">&gt;&gt;</a>&nbsp;&nbsp;&nbsp;IoHwAb_Led_PowerOff
<LI><a href="#[115]">&gt;&gt;</a>&nbsp;&nbsp;&nbsp;systemStatusUpdate
<LI><a href="#[b4]">&gt;&gt;</a>&nbsp;&nbsp;&nbsp;Swc_PersistentData_Save
<LI><a href="#[c3]">&gt;&gt;</a>&nbsp;&nbsp;&nbsp;algoUpdateBlueCIE
<LI><a href="#[c4]">&gt;&gt;</a>&nbsp;&nbsp;&nbsp;algoUpdateGreenCIE
<LI><a href="#[c5]">&gt;&gt;</a>&nbsp;&nbsp;&nbsp;algoUpdateRedCIE
<LI><a href="#[8b]">&gt;&gt;</a>&nbsp;&nbsp;&nbsp;IoHwAb_Wdg_Feed
<LI><a href="#[10f]">&gt;&gt;</a>&nbsp;&nbsp;&nbsp;systemLinCommRespUpdate
<LI><a href="#[113]">&gt;&gt;</a>&nbsp;&nbsp;&nbsp;systemLinCommSleep
<LI><a href="#[110]">&gt;&gt;</a>&nbsp;&nbsp;&nbsp;systemLinCommSignalUpdate
<LI><a href="#[10d]">&gt;&gt;</a>&nbsp;&nbsp;&nbsp;Rte_Call_Diagnostic_SetNad
<LI><a href="#[10c]">&gt;&gt;</a>&nbsp;&nbsp;&nbsp;systemLinCommChangeNad
<LI><a href="#[87]">&gt;&gt;</a>&nbsp;&nbsp;&nbsp;IoHwAb_Time_Get
<LI><a href="#[106]">&gt;&gt;</a>&nbsp;&nbsp;&nbsp;systemControl
<LI><a href="#[116]">&gt;&gt;</a>&nbsp;&nbsp;&nbsp;systemControlSleep
<LI><a href="#[59]">&gt;&gt;</a>&nbsp;&nbsp;&nbsp;__aeabi_uidiv
</UL>
<BR>[Called By]<UL><LI><a href="#[ae]">&gt;&gt;</a>&nbsp;&nbsp;&nbsp;Swc_Lighting_MainFunction1ms
</UL>

<P><STRONG><a name="[109]"></a>systemStatusInit</STRONG> (Thumb, 20 bytes, Stack size 0 bytes, swc_status.o(.text.systemStatusInit))
<BR><BR>[Called By]<UL><LI><a href="#[ac]">&gt;&gt;</a>&nbsp;&nbsp;&nbsp;systemInit
</UL>

<P><STRONG><a name="[115]"></a>systemStatusUpdate</STRONG> (Thumb, 52 bytes, Stack size 8 bytes, swc_status.o(.text.systemStatusUpdate))
<BR><BR>[Stack]<UL><LI>Max Depth = 108<LI>Call Chain = systemStatusUpdate &rArr; IoHwAb_Led_UpdateStatus &rArr; Adc_StartLedVoltageCycle &rArr; Adc_StartNextLedChannel &rArr; ll_adc_vf_channel_config &rArr; ll_adc_gain_config
</UL>
<BR>[Calls]<UL><LI><a href="#[117]">&gt;&gt;</a>&nbsp;&nbsp;&nbsp;IoHwAb_Led_ResetDetection
<LI><a href="#[84]">&gt;&gt;</a>&nbsp;&nbsp;&nbsp;IoHwAb_Temperature_Update
<LI><a href="#[80]">&gt;&gt;</a>&nbsp;&nbsp;&nbsp;IoHwAb_Led_UpdateStatus
<LI><a href="#[7a]">&gt;&gt;</a>&nbsp;&nbsp;&nbsp;IoHwAb_Battery_UpdateStatus
</UL>
<BR>[Called By]<UL><LI><a href="#[af]">&gt;&gt;</a>&nbsp;&nbsp;&nbsp;systemMainLoop
</UL>

<P><STRONG><a name="[107]"></a>systemTempDerating</STRONG> (Thumb, 328 bytes, Stack size 24 bytes, swc_derating.o(.text.systemTempDerating))
<BR><BR>[Stack]<UL><LI>Max Depth = 112<LI>Call Chain = systemTempDerating &rArr; IoHwAb_Temperature_GetLed &rArr; IoHwAb_Temperature_Update &rArr; __aeabi_idiv
</UL>
<BR>[Calls]<UL><LI><a href="#[be]">&gt;&gt;</a>&nbsp;&nbsp;&nbsp;IoHwAb_Temperature_GetMcu
<LI><a href="#[83]">&gt;&gt;</a>&nbsp;&nbsp;&nbsp;IoHwAb_Temperature_GetLed
<LI><a href="#[57]">&gt;&gt;</a>&nbsp;&nbsp;&nbsp;__aeabi_idiv
</UL>
<BR>[Called By]<UL><LI><a href="#[106]">&gt;&gt;</a>&nbsp;&nbsp;&nbsp;systemControl
</UL>

<P><STRONG><a name="[8a]"></a>systick_count_get</STRONG> (Thumb, 8 bytes, Stack size 0 bytes, mcu.o(.text.systick_count_get))
<BR><BR>[Called By]<UL><LI><a href="#[87]">&gt;&gt;</a>&nbsp;&nbsp;&nbsp;IoHwAb_Time_Get
<LI><a href="#[12]">&gt;&gt;</a>&nbsp;&nbsp;&nbsp;TcMain
</UL>

<P><STRONG><a name="[ba]"></a>systick_diff</STRONG> (Thumb, 8 bytes, Stack size 0 bytes, mcu.o(.text.systick_diff))
<BR><BR>[Called By]<UL><LI><a href="#[12]">&gt;&gt;</a>&nbsp;&nbsp;&nbsp;TcMain
</UL>

<P><STRONG><a name="[8f]"></a>wdg_enable</STRONG> (Thumb, 8 bytes, Stack size 8 bytes, pal_wdg.o(.text.wdg_enable))
<BR><BR>[Stack]<UL><LI>Max Depth = 8<LI>Call Chain = wdg_enable
</UL>
<BR>[Calls]<UL><LI><a href="#[118]">&gt;&gt;</a>&nbsp;&nbsp;&nbsp;ll_wdg_enable
</UL>
<BR>[Called By]<UL><LI><a href="#[8d]">&gt;&gt;</a>&nbsp;&nbsp;&nbsp;IoHwAb_Wdg_Init
</UL>

<P><STRONG><a name="[8e]"></a>wdg_init</STRONG> (Thumb, 40 bytes, Stack size 32 bytes, pal_wdg.o(.text.wdg_init))
<BR><BR>[Stack]<UL><LI>Max Depth = 64<LI>Call Chain = wdg_init &rArr; ll_wdg_init &rArr; ll_wdg_deinit
</UL>
<BR>[Calls]<UL><LI><a href="#[118]">&gt;&gt;</a>&nbsp;&nbsp;&nbsp;ll_wdg_enable
<LI><a href="#[f4]">&gt;&gt;</a>&nbsp;&nbsp;&nbsp;ll_wdg_init
</UL>
<BR>[Called By]<UL><LI><a href="#[8d]">&gt;&gt;</a>&nbsp;&nbsp;&nbsp;IoHwAb_Wdg_Init
</UL>

<P><STRONG><a name="[8c]"></a>wdg_reload</STRONG> (Thumb, 8 bytes, Stack size 8 bytes, pal_wdg.o(.text.wdg_reload))
<BR><BR>[Stack]<UL><LI>Max Depth = 8<LI>Call Chain = wdg_reload
</UL>
<BR>[Calls]<UL><LI><a href="#[119]">&gt;&gt;</a>&nbsp;&nbsp;&nbsp;ll_wdg_reload
</UL>
<BR>[Called By]<UL><LI><a href="#[8b]">&gt;&gt;</a>&nbsp;&nbsp;&nbsp;IoHwAb_Wdg_Feed
</UL>

<P><STRONG><a name="[46]"></a>__ARM_clz</STRONG> (Thumb, 46 bytes, Stack size 0 bytes, depilogue.o(i.__ARM_clz))
<BR><BR>[Called By]<UL><LI><a href="#[38]">&gt;&gt;</a>&nbsp;&nbsp;&nbsp;_double_epilogue
</UL>
<P>
<H3>
Local Symbols
</H3>
<P><STRONG><a name="[bc]"></a>__doBlink</STRONG> (Thumb, 68 bytes, Stack size 24 bytes, swc_lightcontrol.o(.text.__doBlink))
<BR><BR>[Stack]<UL><LI>Max Depth = 32<LI>Call Chain = __doBlink &rArr; IoHwAb_Time_Get
</UL>
<BR>[Calls]<UL><LI><a href="#[87]">&gt;&gt;</a>&nbsp;&nbsp;&nbsp;IoHwAb_Time_Get
</UL>
<BR>[Called By]<UL><LI><a href="#[106]">&gt;&gt;</a>&nbsp;&nbsp;&nbsp;systemControl
</UL>

<P><STRONG><a name="[1c]"></a>Swc_Communication_OpenStatus</STRONG> (Thumb, 26 bytes, Stack size 8 bytes, swc_communication.o(.text.Swc_Communication_OpenStatus))
<BR><BR>[Stack]<UL><LI>Max Depth = 8<LI>Call Chain = Swc_Communication_OpenStatus
</UL>
<BR>[Calls]<UL><LI><a href="#[16]">&gt;&gt;</a>&nbsp;&nbsp;&nbsp;IoHwAb_Led_GetStatus
</UL>
<BR>[Address Reference Count : 1]<UL><LI> swc_communication.o(.text.systemLinCommRespUpdate)
</UL>
<P><STRONG><a name="[1d]"></a>Swc_Communication_ShortStatus</STRONG> (Thumb, 26 bytes, Stack size 8 bytes, swc_communication.o(.text.Swc_Communication_ShortStatus))
<BR><BR>[Stack]<UL><LI>Max Depth = 8<LI>Call Chain = Swc_Communication_ShortStatus
</UL>
<BR>[Calls]<UL><LI><a href="#[16]">&gt;&gt;</a>&nbsp;&nbsp;&nbsp;IoHwAb_Led_GetStatus
</UL>
<BR>[Address Reference Count : 1]<UL><LI> swc_communication.o(.text.systemLinCommRespUpdate)
</UL>
<P><STRONG><a name="[bd]"></a>__doRequest</STRONG> (Thumb, 392 bytes, Stack size 40 bytes, swc_diagnostic.o(.text.__doRequest))
<BR><BR>[Stack]<UL><LI>Max Depth = 128<LI>Call Chain = __doRequest &rArr; IoHwAb_Temperature_GetLed &rArr; IoHwAb_Temperature_Update &rArr; __aeabi_idiv
</UL>
<BR>[Calls]<UL><LI><a href="#[c0]">&gt;&gt;</a>&nbsp;&nbsp;&nbsp;IoHwAb_Led_SetCalibrationControl
<LI><a href="#[86]">&gt;&gt;</a>&nbsp;&nbsp;&nbsp;IoHwAb_Battery_GetVoltage
<LI><a href="#[bf]">&gt;&gt;</a>&nbsp;&nbsp;&nbsp;systemDeratingGetTempstate
<LI><a href="#[be]">&gt;&gt;</a>&nbsp;&nbsp;&nbsp;IoHwAb_Temperature_GetMcu
<LI><a href="#[83]">&gt;&gt;</a>&nbsp;&nbsp;&nbsp;IoHwAb_Temperature_GetLed
</UL>
<BR>[Called By]<UL><LI><a href="#[63]">&gt;&gt;</a>&nbsp;&nbsp;&nbsp;systemLinDiagHandleSend
<LI><a href="#[65]">&gt;&gt;</a>&nbsp;&nbsp;&nbsp;systemLinDiagHandleRecv
</UL>

<P><STRONG><a name="[b3]"></a>Swc_PersistentData_UpdateLockState</STRONG> (Thumb, 32 bytes, Stack size 0 bytes, swc_persistentdata.o(.text.Swc_PersistentData_UpdateLockState))
<BR><BR>[Called By]<UL><LI><a href="#[b4]">&gt;&gt;</a>&nbsp;&nbsp;&nbsp;Swc_PersistentData_Save
<LI><a href="#[b0]">&gt;&gt;</a>&nbsp;&nbsp;&nbsp;Swc_PersistentData_Init
</UL>

<P><STRONG><a name="[a3]"></a>NvM_Copy</STRONG> (Thumb, 18 bytes, Stack size 0 bytes, nvm.o(.text.NvM_Copy))
<BR><BR>[Calls]<UL><LI><a href="#[a3]">&gt;&gt;</a>&nbsp;&nbsp;&nbsp;NvM_Copy
</UL>
<BR>[Called By]<UL><LI><a href="#[68]">&gt;&gt;</a>&nbsp;&nbsp;&nbsp;NvM_Init
<LI><a href="#[a3]">&gt;&gt;</a>&nbsp;&nbsp;&nbsp;NvM_Copy
<LI><a href="#[a6]">&gt;&gt;</a>&nbsp;&nbsp;&nbsp;NvM_WriteBlock
<LI><a href="#[a4]">&gt;&gt;</a>&nbsp;&nbsp;&nbsp;NvM_ReadBlock
</UL>

<P><STRONG><a name="[a5]"></a>NvM_FindBlock</STRONG> (Thumb, 32 bytes, Stack size 0 bytes, nvm.o(.text.NvM_FindBlock))
<BR><BR>[Called By]<UL><LI><a href="#[a6]">&gt;&gt;</a>&nbsp;&nbsp;&nbsp;NvM_WriteBlock
<LI><a href="#[a4]">&gt;&gt;</a>&nbsp;&nbsp;&nbsp;NvM_ReadBlock
</UL>

<P><STRONG><a name="[20]"></a>NvM_CfgValidateSwsc</STRONG> (Thumb, 56 bytes, Stack size 0 bytes, nvm_cfg.o(.text.NvM_CfgValidateSwsc))
<BR>[Address Reference Count : 1]<UL><LI> nvm_cfg.o(.rodata.NvM_BlockDescriptorTable)
</UL>
<P><STRONG><a name="[21]"></a>NvM_CfgValidateSwscLegacy</STRONG> (Thumb, 44 bytes, Stack size 0 bytes, nvm_cfg.o(.text.NvM_CfgValidateSwscLegacy))
<BR>[Address Reference Count : 1]<UL><LI> nvm_cfg.o(.rodata.NvM_BlockDescriptorTable)
</UL>
<P><STRONG><a name="[22]"></a>NvM_CfgMigrateSwscLegacy</STRONG> (Thumb, 64 bytes, Stack size 24 bytes, nvm_cfg.o(.text.NvM_CfgMigrateSwscLegacy))
<BR><BR>[Stack]<UL><LI>Max Depth = 24<LI>Call Chain = NvM_CfgMigrateSwscLegacy
</UL>
<BR>[Calls]<UL><LI><a href="#[a2]">&gt;&gt;</a>&nbsp;&nbsp;&nbsp;__aeabi_memcpy4
</UL>
<BR>[Address Reference Count : 1]<UL><LI> nvm_cfg.o(.rodata.NvM_BlockDescriptorTable)
</UL>
<P><STRONG><a name="[82]"></a>IoHwAb_Led_UpdateOneStatus</STRONG> (Thumb, 56 bytes, Stack size 16 bytes, iohwab_led.o(.text.IoHwAb_Led_UpdateOneStatus))
<BR><BR>[Stack]<UL><LI>Max Depth = 16<LI>Call Chain = IoHwAb_Led_UpdateOneStatus
</UL>
<BR>[Called By]<UL><LI><a href="#[80]">&gt;&gt;</a>&nbsp;&nbsp;&nbsp;IoHwAb_Led_UpdateStatus
</UL>

<P><STRONG><a name="[19]"></a>Lin_HwTcpl04bIsr</STRONG> (Thumb, 292 bytes, Stack size 24 bytes, lin_hw.o(.text.Lin_HwTcpl04bIsr))
<BR><BR>[Stack]<UL><LI>Max Depth = 112<LI>Call Chain = Lin_HwTcpl04bIsr &rArr; lin_slave_task_rx_pid &rArr; lin_hal_rx_response &rArr; Lin_HwReportError &rArr; lin_hal_wait_for_break &rArr; Lin_HwAbort &rArr; pal_lin_abort_handle &rArr; ll_sci_state_clear
</UL>
<BR>[Calls]<UL><LI><a href="#[9b]">&gt;&gt;</a>&nbsp;&nbsp;&nbsp;lin_slave_task_rx_data
<LI><a href="#[9a]">&gt;&gt;</a>&nbsp;&nbsp;&nbsp;lin_slave_task_rx_pid
<LI><a href="#[9c]">&gt;&gt;</a>&nbsp;&nbsp;&nbsp;lin_slave_task_tx_data
<LI><a href="#[99]">&gt;&gt;</a>&nbsp;&nbsp;&nbsp;pal_lin_read_byte
<LI><a href="#[98]">&gt;&gt;</a>&nbsp;&nbsp;&nbsp;pal_lin_autobaudrate_check
<LI><a href="#[97]">&gt;&gt;</a>&nbsp;&nbsp;&nbsp;pal_lin_tx_4byte
<LI><a href="#[95]">&gt;&gt;</a>&nbsp;&nbsp;&nbsp;Lin_HwReportError
<LI><a href="#[93]">&gt;&gt;</a>&nbsp;&nbsp;&nbsp;Lin_HwAbort
</UL>
<BR>[Address Reference Count : 1]<UL><LI> lin_hw.o(.text.lin_hal_init)
</UL>
<P><STRONG><a name="[93]"></a>Lin_HwAbort</STRONG> (Thumb, 20 bytes, Stack size 8 bytes, lin_hw.o(.text.Lin_HwAbort))
<BR><BR>[Stack]<UL><LI>Max Depth = 32<LI>Call Chain = Lin_HwAbort &rArr; pal_lin_abort_handle &rArr; ll_sci_state_clear
</UL>
<BR>[Calls]<UL><LI><a href="#[94]">&gt;&gt;</a>&nbsp;&nbsp;&nbsp;pal_lin_abort_handle
</UL>
<BR>[Called By]<UL><LI><a href="#[91]">&gt;&gt;</a>&nbsp;&nbsp;&nbsp;lin_hal_wait_for_break
<LI><a href="#[95]">&gt;&gt;</a>&nbsp;&nbsp;&nbsp;Lin_HwReportError
<LI><a href="#[19]">&gt;&gt;</a>&nbsp;&nbsp;&nbsp;Lin_HwTcpl04bIsr
</UL>

<P><STRONG><a name="[95]"></a>Lin_HwReportError</STRONG> (Thumb, 16 bytes, Stack size 8 bytes, lin_hw.o(.text.Lin_HwReportError))
<BR><BR>[Stack]<UL><LI>Max Depth = 48<LI>Call Chain = Lin_HwReportError &rArr; lin_hal_wait_for_break &rArr; Lin_HwAbort &rArr; pal_lin_abort_handle &rArr; ll_sci_state_clear
</UL>
<BR>[Calls]<UL><LI><a href="#[91]">&gt;&gt;</a>&nbsp;&nbsp;&nbsp;lin_hal_wait_for_break
<LI><a href="#[96]">&gt;&gt;</a>&nbsp;&nbsp;&nbsp;lin_hal_set_resp_error
<LI><a href="#[93]">&gt;&gt;</a>&nbsp;&nbsp;&nbsp;Lin_HwAbort
</UL>
<BR>[Called By]<UL><LI><a href="#[ca]">&gt;&gt;</a>&nbsp;&nbsp;&nbsp;l_frame_timeout_control
<LI><a href="#[d3]">&gt;&gt;</a>&nbsp;&nbsp;&nbsp;lin_hal_tx_response
<LI><a href="#[d1]">&gt;&gt;</a>&nbsp;&nbsp;&nbsp;lin_hal_rx_response
<LI><a href="#[19]">&gt;&gt;</a>&nbsp;&nbsp;&nbsp;Lin_HwTcpl04bIsr
</UL>

<P><STRONG><a name="[52]"></a>Adc_StartNextLedChannel</STRONG> (Thumb, 84 bytes, Stack size 16 bytes, adc.o(.text.Adc_StartNextLedChannel))
<BR><BR>[Stack]<UL><LI>Max Depth = 60<LI>Call Chain = Adc_StartNextLedChannel &rArr; ll_adc_vf_channel_config &rArr; ll_adc_gain_config
</UL>
<BR>[Calls]<UL><LI><a href="#[5b]">&gt;&gt;</a>&nbsp;&nbsp;&nbsp;ll_adc_vf_channel_config
<LI><a href="#[48]">&gt;&gt;</a>&nbsp;&nbsp;&nbsp;ll_pwm_isr_flag_enable
</UL>
<BR>[Called By]<UL><LI><a href="#[5a]">&gt;&gt;</a>&nbsp;&nbsp;&nbsp;Adc_StartLedVoltageCycle
<LI><a href="#[1a]">&gt;&gt;</a>&nbsp;&nbsp;&nbsp;pwm_callback_handle
<LI><a href="#[13]">&gt;&gt;</a>&nbsp;&nbsp;&nbsp;Adc_LedIrqCallback
</UL>

<P><STRONG><a name="[13]"></a>Adc_LedIrqCallback</STRONG> (Thumb, 148 bytes, Stack size 40 bytes, adc.o(.text.Adc_LedIrqCallback))
<BR><BR>[Stack]<UL><LI>Max Depth = 184<LI>Call Chain = Adc_LedIrqCallback &rArr; ll_adc_vf_calculate_func &rArr; __aeabi_dadd &rArr; _double_epilogue &rArr; __aeabi_llsr
</UL>
<BR>[Calls]<UL><LI><a href="#[51]">&gt;&gt;</a>&nbsp;&nbsp;&nbsp;ll_adc_vf_calculate_func
<LI><a href="#[50]">&gt;&gt;</a>&nbsp;&nbsp;&nbsp;ll_adc_fifo_get
<LI><a href="#[49]">&gt;&gt;</a>&nbsp;&nbsp;&nbsp;ll_adc_isr_enable
<LI><a href="#[4a]">&gt;&gt;</a>&nbsp;&nbsp;&nbsp;ll_led_diagnose_enable
<LI><a href="#[52]">&gt;&gt;</a>&nbsp;&nbsp;&nbsp;Adc_StartNextLedChannel
</UL>
<BR>[Address Reference Count : 1]<UL><LI> adc.o(.text.Adc_Init)
</UL>
<P><STRONG><a name="[53]"></a>Adc_ReadAverage</STRONG> (Thumb, 76 bytes, Stack size 32 bytes, adc.o(.text.Adc_ReadAverage))
<BR><BR>[Stack]<UL><LI>Max Depth = 100<LI>Call Chain = Adc_ReadAverage &rArr; ll_adc_channel_start &rArr; ll_adc_channel_config &rArr; ll_adc_gain_config
</UL>
<BR>[Calls]<UL><LI><a href="#[54]">&gt;&gt;</a>&nbsp;&nbsp;&nbsp;ll_adc_channel_start
<LI><a href="#[47]">&gt;&gt;</a>&nbsp;&nbsp;&nbsp;Adc_AbortLedCycle
</UL>
<BR>[Called By]<UL><LI><a href="#[55]">&gt;&gt;</a>&nbsp;&nbsp;&nbsp;Adc_ReadBatteryMv
<LI><a href="#[58]">&gt;&gt;</a>&nbsp;&nbsp;&nbsp;Adc_ReadMcuTempDeciC
</UL>

<P><STRONG><a name="[56]"></a>Adc_HasTemperatureTrim</STRONG> (Thumb, 32 bytes, Stack size 0 bytes, adc.o(.text.Adc_HasTemperatureTrim))
<BR><BR>[Called By]<UL><LI><a href="#[55]">&gt;&gt;</a>&nbsp;&nbsp;&nbsp;Adc_ReadBatteryMv
<LI><a href="#[58]">&gt;&gt;</a>&nbsp;&nbsp;&nbsp;Adc_ReadMcuTempDeciC
</UL>

<P><STRONG><a name="[47]"></a>Adc_AbortLedCycle</STRONG> (Thumb, 56 bytes, Stack size 16 bytes, adc.o(.text.Adc_AbortLedCycle))
<BR><BR>[Stack]<UL><LI>Max Depth = 24<LI>Call Chain = Adc_AbortLedCycle &rArr; ll_adc_isr_enable
</UL>
<BR>[Calls]<UL><LI><a href="#[49]">&gt;&gt;</a>&nbsp;&nbsp;&nbsp;ll_adc_isr_enable
<LI><a href="#[4b]">&gt;&gt;</a>&nbsp;&nbsp;&nbsp;ll_adc_fifo_clear
<LI><a href="#[4a]">&gt;&gt;</a>&nbsp;&nbsp;&nbsp;ll_led_diagnose_enable
<LI><a href="#[48]">&gt;&gt;</a>&nbsp;&nbsp;&nbsp;ll_pwm_isr_flag_enable
</UL>
<BR>[Called By]<UL><LI><a href="#[5a]">&gt;&gt;</a>&nbsp;&nbsp;&nbsp;Adc_StartLedVoltageCycle
<LI><a href="#[53]">&gt;&gt;</a>&nbsp;&nbsp;&nbsp;Adc_ReadAverage
</UL>

<P><STRONG><a name="[dd]"></a>ll_adc_trim_value_load</STRONG> (Thumb, 48 bytes, Stack size 0 bytes, tcpl04x_ll_adc.o(.text.ll_adc_trim_value_load))
<BR><BR>[Called By]<UL><LI><a href="#[4f]">&gt;&gt;</a>&nbsp;&nbsp;&nbsp;ll_adc_init
</UL>

<P><STRONG><a name="[db]"></a>ll_adc_idle_wait</STRONG> (Thumb, 24 bytes, Stack size 0 bytes, tcpl04x_ll_adc.o(.text.ll_adc_idle_wait))
<BR><BR>[Called By]<UL><LI><a href="#[da]">&gt;&gt;</a>&nbsp;&nbsp;&nbsp;ll_adc_channel_config
<LI><a href="#[5b]">&gt;&gt;</a>&nbsp;&nbsp;&nbsp;ll_adc_vf_channel_config
</UL>

<P><STRONG><a name="[e3]"></a>ll_flash_erase_ready_wait</STRONG> (Thumb, 24 bytes, Stack size 0 bytes, tcpl04x_ll_flash.o(.text.ll_flash_erase_ready_wait))
<BR><BR>[Called By]<UL><LI><a href="#[e2]">&gt;&gt;</a>&nbsp;&nbsp;&nbsp;ll_flash_erase_reg
</UL>

<P><STRONG><a name="[e5]"></a>ll_flash_addr_valid_check</STRONG> (Thumb, 76 bytes, Stack size 16 bytes, tcpl04x_ll_flash.o(.text.ll_flash_addr_valid_check))
<BR><BR>[Stack]<UL><LI>Max Depth = 16<LI>Call Chain = ll_flash_addr_valid_check
</UL>
<BR>[Called By]<UL><LI><a href="#[e6]">&gt;&gt;</a>&nbsp;&nbsp;&nbsp;ll_flash_smart_write
<LI><a href="#[e4]">&gt;&gt;</a>&nbsp;&nbsp;&nbsp;ll_flash_read
</UL>

<P><STRONG><a name="[e2]"></a>ll_flash_erase_reg</STRONG> (Thumb, 80 bytes, Stack size 24 bytes, tcpl04x_ll_flash.o(.text.ll_flash_erase_reg))
<BR><BR>[Stack]<UL><LI>Max Depth = 24<LI>Call Chain = ll_flash_erase_reg
</UL>
<BR>[Calls]<UL><LI><a href="#[e3]">&gt;&gt;</a>&nbsp;&nbsp;&nbsp;ll_flash_erase_ready_wait
</UL>
<BR>[Called By]<UL><LI><a href="#[e6]">&gt;&gt;</a>&nbsp;&nbsp;&nbsp;ll_flash_smart_write
</UL>

<P><STRONG><a name="[e7]"></a>ll_flash_write_reg</STRONG> (Thumb, 292 bytes, Stack size 64 bytes, tcpl04x_ll_flash.o(.text.ll_flash_write_reg))
<BR><BR>[Stack]<UL><LI>Max Depth = 64<LI>Call Chain = ll_flash_write_reg
</UL>
<BR>[Calls]<UL><LI><a href="#[e8]">&gt;&gt;</a>&nbsp;&nbsp;&nbsp;ll_flash_program_ready_wait
<LI><a href="#[b2]">&gt;&gt;</a>&nbsp;&nbsp;&nbsp;__aeabi_memcpy
</UL>
<BR>[Called By]<UL><LI><a href="#[e6]">&gt;&gt;</a>&nbsp;&nbsp;&nbsp;ll_flash_smart_write
</UL>

<P><STRONG><a name="[e8]"></a>ll_flash_program_ready_wait</STRONG> (Thumb, 24 bytes, Stack size 0 bytes, tcpl04x_ll_flash.o(.text.ll_flash_program_ready_wait))
<BR><BR>[Called By]<UL><LI><a href="#[e7]">&gt;&gt;</a>&nbsp;&nbsp;&nbsp;ll_flash_write_reg
</UL>

<P><STRONG><a name="[f2]"></a>__NVIC_SetPriority</STRONG> (Thumb, 32 bytes, Stack size 16 bytes, tcpl04x_ll_sci.o(.text.__NVIC_SetPriority))
<BR><BR>[Stack]<UL><LI>Max Depth = 16<LI>Call Chain = __NVIC_SetPriority
</UL>
<BR>[Called By]<UL><LI><a href="#[f1]">&gt;&gt;</a>&nbsp;&nbsp;&nbsp;ll_sci_init
</UL>

<P><STRONG><a name="[eb]"></a>ll_sci_tx_fifo_ready_wait</STRONG> (Thumb, 20 bytes, Stack size 0 bytes, tcpl04x_ll_sci.o(.text.ll_sci_tx_fifo_ready_wait))
<BR><BR>[Called By]<UL><LI><a href="#[e9]">&gt;&gt;</a>&nbsp;&nbsp;&nbsp;ll_lin_transmit
<LI><a href="#[f3]">&gt;&gt;</a>&nbsp;&nbsp;&nbsp;ll_sci_transmit
</UL>
<P>
<H3>
Undefined Global Symbols
</H3><HR></body></html>
