<html>
<body>
<pre>
<h1>µVision Build Log</h1>
<h2>Tool Versions:</h2>
IDE-Version: ¦ÌVision V5.39.0.0
Copyright (C) 2023 ARM Ltd and ARM Germany GmbH. All rights reserved.
License Information: 1 it01, 1, LIC=SDA0P-MC2IB-Z98G9-4SY64-JWCZ0-GV2N2
 
Tool Versions:
Toolchain:       MDK-ARM Plus  Version: 5.39.0.0
Toolchain Path:  D:\keil\ARM\ARMCLANG\Bin
C Compiler:      ArmClang.exe V6.21
Assembler:       Armasm.exe V6.21
Linker/Locator:  ArmLink.exe V6.21
Library Manager: ArmAr.exe V6.21
Hex Converter:   FromElf.exe V6.21
CPU DLL:         SARMCM3.DLL V5.39.0.0
Dialog DLL:      DARMCM1.DLL V1.19.6.0
Target DLL:      CMSIS_AGDI.dll V1.33.16.0
Dialog DLL:      TARMCM1.DLL V1.14.6.0
 
<h2>Project:</h2>
E:\SVN\Project\NIO\tcpl04b_VW_ihrLIN\MDK\tcpl04b_swsc_lean.uvprojx
Project File Date:  08/19/2026

<h2>Output:</h2>
*** Using Compiler 'V6.21', folder: 'D:\keil\ARM\ARMCLANG\Bin'
Rebuild target 'swsc_normal'
compiling Rte_Com.c...
compiling Swc_Types.c...
compiling Swc_LightControl.c...
compiling Swc_Status.c...
compiling FixedPoint.c...
compiling Swc_Derating.c...
compiling Swc_Lighting.c...
compiling Swc_PersistentData.c...
compiling Algorithm.c...
compiling Swc_Communication.c...
compiling EcuM_Callout.c...
compiling Swc_Diagnostic.c...
compiling Rte_Bsw.c...
compiling Rte_Dem.c...
compiling LinIf_Compat.c...
compiling Rte_NvM.c...
compiling LinIf_Cfg.c...
compiling Com.c...
compiling NvM.c...
compiling LinIf.c...
compiling Dcm_LinNodeConfig.c...
compiling NvM_Cfg.c...
compiling Dcm.c...
compiling LinIf_Init.c...
compiling LinTp.c...
compiling EcuM.c...
compiling IoHwAb_Adc.c...
compiling BswM.c...
compiling Dem_Cfg.c...
compiling Dem.c...
compiling MemIf.c...
compiling Fee.c...
compiling IoHwAb_Battery.c...
compiling IoHwAb_Temperature.c...
compiling IoHwAb_Time.c...
compiling IoHwAb_Wdg.c...
compiling IoHwAb_Led.c...
compiling Lin.c...
assembling startup_tcpl04x.s...
compiling Fls.c...
compiling Adc.c...
compiling system_tcpl04x.c...
compiling Mcu.c...
compiling tcpl04x_ll_flash_drv.c...
compiling tcpl04x_ll_cortex.c...
compiling Lin_Hw.c...
compiling tcpl04x_ll_gpio.c...
compiling tcpl04x_ll_flash.c...
compiling tcpl04x_ll_adc.c...
compiling tcpl04x_ll_led.c...
compiling tcpl04x_ll_pwm.c...
compiling tcpl04x_ll_sci.c...
compiling tcpl04x_ll_wdg.c...
compiling pal_wdg.c...
compiling pal_store.c...
compiling tcpl04x_ll_sys.c...
compiling pal_lin_comm.c...
compiling pal_led.c...
compiling utilities.c...
linking...
Program Size: Code=24180 RO-data=1316 RW-data=76 ZI-data=1860  
FromELF: creating hex file...
After Build - User command #1: fromelf --bin --output "..\Build\Bin\tcpl04b_swsc_lean.bin" "..\Build\Objects\normal\tcpl04b_swsc_lean.axf"
"..\Build\Objects\normal\tcpl04b_swsc_lean.axf" - 0 Error(s), 0 Warning(s).

<h2>Software Packages used:</h2>

Package Vendor: TinyChip
                
                TinyChip::TCxx_DFP@1.2.1
                TinyChip ARM Cortex-M0 Device Family Pack

<h2>Collection of Component include folders:</h2>
  D:/keil/TinyChip/TCxx_DFP/1.2.1/Device/Include

<h2>Collection of Component Files used:</h2>
Build Time Elapsed:  00:00:06
</pre>
</body>
</html>
