Component: Arm Compiler for Embedded 6.21 Tool: armlink [5ec1fa00]

==============================================================================

Section Cross References

    __main.o(!!!main) refers to __rtentry.o(.ARM.Collect$$rtentry$$00000000) for __rt_entry
    __rtentry.o(.ARM.Collect$$rtentry$$00000000) refers (Special) to __rtentry2.o(.ARM.Collect$$rtentry$$0000000A) for __rt_entry_li
    __rtentry.o(.ARM.Collect$$rtentry$$00000000) refers (Special) to __rtentry2.o(.ARM.Collect$$rtentry$$0000000D) for __rt_entry_main
    __rtentry.o(.ARM.Collect$$rtentry$$00000000) refers (Special) to __rtentry2.o(.ARM.Collect$$rtentry$$0000000C) for __rt_entry_postli_1
    __rtentry.o(.ARM.Collect$$rtentry$$00000000) refers (Special) to __rtentry2.o(.ARM.Collect$$rtentry$$00000009) for __rt_entry_postsh_1
    __rtentry.o(.ARM.Collect$$rtentry$$00000000) refers (Special) to __rtentry2.o(.ARM.Collect$$rtentry$$00000002) for __rt_entry_presh_1
    __rtentry.o(.ARM.Collect$$rtentry$$00000000) refers (Special) to __rtentry7.o(.ARM.Collect$$rtentry$$00000007) for __rt_entry_sh
    __rtentry2.o(.ARM.Collect$$rtentry$$00000008) refers to boardinit2.o(.text) for _platform_post_stackheap_init
    __rtentry2.o(.ARM.Collect$$rtentry$$0000000A) refers to libinit.o(.ARM.Collect$$libinit$$00000000) for __rt_lib_init
    __rtentry2.o(.ARM.Collect$$rtentry$$0000000B) refers to boardinit3.o(.text) for _platform_post_lib_init
    __rtentry2.o(.ARM.Collect$$rtentry$$0000000D) refers to lto-llvm-8355ab.o(.text.main) for main
    __rtentry2.o(.ARM.Collect$$rtentry$$0000000D) refers to exit.o(.text) for exit
    __rtentry2.o(.ARM.exidx) refers to __rtentry2.o(.ARM.Collect$$rtentry$$00000001) for .ARM.Collect$$rtentry$$00000001
    __rtentry2.o(.ARM.exidx) refers to __rtentry2.o(.ARM.Collect$$rtentry$$00000008) for .ARM.Collect$$rtentry$$00000008
    __rtentry2.o(.ARM.exidx) refers to __rtentry2.o(.ARM.Collect$$rtentry$$0000000A) for .ARM.Collect$$rtentry$$0000000A
    __rtentry2.o(.ARM.exidx) refers to __rtentry2.o(.ARM.Collect$$rtentry$$0000000B) for .ARM.Collect$$rtentry$$0000000B
    __rtentry2.o(.ARM.exidx) refers to __rtentry2.o(.ARM.Collect$$rtentry$$0000000D) for .ARM.Collect$$rtentry$$0000000D
    __rtentry4.o(.ARM.Collect$$rtentry$$00000004) refers to sys_stackheap_outer.o(.text) for __user_setup_stackheap
    __rtentry4.o(.ARM.exidx) refers to __rtentry4.o(.ARM.Collect$$rtentry$$00000004) for .ARM.Collect$$rtentry$$00000004
    __rtentry7.o(.ARM.Collect$$rtentry$$00000007) refers to __rtentry7.o(.ARM.Collect$$rtentry$$00002718) for __lit__00000000
    __rtentry7.o(__vectab_stack_and_reset_2_area) refers to __main.o(!!!main) for __main
    __rtentry7.o(.ARM.exidx) refers to __rtentry7.o(.ARM.Collect$$rtentry$$00000007) for .ARM.Collect$$rtentry$$00000007
    __rtentry7.o(.ARM.exidx) refers to __rtentry7.o(.ARM.Collect$$rtentry$$00002718) for .ARM.Collect$$rtentry$$00002718
    sys_stackheap_outer.o(.text) refers to libspace.o(.text) for __user_perproc_libspace
    sys_stackheap_outer.o(.text) refers to sys_stackheap.o(.text) for __user_initial_stackheap
    sys_stackheap_outer.o(__vectab_stack_and_reset_area) refers to tempstk.o(.text) for __temporary_stack_top
    sys_stackheap_outer.o(__vectab_stack_and_reset_area) refers to __main.o(!!!main) for __main
    exit.o(.text) refers to rtexit.o(.ARM.Collect$$rtexit$$00000000) for __rt_exit
    libinit.o(.ARM.Collect$$libinit$$00000000) refers (Special) to libinit2.o(.ARM.Collect$$libinit$$00000030) for __rt_lib_init_alloca_1
    libinit.o(.ARM.Collect$$libinit$$00000000) refers (Special) to libinit2.o(.ARM.Collect$$libinit$$0000002E) for __rt_lib_init_argv_1
    libinit.o(.ARM.Collect$$libinit$$00000000) refers (Special) to libinit2.o(.ARM.Collect$$libinit$$0000001D) for __rt_lib_init_atexit_1
    libinit.o(.ARM.Collect$$libinit$$00000000) refers (Special) to libinit2.o(.ARM.Collect$$libinit$$00000023) for __rt_lib_init_clock_1
    libinit.o(.ARM.Collect$$libinit$$00000000) refers (Special) to libinit2.o(.ARM.Collect$$libinit$$00000034) for __rt_lib_init_cpp_1
    libinit.o(.ARM.Collect$$libinit$$00000000) refers (Special) to libinit2.o(.ARM.Collect$$libinit$$00000032) for __rt_lib_init_exceptions_1
    libinit.o(.ARM.Collect$$libinit$$00000000) refers (Special) to libinit2.o(.ARM.Collect$$libinit$$00000002) for __rt_lib_init_fp_1
    libinit.o(.ARM.Collect$$libinit$$00000000) refers (Special) to libinit2.o(.ARM.Collect$$libinit$$00000021) for __rt_lib_init_fp_trap_1
    libinit.o(.ARM.Collect$$libinit$$00000000) refers (Special) to libinit2.o(.ARM.Collect$$libinit$$00000025) for __rt_lib_init_getenv_1
    libinit.o(.ARM.Collect$$libinit$$00000000) refers (Special) to libinit2.o(.ARM.Collect$$libinit$$0000000C) for __rt_lib_init_heap_1
    libinit.o(.ARM.Collect$$libinit$$00000000) refers (Special) to libinit2.o(.ARM.Collect$$libinit$$00000013) for __rt_lib_init_lc_collate_1
[...]
    __arm_cp.0_34                            0x12002fc4   Number         4  lto-llvm-8355ab.o(.text.main)
    __arm_cp.0_35                            0x12002fc8   Number         4  lto-llvm-8355ab.o(.text.main)
    __arm_cp.0_36                            0x12002fcc   Number         4  lto-llvm-8355ab.o(.text.main)
    __arm_cp.0_37                            0x12002fd0   Number         4  lto-llvm-8355ab.o(.text.main)
    __arm_cp.0_38                            0x12002fd4   Number         4  lto-llvm-8355ab.o(.text.main)
    __arm_cp.0_39                            0x12002fd8   Number         4  lto-llvm-8355ab.o(.text.main)
    __arm_cp.0_40                            0x12002fdc   Number         4  lto-llvm-8355ab.o(.text.main)
    __arm_cp.0_41                            0x12002fe0   Number         4  lto-llvm-8355ab.o(.text.main)
    __arm_cp.0_42                            0x12002fe4   Number         4  lto-llvm-8355ab.o(.text.main)
    __arm_cp.0_43                            0x12002fe8   Number         4  lto-llvm-8355ab.o(.text.main)
    __arm_cp.0_46                            0x12003014   Number         4  lto-llvm-8355ab.o(.text.main)
    __arm_cp.0_47                            0x12003018   Number         4  lto-llvm-8355ab.o(.text.main)
    __arm_cp.0_48                            0x1200301c   Number         4  lto-llvm-8355ab.o(.text.main)
    __arm_cp.0_49                            0x12003020   Number         4  lto-llvm-8355ab.o(.text.main)
    __arm_cp.0_50                            0x12003024   Number         4  lto-llvm-8355ab.o(.text.main)
    __arm_cp.0_51                            0x12003028   Number         4  lto-llvm-8355ab.o(.text.main)
    moduleFlashLoad                          0x1200302d   Thumb Code    52  lto-llvm-8355ab.o(.text.moduleFlashLoad)
    [Anonymous Symbol]                       0x1200302c   Section        0  lto-llvm-8355ab.o(.text.moduleFlashLoad)
    __arm_cp.39_0                            0x12003060   Number         4  lto-llvm-8355ab.o(.text.moduleFlashLoad)
    moduleFlashSave                          0x12003065   Thumb Code   148  lto-llvm-8355ab.o(.text.moduleFlashSave)
    [Anonymous Symbol]                       0x12003064   Section        0  lto-llvm-8355ab.o(.text.moduleFlashSave)
    __arm_cp.38_1                            0x120030f8   Number         4  lto-llvm-8355ab.o(.text.moduleFlashSave)
    __arm_cp.38_2                            0x120030fc   Number         4  lto-llvm-8355ab.o(.text.moduleFlashSave)
    __arm_cp.38_3                            0x12003100   Number         4  lto-llvm-8355ab.o(.text.moduleFlashSave)
    moduleLedPowerOff                        0x12003105   Thumb Code    12  lto-llvm-8355ab.o(.text.moduleLedPowerOff)
    [Anonymous Symbol]                       0x12003104   Section        0  lto-llvm-8355ab.o(.text.moduleLedPowerOff)
    moduleLedUpdatePWM                       0x12003111   Thumb Code   188  lto-llvm-8355ab.o(.text.moduleLedUpdatePWM)
    [Anonymous Symbol]                       0x12003110   Section        0  lto-llvm-8355ab.o(.text.moduleLedUpdatePWM)
    __arm_cp.40_1                            0x120031cc   Number         4  lto-llvm-8355ab.o(.text.moduleLedUpdatePWM)
    __arm_cp.40_2                            0x120031d0   Number         4  lto-llvm-8355ab.o(.text.moduleLedUpdatePWM)
    __arm_cp.40_3                            0x120031d4   Number         4  lto-llvm-8355ab.o(.text.moduleLedUpdatePWM)
    moduleWatchdogFeed                       0x120031d9   Thumb Code    36  lto-llvm-8355ab.o(.text.moduleWatchdogFeed)
    [Anonymous Symbol]                       0x120031d8   Section        0  lto-llvm-8355ab.o(.text.moduleWatchdogFeed)
    __arm_cp.42_0                            0x120031fc   Number         4  lto-llvm-8355ab.o(.text.moduleWatchdogFeed)
    __arm_cp.42_1                            0x12003200   Number         4  lto-llvm-8355ab.o(.text.moduleWatchdogFeed)
    startAAProcess                           0x12003205   Thumb Code    28  lto-llvm-8355ab.o(.text.startAAProcess)
    [Anonymous Symbol]                       0x12003204   Section        0  lto-llvm-8355ab.o(.text.startAAProcess)
    systemLinCommChangeNad                   0x12003221   Thumb Code    64  lto-llvm-8355ab.o(.text.systemLinCommChangeNad)
    [Anonymous Symbol]                       0x12003220   Section        0  lto-llvm-8355ab.o(.text.systemLinCommChangeNad)
    WriteListPID                             0x12003260   Number         0  lto-llvm-8355ab.o(.text.systemLinCommChangeNad)
    __arm_cp.20_1                            0x12003274   Number         4  lto-llvm-8355ab.o(.text.systemLinCommChangeNad)
    WriteListPID00000                        0x12003278   Number         0  lto-llvm-8355ab.o(.text.systemLinCommChangeNad)
    __arm_cp.20_3                            0x1200328c   Number         4  lto-llvm-8355ab.o(.text.systemLinCommChangeNad)
    __arm_cp.20_4                            0x12003290   Number         4  lto-llvm-8355ab.o(.text.systemLinCommChangeNad)
    NadSignal_index                          0x12003294   Number         0  lto-llvm-8355ab.o(.text.systemLinCommChangeNad)
    systemMainLoop                           0x120032a9   Thumb Code 11808  lto-llvm-8355ab.o(.text.systemMainLoop)
    [Anonymous Symbol]                       0x120032a8   Section        0  lto-llvm-8355ab.o(.text.systemMainLoop)
    __arm_cp.34_122                          0x120036a4   Number         4  lto-llvm-8355ab.o(.text.systemMainLoop)
    __arm_cp.34_128                          0x120039f8   Number         4  lto-llvm-8355ab.o(.text.systemMainLoop)
    __arm_cp.34_131                          0x12003a04   Number         4  lto-llvm-8355ab.o(.text.systemMainLoop)
    __arm_cp.34_145                          0x12003e58   Number         4  lto-llvm-8355ab.o(.text.systemMainLoop)
    __arm_cp.34_146                          0x12003e5c   Number         4  lto-llvm-8355ab.o(.text.systemMainLoop)
    __arm_cp.34_147                          0x12003e60   Number         4  lto-llvm-8355ab.o(.text.systemMainLoop)
    __arm_cp.34_150                          0x12004238   Number         4  lto-llvm-8355ab.o(.text.systemMainLoop)
    __arm_cp.34_151                          0x1200423c   Number         4  lto-llvm-8355ab.o(.text.systemMainLoop)
    __arm_cp.34_157                          0x12004254   Number         4  lto-llvm-8355ab.o(.text.systemMainLoop)
    __arm_cp.34_158                          0x12004258   Number         4  lto-llvm-8355ab.o(.text.systemMainLoop)
    __arm_cp.34_163                          0x1200426c   Number         4  lto-llvm-8355ab.o(.text.systemMainLoop)
    updatebuf                                0x12004634   Number         0  lto-llvm-8355ab.o(.text.systemMainLoop)
    __arm_cp.34_166                          0x12004654   Number         4  lto-llvm-8355ab.o(.text.systemMainLoop)
    __arm_cp.34_167                          0x12004658   Number         4  lto-llvm-8355ab.o(.text.systemMainLoop)
    __arm_cp.34_171                          0x12004668   Number         4  lto-llvm-8355ab.o(.text.systemMainLoop)
    __arm_cp.34_172                          0x1200466c   Number         4  lto-llvm-8355ab.o(.text.systemMainLoop)
    __arm_cp.34_174                          0x12004674   Number         4  lto-llvm-8355ab.o(.text.systemMainLoop)
    __arm_cp.34_175                          0x12004678   Number         4  lto-llvm-8355ab.o(.text.systemMainLoop)
    __arm_cp.34_177                          0x12004680   Number         4  lto-llvm-8355ab.o(.text.systemMainLoop)
    __arm_cp.34_179                          0x12004688   Number         4  lto-llvm-8355ab.o(.text.systemMainLoop)
    __arm_cp.34_180                          0x1200468c   Number         4  lto-llvm-8355ab.o(.text.systemMainLoop)
    __arm_cp.34_185                          0x12004a50   Number         4  lto-llvm-8355ab.o(.text.systemMainLoop)
    __arm_cp.34_188                          0x12004a5c   Number         4  lto-llvm-8355ab.o(.text.systemMainLoop)
    __arm_cp.34_190                          0x12004e08   Number         4  lto-llvm-8355ab.o(.text.systemMainLoop)
    __arm_cp.34_191                          0x12004e0c   Number         4  lto-llvm-8355ab.o(.text.systemMainLoop)
    __arm_cp.34_192                          0x12004e10   Number         4  lto-llvm-8355ab.o(.text.systemMainLoop)
    __arm_cp.34_194                          0x12004e18   Number         4  lto-llvm-8355ab.o(.text.systemMainLoop)
    __arm_cp.34_195                          0x12004e1c   Number         4  lto-llvm-8355ab.o(.text.systemMainLoop)
    __arm_cp.34_196                          0x12004e20   Number         4  lto-llvm-8355ab.o(.text.systemMainLoop)
    __arm_cp.34_201                          0x12004e34   Number         4  lto-llvm-8355ab.o(.text.systemMainLoop)
    __arm_cp.34_202                          0x12004e38   Number         4  lto-llvm-8355ab.o(.text.systemMainLoop)
    __arm_cp.34_203                          0x12004e3c   Number         4  lto-llvm-8355ab.o(.text.systemMainLoop)
    __arm_cp.34_204                          0x12004e40   Number         4  lto-llvm-8355ab.o(.text.systemMainLoop)
    __arm_cp.34_205                          0x12004e44   Number         4  lto-llvm-8355ab.o(.text.systemMainLoop)
    __arm_cp.34_206                          0x12004e48   Number         4  lto-llvm-8355ab.o(.text.systemMainLoop)
    __arm_cp.34_207                          0x12004e4c   Number         4  lto-llvm-8355ab.o(.text.systemMainLoop)
    __arm_cp.34_208                          0x12004e50   Number         4  lto-llvm-8355ab.o(.text.systemMainLoop)
    __arm_cp.34_209                          0x12004e54   Number         4  lto-llvm-8355ab.o(.text.systemMainLoop)
    s32_LineDirectionvec_BRm1n1p1            0x12004e58   Number         0  lto-llvm-8355ab.o(.text.systemMainLoop)
    s32_LineDirectionvec_GRm1n1p1            0x12004e64   Number         0  lto-llvm-8355ab.o(.text.systemMainLoop)
    s32_B_cornerPoint_real                   0x12004e6c   Number         0  lto-llvm-8355ab.o(.text.systemMainLoop)
    s32_LineDirectionvec_GBm1n1p1            0x12004e78   Number         0  lto-llvm-8355ab.o(.text.systemMainLoop)
    __arm_cp.34_215                          0x12004e80   Number         4  lto-llvm-8355ab.o(.text.systemMainLoop)
    __arm_cp.34_216                          0x12004e84   Number         4  lto-llvm-8355ab.o(.text.systemMainLoop)
    __arm_cp.34_218                          0x12004e8c   Number         4  lto-llvm-8355ab.o(.text.systemMainLoop)
    __arm_cp.34_220                          0x12004e94   Number         4  lto-llvm-8355ab.o(.text.systemMainLoop)
    __arm_cp.34_221                          0x12004e98   Number         4  lto-llvm-8355ab.o(.text.systemMainLoop)
    __arm_cp.34_222                          0x12004e9c   Number         4  lto-llvm-8355ab.o(.text.systemMainLoop)
    __arm_cp.34_223                          0x12004ea0   Number         4  lto-llvm-8355ab.o(.text.systemMainLoop)
    __arm_cp.34_224                          0x12004ea4   Number         4  lto-llvm-8355ab.o(.text.systemMainLoop)
    __arm_cp.34_225                          0x12004ea8   Number         4  lto-llvm-8355ab.o(.text.systemMainLoop)
    __arm_cp.34_226                          0x12004eac   Number         4  lto-llvm-8355ab.o(.text.systemMainLoop)
    __arm_cp.34_227                          0x12004eb0   Number         4  lto-llvm-8355ab.o(.text.systemMainLoop)
    __arm_cp.34_228                          0x12004eb4   Number         4  lto-llvm-8355ab.o(.text.systemMainLoop)
    __arm_cp.34_229                          0x12004eb8   Number         4  lto-llvm-8355ab.o(.text.systemMainLoop)
    __arm_cp.34_230                          0x12004ebc   Number         4  lto-llvm-8355ab.o(.text.systemMainLoop)
    __arm_cp.34_231                          0x12004ec0   Number         4  lto-llvm-8355ab.o(.text.systemMainLoop)
    __arm_cp.34_232                          0x12004ec4   Number         4  lto-llvm-8355ab.o(.text.systemMainLoop)
    __arm_cp.34_233                          0x12004ec8   Number         4  lto-llvm-8355ab.o(.text.systemMainLoop)
    __arm_cp.34_236                          0x12005248   Number         4  lto-llvm-8355ab.o(.text.systemMainLoop)
    __arm_cp.34_238                          0x12005250   Number         4  lto-llvm-8355ab.o(.text.systemMainLoop)
    __arm_cp.34_239                          0x12005254   Number         4  lto-llvm-8355ab.o(.text.systemMainLoop)
    __arm_cp.34_242                          0x12005260   Number         4  lto-llvm-8355ab.o(.text.systemMainLoop)
    __arm_cp.34_248                          0x120055d4   Number         4  lto-llvm-8355ab.o(.text.systemMainLoop)
    __arm_cp.34_249                          0x120055d8   Number         4  lto-llvm-8355ab.o(.text.systemMainLoop)
    __arm_cp.34_250                          0x120055dc   Number         4  lto-llvm-8355ab.o(.text.systemMainLoop)
    __arm_cp.34_251                          0x120055e0   Number         4  lto-llvm-8355ab.o(.text.systemMainLoop)
    __arm_cp.34_252                          0x120055e4   Number         4  lto-llvm-8355ab.o(.text.systemMainLoop)
    __arm_cp.34_253                          0x120055e8   Number         4  lto-llvm-8355ab.o(.text.systemMainLoop)
    __arm_cp.34_254                          0x120055ec   Number         4  lto-llvm-8355ab.o(.text.systemMainLoop)
    __arm_cp.34_255                          0x120055f0   Number         4  lto-llvm-8355ab.o(.text.systemMainLoop)
    __arm_cp.34_256                          0x120055f4   Number         4  lto-llvm-8355ab.o(.text.systemMainLoop)
    __arm_cp.34_257                          0x120055f8   Number         4  lto-llvm-8355ab.o(.text.systemMainLoop)
    __arm_cp.34_258                          0x120055fc   Number         4  lto-llvm-8355ab.o(.text.systemMainLoop)
    __arm_cp.34_262                          0x1200560c   Number         4  lto-llvm-8355ab.o(.text.systemMainLoop)
    __arm_cp.34_263                          0x12005610   Number         4  lto-llvm-8355ab.o(.text.systemMainLoop)
    __arm_cp.34_264                          0x12005614   Number         4  lto-llvm-8355ab.o(.text.systemMainLoop)
    __arm_cp.34_265                          0x12005618   Number         4  lto-llvm-8355ab.o(.text.systemMainLoop)
    __arm_cp.34_266                          0x12005944   Number         4  lto-llvm-8355ab.o(.text.systemMainLoop)
    __arm_cp.34_267                          0x12005948   Number         4  lto-llvm-8355ab.o(.text.systemMainLoop)
    __arm_cp.34_268                          0x1200594c   Number         4  lto-llvm-8355ab.o(.text.systemMainLoop)
    __arm_cp.34_269                          0x12005950   Number         4  lto-llvm-8355ab.o(.text.systemMainLoop)
    __arm_cp.34_270                          0x12005954   Number         4  lto-llvm-8355ab.o(.text.systemMainLoop)
    __arm_cp.34_271                          0x12005958   Number         4  lto-llvm-8355ab.o(.text.systemMainLoop)
    __arm_cp.34_272                          0x1200595c   Number         4  lto-llvm-8355ab.o(.text.systemMainLoop)
    __arm_cp.34_273                          0x12005960   Number         4  lto-llvm-8355ab.o(.text.systemMainLoop)
    __arm_cp.34_277                          0x12005970   Number         4  lto-llvm-8355ab.o(.text.systemMainLoop)
    __arm_cp.34_278                          0x12005974   Number         4  lto-llvm-8355ab.o(.text.systemMainLoop)
    __arm_cp.34_279                          0x12005978   Number         4  lto-llvm-8355ab.o(.text.systemMainLoop)
    __arm_cp.34_281                          0x12005980   Number         4  lto-llvm-8355ab.o(.text.systemMainLoop)
    __arm_cp.34_282                          0x12005984   Number         4  lto-llvm-8355ab.o(.text.systemMainLoop)
    __arm_cp.34_283                          0x12005988   Number         4  lto-llvm-8355ab.o(.text.systemMainLoop)
    __arm_cp.34_284                          0x12005cf0   Number         4  lto-llvm-8355ab.o(.text.systemMainLoop)
    __arm_cp.34_285                          0x12005cf4   Number         4  lto-llvm-8355ab.o(.text.systemMainLoop)
    __arm_cp.34_286                          0x12005cf8   Number         4  lto-llvm-8355ab.o(.text.systemMainLoop)
    __arm_cp.34_287                          0x12005cfc   Number         4  lto-llvm-8355ab.o(.text.systemMainLoop)
    __arm_cp.34_290                          0x12005d08   Number         4  lto-llvm-8355ab.o(.text.systemMainLoop)
    __arm_cp.34_291                          0x12005d0c   Number         4  lto-llvm-8355ab.o(.text.systemMainLoop)
    __arm_cp.34_292                          0x12005d10   Number         4  lto-llvm-8355ab.o(.text.systemMainLoop)
    __arm_cp.34_293                          0x12005d14   Number         4  lto-llvm-8355ab.o(.text.systemMainLoop)
    __arm_cp.34_294                          0x12005d18   Number         4  lto-llvm-8355ab.o(.text.systemMainLoop)
    __arm_cp.34_295                          0x12005d1c   Number         4  lto-llvm-8355ab.o(.text.systemMainLoop)
    __arm_cp.34_296                          0x12005d20   Number         4  lto-llvm-8355ab.o(.text.systemMainLoop)
    __arm_cp.34_26                           0x120060cc   Number         4  lto-llvm-8355ab.o(.text.systemMainLoop)
    __arm_cp.34_46                           0x120060d0   Number         4  lto-llvm-8355ab.o(.text.systemMainLoop)
    __arm_cp.34_86                           0x120060d4   Number         4  lto-llvm-8355ab.o(.text.systemMainLoop)
    __arm_cp.34_87                           0x120060d8   Number         4  lto-llvm-8355ab.o(.text.systemMainLoop)
    __arm_cp.34_88                           0x120060dc   Number         4  lto-llvm-8355ab.o(.text.systemMainLoop)
    Serverlist                               0x120060e0   Data         400  lto-llvm-8355ab.o(.rodata.Serverlist)
    [Anonymous Symbol]                       0x120060e0   Section        0  lto-llvm-8355ab.o(.rodata.Serverlist)
    TtoCIE                                   0x12006270   Data         176  lto-llvm-8355ab.o(.rodata.TtoCIE)
    [Anonymous Symbol]                       0x12006270   Section        0  lto-llvm-8355ab.o(.rodata.TtoCIE)
    const_LIN_FRAME_CTRL_INIT03              0x12006320   Data          60  lto-llvm-8355ab.o(.rodata.const_LIN_FRAME_CTRL_INIT03)
    [Anonymous Symbol]                       0x12006320   Section        0  lto-llvm-8355ab.o(.rodata.const_LIN_FRAME_CTRL_INIT03)
    const_LIN_FRAME_CTRL_INIT04              0x1200635c   Data          60  lto-llvm-8355ab.o(.rodata.const_LIN_FRAME_CTRL_INIT04)
    [Anonymous Symbol]                       0x1200635c   Section        0  lto-llvm-8355ab.o(.rodata.const_LIN_FRAME_CTRL_INIT04)
    const_LIN_FRAME_CTRL_INIT05              0x12006398   Data          60  lto-llvm-8355ab.o(.rodata.const_LIN_FRAME_CTRL_INIT05)
    [Anonymous Symbol]                       0x12006398   Section        0  lto-llvm-8355ab.o(.rodata.const_LIN_FRAME_CTRL_INIT05)
    const_LIN_FRAME_CTRL_INIT06              0x120063d4   Data          60  lto-llvm-8355ab.o(.rodata.const_LIN_FRAME_CTRL_INIT06)
    [Anonymous Symbol]                       0x120063d4   Section        0  lto-llvm-8355ab.o(.rodata.const_LIN_FRAME_CTRL_INIT06)
    const_LIN_FRAME_CTRL_INIT07              0x12006410   Data          60  lto-llvm-8355ab.o(.rodata.const_LIN_FRAME_CTRL_INIT07)
    [Anonymous Symbol]                       0x12006410   Section        0  lto-llvm-8355ab.o(.rodata.const_LIN_FRAME_CTRL_INIT07)
    const_LIN_FRAME_CTRL_INIT08              0x1200644c   Data          60  lto-llvm-8355ab.o(.rodata.const_LIN_FRAME_CTRL_INIT08)
    [Anonymous Symbol]                       0x1200644c   Section        0  lto-llvm-8355ab.o(.rodata.const_LIN_FRAME_CTRL_INIT08)
    const_LIN_FRAME_CTRL_INIT09              0x12006488   Data          60  lto-llvm-8355ab.o(.rodata.const_LIN_FRAME_CTRL_INIT09)
    [Anonymous Symbol]                       0x12006488   Section        0  lto-llvm-8355ab.o(.rodata.const_LIN_FRAME_CTRL_INIT09)
    const_LIN_FRAME_CTRL_INIT10              0x120064c4   Data          60  lto-llvm-8355ab.o(.rodata.const_LIN_FRAME_CTRL_INIT10)
    [Anonymous Symbol]                       0x120064c4   Section        0  lto-llvm-8355ab.o(.rodata.const_LIN_FRAME_CTRL_INIT10)
    const_LIN_FRAME_CTRL_INIT11              0x12006500   Data          60  lto-llvm-8355ab.o(.rodata.const_LIN_FRAME_CTRL_INIT11)
    [Anonymous Symbol]                       0x12006500   Section        0  lto-llvm-8355ab.o(.rodata.const_LIN_FRAME_CTRL_INIT11)
    const_LIN_FRAME_CTRL_INIT12              0x1200653c   Data          60  lto-llvm-8355ab.o(.rodata.const_LIN_FRAME_CTRL_INIT12)
    [Anonymous Symbol]                       0x1200653c   Section        0  lto-llvm-8355ab.o(.rodata.const_LIN_FRAME_CTRL_INIT12)
    const_LIN_FRAME_CTRL_INIT13              0x12006578   Data          60  lto-llvm-8355ab.o(.rodata.const_LIN_FRAME_CTRL_INIT13)
    [Anonymous Symbol]                       0x12006578   Section        0  lto-llvm-8355ab.o(.rodata.const_LIN_FRAME_CTRL_INIT13)
    const_LIN_FRAME_CTRL_INIT14              0x120065b4   Data          60  lto-llvm-8355ab.o(.rodata.const_LIN_FRAME_CTRL_INIT14)
    [Anonymous Symbol]                       0x120065b4   Section        0  lto-llvm-8355ab.o(.rodata.const_LIN_FRAME_CTRL_INIT14)
    const_LIN_FRAME_CTRL_INIT16              0x120065f0   Data          60  lto-llvm-8355ab.o(.rodata.const_LIN_FRAME_CTRL_INIT16)
    [Anonymous Symbol]                       0x120065f0   Section        0  lto-llvm-8355ab.o(.rodata.const_LIN_FRAME_CTRL_INIT16)
    const_LinData                            0x1200662c   Data          96  lto-llvm-8355ab.o(.rodata.const_LinData)
    [Anonymous Symbol]                       0x1200662c   Section        0  lto-llvm-8355ab.o(.rodata.const_LinData)
    gAlgoSonderfunktion2TempCoefF1           0x1200668c   Data         120  lto-llvm-8355ab.o(.rodata.gAlgoSonderfunktion2TempCoefF1)
    [Anonymous Symbol]                       0x1200668c   Section        0  lto-llvm-8355ab.o(.rodata.gAlgoSonderfunktion2TempCoefF1)
    gAlgoSonderfunktion2TempCoefF2           0x12006704   Data         120  lto-llvm-8355ab.o(.rodata.gAlgoSonderfunktion2TempCoefF2)
    [Anonymous Symbol]                       0x12006704   Section        0  lto-llvm-8355ab.o(.rodata.gAlgoSonderfunktion2TempCoefF2)
    g_algoRatioKRatioQ10000Lut               0x1200677c   Data        1980  lto-llvm-8355ab.o(.rodata.g_algoRatioKRatioQ10000Lut)
    [Anonymous Symbol]                       0x1200677c   Section        0  lto-llvm-8355ab.o(.rodata.g_algoRatioKRatioQ10000Lut)
    s32_B_cornerPoint_large                  0x12006f38   Data          12  lto-llvm-8355ab.o(.rodata.s32_B_cornerPoint_large)
    [Anonymous Symbol]                       0x12006f38   Section        0  lto-llvm-8355ab.o(.rodata.s32_B_cornerPoint_large)
    s32_G_cornerPoint_large                  0x12006f44   Data          12  lto-llvm-8355ab.o(.rodata.s32_G_cornerPoint_large)
    [Anonymous Symbol]                       0x12006f44   Section        0  lto-llvm-8355ab.o(.rodata.s32_G_cornerPoint_large)
    s32_R_cornerPoint_large                  0x12006f50   Data          12  lto-llvm-8355ab.o(.rodata.s32_R_cornerPoint_large)
    [Anonymous Symbol]                       0x12006f50   Section        0  lto-llvm-8355ab.o(.rodata.s32_R_cornerPoint_large)
    s32_R_cornerPoint_real                   0x12006f5c   Data          12  lto-llvm-8355ab.o(.rodata.s32_R_cornerPoint_real)
    [Anonymous Symbol]                       0x12006f5c   Section        0  lto-llvm-8355ab.o(.rodata.s32_R_cornerPoint_real)
    s32_plane_a                              0x12006f68   Data          12  lto-llvm-8355ab.o(.rodata.s32_plane_a)
    [Anonymous Symbol]                       0x12006f68   Section        0  lto-llvm-8355ab.o(.rodata.s32_plane_a)
    s32_plane_b                              0x12006f74   Data          12  lto-llvm-8355ab.o(.rodata.s32_plane_b)
    [Anonymous Symbol]                       0x12006f74   Section        0  lto-llvm-8355ab.o(.rodata.s32_plane_b)
    s32_plane_d                              0x12006f80   Data          12  lto-llvm-8355ab.o(.rodata.s32_plane_d)
    [Anonymous Symbol]                       0x12006f80   Section        0  lto-llvm-8355ab.o(.rodata.s32_plane_d)
    serveceList                              0x12006f8c   Data         288  lto-llvm-8355ab.o(.rodata.serveceList)
    [Anonymous Symbol]                       0x12006f8c   Section        0  lto-llvm-8355ab.o(.rodata.serveceList)
    softwareVersion                          0x120070ac   Data           6  lto-llvm-8355ab.o(.rodata.softwareVersion)
    [Anonymous Symbol]                       0x120070ac   Section        0  lto-llvm-8355ab.o(.rodata.softwareVersion)
    Reply_message.lastreplyJudge             0x18000000   Data           1  lto-llvm-8355ab.o(.data..L_MergedGlobals)
    [Anonymous Symbol]                       0x18000000   Section        0  lto-llvm-8355ab.o(.data..L_MergedGlobals)
    currentAdjust                            0x18000002   Data           2  lto-llvm-8355ab.o(.data..L_MergedGlobals)
    Lastintensity                            0x18000004   Data           4  lto-llvm-8355ab.o(.data..L_MergedGlobals)
    VBAT                                     0x18000008   Data           4  lto-llvm-8355ab.o(.data..L_MergedGlobals)
    batteryVoltage                           0x1800000c   Data           4  lto-llvm-8355ab.o(.data..L_MergedGlobals)
    FilteredGreenVoltage                     0x18000010   Data           4  lto-llvm-8355ab.o(.data..L_MergedGlobals)
    FilteredBlueVoltage                      0x18000014   Data           4  lto-llvm-8355ab.o(.data..L_MergedGlobals)
    FilteredRedVoltage                       0x18000018   Data           4  lto-llvm-8355ab.o(.data..L_MergedGlobals)
    dataPoint                                0x1800001c   Data          88  lto-llvm-8355ab.o(.data..L_MergedGlobals)
    l_LinData                                0x18000074   Data          96  lto-llvm-8355ab.o(.data.l_LinData)
    [Anonymous Symbol]                       0x18000074   Section        0  lto-llvm-8355ab.o(.data.l_LinData)
    config_state                             0x180000d4   Data           1  lto-llvm-8355ab.o(.bss..L_MergedGlobals.215)
    [Anonymous Symbol]                       0x180000d4   Section        0  lto-llvm-8355ab.o(.bss..L_MergedGlobals.215)
    lin_hal_status_g.0                       0x180000d5   Data           1  lto-llvm-8355ab.o(.bss..L_MergedGlobals.215)
    lin_hal_rx_data_guc                      0x180000d6   Data           1  lto-llvm-8355ab.o(.bss..L_MergedGlobals.215)
    uc_frame_lin_version                     0x180000d7   Data           1  lto-llvm-8355ab.o(.bss..L_MergedGlobals.215)
    temp_data_size_uc                        0x180000d8   Data           1  lto-llvm-8355ab.o(.bss..L_MergedGlobals.215)
    lin_tx_data_g.0                          0x180000dc   Data           1  lto-llvm-8355ab.o(.bss..L_MergedGlobals.215)
    lin_tx_data_g.2                          0x180000e0   Data           1  lto-llvm-8355ab.o(.bss..L_MergedGlobals.215)
    lin_tx_data_g.4                          0x180000e2   Data           1  lto-llvm-8355ab.o(.bss..L_MergedGlobals.215)
    lin_flag_g.0                             0x180000e3   Data           1  lto-llvm-8355ab.o(.bss..L_MergedGlobals.215)
    lin_ab_timeout_timer                     0x180000e4   Data           1  lto-llvm-8355ab.o(.bss..L_MergedGlobals.215)
    lin_frm_timeout_timer                    0x180000e5   Data           1  lto-llvm-8355ab.o(.bss..L_MergedGlobals.215)
    l_txchk_byte_nr                          0x180000e6   Data           1  lto-llvm-8355ab.o(.bss..L_MergedGlobals.215)
    lin_timeout_ctrl.0                       0x180000e7   Data           1  lto-llvm-8355ab.o(.bss..L_MergedGlobals.215)
    lin_ab_t2_state                          0x180000e8   Data           1  lto-llvm-8355ab.o(.bss..L_MergedGlobals.215)
    lin_slave_state_g                        0x180000e9   Data           1  lto-llvm-8355ab.o(.bss..L_MergedGlobals.215)
    lin_handle_config.AutoAddr_Step2_SuccessFlag 0x180000ea   Data           1  lto-llvm-8355ab.o(.bss..L_MergedGlobals.215)
    g_lin_tp_stat.0                          0x180000eb   Data           1  lto-llvm-8355ab.o(.bss..L_MergedGlobals.215)
    g_lin_cf_msg_nbr                         0x180000ec   Data           1  lto-llvm-8355ab.o(.bss..L_MergedGlobals.215)
    g_lin_tp_rx_preNAD                       0x180000ed   Data           1  lto-llvm-8355ab.o(.bss..L_MergedGlobals.215)
    g_lin_active_pid                         0x180000ee   Data           1  lto-llvm-8355ab.o(.bss..L_MergedGlobals.215)
    g_lin_frame_index                        0x180000ef   Data           1  lto-llvm-8355ab.o(.bss..L_MergedGlobals.215)
    g_lin_tp_tx_rx_ctrl.0                    0x180000f0   Data           1  lto-llvm-8355ab.o(.bss..L_MergedGlobals.215)
    g_lin_frame_data_size                    0x180000f1   Data           1  lto-llvm-8355ab.o(.bss..L_MergedGlobals.215)
    g_lin_rx_ctrl.0                          0x180000f2   Data           1  lto-llvm-8355ab.o(.bss..L_MergedGlobals.215)
    currentMachineStatus                     0x180000f3   Data           1  lto-llvm-8355ab.o(.bss..L_MergedGlobals.215)
    currentMeaStatus                         0x180000f4   Data           1  lto-llvm-8355ab.o(.bss..L_MergedGlobals.215)
    waittingForFallingEdge                   0x180000f5   Data           1  lto-llvm-8355ab.o(.bss..L_MergedGlobals.215)
    colorDimmingFlag                         0x180000f6   Data           1  lto-llvm-8355ab.o(.bss..L_MergedGlobals.215)
    Nad_index                                0x180000f7   Data           1  lto-llvm-8355ab.o(.bss..L_MergedGlobals.215)
    changeNadCalled                          0x180000f8   Data           1  lto-llvm-8355ab.o(.bss..L_MergedGlobals.215)
    LinbrightnessDiff                        0x180000f9   Data           1  lto-llvm-8355ab.o(.bss..L_MergedGlobals.215)
    currentRequestTCB.2                      0x180000fc   Data           1  lto-llvm-8355ab.o(.bss..L_MergedGlobals.215)
    currentRequestTCB.3                      0x18000100   Data           1  lto-llvm-8355ab.o(.bss..L_MergedGlobals.215)
    currentRequestTCB.5                      0x18000104   Data           1  lto-llvm-8355ab.o(.bss..L_MergedGlobals.215)
    assign_addr                              0x18000105   Data           1  lto-llvm-8355ab.o(.bss..L_MergedGlobals.215)
    SlaveNodeNAD                             0x18000106   Data           1  lto-llvm-8355ab.o(.bss..L_MergedGlobals.215)
    g_lin_prod_id.0                          0x18000107   Data           1  lto-llvm-8355ab.o(.bss..L_MergedGlobals.215)
    g_lin_prod_id.1                          0x18000108   Data           1  lto-llvm-8355ab.o(.bss..L_MergedGlobals.215)
    g_lin_prod_id.2                          0x18000109   Data           1  lto-llvm-8355ab.o(.bss..L_MergedGlobals.215)
    g_lin_prod_id.3                          0x1800010a   Data           1  lto-llvm-8355ab.o(.bss..L_MergedGlobals.215)
    g_lin_prod_id.4                          0x1800010b   Data           1  lto-llvm-8355ab.o(.bss..L_MergedGlobals.215)
    g_lin_prod_id.5                          0x1800010c   Data           1  lto-llvm-8355ab.o(.bss..L_MergedGlobals.215)
    g_lin_prod_id.6                          0x1800010d   Data           1  lto-llvm-8355ab.o(.bss..L_MergedGlobals.215)
    forceReInitLin                           0x1800010e   Data           1  lto-llvm-8355ab.o(.bss..L_MergedGlobals.215)
    SWriteLinFlag                            0x1800010f   Data           1  lto-llvm-8355ab.o(.bss..L_MergedGlobals.215)
    SyncUpdatedFlag                          0x18000110   Data           1  lto-llvm-8355ab.o(.bss..L_MergedGlobals.215)
    B0FLAG                                   0x18000111   Data           1  lto-llvm-8355ab.o(.bss..L_MergedGlobals.215)
    LINAA_forceShutdown                      0x18000112   Data           1  lto-llvm-8355ab.o(.bss..L_MergedGlobals.215)
    AutoAdressFlg                            0x18000113   Data           1  lto-llvm-8355ab.o(.bss..L_MergedGlobals.215)
    AutoAdressFlgLin                         0x18000114   Data           1  lto-llvm-8355ab.o(.bss..L_MergedGlobals.215)
    tick_1ms                                 0x18000115   Data           1  lto-llvm-8355ab.o(.bss..L_MergedGlobals.215)
    statusCounter                            0x18000116   Data           1  lto-llvm-8355ab.o(.bss..L_MergedGlobals.215)
    currentBatStatus                         0x18000117   Data           1  lto-llvm-8355ab.o(.bss..L_MergedGlobals.215)
    sysStatus.0                              0x18000118   Data           1  lto-llvm-8355ab.o(.bss..L_MergedGlobals.215)
    sysStatus.1                              0x18000119   Data           1  lto-llvm-8355ab.o(.bss..L_MergedGlobals.215)
    sysStatus.2                              0x1800011a   Data           1  lto-llvm-8355ab.o(.bss..L_MergedGlobals.215)
    flashFlag                                0x1800011b   Data           1  lto-llvm-8355ab.o(.bss..L_MergedGlobals.215)
    ledControlFlag                           0x1800011c   Data           1  lto-llvm-8355ab.o(.bss..L_MergedGlobals.215)
    initializationFlag                       0x1800011d   Data           1  lto-llvm-8355ab.o(.bss..L_MergedGlobals.215)
    gAlgoSonderfunktion2DebugSegmentIndex    0x1800011e   Data           1  lto-llvm-8355ab.o(.bss..L_MergedGlobals.215)
    gAlgoSonderfunktion2DebugUseRuntimeChannel 0x1800011f   Data           1  lto-llvm-8355ab.o(.bss..L_MergedGlobals.215)
    splitTargetColorValid                    0x18000120   Data           1  lto-llvm-8355ab.o(.bss..L_MergedGlobals.215)
    gAlgoSonderfunktion2RatioCache.0         0x18000122   Data           1  lto-llvm-8355ab.o(.bss..L_MergedGlobals.215)
    gAlgoSonderfunktion2RatioCache.1         0x18000124   Data           1  lto-llvm-8355ab.o(.bss..L_MergedGlobals.215)
    gAlgoSonderfunktion2RatioCache.2         0x18000126   Data           1  lto-llvm-8355ab.o(.bss..L_MergedGlobals.215)
    gAlgoSonderfunktion2W25Cache.0           0x18000128   Data           1  lto-llvm-8355ab.o(.bss..L_MergedGlobals.215)
    gAlgoSonderfunktion2W25Cache.1           0x1800012a   Data           1  lto-llvm-8355ab.o(.bss..L_MergedGlobals.215)
    MasterReq_length                         0x1800012c   Data           2  lto-llvm-8355ab.o(.bss..L_MergedGlobals.215)
    SlaveResp_length                         0x1800012e   Data           2  lto-llvm-8355ab.o(.bss..L_MergedGlobals.215)
    l_chk_sum_ui                             0x18000130   Data           2  lto-llvm-8355ab.o(.bss..L_MergedGlobals.215)
    lin_synch_time                           0x18000132   Data           2  lto-llvm-8355ab.o(.bss..L_MergedGlobals.215)
    g_lin_tp_data_left                       0x18000134   Data           2  lto-llvm-8355ab.o(.bss..L_MergedGlobals.215)
    g_lin_tp_rx_data_left                    0x18000136   Data           2  lto-llvm-8355ab.o(.bss..L_MergedGlobals.215)
    g_lin_tp_rx_data_index                   0x18000138   Data           2  lto-llvm-8355ab.o(.bss..L_MergedGlobals.215)
    g_lin_tp_tx_data_index                   0x1800013a   Data           2  lto-llvm-8355ab.o(.bss..L_MergedGlobals.215)
    g_lin_tp_timeoutcounter                  0x1800013c   Data           2  lto-llvm-8355ab.o(.bss..L_MergedGlobals.215)
    g_lin_status_word                        0x1800013e   Data           2  lto-llvm-8355ab.o(.bss..L_MergedGlobals.215)
    g_lin_irqState                           0x18000140   Data           2  lto-llvm-8355ab.o(.bss..L_MergedGlobals.215)
    maxOffset                                0x18000142   Data           2  lto-llvm-8355ab.o(.bss..L_MergedGlobals.215)
    minOffset                                0x18000144   Data           2  lto-llvm-8355ab.o(.bss..L_MergedGlobals.215)
    maxPre                                   0x18000146   Data           2  lto-llvm-8355ab.o(.bss..L_MergedGlobals.215)
    minPre                                   0x18000148   Data           2  lto-llvm-8355ab.o(.bss..L_MergedGlobals.215)
    maxSel                                   0x1800014a   Data           2  lto-llvm-8355ab.o(.bss..L_MergedGlobals.215)
    minSel                                   0x1800014c   Data           2  lto-llvm-8355ab.o(.bss..L_MergedGlobals.215)
    beforeTick                               0x1800014e   Data           2  lto-llvm-8355ab.o(.bss..L_MergedGlobals.215)
    afterTick                                0x18000150   Data           2  lto-llvm-8355ab.o(.bss..L_MergedGlobals.215)
    tickDiff                                 0x18000154   Data           2  lto-llvm-8355ab.o(.bss..L_MergedGlobals.216)
    [Anonymous Symbol]                       0x18000154   Section        0  lto-llvm-8355ab.o(.bss..L_MergedGlobals.216)
    debugMeasTickBefore                      0x18000156   Data           2  lto-llvm-8355ab.o(.bss..L_MergedGlobals.216)
    debugMeasTickAfter                       0x18000158   Data           2  lto-llvm-8355ab.o(.bss..L_MergedGlobals.216)
    debugMeasTickDiff                        0x1800015a   Data           2  lto-llvm-8355ab.o(.bss..L_MergedGlobals.216)
    currentU                                 0x1800015c   Data           2  lto-llvm-8355ab.o(.bss..L_MergedGlobals.216)
    currentV                                 0x1800015e   Data           2  lto-llvm-8355ab.o(.bss..L_MergedGlobals.216)
    originU                                  0x18000160   Data           2  lto-llvm-8355ab.o(.bss..L_MergedGlobals.216)
    originV                                  0x18000162   Data           2  lto-llvm-8355ab.o(.bss..L_MergedGlobals.216)
    colorStartTick                           0x18000164   Data           2  lto-llvm-8355ab.o(.bss..L_MergedGlobals.216)
    colorTotalTick                           0x18000166   Data           2  lto-llvm-8355ab.o(.bss..L_MergedGlobals.216)
    currentRequestTCB.0                      0x18000168   Data           2  lto-llvm-8355ab.o(.bss..L_MergedGlobals.216)
    systemEventTick                          0x1800016a   Data           2  lto-llvm-8355ab.o(.bss..L_MergedGlobals.216)
    linresEventTick                          0x1800016c   Data           2  lto-llvm-8355ab.o(.bss..L_MergedGlobals.216)
    BusIdleTimeOutCounter                    0x1800016e   Data           2  lto-llvm-8355ab.o(.bss..L_MergedGlobals.216)
    linEventTick                             0x18000170   Data           2  lto-llvm-8355ab.o(.bss..L_MergedGlobals.216)
    currentTick                              0x18000172   Data           2  lto-llvm-8355ab.o(.bss..L_MergedGlobals.216)
    lastSavedSingalAdress                    0x18000174   Data           2  lto-llvm-8355ab.o(.bss..L_MergedGlobals.216)
    currentPWM.0                             0x18000176   Data           2  lto-llvm-8355ab.o(.bss..L_MergedGlobals.216)
    currentPWM.1                             0x18000178   Data           2  lto-llvm-8355ab.o(.bss..L_MergedGlobals.216)
    currentPWM.2                             0x1800017a   Data           2  lto-llvm-8355ab.o(.bss..L_MergedGlobals.216)
    currentWhitePWM                          0x1800017c   Data           2  lto-llvm-8355ab.o(.bss..L_MergedGlobals.216)
    tempJunctionFilter                       0x1800017e   Data           2  lto-llvm-8355ab.o(.bss..L_MergedGlobals.216)
    tempLedFilter                            0x18000180   Data           2  lto-llvm-8355ab.o(.bss..L_MergedGlobals.216)
    updateTick                               0x18000182   Data           2  lto-llvm-8355ab.o(.bss..L_MergedGlobals.216)
    mcuTemperature                           0x18000184   Data           2  lto-llvm-8355ab.o(.bss..L_MergedGlobals.216)
    gAlgoSonderfunktion2DebugTargetU         0x18000186   Data           2  lto-llvm-8355ab.o(.bss..L_MergedGlobals.216)
    gAlgoSonderfunktion2DebugTargetV         0x18000188   Data           2  lto-llvm-8355ab.o(.bss..L_MergedGlobals.216)
    gAlgoSonderfunktion2DebugTempRawX10      0x1800018a   Data           2  lto-llvm-8355ab.o(.bss..L_MergedGlobals.216)
    gAlgoSonderfunktion2DebugTempSafeX10     0x1800018c   Data           2  lto-llvm-8355ab.o(.bss..L_MergedGlobals.216)
    gAlgoSonderfunktion2DebugW25RawQ10000    0x1800018e   Data           2  lto-llvm-8355ab.o(.bss..L_MergedGlobals.216)
    gAlgoSonderfunktion2DebugW25SafeQ10000   0x18000190   Data           2  lto-llvm-8355ab.o(.bss..L_MergedGlobals.216)
    gAlgoSonderfunktion2DebugWformulaQ10000  0x18000192   Data           2  lto-llvm-8355ab.o(.bss..L_MergedGlobals.216)
    gAlgoSonderfunktion2DebugWmaxBoundaryQ10000 0x18000194   Data           2  lto-llvm-8355ab.o(.bss..L_MergedGlobals.216)
    gAlgoSonderfunktion2DebugWfinalQ10000    0x18000196   Data           2  lto-llvm-8355ab.o(.bss..L_MergedGlobals.216)
    gAlgoSonderfunktion2DebugPWM_R           0x18000198   Data           2  lto-llvm-8355ab.o(.bss..L_MergedGlobals.216)
    gAlgoSonderfunktion2DebugPWM_G           0x1800019a   Data           2  lto-llvm-8355ab.o(.bss..L_MergedGlobals.216)
    gAlgoSonderfunktion2DebugPWM_B           0x1800019c   Data           2  lto-llvm-8355ab.o(.bss..L_MergedGlobals.216)
    gAlgoSonderfunktion2DebugPWM_W           0x1800019e   Data           2  lto-llvm-8355ab.o(.bss..L_MergedGlobals.216)
    redxyY.0                                 0x180001a0   Data           2  lto-llvm-8355ab.o(.bss..L_MergedGlobals.216)
    redxyY.1                                 0x180001a4   Data           2  lto-llvm-8355ab.o(.bss..L_MergedGlobals.216)
    greenxyY.0                               0x180001a8   Data           2  lto-llvm-8355ab.o(.bss..L_MergedGlobals.216)
    greenxyY.1                               0x180001ac   Data           2  lto-llvm-8355ab.o(.bss..L_MergedGlobals.216)
    bluexyY.0                                0x180001b0   Data           2  lto-llvm-8355ab.o(.bss..L_MergedGlobals.216)
    bluexyY.1                                0x180001b4   Data           2  lto-llvm-8355ab.o(.bss..L_MergedGlobals.216)
    splitEdgeIndex                           0x180001b6   Data           2  lto-llvm-8355ab.o(.bss..L_MergedGlobals.216)
    gAlgoSonderfunktion2RatioCache.3         0x180001b8   Data           2  lto-llvm-8355ab.o(.bss..L_MergedGlobals.216)
    gAlgoSonderfunktion2RatioCache.4         0x180001ba   Data           2  lto-llvm-8355ab.o(.bss..L_MergedGlobals.216)
    gAlgoSonderfunktion2RatioCache.5         0x180001bc   Data           2  lto-llvm-8355ab.o(.bss..L_MergedGlobals.216)
    gAlgoSonderfunktion2RatioCache.6         0x180001be   Data           2  lto-llvm-8355ab.o(.bss..L_MergedGlobals.216)
    gAlgoSonderfunktion2RatioCache.7         0x180001c0   Data           2  lto-llvm-8355ab.o(.bss..L_MergedGlobals.216)
    gAlgoSonderfunktion2RatioCache.8         0x180001c2   Data           2  lto-llvm-8355ab.o(.bss..L_MergedGlobals.216)
    gAlgoSonderfunktion2W25Cache.2           0x180001c4   Data           2  lto-llvm-8355ab.o(.bss..L_MergedGlobals.216)
    gAlgoSonderfunktion2W25Cache.3           0x180001c6   Data           2  lto-llvm-8355ab.o(.bss..L_MergedGlobals.216)
    gAlgoSonderfunktion2W25Cache.4           0x180001c8   Data           2  lto-llvm-8355ab.o(.bss..L_MergedGlobals.216)
    g_lin_tp_ptr_tx_data                     0x180001cc   Data           4  lto-llvm-8355ab.o(.bss..L_MergedGlobals.216)
    g_lin_tp_ptr_rx_size                     0x180001d0   Data           4  lto-llvm-8355ab.o(.bss..L_MergedGlobals.217)
    [Anonymous Symbol]                       0x180001d0   Section        0  lto-llvm-8355ab.o(.bss..L_MergedGlobals.217)
    g_lin_tp_ptr_rx_data                     0x180001d4   Data           4  lto-llvm-8355ab.o(.bss..L_MergedGlobals.217)
    internal_callback_start                  0x180001d8   Data           4  lto-llvm-8355ab.o(.bss..L_MergedGlobals.217)
    internal_callback_end                    0x180001dc   Data           4  lto-llvm-8355ab.o(.bss..L_MergedGlobals.217)
    count_succ                               0x180001e0   Data           4  lto-llvm-8355ab.o(.bss..L_MergedGlobals.217)
    count_fail                               0x180001e4   Data           4  lto-llvm-8355ab.o(.bss..L_MergedGlobals.217)
    debug_count_enterloop                    0x180001e8   Data           4  lto-llvm-8355ab.o(.bss..L_MergedGlobals.217)
    debug_count_startaa                      0x180001ec   Data           4  lto-llvm-8355ab.o(.bss..L_MergedGlobals.217)
    debug_count_aa_err                       0x180001f0   Data           4  lto-llvm-8355ab.o(.bss..L_MergedGlobals.217)
    debug_count_brkerr                       0x180001f4   Data           4  lto-llvm-8355ab.o(.bss..L_MergedGlobals.217)
    debug_count_adcerr                       0x180001f8   Data           4  lto-llvm-8355ab.o(.bss..L_MergedGlobals.217)
    debug_err_unknow                         0x180001fc   Data           4  lto-llvm-8355ab.o(.bss..L_MergedGlobals.217)
    debug_statemachine_err                   0x18000200   Data           4  lto-llvm-8355ab.o(.bss..L_MergedGlobals.217)
    fallingEdgeCounter                       0x18000204   Data           4  lto-llvm-8355ab.o(.bss..L_MergedGlobals.217)
    risingEdgeCounter                        0x18000208   Data           4  lto-llvm-8355ab.o(.bss..L_MergedGlobals.217)
    breakCounter                             0x1800020c   Data           4  lto-llvm-8355ab.o(.bss..L_MergedGlobals.217)
    measureCounter                           0x18000210   Data           4  lto-llvm-8355ab.o(.bss..L_MergedGlobals.217)
    dataCounter                              0x18000214   Data           4  lto-llvm-8355ab.o(.bss..L_MergedGlobals.217)
    currentRequestTCB.6                      0x18000218   Data           4  lto-llvm-8355ab.o(.bss..L_MergedGlobals.217)
    SID27_Seed                               0x1800021c   Data           4  lto-llvm-8355ab.o(.bss..L_MergedGlobals.217)
    gAlgoSonderfunktion2DebugTargetXQ10000   0x18000220   Data           4  lto-llvm-8355ab.o(.bss..L_MergedGlobals.217)
    gAlgoSonderfunktion2DebugTargetYQ10000   0x18000224   Data           4  lto-llvm-8355ab.o(.bss..L_MergedGlobals.217)
    gAlgoSonderfunktion2DebugTQ10000         0x18000228   Data           4  lto-llvm-8355ab.o(.bss..L_MergedGlobals.217)
    gAlgoSonderfunktion2DebugF1Q10000        0x1800022c   Data           4  lto-llvm-8355ab.o(.bss..L_MergedGlobals.217)
    gAlgoSonderfunktion2DebugF2Q10000        0x18000230   Data           4  lto-llvm-8355ab.o(.bss..L_MergedGlobals.217)
    gAlgoSonderfunktion2DebugDeltaWQ10000    0x18000234   Data           4  lto-llvm-8355ab.o(.bss..L_MergedGlobals.217)
    gAlgoSonderfunktion2DebugCurrentRedXQ10000 0x18000238   Data           4  lto-llvm-8355ab.o(.bss..L_MergedGlobals.217)
    gAlgoSonderfunktion2DebugCurrentRedYQ10000 0x1800023c   Data           4  lto-llvm-8355ab.o(.bss..L_MergedGlobals.217)
    gAlgoSonderfunktion2DebugCurrentGreenXQ10000 0x18000240   Data           4  lto-llvm-8355ab.o(.bss..L_MergedGlobals.217)
    gAlgoSonderfunktion2DebugCurrentGreenYQ10000 0x18000244   Data           4  lto-llvm-8355ab.o(.bss..L_MergedGlobals.217)
    gAlgoSonderfunktion2DebugCurrentBlueXQ10000 0x18000248   Data           4  lto-llvm-8355ab.o(.bss..L_MergedGlobals.217)
    gAlgoSonderfunktion2DebugCurrentBlueYQ10000 0x1800024c   Data           4  lto-llvm-8355ab.o(.bss..L_MergedGlobals.218)
    [Anonymous Symbol]                       0x1800024c   Section        0  lto-llvm-8355ab.o(.bss..L_MergedGlobals.218)
    gAlgoSonderfunktion2DebugCurrentWhiteXQ10000 0x18000250   Data           4  lto-llvm-8355ab.o(.bss..L_MergedGlobals.218)
    gAlgoSonderfunktion2DebugCurrentWhiteYQ10000 0x18000254   Data           4  lto-llvm-8355ab.o(.bss..L_MergedGlobals.218)
    WB_L                                     0x18000258   Data           4  lto-llvm-8355ab.o(.bss..L_MergedGlobals.218)
    WB_M                                     0x1800025c   Data           4  lto-llvm-8355ab.o(.bss..L_MergedGlobals.218)
    WB_N                                     0x18000260   Data           4  lto-llvm-8355ab.o(.bss..L_MergedGlobals.218)
    redxyY.2                                 0x18000264   Data           4  lto-llvm-8355ab.o(.bss..L_MergedGlobals.218)
    greenxyY.2                               0x18000268   Data           4  lto-llvm-8355ab.o(.bss..L_MergedGlobals.218)
    bluexyY.2                                0x1800026c   Data           4  lto-llvm-8355ab.o(.bss..L_MergedGlobals.218)
    whitexyY.0                               0x18000270   Data           4  lto-llvm-8355ab.o(.bss..L_MergedGlobals.218)
    WitheBalanceTempInit.Corolinit_temp.2    0x18000274   Data           4  lto-llvm-8355ab.o(.bss..L_MergedGlobals.218)
    WitheBalanceTempInit.Corolinit_temp.3    0x18000278   Data           4  lto-llvm-8355ab.o(.bss..L_MergedGlobals.218)
    splitLambda                              0x1800027c   Data           4  lto-llvm-8355ab.o(.bss..L_MergedGlobals.218)
    splitOneMinusLambda                      0x18000280   Data           4  lto-llvm-8355ab.o(.bss..L_MergedGlobals.218)
    splitRayT                                0x18000284   Data           4  lto-llvm-8355ab.o(.bss..L_MergedGlobals.218)
    currentWhiteCIE.0                        0x18000288   Data           4  lto-llvm-8355ab.o(.bss..L_MergedGlobals.218)
    currentRedCIE.0                          0x1800028c   Data           4  lto-llvm-8355ab.o(.bss..L_MergedGlobals.218)
    currentRedCIE.1                          0x18000290   Data           4  lto-llvm-8355ab.o(.bss..L_MergedGlobals.218)
    currentRedCIE.2                          0x18000294   Data           4  lto-llvm-8355ab.o(.bss..L_MergedGlobals.218)
    currentGreenCIE.0                        0x18000298   Data           4  lto-llvm-8355ab.o(.bss..L_MergedGlobals.218)
    currentGreenCIE.1                        0x1800029c   Data           4  lto-llvm-8355ab.o(.bss..L_MergedGlobals.218)
    currentGreenCIE.2                        0x180002a0   Data           4  lto-llvm-8355ab.o(.bss..L_MergedGlobals.218)
    currentBlueCIE.0                         0x180002a4   Data           4  lto-llvm-8355ab.o(.bss..L_MergedGlobals.218)
    currentBlueCIE.1                         0x180002a8   Data           4  lto-llvm-8355ab.o(.bss..L_MergedGlobals.218)
    currentBlueCIE.2                         0x180002ac   Data           4  lto-llvm-8355ab.o(.bss..L_MergedGlobals.218)
    u32_globTimestamp_ms                     0x180002b0   Data           4  lto-llvm-8355ab.o(.bss..L_MergedGlobals.218)
    u32_watchdogCnt                          0x180002b4   Data           4  lto-llvm-8355ab.o(.bss..L_MergedGlobals.218)
    ReciveDataCrc.old_data                   0x180002b8   Data           7  lto-llvm-8355ab.o(.bss..L_MergedGlobals.218)
    ReciveDataCrc.old_data_Reset             0x180002bf   Data           7  lto-llvm-8355ab.o(.bss..L_MergedGlobals.218)
    g_lin_diag_sresp                         0x180002c8   Data           8  lto-llvm-8355ab.o(.bss..L_MergedGlobals.219)
    [Anonymous Symbol]                       0x180002c8   Section        0  lto-llvm-8355ab.o(.bss..L_MergedGlobals.219)
    g_lin_diag_mreq                          0x180002d0   Data           8  lto-llvm-8355ab.o(.bss..L_MergedGlobals.219)
    measureData                              0x180002d8   Data           8  lto-llvm-8355ab.o(.bss..L_MergedGlobals.219)
    measureSuccessData                       0x180002e0   Data           8  lto-llvm-8355ab.o(.bss..L_MergedGlobals.219)
    lin_temp_buffer                          0x180002e8   Data          11  lto-llvm-8355ab.o(.bss..L_MergedGlobals.219)
    frame_enable_list                        0x180002f3   Data          12  lto-llvm-8355ab.o(.bss..L_MergedGlobals.219)
    targetColor                              0x18000300   Data          12  lto-llvm-8355ab.o(.bss..L_MergedGlobals.219)
    splitWhiteCIE                            0x1800030c   Data          12  lto-llvm-8355ab.o(.bss..L_MergedGlobals.219)
    splitPointCIE                            0x18000318   Data          12  lto-llvm-8355ab.o(.bss..L_MergedGlobals.219)
    oldLinData                               0x18000324   Data          22  lto-llvm-8355ab.o(.bss..L_MergedGlobals.219)
    sysLin                                   0x1800033c   Data          22  lto-llvm-8355ab.o(.bss..L_MergedGlobals.220)
    [Anonymous Symbol]                       0x1800033c   Section        0  lto-llvm-8355ab.o(.bss..L_MergedGlobals.220)
    sysLin_Stack                             0x18000352   Data          22  lto-llvm-8355ab.o(.bss..L_MergedGlobals.220)
    intensityDimStatus                       0x18000368   Data          24  lto-llvm-8355ab.o(.bss..L_MergedGlobals.220)
    Debug                                    0x18000380   Data          24  lto-llvm-8355ab.o(.bss..L_MergedGlobals.220)
    MasterReq_data                           0x18000398   Data          30  lto-llvm-8355ab.o(.bss..L_MergedGlobals.220)
    SlaveResp_data                           0x180003b6   Data          30  lto-llvm-8355ab.o(.bss..L_MergedGlobals.221)
    [Anonymous Symbol]                       0x180003b6   Section        0  lto-llvm-8355ab.o(.bss..L_MergedGlobals.221)
    g_lin_frame_ctrl                         0x180003d4   Data          60  lto-llvm-8355ab.o(.bss..L_MergedGlobals.221)
    Quiltcheck                               0x18000410   Data           8  lto-llvm-8355ab.o(.bss.Quiltcheck)
    [Anonymous Symbol]                       0x18000410   Section        0  lto-llvm-8355ab.o(.bss.Quiltcheck)
    l_flags_RGBe_Ans                         0x18000418   Data           2  lto-llvm-8355ab.o(.bss.l_flags_RGBe_Ans)
    [Anonymous Symbol]                       0x18000418   Section        0  lto-llvm-8355ab.o(.bss.l_flags_RGBe_Ans)
    l_flags_RGBe_Req                         0x1800041a   Data           2  lto-llvm-8355ab.o(.bss.l_flags_RGBe_Req)
    [Anonymous Symbol]                       0x1800041a   Section        0  lto-llvm-8355ab.o(.bss.l_flags_RGBe_Req)
    l_flags_RGBe_Slave_a_01_02               0x1800041c   Data           2  lto-llvm-8355ab.o(.bss.l_flags_RGBe_Slave_a_01_02)
    [Anonymous Symbol]                       0x1800041c   Section        0  lto-llvm-8355ab.o(.bss.l_flags_RGBe_Slave_a_01_02)
    l_flags_RGBe_Slave_a_03_04               0x1800041e   Data           2  lto-llvm-8355ab.o(.bss.l_flags_RGBe_Slave_a_03_04)
    [Anonymous Symbol]                       0x1800041e   Section        0  lto-llvm-8355ab.o(.bss.l_flags_RGBe_Slave_a_03_04)
    l_flags_RGBe_Slave_a_05_06               0x18000420   Data           2  lto-llvm-8355ab.o(.bss.l_flags_RGBe_Slave_a_05_06)
    [Anonymous Symbol]                       0x18000420   Section        0  lto-llvm-8355ab.o(.bss.l_flags_RGBe_Slave_a_05_06)
    l_flags_RGBe_Slave_a_07_08               0x18000422   Data           2  lto-llvm-8355ab.o(.bss.l_flags_RGBe_Slave_a_07_08)
    [Anonymous Symbol]                       0x18000422   Section        0  lto-llvm-8355ab.o(.bss.l_flags_RGBe_Slave_a_07_08)
    l_flags_RGBe_Slave_a_09_10               0x18000424   Data           2  lto-llvm-8355ab.o(.bss.l_flags_RGBe_Slave_a_09_10)
    [Anonymous Symbol]                       0x18000424   Section        0  lto-llvm-8355ab.o(.bss.l_flags_RGBe_Slave_a_09_10)
    l_flags_RGBe_Slave_a_11_12               0x18000426   Data           2  lto-llvm-8355ab.o(.bss.l_flags_RGBe_Slave_a_11_12)
    [Anonymous Symbol]                       0x18000426   Section        0  lto-llvm-8355ab.o(.bss.l_flags_RGBe_Slave_a_11_12)
    l_flags_RGBe_Slave_a_13_14               0x18000428   Data           2  lto-llvm-8355ab.o(.bss.l_flags_RGBe_Slave_a_13_14)
    [Anonymous Symbol]                       0x18000428   Section        0  lto-llvm-8355ab.o(.bss.l_flags_RGBe_Slave_a_13_14)
    l_flags_RGBe_Sync_abcd                   0x1800042a   Data           2  lto-llvm-8355ab.o(.bss.l_flags_RGBe_Sync_abcd)
    [Anonymous Symbol]                       0x1800042a   Section        0  lto-llvm-8355ab.o(.bss.l_flags_RGBe_Sync_abcd)
    l_flags_RGBe_Write_a_08                  0x1800042c   Data           2  lto-llvm-8355ab.o(.bss.l_flags_RGBe_Write_a_08)
    [Anonymous Symbol]                       0x1800042c   Section        0  lto-llvm-8355ab.o(.bss.l_flags_RGBe_Write_a_08)
    l_flags_RGBs_Slave_08a                   0x1800042e   Data           2  lto-llvm-8355ab.o(.bss.l_flags_RGBs_Slave_08a)
    [Anonymous Symbol]                       0x1800042e   Section        0  lto-llvm-8355ab.o(.bss.l_flags_RGBs_Slave_08a)
    savedConfig                              0x18000430   Data         176  lto-llvm-8355ab.o(.bss.savedConfig)
    [Anonymous Symbol]                       0x18000430   Section        0  lto-llvm-8355ab.o(.bss.savedConfig)

    Global Symbols

    Symbol Name                              Value     Ov Type        Size  Object(Section)

    BuildAttributes$$THM_ISAv3M$S$8M$PE$A:L22$X:L11$S22$IEEE1$IW$USESV6$~STKCKD$USESV7$~SHL$OSPACE$ROPI$IEEEF$UX$STANDARDLIB$REQ8$PRES8$EABIv2 0x00000000   Number         0  anon$$obj.o ABSOLUTE
    Image$$ZI$$Limit                          - Undefined Weak Reference
    __ARM_exceptions_init                     - Undefined Weak Reference
    __alloca_initialize                       - Undefined Weak Reference
    __arm_preinit_                            - Undefined Weak Reference
    __arm_relocate_pie_                       - Undefined Weak Reference
    __cpp_initialize__aeabi_                  - Undefined Weak Reference
    __cxa_finalize                            - Undefined Weak Reference
    __rt_locale                               - Undefined Weak Reference
    __sigvec_lookup                           - Undefined Weak Reference
    _atexit_init                              - Undefined Weak Reference
    _call_atexit_fns                          - Undefined Weak Reference
    _clock_init                               - Undefined Weak Reference
    _fp_trap_init                             - Undefined Weak Reference
    _fp_trap_shutdown                         - Undefined Weak Reference
    _get_lc_collate                           - Undefined Weak Reference
    _get_lc_ctype                             - Undefined Weak Reference
    _get_lc_monetary                          - Undefined Weak Reference
    _get_lc_numeric                           - Undefined Weak Reference
    _get_lc_time                              - Undefined Weak Reference
    _getenv_init                              - Undefined Weak Reference
    _handle_redirection                       - Undefined Weak Reference
    _init_alloc                               - Undefined Weak Reference
    _init_user_alloc                          - Undefined Weak Reference
    _initio                                   - Undefined Weak Reference
    _rand_init                                - Undefined Weak Reference
    _signal_finish                            - Undefined Weak Reference
    _signal_init                              - Undefined Weak Reference
    _terminate_alloc                          - Undefined Weak Reference
    _terminate_user_alloc                     - Undefined Weak Reference
    _terminateio                              - Undefined Weak Reference
    __Vectors                                0x12000000   Data          96  lto-llvm-8355ab.o(RESET)
    __main                                   0x12000061   Thumb Code     8  __main.o(!!!main)
    __scatterload                            0x12000069   Thumb Code     0  __scatter.o(!!!scatter)
    __scatterload_rt2                        0x12000069   Thumb Code    74  __scatter.o(!!!scatter)
    __scatterload_rt2_thumb_only             0x12000069   Thumb Code     0  __scatter.o(!!!scatter)
    __scatterload_loop                       0x12000073   Thumb Code     0  __scatter.o(!!!scatter)
    __scatterload_null                       0x120000bd   Thumb Code     2  __scatter.o(!!handler_null)
    __I$use$semihosting                      0x120000bf   Thumb Code     0  use_no_semi.o(.text)
    __use_no_semihosting_swi                 0x120000bf   Thumb Code     2  use_no_semi.o(.text)
    CONFIG_TABLE                             0x120000c0   Data          64  lto-llvm-8355ab.o(.ARM.__at_0x120000C0)
    __scatterload_copy                       0x12000101   Thumb Code    26  __scatter_copy.o(!!handler_copy)
    __scatterload_zeroinit                   0x1200011d   Thumb Code    28  __scatter_zi.o(!!handler_zi)
    __rt_lib_init                            0x12000139   Thumb Code     0  libinit.o(.ARM.Collect$$libinit$$00000000)
    __rt_lib_init_alloca_1                   0x1200013b   Thumb Code     0  libinit2.o(.ARM.Collect$$libinit$$00000030)
    __rt_lib_init_argv_1                     0x1200013b   Thumb Code     0  libinit2.o(.ARM.Collect$$libinit$$0000002E)
    __rt_lib_init_atexit_1                   0x1200013b   Thumb Code     0  libinit2.o(.ARM.Collect$$libinit$$0000001D)
    __rt_lib_init_clock_1                    0x1200013b   Thumb Code     0  libinit2.o(.ARM.Collect$$libinit$$00000023)
    __rt_lib_init_cpp_1                      0x1200013b   Thumb Code     0  libinit2.o(.ARM.Collect$$libinit$$00000034)
    __rt_lib_init_exceptions_1               0x1200013b   Thumb Code     0  libinit2.o(.ARM.Collect$$libinit$$00000032)
    __rt_lib_init_fp_1                       0x1200013b   Thumb Code     0  libinit2.o(.ARM.Collect$$libinit$$00000002)
    __rt_lib_init_fp_trap_1                  0x1200013b   Thumb Code     0  libinit2.o(.ARM.Collect$$libinit$$00000021)
    __rt_lib_init_getenv_1                   0x1200013b   Thumb Code     0  libinit2.o(.ARM.Collect$$libinit$$00000025)
    __rt_lib_init_heap_1                     0x1200013b   Thumb Code     0  libinit2.o(.ARM.Collect$$libinit$$0000000C)
    __rt_lib_init_lc_collate_1               0x1200013b   Thumb Code     0  libinit2.o(.ARM.Collect$$libinit$$00000013)
    __rt_lib_init_lc_ctype_1                 0x1200013b   Thumb Code     0  libinit2.o(.ARM.Collect$$libinit$$00000015)
    __rt_lib_init_lc_monetary_1              0x1200013b   Thumb Code     0  libinit2.o(.ARM.Collect$$libinit$$00000017)
    __rt_lib_init_lc_numeric_1               0x1200013b   Thumb Code     0  libinit2.o(.ARM.Collect$$libinit$$00000019)
    __rt_lib_init_lc_time_1                  0x1200013b   Thumb Code     0  libinit2.o(.ARM.Collect$$libinit$$0000001B)
    __rt_lib_init_preinit_1                  0x1200013b   Thumb Code     0  libinit2.o(.ARM.Collect$$libinit$$00000006)
    __rt_lib_init_rand_1                     0x1200013b   Thumb Code     0  libinit2.o(.ARM.Collect$$libinit$$00000010)
    __rt_lib_init_relocate_pie_1             0x1200013b   Thumb Code     0  libinit2.o(.ARM.Collect$$libinit$$00000004)
    __rt_lib_init_return                     0x1200013b   Thumb Code     0  libinit2.o(.ARM.Collect$$libinit$$00000035)
    __rt_lib_init_signal_1                   0x1200013b   Thumb Code     0  libinit2.o(.ARM.Collect$$libinit$$0000001F)
    __rt_lib_init_stdio_1                    0x1200013b   Thumb Code     0  libinit2.o(.ARM.Collect$$libinit$$00000027)
    __rt_lib_init_user_alloc_1               0x1200013b   Thumb Code     0  libinit2.o(.ARM.Collect$$libinit$$0000000E)
    __rt_lib_shutdown                        0x1200013d   Thumb Code     0  libshutdown.o(.ARM.Collect$$libshutdown$$00000000)
    __rt_lib_shutdown_cpp_1                  0x1200013f   Thumb Code     0  libshutdown2.o(.ARM.Collect$$libshutdown$$00000002)
    __rt_lib_shutdown_fp_trap_1              0x1200013f   Thumb Code     0  libshutdown2.o(.ARM.Collect$$libshutdown$$00000007)
    __rt_lib_shutdown_heap_1                 0x1200013f   Thumb Code     0  libshutdown2.o(.ARM.Collect$$libshutdown$$0000000F)
    __rt_lib_shutdown_return                 0x1200013f   Thumb Code     0  libshutdown2.o(.ARM.Collect$$libshutdown$$00000010)
    __rt_lib_shutdown_signal_1               0x1200013f   Thumb Code     0  libshutdown2.o(.ARM.Collect$$libshutdown$$0000000A)
    __rt_lib_shutdown_stdio_1                0x1200013f   Thumb Code     0  libshutdown2.o(.ARM.Collect$$libshutdown$$00000004)
    __rt_lib_shutdown_user_alloc_1           0x1200013f   Thumb Code     0  libshutdown2.o(.ARM.Collect$$libshutdown$$0000000C)
    __rt_entry                               0x12000141   Thumb Code     0  __rtentry.o(.ARM.Collect$$rtentry$$00000000)
    __rt_entry_presh_1                       0x12000141   Thumb Code     0  __rtentry2.o(.ARM.Collect$$rtentry$$00000002)
    __rt_entry_sh                            0x12000141   Thumb Code     0  __rtentry7.o(.ARM.Collect$$rtentry$$00000007)
    __rt_entry_li                            0x12000145   Thumb Code     0  __rtentry2.o(.ARM.Collect$$rtentry$$0000000A)
    __rt_entry_postsh_1                      0x12000145   Thumb Code     0  __rtentry2.o(.ARM.Collect$$rtentry$$00000009)
    __rt_entry_main                          0x12000149   Thumb Code     0  __rtentry2.o(.ARM.Collect$$rtentry$$0000000D)
    __rt_entry_postli_1                      0x12000149   Thumb Code     0  __rtentry2.o(.ARM.Collect$$rtentry$$0000000C)
    __rt_exit                                0x12000155   Thumb Code     0  rtexit.o(.ARM.Collect$$rtexit$$00000000)
    __rt_exit_ls                             0x12000157   Thumb Code     0  rtexit2.o(.ARM.Collect$$rtexit$$00000003)
    __rt_exit_prels_1                        0x12000157   Thumb Code     0  rtexit2.o(.ARM.Collect$$rtexit$$00000002)
    __rt_exit_exit                           0x1200015b   Thumb Code     0  rtexit2.o(.ARM.Collect$$rtexit$$00000004)
    __aeabi_memcpy4                          0x12000161   Thumb Code    56  rt_memcpy.o(.emb_text)
    __aeabi_memcpy8                          0x12000161   Thumb Code     0  rt_memcpy.o(.emb_text)
    memcmp                                   0x12000199   Thumb Code    90  memcmp.o(.text)
    exit                                     0x120001f3   Thumb Code    16  exit.o(.text)
    __semihosting_library_function           0x12000203   Thumb Code     0  indicate_semi.o(.text)
    _sys_exit                                0x12000205   Thumb Code     8  sys_exit.o(.text)
    __aeabi_lmul                             0x12000211   Thumb Code    48  llmul.o(.text)
    _ll_mul                                  0x12000211   Thumb Code     0  llmul.o(.text)
    __aeabi_uldivmod                         0x12000241   Thumb Code   272  lludiv.o(.text)
    _ll_udiv                                 0x12000241   Thumb Code     0  lludiv.o(.text)
    __aeabi_memcpy                           0x12000351   Thumb Code   130  rt_memcpy.o(.text)
    __rt_memcpy                              0x12000351   Thumb Code     0  rt_memcpy.o(.text)
    __aeabi_memset                           0x120003d3   Thumb Code    18  aeabi_memset.o(.text)
    _memset_w                                0x120003e5   Thumb Code    26  rt_memclr.o(.text)
    _memset                                  0x120003ff   Thumb Code    30  rt_memclr.o(.text)
    __aeabi_memclr                           0x1200041d   Thumb Code     4  rt_memclr.o(.text)
    __rt_memclr                              0x1200041d   Thumb Code     0  rt_memclr.o(.text)
    __aeabi_memclr4                          0x12000421   Thumb Code     0  rt_memclr.o(.text)
    __aeabi_memclr8                          0x12000421   Thumb Code     0  rt_memclr.o(.text)
    __rt_memclr_w                            0x12000421   Thumb Code     4  rt_memclr.o(.text)
    main                                     0x12002b49   Thumb Code   980  lto-llvm-8355ab.o(.text.main)
    Region$$Table$$Base                      0x120070b4   Number         0  anon$$obj.o(Region$$Table)
    Region$$Table$$Limit                     0x120070d4   Number         0  anon$$obj.o(Region$$Table)
    Image$$ARM_LIB_STACK$$ZI$$Limit          0x18000c00   Number         0  anon$$obj.o ABSOLUTE



==============================================================================

Memory Map of the image

  Image Entry point : 0x12000061

  Load Region LR_IROM1 (Base: 0x12000000, Size: 0x000071a8, Max: 0x00007800, ABSOLUTE)

    Execution Region ER_IROM1 (Exec base: 0x12000000, Load base: 0x12000000, Size: 0x000070d4, Max: 0x00007800, ABSOLUTE)

    Exec Addr    Load Addr    Size         Type   Attr      Idx    E Section Name        Object

    0x12000000   0x12000000   0x00000060   Data   RO          419    RESET               lto-llvm-8355ab.o
    0x12000060   0x12000060   0x00000008   Code   RO           60  * !!!main             c_p.l(__main.o)
    0x12000068   0x12000068   0x00000054   Code   RO          460    !!!scatter          c_p.l(__scatter.o)
    0x120000bc   0x120000bc   0x00000002   Code   RO          461    !!handler_null      c_p.l(__scatter.o)
    0x120000be   0x120000be   0x00000002   Code   RO          151    .text               c_p.l(use_no_semi.o)
    0x120000c0   0x120000c0   0x00000040   Data   RO          420    .ARM.__at_0x120000C0  lto-llvm-8355ab.o
    0x12000100   0x12000100   0x0000001a   Code   RO          464    !!handler_copy      c_p.l(__scatter_copy.o)
    0x1200011a   0x1200011a   0x00000002   PAD
    0x1200011c   0x1200011c   0x0000001c   Code   RO          466    !!handler_zi        c_p.l(__scatter_zi.o)
    0x12000138   0x12000138   0x00000002   Code   RO           93    .ARM.Collect$$libinit$$00000000  c_p.l(libinit.o)
    0x1200013a   0x1200013a   0x00000000   Code   RO          105    .ARM.Collect$$libinit$$00000002  c_p.l(libinit2.o)
    0x1200013a   0x1200013a   0x00000000   Code   RO          107    .ARM.Collect$$libinit$$00000004  c_p.l(libinit2.o)
    0x1200013a   0x1200013a   0x00000000   Code   RO          109    .ARM.Collect$$libinit$$00000006  c_p.l(libinit2.o)
    0x1200013a   0x1200013a   0x00000000   Code   RO          112    .ARM.Collect$$libinit$$0000000C  c_p.l(libinit2.o)
    0x1200013a   0x1200013a   0x00000000   Code   RO          114    .ARM.Collect$$libinit$$0000000E  c_p.l(libinit2.o)
    0x1200013a   0x1200013a   0x00000000   Code   RO          116    .ARM.Collect$$libinit$$00000010  c_p.l(libinit2.o)
    0x1200013a   0x1200013a   0x00000000   Code   RO          119    .ARM.Collect$$libinit$$00000013  c_p.l(libinit2.o)
    0x1200013a   0x1200013a   0x00000000   Code   RO          121    .ARM.Collect$$libinit$$00000015  c_p.l(libinit2.o)
    0x1200013a   0x1200013a   0x00000000   Code   RO          123    .ARM.Collect$$libinit$$00000017  c_p.l(libinit2.o)
    0x1200013a   0x1200013a   0x00000000   Code   RO          125    .ARM.Collect$$libinit$$00000019  c_p.l(libinit2.o)
    0x1200013a   0x1200013a   0x00000000   Code   RO          127    .ARM.Collect$$libinit$$0000001B  c_p.l(libinit2.o)
    0x1200013a   0x1200013a   0x00000000   Code   RO          129    .ARM.Collect$$libinit$$0000001D  c_p.l(libinit2.o)
    0x1200013a   0x1200013a   0x00000000   Code   RO          131    .ARM.Collect$$libinit$$0000001F  c_p.l(libinit2.o)
    0x1200013a   0x1200013a   0x00000000   Code   RO          133    .ARM.Collect$$libinit$$00000021  c_p.l(libinit2.o)
    0x1200013a   0x1200013a   0x00000000   Code   RO          135    .ARM.Collect$$libinit$$00000023  c_p.l(libinit2.o)
    0x1200013a   0x1200013a   0x00000000   Code   RO          137    .ARM.Collect$$libinit$$00000025  c_p.l(libinit2.o)
    0x1200013a   0x1200013a   0x00000000   Code   RO          139    .ARM.Collect$$libinit$$00000027  c_p.l(libinit2.o)
    0x1200013a   0x1200013a   0x00000000   Code   RO          143    .ARM.Collect$$libinit$$0000002E  c_p.l(libinit2.o)
    0x1200013a   0x1200013a   0x00000000   Code   RO          145    .ARM.Collect$$libinit$$00000030  c_p.l(libinit2.o)
    0x1200013a   0x1200013a   0x00000000   Code   RO          147    .ARM.Collect$$libinit$$00000032  c_p.l(libinit2.o)
    0x1200013a   0x1200013a   0x00000000   Code   RO          149    .ARM.Collect$$libinit$$00000034  c_p.l(libinit2.o)
    0x1200013a   0x1200013a   0x00000002   Code   RO          150    .ARM.Collect$$libinit$$00000035  c_p.l(libinit2.o)
    0x1200013c   0x1200013c   0x00000002   Code   RO          175    .ARM.Collect$$libshutdown$$00000000  c_p.l(libshutdown.o)
    0x1200013e   0x1200013e   0x00000000   Code   RO          187    .ARM.Collect$$libshutdown$$00000002  c_p.l(libshutdown2.o)
    0x1200013e   0x1200013e   0x00000000   Code   RO          189    .ARM.Collect$$libshutdown$$00000004  c_p.l(libshutdown2.o)
    0x1200013e   0x1200013e   0x00000000   Code   RO          192    .ARM.Collect$$libshutdown$$00000007  c_p.l(libshutdown2.o)
    0x1200013e   0x1200013e   0x00000000   Code   RO          195    .ARM.Collect$$libshutdown$$0000000A  c_p.l(libshutdown2.o)
    0x1200013e   0x1200013e   0x00000000   Code   RO          197    .ARM.Collect$$libshutdown$$0000000C  c_p.l(libshutdown2.o)
    0x1200013e   0x1200013e   0x00000000   Code   RO          200    .ARM.Collect$$libshutdown$$0000000F  c_p.l(libshutdown2.o)
    0x1200013e   0x1200013e   0x00000002   Code   RO          201    .ARM.Collect$$libshutdown$$00000010  c_p.l(libshutdown2.o)
    0x12000140   0x12000140   0x00000000   Code   RO           62    .ARM.Collect$$rtentry$$00000000  c_p.l(__rtentry.o)
    0x12000140   0x12000140   0x00000000   Code   RO           64    .ARM.Collect$$rtentry$$00000002  c_p.l(__rtentry2.o)
    0x12000140   0x12000140   0x00000004   Code   RO           78    .ARM.Collect$$rtentry$$00000007  c_p.l(__rtentry7.o)
    0x12000144   0x12000144   0x00000000   Code   RO           66    .ARM.Collect$$rtentry$$00000009  c_p.l(__rtentry2.o)
    0x12000144   0x12000144   0x00000004   Code   RO           67    .ARM.Collect$$rtentry$$0000000A  c_p.l(__rtentry2.o)
    0x12000148   0x12000148   0x00000000   Code   RO           69    .ARM.Collect$$rtentry$$0000000C  c_p.l(__rtentry2.o)
    0x12000148   0x12000148   0x00000008   Code   RO           70    .ARM.Collect$$rtentry$$0000000D  c_p.l(__rtentry2.o)
    0x12000150   0x12000150   0x00000004   Code   RO           79    .ARM.Collect$$rtentry$$00002718  c_p.l(__rtentry7.o)
    0x12000154   0x12000154   0x00000002   Code   RO          102    .ARM.Collect$$rtexit$$00000000  c_p.l(rtexit.o)
    0x12000156   0x12000156   0x00000000   Code   RO          155    .ARM.Collect$$rtexit$$00000002  c_p.l(rtexit2.o)
    0x12000156   0x12000156   0x00000004   Code   RO          156    .ARM.Collect$$rtexit$$00000003  c_p.l(rtexit2.o)
    0x1200015a   0x1200015a   0x00000006   Code   RO          157    .ARM.Collect$$rtexit$$00000004  c_p.l(rtexit2.o)
    0x12000160   0x12000160   0x00000038   Code   RO          440    .emb_text           c_p.l(rt_memcpy.o)
    0x12000198   0x12000198   0x0000005a   Code   RO           58    .text               c_p.l(memcmp.o)
    0x120001f2   0x120001f2   0x00000010   Code   RO           86    .text               c_p.l(exit.o)
    0x12000202   0x12000202   0x00000000   Code   RO          153    .text               c_p.l(indicate_semi.o)
    0x12000202   0x12000202   0x00000002   PAD
    0x12000204   0x12000204   0x0000000c   Code   RO          165    .text               c_p.l(sys_exit.o)
    0x12000210   0x12000210   0x00000030   Code   RO          436    .text               c_p.l(llmul.o)
    0x12000240   0x12000240   0x00000110   Code   RO          438    .text               c_p.l(lludiv.o)
    0x12000350   0x12000350   0x00000082   Code   RO          441    .text               c_p.l(rt_memcpy.o)
    0x120003d2   0x120003d2   0x00000012   Code   RO          444    .text               c_p.l(aeabi_memset.o)
    0x120003e4   0x120003e4   0x00000040   Code   RO          446    .text               c_p.l(rt_memclr.o)
    0x12000424   0x12000424   0x00000028   Code   RO          309    .text.ADC11_compensateLinAutoAddrDiff  lto-llvm-8355ab.o
    0x1200044c   0x1200044c   0x00000050   Code   RO          355    .text.AlgoRatioK_ClampRatioQ10000FromFix16  lto-llvm-8355ab.o
    0x1200049c   0x1200049c   0x00000060   Code   RO          349    .text.AlgoRatioK_DivS64ToFix16  lto-llvm-8355ab.o
    0x120004fc   0x120004fc   0x00000072   Code   RO          351    .text.AlgoRatioK_InsertNearestPoint  lto-llvm-8355ab.o
    0x1200056e   0x1200056e   0x0000000a   Code   RO          353    .text.AlgoRatioK_ScaledIntToFix16  lto-llvm-8355ab.o
    0x12000578   0x12000578   0x00000002   Code   RO          371    .text.Default_Handler  lto-llvm-8355ab.o
    0x1200057a   0x1200057a   0x00000002   Code   RO          369    .text.HardFault_Handler  lto-llvm-8355ab.o
    0x1200057c   0x1200057c   0x0000008c   Code   RO          259    .text.IntensityDimminggetDimmingSpeed  lto-llvm-8355ab.o
    0x12000608   0x12000608   0x00000080   Code   RO          257    .text.LIN_AutoAddr_End  lto-llvm-8355ab.o
    0x12000688   0x12000688   0x000000a4   Code   RO          253    .text.LIN_AutoAddr_Meas_Exit  lto-llvm-8355ab.o
    0x1200072c   0x1200072c   0x0000004c   Code   RO          255    .text.LIN_AutoAddr_SetFallingEdge  lto-llvm-8355ab.o
    0x12000778   0x12000778   0x00000048   Code   RO          307    .text.LIN_COM_Handler  lto-llvm-8355ab.o
    0x120007c0   0x120007c0   0x00000620   Code   RO          359    .text.NVIC_IRQ2_Handler  lto-llvm-8355ab.o
    0x12000de0   0x12000de0   0x00000044   Code   RO          361    .text.NVIC_IRQ4_Handler  lto-llvm-8355ab.o
    0x12000e24   0x12000e24   0x00000084   Code   RO          363    .text.NVIC_IRQ5_Handler  lto-llvm-8355ab.o
    0x12000ea8   0x12000ea8   0x0000003c   Code   RO          365    .text.PMU_initWatchdog  lto-llvm-8355ab.o
    0x12000ee4   0x12000ee4   0x00000014   Code   RO          367    .text.Reset_Handler  lto-llvm-8355ab.o
    0x12000ef8   0x12000ef8   0x00000004   Code   RO          291    .text.SwriteJudge_AutolAddr  lto-llvm-8355ab.o
    0x12000efc   0x12000efc   0x00000028   Code   RO          293    .text.SwriteJudge_DimXnYn  lto-llvm-8355ab.o
    0x12000f24   0x12000f24   0x00000004   Code   RO          295    .text.SwriteJudge_ResetDummy  lto-llvm-8355ab.o
    0x12000f28   0x12000f28   0x00000014   Code   RO          281    .text.SwriteJudge_Utemp  lto-llvm-8355ab.o
    0x12000f3c   0x12000f3c   0x00000012   Code   RO          283    .text.SwriteJudge_Vtemp  lto-llvm-8355ab.o
    0x12000f4e   0x12000f4e   0x00000012   Code   RO          279    .text.SwriteJudge_brightnessFactor  lto-llvm-8355ab.o
    0x12000f60   0x12000f60   0x00000018   Code   RO          289    .text.SwriteJudge_eolAddr  lto-llvm-8355ab.o
    0x12000f78   0x12000f78   0x0000001c   Code   RO          287    .text.SwriteJudge_pART  lto-llvm-8355ab.o
    0x12000f94   0x12000f94   0x0000000e   Code   RO          285    .text.SwriteJudge_pDeveloper  lto-llvm-8355ab.o
    0x12000fa2   0x12000fa2   0x00000002   PAD
    0x12000fa4   0x12000fa4   0x00000028   Code   RO          357    .text.SysTick_Handler  lto-llvm-8355ab.o
    0x12000fcc   0x12000fcc   0x00000090   Code   RO          373    .text.SystemInit    lto-llvm-8355ab.o
    0x1200105c   0x1200105c   0x00000098   Code   RO          261    .text.Updatebuf01_02  lto-llvm-8355ab.o
    0x120010f4   0x120010f4   0x00000094   Code   RO          263    .text.Updatebuf03_04  lto-llvm-8355ab.o
    0x12001188   0x12001188   0x00000094   Code   RO          265    .text.Updatebuf05_06  lto-llvm-8355ab.o
    0x1200121c   0x1200121c   0x00000094   Code   RO          267    .text.Updatebuf07_08  lto-llvm-8355ab.o
    0x120012b0   0x120012b0   0x0000009c   Code   RO          269    .text.Updatebuf09_10  lto-llvm-8355ab.o
    0x1200134c   0x1200134c   0x000000dc   Code   RO          271    .text.Updatebuf11_12  lto-llvm-8355ab.o
    0x12001428   0x12001428   0x000000a8   Code   RO          273    .text.Updatebuf13_14  lto-llvm-8355ab.o
    0x120014d0   0x120014d0   0x00000160   Code   RO          321    .text.WitheBalanceTempInit  lto-llvm-8355ab.o
    0x12001630   0x12001630   0x00000018   Code   RO          339    .text.__algoClampWhiteRatioFix16ToQ10000  lto-llvm-8355ab.o
    0x12001648   0x12001648   0x0000001a   Code   RO          343    .text.__algoCross2D  lto-llvm-8355ab.o
    0x12001662   0x12001662   0x00000002   PAD
    0x12001664   0x12001664   0x00000024   Code   RO          333    .text.__algoFix16ToSignedQ10000  lto-llvm-8355ab.o
    0x12001688   0x12001688   0x00000228   Code   RO          329    .text.__algoGetDutyRatio  lto-llvm-8355ab.o
    0x120018b0   0x120018b0   0x000000a8   Code   RO          331    .text.__algoGetWhiteDutyRatio  lto-llvm-8355ab.o
    0x12001958   0x12001958   0x00000008   Code   RO          325    .text.__algoGetWhitePointX  lto-llvm-8355ab.o
    0x12001960   0x12001960   0x0000000c   Code   RO          327    .text.__algoGetWhitePointY  lto-llvm-8355ab.o
    0x1200196c   0x1200196c   0x00000054   Code   RO          335    .text.__algoIsSonderfunktion2TempBypassTarget  lto-llvm-8355ab.o
    0x120019c0   0x120019c0   0x0000025c   Code   RO          323    .text.__algoSplitTargetColorByWhite  lto-llvm-8355ab.o
    0x12001c1c   0x12001c1c   0x00000034   Code   RO          341    .text.__algoSyncSonderfunktion2DebugArray  lto-llvm-8355ab.o
    0x12001c50   0x12001c50   0x0000000c   Code   RO          337    .text.__algoWhiteRgbParamToFix16  lto-llvm-8355ab.o
    0x12001c5c   0x12001c5c   0x00000134   Code   RO          297    .text.__doRequest   lto-llvm-8355ab.o
    0x12001d90   0x12001d90   0x0000002a   Code   RO          277    .text.calculateParityPID  lto-llvm-8355ab.o
    0x12001dba   0x12001dba   0x00000002   PAD
    0x12001dbc   0x12001dbc   0x00000024   Code   RO          301    .text.endAAProcess  lto-llvm-8355ab.o
    0x12001de0   0x12001de0   0x000000a0   Code   RO          345    .text.fix16_div     lto-llvm-8355ab.o
    0x12001e80   0x12001e80   0x0000003a   Code   RO          347    .text.fix16_mul     lto-llvm-8355ab.o
    0x12001eba   0x12001eba   0x00000002   PAD
    0x12001ebc   0x12001ebc   0x0000047c   Code   RO          247    .text.l_hal_cyclic_call  lto-llvm-8355ab.o
    0x12002338   0x12002338   0x00000304   Code   RO          251    .text.l_sys_init    lto-llvm-8355ab.o
    0x1200263c   0x1200263c   0x00000018   Code   RO          305    .text.l_sys_irq_restore  lto-llvm-8355ab.o
    0x12002654   0x12002654   0x00000230   Code   RO          245    .text.lin_hal_ISR   lto-llvm-8355ab.o
    0x12002884   0x12002884   0x00000154   Code   RO          237    .text.lin_hal_init_uart  lto-llvm-8355ab.o
    0x120029d8   0x120029d8   0x00000074   Code   RO          243    .text.lin_hal_set_resp_error  lto-llvm-8355ab.o
    0x12002a4c   0x12002a4c   0x0000002c   Code   RO          241    .text.lin_hal_tx_byte  lto-llvm-8355ab.o
    0x12002a78   0x12002a78   0x0000009c   Code   RO          239    .text.lin_hal_tx_response  lto-llvm-8355ab.o
    0x12002b14   0x12002b14   0x00000034   Code   RO          249    .text.lin_tp_init   lto-llvm-8355ab.o
    0x12002b48   0x12002b48   0x000004e4   Code   RO          235    .text.main          lto-llvm-8355ab.o
    0x1200302c   0x1200302c   0x00000038   Code   RO          313    .text.moduleFlashLoad  lto-llvm-8355ab.o
    0x12003064   0x12003064   0x000000a0   Code   RO          311    .text.moduleFlashSave  lto-llvm-8355ab.o
    0x12003104   0x12003104   0x0000000c   Code   RO          317    .text.moduleLedPowerOff  lto-llvm-8355ab.o
    0x12003110   0x12003110   0x000000c8   Code   RO          315    .text.moduleLedUpdatePWM  lto-llvm-8355ab.o
    0x120031d8   0x120031d8   0x0000002c   Code   RO          319    .text.moduleWatchdogFeed  lto-llvm-8355ab.o
    0x12003204   0x12003204   0x0000001c   Code   RO          299    .text.startAAProcess  lto-llvm-8355ab.o
    0x12003220   0x12003220   0x00000088   Code   RO          275    .text.systemLinCommChangeNad  lto-llvm-8355ab.o
    0x120032a8   0x120032a8   0x00002e38   Code   RO          303    .text.systemMainLoop  lto-llvm-8355ab.o
    0x120060e0   0x120060e0   0x00000190   Data   RO          402    .rodata.Serverlist  lto-llvm-8355ab.o
    0x12006270   0x12006270   0x000000b0   Data   RO          415    .rodata.TtoCIE      lto-llvm-8355ab.o
    0x12006320   0x12006320   0x0000003c   Data   RO          388    .rodata.const_LIN_FRAME_CTRL_INIT03  lto-llvm-8355ab.o
    0x1200635c   0x1200635c   0x0000003c   Data   RO          389    .rodata.const_LIN_FRAME_CTRL_INIT04  lto-llvm-8355ab.o
    0x12006398   0x12006398   0x0000003c   Data   RO          390    .rodata.const_LIN_FRAME_CTRL_INIT05  lto-llvm-8355ab.o
    0x120063d4   0x120063d4   0x0000003c   Data   RO          391    .rodata.const_LIN_FRAME_CTRL_INIT06  lto-llvm-8355ab.o
    0x12006410   0x12006410   0x0000003c   Data   RO          392    .rodata.const_LIN_FRAME_CTRL_INIT07  lto-llvm-8355ab.o
    0x1200644c   0x1200644c   0x0000003c   Data   RO          393    .rodata.const_LIN_FRAME_CTRL_INIT08  lto-llvm-8355ab.o
    0x12006488   0x12006488   0x0000003c   Data   RO          394    .rodata.const_LIN_FRAME_CTRL_INIT09  lto-llvm-8355ab.o
    0x120064c4   0x120064c4   0x0000003c   Data   RO          395    .rodata.const_LIN_FRAME_CTRL_INIT10  lto-llvm-8355ab.o
    0x12006500   0x12006500   0x0000003c   Data   RO          396    .rodata.const_LIN_FRAME_CTRL_INIT11  lto-llvm-8355ab.o
    0x1200653c   0x1200653c   0x0000003c   Data   RO          397    .rodata.const_LIN_FRAME_CTRL_INIT12  lto-llvm-8355ab.o
    0x12006578   0x12006578   0x0000003c   Data   RO          398    .rodata.const_LIN_FRAME_CTRL_INIT13  lto-llvm-8355ab.o
    0x120065b4   0x120065b4   0x0000003c   Data   RO          399    .rodata.const_LIN_FRAME_CTRL_INIT14  lto-llvm-8355ab.o
    0x120065f0   0x120065f0   0x0000003c   Data   RO          400    .rodata.const_LIN_FRAME_CTRL_INIT16  lto-llvm-8355ab.o
    0x1200662c   0x1200662c   0x00000060   Data   RO          401    .rodata.const_LinData  lto-llvm-8355ab.o
    0x1200668c   0x1200668c   0x00000078   Data   RO          416    .rodata.gAlgoSonderfunktion2TempCoefF1  lto-llvm-8355ab.o
    0x12006704   0x12006704   0x00000078   Data   RO          417    .rodata.gAlgoSonderfunktion2TempCoefF2  lto-llvm-8355ab.o
    0x1200677c   0x1200677c   0x000007bc   Data   RO          418    .rodata.g_algoRatioKRatioQ10000Lut  lto-llvm-8355ab.o
    0x12006f38   0x12006f38   0x0000000c   Data   RO          411    .rodata.s32_B_cornerPoint_large  lto-llvm-8355ab.o
    0x12006f44   0x12006f44   0x0000000c   Data   RO          412    .rodata.s32_G_cornerPoint_large  lto-llvm-8355ab.o
    0x12006f50   0x12006f50   0x0000000c   Data   RO          414    .rodata.s32_R_cornerPoint_large  lto-llvm-8355ab.o
    0x12006f5c   0x12006f5c   0x0000000c   Data   RO          413    .rodata.s32_R_cornerPoint_real  lto-llvm-8355ab.o
    0x12006f68   0x12006f68   0x0000000c   Data   RO          408    .rodata.s32_plane_a  lto-llvm-8355ab.o
    0x12006f74   0x12006f74   0x0000000c   Data   RO          409    .rodata.s32_plane_b  lto-llvm-8355ab.o
    0x12006f80   0x12006f80   0x0000000c   Data   RO          410    .rodata.s32_plane_d  lto-llvm-8355ab.o
    0x12006f8c   0x12006f8c   0x00000120   Data   RO          405    .rodata.serveceList  lto-llvm-8355ab.o
    0x120070ac   0x120070ac   0x00000006   Data   RO          403    .rodata.softwareVersion  lto-llvm-8355ab.o
    0x120070b2   0x120070b2   0x00000002   PAD
    0x120070b4   0x120070b4   0x00000020   Data   RO          459    Region$$Table       anon$$obj.o


    Execution Region RW_IRAM1 (Exec base: 0x18000000, Load base: 0x120070d4, Size: 0x000004e0, Max: 0x00000a00, ABSOLUTE)

    Exec Addr    Load Addr    Size         Type   Attr      Idx    E Section Name        Object

    0x18000000   0x120070d4   0x00000074   Data   RW          421    .data..L_MergedGlobals  lto-llvm-8355ab.o
    0x18000074   0x12007148   0x00000060   Data   RW          404    .data.l_LinData     lto-llvm-8355ab.o
    0x180000d4        -       0x0000007e   Zero   RW          422    .bss..L_MergedGlobals.215  lto-llvm-8355ab.o
    0x18000152   0x120071a8   0x00000002   PAD
    0x18000154        -       0x0000007c   Zero   RW          423    .bss..L_MergedGlobals.216  lto-llvm-8355ab.o
    0x180001d0        -       0x0000007c   Zero   RW          424    .bss..L_MergedGlobals.217  lto-llvm-8355ab.o
    0x1800024c        -       0x0000007a   Zero   RW          425    .bss..L_MergedGlobals.218  lto-llvm-8355ab.o
    0x180002c6   0x120071a8   0x00000002   PAD
    0x180002c8        -       0x00000072   Zero   RW          426    .bss..L_MergedGlobals.219  lto-llvm-8355ab.o
    0x1800033a   0x120071a8   0x00000002   PAD
    0x1800033c        -       0x0000007a   Zero   RW          427    .bss..L_MergedGlobals.220  lto-llvm-8355ab.o
    0x180003b6        -       0x0000005a   Zero   RW          428    .bss..L_MergedGlobals.221  lto-llvm-8355ab.o
    0x18000410        -       0x00000008   Zero   RW          406    .bss.Quiltcheck     lto-llvm-8355ab.o
    0x18000418        -       0x00000002   Zero   RW          386    .bss.l_flags_RGBe_Ans  lto-llvm-8355ab.o
    0x1800041a        -       0x00000002   Zero   RW          387    .bss.l_flags_RGBe_Req  lto-llvm-8355ab.o
    0x1800041c        -       0x00000002   Zero   RW          376    .bss.l_flags_RGBe_Slave_a_01_02  lto-llvm-8355ab.o
    0x1800041e        -       0x00000002   Zero   RW          377    .bss.l_flags_RGBe_Slave_a_03_04  lto-llvm-8355ab.o
    0x18000420        -       0x00000002   Zero   RW          378    .bss.l_flags_RGBe_Slave_a_05_06  lto-llvm-8355ab.o
    0x18000422        -       0x00000002   Zero   RW          379    .bss.l_flags_RGBe_Slave_a_07_08  lto-llvm-8355ab.o
    0x18000424        -       0x00000002   Zero   RW          380    .bss.l_flags_RGBe_Slave_a_09_10  lto-llvm-8355ab.o
    0x18000426        -       0x00000002   Zero   RW          381    .bss.l_flags_RGBe_Slave_a_11_12  lto-llvm-8355ab.o
    0x18000428        -       0x00000002   Zero   RW          382    .bss.l_flags_RGBe_Slave_a_13_14  lto-llvm-8355ab.o
    0x1800042a        -       0x00000002   Zero   RW          385    .bss.l_flags_RGBe_Sync_abcd  lto-llvm-8355ab.o
    0x1800042c        -       0x00000002   Zero   RW          383    .bss.l_flags_RGBe_Write_a_08  lto-llvm-8355ab.o
    0x1800042e        -       0x00000002   Zero   RW          384    .bss.l_flags_RGBs_Slave_08a  lto-llvm-8355ab.o
    0x18000430        -       0x000000b0   Zero   RW          407    .bss.savedConfig    lto-llvm-8355ab.o


    Execution Region ARM_LIB_STACK (Exec base: 0x18000a00, Load base: 0x120071a8, Size: 0x00000200, Max: 0x00000200, ABSOLUTE)

    Exec Addr    Load Addr    Size         Type   Attr      Idx    E Section Name        Object

    0x18000a00        -       0x00000200   Zero   RW            1    ARM_LIB_STACK.bss   anon$$obj.o


==============================================================================

Image component sizes


      Code (inc. data)   RO Data    RW Data    ZI Data      Debug   Object Name

     23732       1940       4210        212       1030     231687   lto-llvm-8355ab.o

    ----------------------------------------------------------------------
     23740       1940       4244        212       1548     231687   Object Totals
         0          0         32          0        512          0   (incl. Generated)
         8          0          2          0          6          0   (incl. Padding)

    ----------------------------------------------------------------------

      Code (inc. data)   RO Data    RW Data    ZI Data      Debug   Library Member Name

         8          0          0          0          0         68   __main.o
         0          0          0          0          0          0   __rtentry.o
        12          0          0          0          0          0   __rtentry2.o
         8          4          0          0          0          0   __rtentry7.o
        86         10          0          0          0          0   __scatter.o
        26          0          0          0          0          0   __scatter_copy.o
        28          0          0          0          0          0   __scatter_zi.o
        18          0          0          0          0         68   aeabi_memset.o
        16          0          0          0          0         68   exit.o
         0          0          0          0          0          0   indicate_semi.o
         2          0          0          0          0          0   libinit.o
         2          0          0          0          0          0   libinit2.o
         2          0          0          0          0          0   libshutdown.o
         2          0          0          0          0          0   libshutdown2.o
        48          0          0          0          0         72   llmul.o
       272          0          0          0          0         88   lludiv.o
        90          0          0          0          0         68   memcmp.o
        64          0          0          0          0        108   rt_memclr.o
       186          0          0          0          0        144   rt_memcpy.o
         2          0          0          0          0          0   rtexit.o
        10          0          0          0          0          0   rtexit2.o
        12          4          0          0          0         60   sys_exit.o
         2          0          0          0          0         68   use_no_semi.o

    ----------------------------------------------------------------------
       900         18          0          0          0        812   Library Totals
         4          0          0          0          0          0   (incl. Padding)

    ----------------------------------------------------------------------

      Code (inc. data)   RO Data    RW Data    ZI Data      Debug   Library Name

       896         18          0          0          0        812   c_p.l

    ----------------------------------------------------------------------
       900         18          0          0          0        812   Library Totals

    ----------------------------------------------------------------------

==============================================================================


      Code (inc. data)   RO Data    RW Data    ZI Data      Debug   

     24640       1958       4244        212       1548     232359   Grand Totals
     24640       1958       4244        212       1548     232359   ELF Image Totals
     24640       1958       4244        212          0          0   ROM Totals

==============================================================================

    Total RO  Size (Code + RO Data)                28884 (  28.21kB)
    Total RW  Size (RW Data + ZI Data)              1760 (   1.72kB)
    Total ROM Size (Code + RO Data + RW Data)      29096 (  28.41kB)

==============================================================================

