<html>
<body>
<pre>
<h1>µVision Build Log</h1>
<h2>Tool Versions:</h2>
IDE-Version: ¦ÌVision V5.39.0.0
Copyright (C) 2023 ARM Ltd and ARM Germany GmbH. All rights reserved.
License Information: 1 1, 1, LIC=----
 
Tool Versions:
Toolchain:       MDK-Lite  Version: 5.39.0.0
Toolchain Path:  C:\Keil_v5\ARM\ARMCLANG\Bin
C Compiler:      ArmClang.exe V6.21
Assembler:       Armasm.exe V6.21
Linker/Locator:  ArmLink.exe V6.21
Library Manager: ArmAr.exe V6.21
Hex Converter:   FromElf.exe V6.21
CPU DLL:         
Dialog DLL:      
Target DLL:      Segger\JL2CM3.dll V2.99.43.0
Dialog DLL:      TCM.DLL V1.56.4.0
 
<h2>Project:</h2>
D:\SVN\RLNE11\Trunk\20260601_IO\21us_adc_double_sample\SWSC_RLNE11_S0700_0X00_H04\AmbientRGB_LINAA_TLD4020.uvprojx
Project File Date:  06/04/2026

<h2>Output:</h2>
*** Using Compiler 'V6.21', folder: 'C:\Keil_v5\ARM\ARMCLANG\Bin'
Build target 'AmbientRGB_LINAA_TLD4020'
compiling lin_hal.c...
linking...
Program Size: Code=23852 RO-data=2216 RW-data=288 ZI-data=2576  
FromELF: creating hex file...
After Build - User command #1: findstr /C:"Total R" Listings\*.map
Listings\AmbientRGB_LINAA_TLD4020.map:    Total RO  Size (Code + RO Data)                26068 (  25.46kB)
Listings\AmbientRGB_LINAA_TLD4020.map:    Total RW  Size (RW Data + ZI Data)              2864 (   2.80kB)
Listings\AmbientRGB_LINAA_TLD4020.map:    Total ROM Size (Code + RO Data + RW Data)      26356 (  25.74kB)
".\Objects\AmbientRGB_LINAA_TLD4020.axf" - 0 Error(s), 0 Warning(s).

<h2>Software Packages used:</h2>

Package Vendor: ARM
                http://www.keil.com/pack/ARM.CMSIS.5.9.0.pack
                ARM::CMSIS@5.9.0
                CMSIS (Common Microcontroller Software Interface Standard)
   * Component: CORE Version: 5.6.0

Package Vendor: Infineon
                
                Infineon::TLD40xx_DFP@2.0.1
                Infineon TLD40xx Series Device Support
   * Component: Config Wizard Version: 1.1.0
   * Component: ADC11 Version: 1.0.2
   * Component: BOOTROM Version: 1.0.0
   * Component: CPU Version: 1.0.1
   * Component: GPIO Version: 1.0.1
   * Component: ISR Version: 1.0.2
   * Component: LDRV Version: 1.0.2
   * Component: LIN Version: 2.0.2
   * Component: MEM Version: 1.0.1
   * Component: OSC Version: 1.0.1
   * Component: PMU Version: 1.0.1
   * Component: SCU Version: 1.0.1
   * Component: Startup files Variant: Assembler startup Version: 1.0.0

<h2>Collection of Component include folders:</h2>
  ./RTE/Device/TLD4020-3ET
  ./RTE/_AmbientRGB_LINAA_TLD4020
  C:/Users/SH2304013/AppData/Local/Arm/Packs/ARM/CMSIS/5.9.0/CMSIS/Core/Include
  C:/Users/SH2304013/AppData/Local/Arm/Packs/Infineon/TLD40xx_DFP/2.0.1/device/lib/inc

<h2>Collection of Component Files used:</h2>

   * Component: ARM::CMSIS:CORE@5.6.0

   * Component: Infineon::Device:Config Wizard@1.1.0
      Include file:  device/lib/cfgwiz/defines/TLD4020_3/cpu_defines.h
      Include file:  device/lib/cfgwiz/defines/TLD4020_3/gpio_defines.h
      Include file:  device/lib/cfgwiz/defines/TLD4020_3/isr_defines.h
      Include file:  device/lib/cfgwiz/defines/TLD4020_3/osc_defines.h
      Include file:  device/lib/cfgwiz/defines/TLD4020_3/lin_defines.h
      Include file:  device/lib/cfgwiz/defines/TLD4020_3/scu_defines.h
      Include file:  device/lib/cfgwiz/defines/TLD4020_3/mem_defines.h
      Include file:  device/lib/cfgwiz/defines/TLD4020_3/adc11_defines.h
      Include file:  device/lib/cfgwiz/defines/TLD4020_3/pmu_defines.h
      Include file:  device/lib/cfgwiz/defines/TLD4020_3/ldrv_defines.h
      Include file:  device/lib/cfgwiz/defines/TLD4020_3/bsl_defines.h

   * Component: Infineon::Device:Lib:ADC11@1.0.2
      Source file:   device/lib/src/adc11.c
      Include file:  device/lib/inc/adc11.h

   * Component: Infineon::Device:Lib:BOOTROM@1.0.0
      Include file:  device/lib/inc/bootrom.h

   * Component: Infineon::Device:Lib:CPU@1.0.1
      Source file:   device/lib/src/cpu.c
      Include file:  device/lib/inc/cpu.h

   * Component: Infineon::Device:Lib:GPIO@1.0.1
      Source file:   device/lib/src/gpio.c
      Include file:  device/lib/inc/gpio.h

   * Component: Infineon::Device:Lib:ISR@1.0.2
      Source file:   device/lib/src/isr_nvic_irq4_handler.c
      Include file:  device/lib/inc/isr_nvic_irq5_handler.h
      Source file:   device/lib/src/isr.c
      Include file:  device/lib/inc/isr_nvic_irq4_handler.h
      Include file:  device/lib/inc/isr_nvic_irq7_handler.h
      Include file:  device/lib/inc/isr_nvic_irq2_handler.h
      Include file:  device/lib/inc/isr_nvic_irq0_handler.h
      Source file:   device/lib/src/isr_nvic_irq0_handler.c
      Source file:   device/lib/src/isr_nvic_irq2_handler.c
      Source file:   device/lib/src/isr_nvic_irq5_handler.c
      Source file:   device/lib/src/isr_nvic_irq6_handler.c
      Source file:   device/lib/src/isr_nvic_irq7_handler.c
      Include file:  device/lib/inc/isr.h
      Include file:  device/lib/inc/isr_nvic_irq6_handler.h

   * Component: Infineon::Device:Lib:LDRV@1.0.2
      Source file:   device/lib/src/ldrv.c
      Include file:  device/lib/inc/ldrv.h

   * Component: Infineon::Device:Lib:LIN@2.0.2
      Include file:  device/lib/inc/lin.h
      Source file:   device/lib/src/lin.c

   * Component: Infineon::Device:Lib:MEM@1.0.1
      Include file:  device/lib/inc/mem.h
      Source file:   device/lib/src/mem.c

   * Component: Infineon::Device:Lib:OSC@1.0.1
      Source file:   device/lib/src/osc.c
      Include file:  device/lib/inc/osc.h

   * Component: Infineon::Device:Lib:PMU@1.0.1
      Source file:   device/lib/src/pmu.c
      Include file:  device/lib/inc/pmu.h

   * Component: Infineon::Device:Lib:SCU@1.0.1
      Source file:   device/lib/src/scu.c
      Include file:  device/lib/inc/scu.h

   * Component: Infineon::Device:Startup:Startup files&Assembler startup@1.0.0
      Include file:  device/lib/inc/error_codes.h
      Include file:  device/lib/inc/variants.h
      Include file:  device/startup/inc/system_tld40xx.h
      Source file:   device/lib/cfgwiz/defines/TLD4020_3/bsl_defines_ARM.inc
      Source file:   device/startup/asm/ARM/startup_tld40xx.S
      Source file:   device/lib/src/device.c
      Source file:   device/startup/src/system_tld40xx.c
      Source file:   device/lib/main/main.c
      Include file:  device/lib/inc/types.h
      Include file:  device/lib/inc/tld40xx.h
      Include file:  device/lib/inc/cmsis_misra.h
      Include file:  device/lib/inc/tld40xx_generated.h
      Include file:  device/lib/inc/device.h
Build Time Elapsed:  00:00:13
</pre>
</body>
</html>
