*** Using Compiler 'V6.21', folder: 'D:\keil\ARM\ARMCLANG\Bin'
Build target 'Target 1'
compiling lin_master_task.c...
compiling lin_autoaddressing_cfg.c...
compiling genLinConfig.c...
compiling lin_diag_raw.c...
compiling lin_config.c...
compiling lin_main.c...
compiling lin_app.c...
compiling lin_driver_api.c...
compiling LINApplication.c...
compiling lin_diag_tp.c...
compiling main.c...
compiling lin_hal.c...
compiling lin_slave_task.c...
compiling lin_autoaddressing.c...
compiling SystemLinComm.c...
compiling SystemDerating.c...
compiling SystemType.c...
compiling ModuleBattery.c...
compiling ModuleAdc.c...
compiling SystemControl.c...
compiling SystemStatus.c...
compiling ModuleClock.c...
compiling SystemLinDiag.c...
compiling ModuleFlash.c...
compiling SystemMain.c...
compiling ModulePower.c...
compiling ModuleWatchdog.c...
compiling ModuleLed.c...
compiling LookUp_U16_U16.c...
compiling ModuleTemperature.c...
compiling Dimming_Calculate.c...
compiling BINARYSEARCH_U16.c...
compiling INTERPOLATE_U16_U16.c...
compiling FloatLib.c...
compiling adc11.c...
compiling AlgoRatioK_localfit.c...
compiling cpu.c...
compiling device.c...
compiling Algorithm.c...
compiling gpio.c...
compiling isr.c...
compiling isr_nvic_irq0_handler.c...
compiling isr_nvic_irq2_handler.c...
compiling isr_nvic_irq3_handler.c...
compiling isr_nvic_irq6_handler.c...
compiling isr_nvic_irq5_handler.c...
compiling isr_nvic_irq4_handler.c...
compiling isr_nvic_irq7_handler.c...
compiling mem.c...
compiling ldrv.c...
compiling lin.c...
compiling pmu.c...
compiling scu.c...
compiling startup_tld40xx.c...
compiling system_tld40xx.c...
linking...
Program Size: Code=22744 RO-data=3548 RW-data=220 ZI-data=1488  
FromELF: creating hex file...
After Build - User command #1: findstr /C:"Total R" Listings\*.map
Listings\TLD4020_4ET_JLINK_GETTING_STARTED.map:    Total RO  Size (Code + RO Data)                26292 (  25.68kB)
Listings\TLD4020_4ET_JLINK_GETTING_STARTED.map:    Total RW  Size (RW Data + ZI Data)              1708 (   1.67kB)
Listings\TLD4020_4ET_JLINK_GETTING_STARTED.map:    Total ROM Size (Code + RO Data + RW Data)      26512 (  25.89kB)
".\Objects\TLD4020_4ET_JLINK_GETTING_STARTED.axf" - 0 Error(s), 0 Warning(s).
Build Time Elapsed:  00:00:08
