<!doctype html public "-//w3c//dtd html 4.0 transitional//en">
<html><head>
<title>Static Call Graph - [.\Objects\TLD4020_4ET_JLINK_GETTING_STARTED.axf]</title></head>
<body><HR>
<H1>Static Call Graph for image .\Objects\TLD4020_4ET_JLINK_GETTING_STARTED.axf</H1><HR>
<BR><P>#&#060CALLGRAPH&#062# ARM Linker, 6210000: Last Updated: Thu May 28 11:25:04 2026
<BR><P>
<H3>Maximum Stack Usage =        600 bytes + Unknown(Cycles, Untraceable Function Pointers)</H3><H3>
Call chain for Maximum Stack Depth:</H3>
__rt_entry_main &rArr; main &rArr; systemMainLoop &rArr; moduleFlashSave &rArr; moduleFlashLoad
<P>
<H3>
Mutually Recursive functions
</H3> <LI><a href="#[2]">HardFault_Handler</a>&nbsp;&nbsp;&nbsp;&rArr;&nbsp;&nbsp;&nbsp;<a href="#[2]">HardFault_Handler</a><BR>
 <LI><a href="#[1]">Default_Handler</a>&nbsp;&nbsp;&nbsp;&rArr;&nbsp;&nbsp;&nbsp;<a href="#[1]">Default_Handler</a><BR>
</UL>
<P>
<H3>
Function Pointers
</H3><UL>
 <LI><a href="#[12]">AlgoRatioK_ScaledIntToFix16</a> from lto-llvm-f2c118.o(.text.AlgoRatioK_ScaledIntToFix16) referenced from lto-llvm-f2c118.o(.text.systemMainLoop)
 <LI><a href="#[1]">Default_Handler</a> from lto-llvm-f2c118.o(.text.Default_Handler) referenced 8 times from lto-llvm-f2c118.o(RESET)
 <LI><a href="#[2]">HardFault_Handler</a> from lto-llvm-f2c118.o(.text.HardFault_Handler) referenced from lto-llvm-f2c118.o(RESET)
 <LI><a href="#[4]">NVIC_IRQ2_Handler</a> from lto-llvm-f2c118.o(.text.NVIC_IRQ2_Handler) referenced from lto-llvm-f2c118.o(RESET)
 <LI><a href="#[5]">NVIC_IRQ4_Handler</a> from lto-llvm-f2c118.o(.text.NVIC_IRQ4_Handler) referenced from lto-llvm-f2c118.o(RESET)
 <LI><a href="#[6]">NVIC_IRQ5_Handler</a> from lto-llvm-f2c118.o(.text.NVIC_IRQ5_Handler) referenced from lto-llvm-f2c118.o(RESET)
 <LI><a href="#[0]">Reset_Handler</a> from lto-llvm-f2c118.o(.text.Reset_Handler) referenced from lto-llvm-f2c118.o(RESET)
 <LI><a href="#[1a]">SwriteJudge_AutolAddr</a> from lto-llvm-f2c118.o(.text.SwriteJudge_AutolAddr) referenced from lto-llvm-f2c118.o(.rodata.Serverlist)
 <LI><a href="#[1b]">SwriteJudge_DimXnYn</a> from lto-llvm-f2c118.o(.text.SwriteJudge_DimXnYn) referenced 9 times from lto-llvm-f2c118.o(.rodata.Serverlist)
 <LI><a href="#[1c]">SwriteJudge_ResetDummy</a> from lto-llvm-f2c118.o(.text.SwriteJudge_ResetDummy) referenced 9 times from lto-llvm-f2c118.o(.rodata.Serverlist)
 <LI><a href="#[15]">SwriteJudge_Utemp</a> from lto-llvm-f2c118.o(.text.SwriteJudge_Utemp) referenced from lto-llvm-f2c118.o(.rodata.Serverlist)
 <LI><a href="#[16]">SwriteJudge_Vtemp</a> from lto-llvm-f2c118.o(.text.SwriteJudge_Vtemp) referenced from lto-llvm-f2c118.o(.rodata.Serverlist)
 <LI><a href="#[14]">SwriteJudge_brightnessFactor</a> from lto-llvm-f2c118.o(.text.SwriteJudge_brightnessFactor) referenced from lto-llvm-f2c118.o(.rodata.Serverlist)
 <LI><a href="#[19]">SwriteJudge_eolAddr</a> from lto-llvm-f2c118.o(.text.SwriteJudge_eolAddr) referenced from lto-llvm-f2c118.o(.rodata.Serverlist)
 <LI><a href="#[18]">SwriteJudge_pART</a> from lto-llvm-f2c118.o(.text.SwriteJudge_pART) referenced from lto-llvm-f2c118.o(.rodata.Serverlist)
 <LI><a href="#[17]">SwriteJudge_pDeveloper</a> from lto-llvm-f2c118.o(.text.SwriteJudge_pDeveloper) referenced from lto-llvm-f2c118.o(.rodata.Serverlist)
 <LI><a href="#[3]">SysTick_Handler</a> from lto-llvm-f2c118.o(.text.SysTick_Handler) referenced from lto-llvm-f2c118.o(RESET)
 <LI><a href="#[b]">Updatebuf01_02</a> from lto-llvm-f2c118.o(.text.Updatebuf01_02) referenced from lto-llvm-f2c118.o(.text.systemMainLoop)
 <LI><a href="#[c]">Updatebuf03_04</a> from lto-llvm-f2c118.o(.text.Updatebuf03_04) referenced from lto-llvm-f2c118.o(.text.systemMainLoop)
 <LI><a href="#[d]">Updatebuf05_06</a> from lto-llvm-f2c118.o(.text.Updatebuf05_06) referenced from lto-llvm-f2c118.o(.text.systemMainLoop)
 <LI><a href="#[e]">Updatebuf07_08</a> from lto-llvm-f2c118.o(.text.Updatebuf07_08) referenced from lto-llvm-f2c118.o(.text.systemMainLoop)
 <LI><a href="#[f]">Updatebuf09_10</a> from lto-llvm-f2c118.o(.text.Updatebuf09_10) referenced from lto-llvm-f2c118.o(.text.systemMainLoop)
 <LI><a href="#[10]">Updatebuf11_12</a> from lto-llvm-f2c118.o(.text.Updatebuf11_12) referenced from lto-llvm-f2c118.o(.text.systemMainLoop)
 <LI><a href="#[11]">Updatebuf13_14</a> from lto-llvm-f2c118.o(.text.Updatebuf13_14) referenced from lto-llvm-f2c118.o(.text.systemMainLoop)
 <LI><a href="#[13]">__algoGetWhitePointY</a> from lto-llvm-f2c118.o(.text.__algoGetWhitePointY) referenced from lto-llvm-f2c118.o(.text.systemMainLoop)
 <LI><a href="#[9]">endAAProcess</a> from lto-llvm-f2c118.o(.text.endAAProcess) referenced from lto-llvm-f2c118.o(.text.main)
 <LI><a href="#[7]">fix16_div</a> from lto-llvm-f2c118.o(.text.fix16_div) referenced from lto-llvm-f2c118.o(.text.__algoGetDutyRatio)
 <LI><a href="#[7]">fix16_div</a> from lto-llvm-f2c118.o(.text.fix16_div) referenced from lto-llvm-f2c118.o(.text.__algoSplitTargetColorByWhite)
 <LI><a href="#[7]">fix16_div</a> from lto-llvm-f2c118.o(.text.fix16_div) referenced from lto-llvm-f2c118.o(.text.systemMainLoop)
 <LI><a href="#[8]">fix16_mul</a> from lto-llvm-f2c118.o(.text.fix16_mul) referenced from lto-llvm-f2c118.o(.text.__algoGetWhiteDutyRatio)
 <LI><a href="#[8]">fix16_mul</a> from lto-llvm-f2c118.o(.text.fix16_mul) referenced from lto-llvm-f2c118.o(.text.__algoSplitTargetColorByWhite)
 <LI><a href="#[8]">fix16_mul</a> from lto-llvm-f2c118.o(.text.fix16_mul) referenced 4 times from lto-llvm-f2c118.o(.text.systemMainLoop)
 <LI><a href="#[a]">startAAProcess</a> from lto-llvm-f2c118.o(.text.startAAProcess) referenced from lto-llvm-f2c118.o(.text.main)
</UL>
<P>
<H3>
Global Symbols
</H3>
<P><STRONG><a name="[1d]"></a>__main</STRONG> (Thumb, 8 bytes, Stack size 0 bytes, __main.o(!!!main))
<BR><BR>[Calls]<UL><LI><a href="#[1f]">&gt;&gt;</a>&nbsp;&nbsp;&nbsp;__rt_entry
<LI><a href="#[1e]">&gt;&gt;</a>&nbsp;&nbsp;&nbsp;__scatterload
</UL>
<BR>[Called By]<UL><LI><a href="#[0]">&gt;&gt;</a>&nbsp;&nbsp;&nbsp;Reset_Handler
</UL>

<P><STRONG><a name="[1e]"></a>__scatterload</STRONG> (Thumb, 0 bytes, Stack size unknown bytes, __scatter.o(!!!scatter))
<BR><BR>[Called By]<UL><LI><a href="#[1d]">&gt;&gt;</a>&nbsp;&nbsp;&nbsp;__main
</UL>

<P><STRONG><a name="[20]"></a>__scatterload_rt2</STRONG> (Thumb, 74 bytes, Stack size unknown bytes, __scatter.o(!!!scatter), UNUSED)
<BR><BR>[Calls]<UL><LI><a href="#[1f]">&gt;&gt;</a>&nbsp;&nbsp;&nbsp;__rt_entry
</UL>

<P><STRONG><a name="[5d]"></a>__scatterload_rt2_thumb_only</STRONG> (Thumb, 0 bytes, Stack size unknown bytes, __scatter.o(!!!scatter), UNUSED)

<P><STRONG><a name="[5e]"></a>__scatterload_loop</STRONG> (Thumb, 0 bytes, Stack size unknown bytes, __scatter.o(!!!scatter), UNUSED)

<P><STRONG><a name="[5f]"></a>__scatterload_null</STRONG> (Thumb, 2 bytes, Stack size unknown bytes, __scatter.o(!!handler_null), UNUSED)

<P><STRONG><a name="[60]"></a>__I$use$semihosting</STRONG> (Thumb, 0 bytes, Stack size 0 bytes, use_no_semi.o(.text), UNUSED)

<P><STRONG><a name="[61]"></a>__use_no_semihosting_swi</STRONG> (Thumb, 2 bytes, Stack size 0 bytes, use_no_semi.o(.text), UNUSED)

<P><STRONG><a name="[21]"></a>__scatterload_copy</STRONG> (Thumb, 26 bytes, Stack size unknown bytes, __scatter_copy.o(!!handler_copy), UNUSED)
<BR><BR>[Calls]<UL><LI><a href="#[21]">&gt;&gt;</a>&nbsp;&nbsp;&nbsp;__scatterload_copy
</UL>
<BR>[Called By]<UL><LI><a href="#[21]">&gt;&gt;</a>&nbsp;&nbsp;&nbsp;__scatterload_copy
</UL>

<P><STRONG><a name="[62]"></a>__scatterload_zeroinit</STRONG> (Thumb, 28 bytes, Stack size unknown bytes, __scatter_zi.o(!!handler_zi), UNUSED)

<P><STRONG><a name="[23]"></a>__rt_lib_init</STRONG> (Thumb, 0 bytes, Stack size unknown bytes, libinit.o(.ARM.Collect$$libinit$$00000000))
<BR><BR>[Called By]<UL><LI><a href="#[22]">&gt;&gt;</a>&nbsp;&nbsp;&nbsp;__rt_entry_li
</UL>

<P><STRONG><a name="[63]"></a>__rt_lib_init_alloca_1</STRONG> (Thumb, 0 bytes, Stack size unknown bytes, libinit2.o(.ARM.Collect$$libinit$$00000030))

<P><STRONG><a name="[64]"></a>__rt_lib_init_argv_1</STRONG> (Thumb, 0 bytes, Stack size unknown bytes, libinit2.o(.ARM.Collect$$libinit$$0000002E))

<P><STRONG><a name="[65]"></a>__rt_lib_init_atexit_1</STRONG> (Thumb, 0 bytes, Stack size unknown bytes, libinit2.o(.ARM.Collect$$libinit$$0000001D))

<P><STRONG><a name="[66]"></a>__rt_lib_init_clock_1</STRONG> (Thumb, 0 bytes, Stack size unknown bytes, libinit2.o(.ARM.Collect$$libinit$$00000023))

<P><STRONG><a name="[67]"></a>__rt_lib_init_cpp_1</STRONG> (Thumb, 0 bytes, Stack size unknown bytes, libinit2.o(.ARM.Collect$$libinit$$00000034))

<P><STRONG><a name="[68]"></a>__rt_lib_init_exceptions_1</STRONG> (Thumb, 0 bytes, Stack size unknown bytes, libinit2.o(.ARM.Collect$$libinit$$00000032))

<P><STRONG><a name="[69]"></a>__rt_lib_init_fp_1</STRONG> (Thumb, 0 bytes, Stack size unknown bytes, libinit2.o(.ARM.Collect$$libinit$$00000002))

<P><STRONG><a name="[6a]"></a>__rt_lib_init_fp_trap_1</STRONG> (Thumb, 0 bytes, Stack size unknown bytes, libinit2.o(.ARM.Collect$$libinit$$00000021))

<P><STRONG><a name="[6b]"></a>__rt_lib_init_getenv_1</STRONG> (Thumb, 0 bytes, Stack size unknown bytes, libinit2.o(.ARM.Collect$$libinit$$00000025))

<P><STRONG><a name="[6c]"></a>__rt_lib_init_heap_1</STRONG> (Thumb, 0 bytes, Stack size unknown bytes, libinit2.o(.ARM.Collect$$libinit$$0000000C))

<P><STRONG><a name="[6d]"></a>__rt_lib_init_lc_collate_1</STRONG> (Thumb, 0 bytes, Stack size unknown bytes, libinit2.o(.ARM.Collect$$libinit$$00000013))

<P><STRONG><a name="[6e]"></a>__rt_lib_init_lc_ctype_1</STRONG> (Thumb, 0 bytes, Stack size unknown bytes, libinit2.o(.ARM.Collect$$libinit$$00000015))

<P><STRONG><a name="[6f]"></a>__rt_lib_init_lc_monetary_1</STRONG> (Thumb, 0 bytes, Stack size unknown bytes, libinit2.o(.ARM.Collect$$libinit$$00000017))

<P><STRONG><a name="[70]"></a>__rt_lib_init_lc_numeric_1</STRONG> (Thumb, 0 bytes, Stack size unknown bytes, libinit2.o(.ARM.Collect$$libinit$$00000019))

<P><STRONG><a name="[71]"></a>__rt_lib_init_lc_time_1</STRONG> (Thumb, 0 bytes, Stack size unknown bytes, libinit2.o(.ARM.Collect$$libinit$$0000001B))

<P><STRONG><a name="[72]"></a>__rt_lib_init_preinit_1</STRONG> (Thumb, 0 bytes, Stack size unknown bytes, libinit2.o(.ARM.Collect$$libinit$$00000006))

<P><STRONG><a name="[73]"></a>__rt_lib_init_rand_1</STRONG> (Thumb, 0 bytes, Stack size unknown bytes, libinit2.o(.ARM.Collect$$libinit$$00000010))

<P><STRONG><a name="[74]"></a>__rt_lib_init_relocate_pie_1</STRONG> (Thumb, 0 bytes, Stack size unknown bytes, libinit2.o(.ARM.Collect$$libinit$$00000004))

<P><STRONG><a name="[75]"></a>__rt_lib_init_return</STRONG> (Thumb, 0 bytes, Stack size unknown bytes, libinit2.o(.ARM.Collect$$libinit$$00000035))

<P><STRONG><a name="[76]"></a>__rt_lib_init_signal_1</STRONG> (Thumb, 0 bytes, Stack size unknown bytes, libinit2.o(.ARM.Collect$$libinit$$0000001F))

<P><STRONG><a name="[77]"></a>__rt_lib_init_stdio_1</STRONG> (Thumb, 0 bytes, Stack size unknown bytes, libinit2.o(.ARM.Collect$$libinit$$00000027))

<P><STRONG><a name="[78]"></a>__rt_lib_init_user_alloc_1</STRONG> (Thumb, 0 bytes, Stack size unknown bytes, libinit2.o(.ARM.Collect$$libinit$$0000000E))

<P><STRONG><a name="[28]"></a>__rt_lib_shutdown</STRONG> (Thumb, 0 bytes, Stack size unknown bytes, libshutdown.o(.ARM.Collect$$libshutdown$$00000000))
<BR><BR>[Called By]<UL><LI><a href="#[27]">&gt;&gt;</a>&nbsp;&nbsp;&nbsp;__rt_exit_ls
</UL>

<P><STRONG><a name="[79]"></a>__rt_lib_shutdown_cpp_1</STRONG> (Thumb, 0 bytes, Stack size unknown bytes, libshutdown2.o(.ARM.Collect$$libshutdown$$00000002))

<P><STRONG><a name="[7a]"></a>__rt_lib_shutdown_fp_trap_1</STRONG> (Thumb, 0 bytes, Stack size unknown bytes, libshutdown2.o(.ARM.Collect$$libshutdown$$00000007))

<P><STRONG><a name="[7b]"></a>__rt_lib_shutdown_heap_1</STRONG> (Thumb, 0 bytes, Stack size unknown bytes, libshutdown2.o(.ARM.Collect$$libshutdown$$0000000F))

<P><STRONG><a name="[7c]"></a>__rt_lib_shutdown_return</STRONG> (Thumb, 0 bytes, Stack size unknown bytes, libshutdown2.o(.ARM.Collect$$libshutdown$$00000010))

<P><STRONG><a name="[7d]"></a>__rt_lib_shutdown_signal_1</STRONG> (Thumb, 0 bytes, Stack size unknown bytes, libshutdown2.o(.ARM.Collect$$libshutdown$$0000000A))

<P><STRONG><a name="[7e]"></a>__rt_lib_shutdown_stdio_1</STRONG> (Thumb, 0 bytes, Stack size unknown bytes, libshutdown2.o(.ARM.Collect$$libshutdown$$00000004))

<P><STRONG><a name="[7f]"></a>__rt_lib_shutdown_user_alloc_1</STRONG> (Thumb, 0 bytes, Stack size unknown bytes, libshutdown2.o(.ARM.Collect$$libshutdown$$0000000C))

<P><STRONG><a name="[1f]"></a>__rt_entry</STRONG> (Thumb, 0 bytes, Stack size unknown bytes, __rtentry.o(.ARM.Collect$$rtentry$$00000000))
<BR><BR>[Called By]<UL><LI><a href="#[1d]">&gt;&gt;</a>&nbsp;&nbsp;&nbsp;__main
<LI><a href="#[20]">&gt;&gt;</a>&nbsp;&nbsp;&nbsp;__scatterload_rt2
</UL>

<P><STRONG><a name="[80]"></a>__rt_entry_presh_1</STRONG> (Thumb, 0 bytes, Stack size unknown bytes, __rtentry2.o(.ARM.Collect$$rtentry$$00000002))

<P><STRONG><a name="[81]"></a>__rt_entry_sh</STRONG> (Thumb, 0 bytes, Stack size unknown bytes, __rtentry7.o(.ARM.Collect$$rtentry$$00000007))

<P><STRONG><a name="[22]"></a>__rt_entry_li</STRONG> (Thumb, 0 bytes, Stack size unknown bytes, __rtentry2.o(.ARM.Collect$$rtentry$$0000000A))
<BR><BR>[Calls]<UL><LI><a href="#[23]">&gt;&gt;</a>&nbsp;&nbsp;&nbsp;__rt_lib_init
</UL>

<P><STRONG><a name="[82]"></a>__rt_entry_postsh_1</STRONG> (Thumb, 0 bytes, Stack size unknown bytes, __rtentry2.o(.ARM.Collect$$rtentry$$00000009))

<P><STRONG><a name="[24]"></a>__rt_entry_main</STRONG> (Thumb, 0 bytes, Stack size unknown bytes, __rtentry2.o(.ARM.Collect$$rtentry$$0000000D))
<BR><BR>[Stack]<UL><LI>Max Depth = 600 + Unknown Stack Size
<LI>Call Chain = __rt_entry_main &rArr; main &rArr; systemMainLoop &rArr; moduleFlashSave &rArr; moduleFlashLoad
</UL>
<BR>[Calls]<UL><LI><a href="#[26]">&gt;&gt;</a>&nbsp;&nbsp;&nbsp;exit
<LI><a href="#[25]">&gt;&gt;</a>&nbsp;&nbsp;&nbsp;main
</UL>

<P><STRONG><a name="[83]"></a>__rt_entry_postli_1</STRONG> (Thumb, 0 bytes, Stack size unknown bytes, __rtentry2.o(.ARM.Collect$$rtentry$$0000000C))

<P><STRONG><a name="[2c]"></a>__rt_exit</STRONG> (Thumb, 0 bytes, Stack size unknown bytes, rtexit.o(.ARM.Collect$$rtexit$$00000000))
<BR><BR>[Called By]<UL><LI><a href="#[26]">&gt;&gt;</a>&nbsp;&nbsp;&nbsp;exit
</UL>

<P><STRONG><a name="[27]"></a>__rt_exit_ls</STRONG> (Thumb, 0 bytes, Stack size unknown bytes, rtexit2.o(.ARM.Collect$$rtexit$$00000003))
<BR><BR>[Calls]<UL><LI><a href="#[28]">&gt;&gt;</a>&nbsp;&nbsp;&nbsp;__rt_lib_shutdown
</UL>

<P><STRONG><a name="[84]"></a>__rt_exit_prels_1</STRONG> (Thumb, 0 bytes, Stack size unknown bytes, rtexit2.o(.ARM.Collect$$rtexit$$00000002))

<P><STRONG><a name="[29]"></a>__rt_exit_exit</STRONG> (Thumb, 0 bytes, Stack size unknown bytes, rtexit2.o(.ARM.Collect$$rtexit$$00000004))
<BR><BR>[Calls]<UL><LI><a href="#[2a]">&gt;&gt;</a>&nbsp;&nbsp;&nbsp;_sys_exit
</UL>

<P><STRONG><a name="[2e]"></a>__aeabi_memcpy4</STRONG> (Thumb, 56 bytes, Stack size 0 bytes, rt_memcpy.o(.emb_text))
<BR><BR>[Called By]<UL><LI><a href="#[2d]">&gt;&gt;</a>&nbsp;&nbsp;&nbsp;__aeabi_memcpy
</UL>

<P><STRONG><a name="[85]"></a>__aeabi_memcpy8</STRONG> (Thumb, 0 bytes, Stack size 0 bytes, rt_memcpy.o(.emb_text), UNUSED)

<P><STRONG><a name="[59]"></a>memcmp</STRONG> (Thumb, 90 bytes, Stack size 8 bytes, memcmp.o(.text))
<BR><BR>[Stack]<UL><LI>Max Depth = 8<LI>Call Chain = memcmp
</UL>
<BR>[Called By]<UL><LI><a href="#[55]">&gt;&gt;</a>&nbsp;&nbsp;&nbsp;systemMainLoop
</UL>

<P><STRONG><a name="[26]"></a>exit</STRONG> (Thumb, 16 bytes, Stack size 8 bytes, exit.o(.text))
<BR><BR>[Stack]<UL><LI>Max Depth = 8 + Unknown Stack Size
<LI>Call Chain = exit
</UL>
<BR>[Calls]<UL><LI><a href="#[2c]">&gt;&gt;</a>&nbsp;&nbsp;&nbsp;__rt_exit
<LI><a href="#[2b]">&gt;&gt;</a>&nbsp;&nbsp;&nbsp;_call_atexit_fns (Weak Reference)
</UL>
<BR>[Called By]<UL><LI><a href="#[24]">&gt;&gt;</a>&nbsp;&nbsp;&nbsp;__rt_entry_main
</UL>

<P><STRONG><a name="[86]"></a>__semihosting_library_function</STRONG> (Thumb, 0 bytes, Stack size unknown bytes, indicate_semi.o(.text), UNUSED)

<P><STRONG><a name="[2a]"></a>_sys_exit</STRONG> (Thumb, 8 bytes, Stack size 0 bytes, sys_exit.o(.text))
<BR><BR>[Called By]<UL><LI><a href="#[29]">&gt;&gt;</a>&nbsp;&nbsp;&nbsp;__rt_exit_exit
</UL>

<P><STRONG><a name="[47]"></a>__aeabi_lmul</STRONG> (Thumb, 48 bytes, Stack size 12 bytes, llmul.o(.text))
<BR><BR>[Stack]<UL><LI>Max Depth = 12<LI>Call Chain = __aeabi_lmul
</UL>
<BR>[Called By]<UL><LI><a href="#[55]">&gt;&gt;</a>&nbsp;&nbsp;&nbsp;systemMainLoop
<LI><a href="#[7]">&gt;&gt;</a>&nbsp;&nbsp;&nbsp;fix16_div
</UL>

<P><STRONG><a name="[87]"></a>_ll_mul</STRONG> (Thumb, 0 bytes, Stack size 12 bytes, llmul.o(.text), UNUSED)

<P><STRONG><a name="[35]"></a>__aeabi_uldivmod</STRONG> (Thumb, 272 bytes, Stack size 32 bytes, lludiv.o(.text))
<BR><BR>[Stack]<UL><LI>Max Depth = 32<LI>Call Chain = __aeabi_uldivmod
</UL>
<BR>[Called By]<UL><LI><a href="#[34]">&gt;&gt;</a>&nbsp;&nbsp;&nbsp;AlgoRatioK_DivS64ToFix16
</UL>

<P><STRONG><a name="[88]"></a>_ll_udiv</STRONG> (Thumb, 0 bytes, Stack size 32 bytes, lludiv.o(.text), UNUSED)

<P><STRONG><a name="[2d]"></a>__aeabi_memcpy</STRONG> (Thumb, 130 bytes, Stack size 24 bytes, rt_memcpy.o(.text))
<BR><BR>[Stack]<UL><LI>Max Depth = 24<LI>Call Chain = __aeabi_memcpy
</UL>
<BR>[Calls]<UL><LI><a href="#[2e]">&gt;&gt;</a>&nbsp;&nbsp;&nbsp;__aeabi_memcpy4
</UL>
<BR>[Called By]<UL><LI><a href="#[55]">&gt;&gt;</a>&nbsp;&nbsp;&nbsp;systemMainLoop
<LI><a href="#[25]">&gt;&gt;</a>&nbsp;&nbsp;&nbsp;main
</UL>

<P><STRONG><a name="[89]"></a>__rt_memcpy</STRONG> (Thumb, 0 bytes, Stack size 24 bytes, rt_memcpy.o(.text), UNUSED)

<P><STRONG><a name="[30]"></a>_memset_w</STRONG> (Thumb, 26 bytes, Stack size 0 bytes, rt_memclr.o(.text))
<BR><BR>[Called By]<UL><LI><a href="#[32]">&gt;&gt;</a>&nbsp;&nbsp;&nbsp;__rt_memclr_w
<LI><a href="#[2f]">&gt;&gt;</a>&nbsp;&nbsp;&nbsp;_memset
</UL>

<P><STRONG><a name="[2f]"></a>_memset</STRONG> (Thumb, 30 bytes, Stack size 0 bytes, rt_memclr.o(.text))
<BR><BR>[Calls]<UL><LI><a href="#[30]">&gt;&gt;</a>&nbsp;&nbsp;&nbsp;_memset_w
</UL>
<BR>[Called By]<UL><LI><a href="#[31]">&gt;&gt;</a>&nbsp;&nbsp;&nbsp;__aeabi_memclr
</UL>

<P><STRONG><a name="[31]"></a>__aeabi_memclr</STRONG> (Thumb, 4 bytes, Stack size 0 bytes, rt_memclr.o(.text))
<BR><BR>[Calls]<UL><LI><a href="#[2f]">&gt;&gt;</a>&nbsp;&nbsp;&nbsp;_memset
</UL>
<BR>[Called By]<UL><LI><a href="#[55]">&gt;&gt;</a>&nbsp;&nbsp;&nbsp;systemMainLoop
</UL>

<P><STRONG><a name="[8a]"></a>__rt_memclr</STRONG> (Thumb, 0 bytes, Stack size 0 bytes, rt_memclr.o(.text), UNUSED)

<P><STRONG><a name="[50]"></a>__aeabi_memclr4</STRONG> (Thumb, 0 bytes, Stack size 0 bytes, rt_memclr.o(.text))
<BR><BR>[Called By]<UL><LI><a href="#[55]">&gt;&gt;</a>&nbsp;&nbsp;&nbsp;systemMainLoop
<LI><a href="#[25]">&gt;&gt;</a>&nbsp;&nbsp;&nbsp;main
</UL>

<P><STRONG><a name="[8b]"></a>__aeabi_memclr8</STRONG> (Thumb, 0 bytes, Stack size 0 bytes, rt_memclr.o(.text), UNUSED)

<P><STRONG><a name="[32]"></a>__rt_memclr_w</STRONG> (Thumb, 4 bytes, Stack size 0 bytes, rt_memclr.o(.text), UNUSED)
<BR><BR>[Calls]<UL><LI><a href="#[30]">&gt;&gt;</a>&nbsp;&nbsp;&nbsp;_memset_w
</UL>

<P><STRONG><a name="[25]"></a>main</STRONG> (Thumb, 1072 bytes, Stack size 40 bytes, lto-llvm-f2c118.o(.text.main))
<BR><BR>[Stack]<UL><LI>Max Depth = 600<LI>Call Chain = main &rArr; systemMainLoop &rArr; moduleFlashSave &rArr; moduleFlashLoad
</UL>
<BR>[Calls]<UL><LI><a href="#[55]">&gt;&gt;</a>&nbsp;&nbsp;&nbsp;systemMainLoop
<LI><a href="#[46]">&gt;&gt;</a>&nbsp;&nbsp;&nbsp;systemLinCommChangeNad
<LI><a href="#[45]">&gt;&gt;</a>&nbsp;&nbsp;&nbsp;l_sys_init
<LI><a href="#[54]">&gt;&gt;</a>&nbsp;&nbsp;&nbsp;WitheBalanceTempInit
<LI><a href="#[53]">&gt;&gt;</a>&nbsp;&nbsp;&nbsp;moduleWatchdogFeed
<LI><a href="#[52]">&gt;&gt;</a>&nbsp;&nbsp;&nbsp;PMU_initWatchdog
<LI><a href="#[51]">&gt;&gt;</a>&nbsp;&nbsp;&nbsp;moduleFlashSave
<LI><a href="#[4f]">&gt;&gt;</a>&nbsp;&nbsp;&nbsp;moduleFlashLoad
<LI><a href="#[50]">&gt;&gt;</a>&nbsp;&nbsp;&nbsp;__aeabi_memclr4
<LI><a href="#[2d]">&gt;&gt;</a>&nbsp;&nbsp;&nbsp;__aeabi_memcpy
</UL>
<BR>[Called By]<UL><LI><a href="#[24]">&gt;&gt;</a>&nbsp;&nbsp;&nbsp;__rt_entry_main
</UL>
<P>
<H3>
Local Symbols
</H3>
<P><STRONG><a name="[4f]"></a>moduleFlashLoad</STRONG> (Thumb, 52 bytes, Stack size 8 bytes, lto-llvm-f2c118.o(.text.moduleFlashLoad))
<BR><BR>[Stack]<UL><LI>Max Depth = 8<LI>Call Chain = moduleFlashLoad
</UL>
<BR>[Called By]<UL><LI><a href="#[51]">&gt;&gt;</a>&nbsp;&nbsp;&nbsp;moduleFlashSave
<LI><a href="#[25]">&gt;&gt;</a>&nbsp;&nbsp;&nbsp;main
</UL>

<P><STRONG><a name="[51]"></a>moduleFlashSave</STRONG> (Thumb, 172 bytes, Stack size 216 bytes, lto-llvm-f2c118.o(.text.moduleFlashSave))
<BR><BR>[Stack]<UL><LI>Max Depth = 224<LI>Call Chain = moduleFlashSave &rArr; moduleFlashLoad
</UL>
<BR>[Calls]<UL><LI><a href="#[4f]">&gt;&gt;</a>&nbsp;&nbsp;&nbsp;moduleFlashLoad
</UL>
<BR>[Called By]<UL><LI><a href="#[55]">&gt;&gt;</a>&nbsp;&nbsp;&nbsp;systemMainLoop
<LI><a href="#[25]">&gt;&gt;</a>&nbsp;&nbsp;&nbsp;main
</UL>

<P><STRONG><a name="[52]"></a>PMU_initWatchdog</STRONG> (Thumb, 56 bytes, Stack size 0 bytes, lto-llvm-f2c118.o(.text.PMU_initWatchdog))
<BR><BR>[Called By]<UL><LI><a href="#[25]">&gt;&gt;</a>&nbsp;&nbsp;&nbsp;main
</UL>

<P><STRONG><a name="[53]"></a>moduleWatchdogFeed</STRONG> (Thumb, 36 bytes, Stack size 8 bytes, lto-llvm-f2c118.o(.text.moduleWatchdogFeed))
<BR><BR>[Stack]<UL><LI>Max Depth = 8<LI>Call Chain = moduleWatchdogFeed
</UL>
<BR>[Called By]<UL><LI><a href="#[55]">&gt;&gt;</a>&nbsp;&nbsp;&nbsp;systemMainLoop
<LI><a href="#[25]">&gt;&gt;</a>&nbsp;&nbsp;&nbsp;main
</UL>

<P><STRONG><a name="[54]"></a>WitheBalanceTempInit</STRONG> (Thumb, 308 bytes, Stack size 48 bytes, lto-llvm-f2c118.o(.text.WitheBalanceTempInit))
<BR><BR>[Stack]<UL><LI>Max Depth = 48<LI>Call Chain = WitheBalanceTempInit
</UL>
<BR>[Called By]<UL><LI><a href="#[55]">&gt;&gt;</a>&nbsp;&nbsp;&nbsp;systemMainLoop
<LI><a href="#[25]">&gt;&gt;</a>&nbsp;&nbsp;&nbsp;main
</UL>

<P><STRONG><a name="[45]"></a>l_sys_init</STRONG> (Thumb, 576 bytes, Stack size 96 bytes, lto-llvm-f2c118.o(.text.l_sys_init))
<BR><BR>[Stack]<UL><LI>Max Depth = 136<LI>Call Chain = l_sys_init &rArr; lin_hal_init_uart
</UL>
<BR>[Calls]<UL><LI><a href="#[4b]">&gt;&gt;</a>&nbsp;&nbsp;&nbsp;lin_hal_init_uart
<LI><a href="#[4d]">&gt;&gt;</a>&nbsp;&nbsp;&nbsp;calculateParityPID
<LI><a href="#[4c]">&gt;&gt;</a>&nbsp;&nbsp;&nbsp;lin_tp_init
</UL>
<BR>[Called By]<UL><LI><a href="#[9]">&gt;&gt;</a>&nbsp;&nbsp;&nbsp;endAAProcess
<LI><a href="#[25]">&gt;&gt;</a>&nbsp;&nbsp;&nbsp;main
</UL>

<P><STRONG><a name="[46]"></a>systemLinCommChangeNad</STRONG> (Thumb, 64 bytes, Stack size 8 bytes, lto-llvm-f2c118.o(.text.systemLinCommChangeNad))
<BR><BR>[Stack]<UL><LI>Max Depth = 16<LI>Call Chain = systemLinCommChangeNad &rArr; calculateParityPID
</UL>
<BR>[Calls]<UL><LI><a href="#[4d]">&gt;&gt;</a>&nbsp;&nbsp;&nbsp;calculateParityPID
</UL>
<BR>[Called By]<UL><LI><a href="#[a]">&gt;&gt;</a>&nbsp;&nbsp;&nbsp;startAAProcess
<LI><a href="#[9]">&gt;&gt;</a>&nbsp;&nbsp;&nbsp;endAAProcess
<LI><a href="#[55]">&gt;&gt;</a>&nbsp;&nbsp;&nbsp;systemMainLoop
<LI><a href="#[25]">&gt;&gt;</a>&nbsp;&nbsp;&nbsp;main
</UL>

<P><STRONG><a name="[55]"></a>systemMainLoop</STRONG> (Thumb, 9972 bytes, Stack size 336 bytes, lto-llvm-f2c118.o(.text.systemMainLoop))
<BR><BR>[Stack]<UL><LI>Max Depth = 560<LI>Call Chain = systemMainLoop &rArr; moduleFlashSave &rArr; moduleFlashLoad
</UL>
<BR>[Calls]<UL><LI><a href="#[48]">&gt;&gt;</a>&nbsp;&nbsp;&nbsp;lin_hal_set_resp_error
<LI><a href="#[4b]">&gt;&gt;</a>&nbsp;&nbsp;&nbsp;lin_hal_init_uart
<LI><a href="#[46]">&gt;&gt;</a>&nbsp;&nbsp;&nbsp;systemLinCommChangeNad
<LI><a href="#[54]">&gt;&gt;</a>&nbsp;&nbsp;&nbsp;WitheBalanceTempInit
<LI><a href="#[53]">&gt;&gt;</a>&nbsp;&nbsp;&nbsp;moduleWatchdogFeed
<LI><a href="#[51]">&gt;&gt;</a>&nbsp;&nbsp;&nbsp;moduleFlashSave
<LI><a href="#[59]">&gt;&gt;</a>&nbsp;&nbsp;&nbsp;memcmp
<LI><a href="#[50]">&gt;&gt;</a>&nbsp;&nbsp;&nbsp;__aeabi_memclr4
<LI><a href="#[31]">&gt;&gt;</a>&nbsp;&nbsp;&nbsp;__aeabi_memclr
<LI><a href="#[2d]">&gt;&gt;</a>&nbsp;&nbsp;&nbsp;__aeabi_memcpy
<LI><a href="#[47]">&gt;&gt;</a>&nbsp;&nbsp;&nbsp;__aeabi_lmul
<LI><a href="#[57]">&gt;&gt;</a>&nbsp;&nbsp;&nbsp;moduleLedUpdatePWM
<LI><a href="#[41]">&gt;&gt;</a>&nbsp;&nbsp;&nbsp;__algoGetWhiteDutyRatio
<LI><a href="#[43]">&gt;&gt;</a>&nbsp;&nbsp;&nbsp;__algoWhiteRgbParamToFix16
<LI><a href="#[33]">&gt;&gt;</a>&nbsp;&nbsp;&nbsp;AlgoRatioK_ClampRatioQ10000FromFix16
<LI><a href="#[36]">&gt;&gt;</a>&nbsp;&nbsp;&nbsp;AlgoRatioK_TryInsertPointByIndex
<LI><a href="#[13]">&gt;&gt;</a>&nbsp;&nbsp;&nbsp;__algoGetWhitePointY
<LI><a href="#[42]">&gt;&gt;</a>&nbsp;&nbsp;&nbsp;__algoGetWhitePointX
<LI><a href="#[5c]">&gt;&gt;</a>&nbsp;&nbsp;&nbsp;__algoGetDutyRatio
<LI><a href="#[34]">&gt;&gt;</a>&nbsp;&nbsp;&nbsp;AlgoRatioK_DivS64ToFix16
<LI><a href="#[5b]">&gt;&gt;</a>&nbsp;&nbsp;&nbsp;AlgoRatioK_ResetNearestPoints
<LI><a href="#[44]">&gt;&gt;</a>&nbsp;&nbsp;&nbsp;__algoSplitTargetColorByWhite
<LI><a href="#[8]">&gt;&gt;</a>&nbsp;&nbsp;&nbsp;fix16_mul
<LI><a href="#[7]">&gt;&gt;</a>&nbsp;&nbsp;&nbsp;fix16_div
<LI><a href="#[56]">&gt;&gt;</a>&nbsp;&nbsp;&nbsp;moduleLedPowerOff
<LI><a href="#[58]">&gt;&gt;</a>&nbsp;&nbsp;&nbsp;__doRequest
<LI><a href="#[5a]">&gt;&gt;</a>&nbsp;&nbsp;&nbsp;IntensityDimminggetDimmingSpeed
<LI><a href="#[4c]">&gt;&gt;</a>&nbsp;&nbsp;&nbsp;lin_tp_init
<LI><a href="#[38]">&gt;&gt;</a>&nbsp;&nbsp;&nbsp;LIN_AutoAddr_End
</UL>
<BR>[Called By]<UL><LI><a href="#[25]">&gt;&gt;</a>&nbsp;&nbsp;&nbsp;main
</UL>

<P><STRONG><a name="[9]"></a>endAAProcess</STRONG> (Thumb, 32 bytes, Stack size 8 bytes, lto-llvm-f2c118.o(.text.endAAProcess))
<BR><BR>[Stack]<UL><LI>Max Depth = 144<LI>Call Chain = endAAProcess &rArr; l_sys_init &rArr; lin_hal_init_uart
</UL>
<BR>[Calls]<UL><LI><a href="#[46]">&gt;&gt;</a>&nbsp;&nbsp;&nbsp;systemLinCommChangeNad
<LI><a href="#[45]">&gt;&gt;</a>&nbsp;&nbsp;&nbsp;l_sys_init
</UL>
<BR>[Called By]<UL><LI><a href="#[38]">&gt;&gt;</a>&nbsp;&nbsp;&nbsp;LIN_AutoAddr_End
</UL>
<BR>[Address Reference Count : 1]<UL><LI> lto-llvm-f2c118.o(.text.main)
</UL>
<P><STRONG><a name="[a]"></a>startAAProcess</STRONG> (Thumb, 28 bytes, Stack size 8 bytes, lto-llvm-f2c118.o(.text.startAAProcess))
<BR><BR>[Stack]<UL><LI>Max Depth = 28<LI>Call Chain = startAAProcess &rArr; moduleLedPowerOff &rArr; moduleLedUpdatePWM
</UL>
<BR>[Calls]<UL><LI><a href="#[46]">&gt;&gt;</a>&nbsp;&nbsp;&nbsp;systemLinCommChangeNad
<LI><a href="#[56]">&gt;&gt;</a>&nbsp;&nbsp;&nbsp;moduleLedPowerOff
</UL>
<BR>[Called By]<UL><LI><a href="#[3d]">&gt;&gt;</a>&nbsp;&nbsp;&nbsp;l_hal_cyclic_call
</UL>
<BR>[Address Reference Count : 1]<UL><LI> lto-llvm-f2c118.o(.text.main)
</UL>
<P><STRONG><a name="[4b]"></a>lin_hal_init_uart</STRONG> (Thumb, 316 bytes, Stack size 40 bytes, lto-llvm-f2c118.o(.text.lin_hal_init_uart))
<BR><BR>[Stack]<UL><LI>Max Depth = 40<LI>Call Chain = lin_hal_init_uart
</UL>
<BR>[Called By]<UL><LI><a href="#[55]">&gt;&gt;</a>&nbsp;&nbsp;&nbsp;systemMainLoop
<LI><a href="#[45]">&gt;&gt;</a>&nbsp;&nbsp;&nbsp;l_sys_init
</UL>

<P><STRONG><a name="[49]"></a>lin_hal_tx_response</STRONG> (Thumb, 144 bytes, Stack size 32 bytes, lto-llvm-f2c118.o(.text.lin_hal_tx_response))
<BR><BR>[Stack]<UL><LI>Max Depth = 40<LI>Call Chain = lin_hal_tx_response &rArr; lin_hal_tx_byte
</UL>
<BR>[Calls]<UL><LI><a href="#[4e]">&gt;&gt;</a>&nbsp;&nbsp;&nbsp;lin_hal_tx_byte
<LI><a href="#[4a]">&gt;&gt;</a>&nbsp;&nbsp;&nbsp;l_sys_irq_restore
</UL>
<BR>[Called By]<UL><LI><a href="#[3d]">&gt;&gt;</a>&nbsp;&nbsp;&nbsp;l_hal_cyclic_call
</UL>

<P><STRONG><a name="[4a]"></a>l_sys_irq_restore</STRONG> (Thumb, 24 bytes, Stack size 0 bytes, lto-llvm-f2c118.o(.text.l_sys_irq_restore))
<BR><BR>[Called By]<UL><LI><a href="#[3c]">&gt;&gt;</a>&nbsp;&nbsp;&nbsp;lin_hal_ISR
<LI><a href="#[48]">&gt;&gt;</a>&nbsp;&nbsp;&nbsp;lin_hal_set_resp_error
<LI><a href="#[49]">&gt;&gt;</a>&nbsp;&nbsp;&nbsp;lin_hal_tx_response
<LI><a href="#[3d]">&gt;&gt;</a>&nbsp;&nbsp;&nbsp;l_hal_cyclic_call
</UL>

<P><STRONG><a name="[4e]"></a>lin_hal_tx_byte</STRONG> (Thumb, 40 bytes, Stack size 8 bytes, lto-llvm-f2c118.o(.text.lin_hal_tx_byte))
<BR><BR>[Stack]<UL><LI>Max Depth = 8<LI>Call Chain = lin_hal_tx_byte
</UL>
<BR>[Called By]<UL><LI><a href="#[3c]">&gt;&gt;</a>&nbsp;&nbsp;&nbsp;lin_hal_ISR
<LI><a href="#[49]">&gt;&gt;</a>&nbsp;&nbsp;&nbsp;lin_hal_tx_response
</UL>

<P><STRONG><a name="[48]"></a>lin_hal_set_resp_error</STRONG> (Thumb, 96 bytes, Stack size 16 bytes, lto-llvm-f2c118.o(.text.lin_hal_set_resp_error))
<BR><BR>[Stack]<UL><LI>Max Depth = 16<LI>Call Chain = lin_hal_set_resp_error
</UL>
<BR>[Calls]<UL><LI><a href="#[4a]">&gt;&gt;</a>&nbsp;&nbsp;&nbsp;l_sys_irq_restore
</UL>
<BR>[Called By]<UL><LI><a href="#[3c]">&gt;&gt;</a>&nbsp;&nbsp;&nbsp;lin_hal_ISR
<LI><a href="#[55]">&gt;&gt;</a>&nbsp;&nbsp;&nbsp;systemMainLoop
<LI><a href="#[3d]">&gt;&gt;</a>&nbsp;&nbsp;&nbsp;l_hal_cyclic_call
</UL>

<P><STRONG><a name="[3c]"></a>lin_hal_ISR</STRONG> (Thumb, 556 bytes, Stack size 32 bytes, lto-llvm-f2c118.o(.text.lin_hal_ISR))
<BR><BR>[Stack]<UL><LI>Max Depth = 48<LI>Call Chain = lin_hal_ISR &rArr; lin_hal_set_resp_error
</UL>
<BR>[Calls]<UL><LI><a href="#[48]">&gt;&gt;</a>&nbsp;&nbsp;&nbsp;lin_hal_set_resp_error
<LI><a href="#[4e]">&gt;&gt;</a>&nbsp;&nbsp;&nbsp;lin_hal_tx_byte
<LI><a href="#[4a]">&gt;&gt;</a>&nbsp;&nbsp;&nbsp;l_sys_irq_restore
</UL>
<BR>[Called By]<UL><LI><a href="#[3b]">&gt;&gt;</a>&nbsp;&nbsp;&nbsp;LIN_COM_Handler
</UL>

<P><STRONG><a name="[3d]"></a>l_hal_cyclic_call</STRONG> (Thumb, 1076 bytes, Stack size 32 bytes, lto-llvm-f2c118.o(.text.l_hal_cyclic_call))
<BR><BR>[Stack]<UL><LI>Max Depth = 192<LI>Call Chain = l_hal_cyclic_call &rArr; LIN_AutoAddr_End &rArr; endAAProcess &rArr; l_sys_init &rArr; lin_hal_init_uart
</UL>
<BR>[Calls]<UL><LI><a href="#[48]">&gt;&gt;</a>&nbsp;&nbsp;&nbsp;lin_hal_set_resp_error
<LI><a href="#[4a]">&gt;&gt;</a>&nbsp;&nbsp;&nbsp;l_sys_irq_restore
<LI><a href="#[49]">&gt;&gt;</a>&nbsp;&nbsp;&nbsp;lin_hal_tx_response
<LI><a href="#[a]">&gt;&gt;</a>&nbsp;&nbsp;&nbsp;startAAProcess
<LI><a href="#[3a]">&gt;&gt;</a>&nbsp;&nbsp;&nbsp;LIN_AutoAddr_SetFallingEdge
<LI><a href="#[38]">&gt;&gt;</a>&nbsp;&nbsp;&nbsp;LIN_AutoAddr_End
</UL>
<BR>[Called By]<UL><LI><a href="#[3b]">&gt;&gt;</a>&nbsp;&nbsp;&nbsp;LIN_COM_Handler
</UL>

<P><STRONG><a name="[38]"></a>LIN_AutoAddr_End</STRONG> (Thumb, 124 bytes, Stack size 16 bytes, lto-llvm-f2c118.o(.text.LIN_AutoAddr_End))
<BR><BR>[Stack]<UL><LI>Max Depth = 160<LI>Call Chain = LIN_AutoAddr_End &rArr; endAAProcess &rArr; l_sys_init &rArr; lin_hal_init_uart
</UL>
<BR>[Calls]<UL><LI><a href="#[9]">&gt;&gt;</a>&nbsp;&nbsp;&nbsp;endAAProcess
</UL>
<BR>[Called By]<UL><LI><a href="#[55]">&gt;&gt;</a>&nbsp;&nbsp;&nbsp;systemMainLoop
<LI><a href="#[3d]">&gt;&gt;</a>&nbsp;&nbsp;&nbsp;l_hal_cyclic_call
</UL>

<P><STRONG><a name="[3a]"></a>LIN_AutoAddr_SetFallingEdge</STRONG> (Thumb, 76 bytes, Stack size 0 bytes, lto-llvm-f2c118.o(.text.LIN_AutoAddr_SetFallingEdge))
<BR><BR>[Called By]<UL><LI><a href="#[39]">&gt;&gt;</a>&nbsp;&nbsp;&nbsp;LIN_AutoAddr_Meas_Exit
<LI><a href="#[3d]">&gt;&gt;</a>&nbsp;&nbsp;&nbsp;l_hal_cyclic_call
</UL>

<P><STRONG><a name="[4c]"></a>lin_tp_init</STRONG> (Thumb, 40 bytes, Stack size 0 bytes, lto-llvm-f2c118.o(.text.lin_tp_init))
<BR><BR>[Called By]<UL><LI><a href="#[55]">&gt;&gt;</a>&nbsp;&nbsp;&nbsp;systemMainLoop
<LI><a href="#[45]">&gt;&gt;</a>&nbsp;&nbsp;&nbsp;l_sys_init
</UL>

<P><STRONG><a name="[4d]"></a>calculateParityPID</STRONG> (Thumb, 42 bytes, Stack size 8 bytes, lto-llvm-f2c118.o(.text.calculateParityPID))
<BR><BR>[Stack]<UL><LI>Max Depth = 8<LI>Call Chain = calculateParityPID
</UL>
<BR>[Called By]<UL><LI><a href="#[46]">&gt;&gt;</a>&nbsp;&nbsp;&nbsp;systemLinCommChangeNad
<LI><a href="#[45]">&gt;&gt;</a>&nbsp;&nbsp;&nbsp;l_sys_init
</UL>

<P><STRONG><a name="[39]"></a>LIN_AutoAddr_Meas_Exit</STRONG> (Thumb, 144 bytes, Stack size 8 bytes, lto-llvm-f2c118.o(.text.LIN_AutoAddr_Meas_Exit))
<BR><BR>[Stack]<UL><LI>Max Depth = 8<LI>Call Chain = LIN_AutoAddr_Meas_Exit
</UL>
<BR>[Calls]<UL><LI><a href="#[3a]">&gt;&gt;</a>&nbsp;&nbsp;&nbsp;LIN_AutoAddr_SetFallingEdge
</UL>
<BR>[Called By]<UL><LI><a href="#[4]">&gt;&gt;</a>&nbsp;&nbsp;&nbsp;NVIC_IRQ2_Handler
</UL>

<P><STRONG><a name="[5a]"></a>IntensityDimminggetDimmingSpeed</STRONG> (Thumb, 132 bytes, Stack size 16 bytes, lto-llvm-f2c118.o(.text.IntensityDimminggetDimmingSpeed))
<BR><BR>[Stack]<UL><LI>Max Depth = 16<LI>Call Chain = IntensityDimminggetDimmingSpeed
</UL>
<BR>[Called By]<UL><LI><a href="#[55]">&gt;&gt;</a>&nbsp;&nbsp;&nbsp;systemMainLoop
</UL>

<P><STRONG><a name="[b]"></a>Updatebuf01_02</STRONG> (Thumb, 152 bytes, Stack size 20 bytes, lto-llvm-f2c118.o(.text.Updatebuf01_02))
<BR><BR>[Stack]<UL><LI>Max Depth = 20<LI>Call Chain = Updatebuf01_02
</UL>
<BR>[Address Reference Count : 1]<UL><LI> lto-llvm-f2c118.o(.text.systemMainLoop)
</UL>
<P><STRONG><a name="[c]"></a>Updatebuf03_04</STRONG> (Thumb, 148 bytes, Stack size 20 bytes, lto-llvm-f2c118.o(.text.Updatebuf03_04))
<BR><BR>[Stack]<UL><LI>Max Depth = 20<LI>Call Chain = Updatebuf03_04
</UL>
<BR>[Address Reference Count : 1]<UL><LI> lto-llvm-f2c118.o(.text.systemMainLoop)
</UL>
<P><STRONG><a name="[d]"></a>Updatebuf05_06</STRONG> (Thumb, 148 bytes, Stack size 20 bytes, lto-llvm-f2c118.o(.text.Updatebuf05_06))
<BR><BR>[Stack]<UL><LI>Max Depth = 20<LI>Call Chain = Updatebuf05_06
</UL>
<BR>[Address Reference Count : 1]<UL><LI> lto-llvm-f2c118.o(.text.systemMainLoop)
</UL>
<P><STRONG><a name="[e]"></a>Updatebuf07_08</STRONG> (Thumb, 148 bytes, Stack size 20 bytes, lto-llvm-f2c118.o(.text.Updatebuf07_08))
<BR><BR>[Stack]<UL><LI>Max Depth = 20<LI>Call Chain = Updatebuf07_08
</UL>
<BR>[Address Reference Count : 1]<UL><LI> lto-llvm-f2c118.o(.text.systemMainLoop)
</UL>
<P><STRONG><a name="[f]"></a>Updatebuf09_10</STRONG> (Thumb, 156 bytes, Stack size 20 bytes, lto-llvm-f2c118.o(.text.Updatebuf09_10))
<BR><BR>[Stack]<UL><LI>Max Depth = 20<LI>Call Chain = Updatebuf09_10
</UL>
<BR>[Address Reference Count : 1]<UL><LI> lto-llvm-f2c118.o(.text.systemMainLoop)
</UL>
<P><STRONG><a name="[10]"></a>Updatebuf11_12</STRONG> (Thumb, 208 bytes, Stack size 16 bytes, lto-llvm-f2c118.o(.text.Updatebuf11_12))
<BR><BR>[Stack]<UL><LI>Max Depth = 16<LI>Call Chain = Updatebuf11_12
</UL>
<BR>[Address Reference Count : 1]<UL><LI> lto-llvm-f2c118.o(.text.systemMainLoop)
</UL>
<P><STRONG><a name="[11]"></a>Updatebuf13_14</STRONG> (Thumb, 156 bytes, Stack size 20 bytes, lto-llvm-f2c118.o(.text.Updatebuf13_14))
<BR><BR>[Stack]<UL><LI>Max Depth = 20<LI>Call Chain = Updatebuf13_14
</UL>
<BR>[Address Reference Count : 1]<UL><LI> lto-llvm-f2c118.o(.text.systemMainLoop)
</UL>
<P><STRONG><a name="[14]"></a>SwriteJudge_brightnessFactor</STRONG> (Thumb, 18 bytes, Stack size 0 bytes, lto-llvm-f2c118.o(.text.SwriteJudge_brightnessFactor))
<BR>[Address Reference Count : 1]<UL><LI> lto-llvm-f2c118.o(.rodata.Serverlist)
</UL>
<P><STRONG><a name="[15]"></a>SwriteJudge_Utemp</STRONG> (Thumb, 20 bytes, Stack size 0 bytes, lto-llvm-f2c118.o(.text.SwriteJudge_Utemp))
<BR>[Address Reference Count : 1]<UL><LI> lto-llvm-f2c118.o(.rodata.Serverlist)
</UL>
<P><STRONG><a name="[16]"></a>SwriteJudge_Vtemp</STRONG> (Thumb, 18 bytes, Stack size 0 bytes, lto-llvm-f2c118.o(.text.SwriteJudge_Vtemp))
<BR>[Address Reference Count : 1]<UL><LI> lto-llvm-f2c118.o(.rodata.Serverlist)
</UL>
<P><STRONG><a name="[17]"></a>SwriteJudge_pDeveloper</STRONG> (Thumb, 14 bytes, Stack size 0 bytes, lto-llvm-f2c118.o(.text.SwriteJudge_pDeveloper))
<BR>[Address Reference Count : 1]<UL><LI> lto-llvm-f2c118.o(.rodata.Serverlist)
</UL>
<P><STRONG><a name="[18]"></a>SwriteJudge_pART</STRONG> (Thumb, 24 bytes, Stack size 0 bytes, lto-llvm-f2c118.o(.text.SwriteJudge_pART))
<BR>[Address Reference Count : 1]<UL><LI> lto-llvm-f2c118.o(.rodata.Serverlist)
</UL>
<P><STRONG><a name="[19]"></a>SwriteJudge_eolAddr</STRONG> (Thumb, 24 bytes, Stack size 0 bytes, lto-llvm-f2c118.o(.text.SwriteJudge_eolAddr))
<BR>[Address Reference Count : 1]<UL><LI> lto-llvm-f2c118.o(.rodata.Serverlist)
</UL>
<P><STRONG><a name="[1a]"></a>SwriteJudge_AutolAddr</STRONG> (Thumb, 4 bytes, Stack size 0 bytes, lto-llvm-f2c118.o(.text.SwriteJudge_AutolAddr))
<BR>[Address Reference Count : 1]<UL><LI> lto-llvm-f2c118.o(.rodata.Serverlist)
</UL>
<P><STRONG><a name="[1b]"></a>SwriteJudge_DimXnYn</STRONG> (Thumb, 40 bytes, Stack size 8 bytes, lto-llvm-f2c118.o(.text.SwriteJudge_DimXnYn))
<BR><BR>[Stack]<UL><LI>Max Depth = 8<LI>Call Chain = SwriteJudge_DimXnYn
</UL>
<BR>[Address Reference Count : 1]<UL><LI> lto-llvm-f2c118.o(.rodata.Serverlist)
</UL>
<P><STRONG><a name="[1c]"></a>SwriteJudge_ResetDummy</STRONG> (Thumb, 4 bytes, Stack size 0 bytes, lto-llvm-f2c118.o(.text.SwriteJudge_ResetDummy))
<BR>[Address Reference Count : 1]<UL><LI> lto-llvm-f2c118.o(.rodata.Serverlist)
</UL>
<P><STRONG><a name="[58]"></a>__doRequest</STRONG> (Thumb, 328 bytes, Stack size 28 bytes, lto-llvm-f2c118.o(.text.__doRequest))
<BR><BR>[Stack]<UL><LI>Max Depth = 28<LI>Call Chain = __doRequest
</UL>
<BR>[Called By]<UL><LI><a href="#[55]">&gt;&gt;</a>&nbsp;&nbsp;&nbsp;systemMainLoop
</UL>

<P><STRONG><a name="[56]"></a>moduleLedPowerOff</STRONG> (Thumb, 12 bytes, Stack size 0 bytes, lto-llvm-f2c118.o(.text.moduleLedPowerOff))
<BR><BR>[Stack]<UL><LI>Max Depth = 20<LI>Call Chain = moduleLedPowerOff &rArr; moduleLedUpdatePWM
</UL>
<BR>[Calls]<UL><LI><a href="#[57]">&gt;&gt;</a>&nbsp;&nbsp;&nbsp;moduleLedUpdatePWM
</UL>
<BR>[Called By]<UL><LI><a href="#[a]">&gt;&gt;</a>&nbsp;&nbsp;&nbsp;startAAProcess
<LI><a href="#[55]">&gt;&gt;</a>&nbsp;&nbsp;&nbsp;systemMainLoop
</UL>

<P><STRONG><a name="[7]"></a>fix16_div</STRONG> (Thumb, 160 bytes, Stack size 24 bytes, lto-llvm-f2c118.o(.text.fix16_div))
<BR><BR>[Stack]<UL><LI>Max Depth = 36<LI>Call Chain = fix16_div &rArr; __aeabi_lmul
</UL>
<BR>[Calls]<UL><LI><a href="#[47]">&gt;&gt;</a>&nbsp;&nbsp;&nbsp;__aeabi_lmul
</UL>
<BR>[Called By]<UL><LI><a href="#[55]">&gt;&gt;</a>&nbsp;&nbsp;&nbsp;systemMainLoop
<LI><a href="#[41]">&gt;&gt;</a>&nbsp;&nbsp;&nbsp;__algoGetWhiteDutyRatio
<LI><a href="#[43]">&gt;&gt;</a>&nbsp;&nbsp;&nbsp;__algoWhiteRgbParamToFix16
<LI><a href="#[44]">&gt;&gt;</a>&nbsp;&nbsp;&nbsp;__algoSplitTargetColorByWhite
</UL>
<BR>[Address Reference Count : 3]<UL><LI> lto-llvm-f2c118.o(.text.systemMainLoop)
<LI> lto-llvm-f2c118.o(.text.__algoGetDutyRatio)
<LI> lto-llvm-f2c118.o(.text.__algoSplitTargetColorByWhite)
</UL>
<P><STRONG><a name="[8]"></a>fix16_mul</STRONG> (Thumb, 58 bytes, Stack size 16 bytes, lto-llvm-f2c118.o(.text.fix16_mul))
<BR><BR>[Stack]<UL><LI>Max Depth = 16<LI>Call Chain = fix16_mul
</UL>
<BR>[Called By]<UL><LI><a href="#[55]">&gt;&gt;</a>&nbsp;&nbsp;&nbsp;systemMainLoop
<LI><a href="#[40]">&gt;&gt;</a>&nbsp;&nbsp;&nbsp;__algoCross2D
<LI><a href="#[41]">&gt;&gt;</a>&nbsp;&nbsp;&nbsp;__algoGetWhiteDutyRatio
<LI><a href="#[33]">&gt;&gt;</a>&nbsp;&nbsp;&nbsp;AlgoRatioK_ClampRatioQ10000FromFix16
<LI><a href="#[44]">&gt;&gt;</a>&nbsp;&nbsp;&nbsp;__algoSplitTargetColorByWhite
</UL>
<BR>[Address Reference Count : 3]<UL><LI> lto-llvm-f2c118.o(.text.systemMainLoop)
<LI> lto-llvm-f2c118.o(.text.__algoGetWhiteDutyRatio)
<LI> lto-llvm-f2c118.o(.text.__algoSplitTargetColorByWhite)
</UL>
<P><STRONG><a name="[44]"></a>__algoSplitTargetColorByWhite</STRONG> (Thumb, 576 bytes, Stack size 128 bytes, lto-llvm-f2c118.o(.text.__algoSplitTargetColorByWhite))
<BR><BR>[Stack]<UL><LI>Max Depth = 164<LI>Call Chain = __algoSplitTargetColorByWhite &rArr; __algoGetWhitePointY &rArr; __algoWhiteRgbParamToFix16 &rArr; fix16_div &rArr; __aeabi_lmul
</UL>
<BR>[Calls]<UL><LI><a href="#[40]">&gt;&gt;</a>&nbsp;&nbsp;&nbsp;__algoCross2D
<LI><a href="#[13]">&gt;&gt;</a>&nbsp;&nbsp;&nbsp;__algoGetWhitePointY
<LI><a href="#[42]">&gt;&gt;</a>&nbsp;&nbsp;&nbsp;__algoGetWhitePointX
<LI><a href="#[8]">&gt;&gt;</a>&nbsp;&nbsp;&nbsp;fix16_mul
<LI><a href="#[7]">&gt;&gt;</a>&nbsp;&nbsp;&nbsp;fix16_div
</UL>
<BR>[Called By]<UL><LI><a href="#[55]">&gt;&gt;</a>&nbsp;&nbsp;&nbsp;systemMainLoop
</UL>

<P><STRONG><a name="[5b]"></a>AlgoRatioK_ResetNearestPoints</STRONG> (Thumb, 26 bytes, Stack size 8 bytes, lto-llvm-f2c118.o(.text.AlgoRatioK_ResetNearestPoints))
<BR><BR>[Stack]<UL><LI>Max Depth = 8<LI>Call Chain = AlgoRatioK_ResetNearestPoints
</UL>
<BR>[Called By]<UL><LI><a href="#[55]">&gt;&gt;</a>&nbsp;&nbsp;&nbsp;systemMainLoop
</UL>

<P><STRONG><a name="[34]"></a>AlgoRatioK_DivS64ToFix16</STRONG> (Thumb, 92 bytes, Stack size 24 bytes, lto-llvm-f2c118.o(.text.AlgoRatioK_DivS64ToFix16))
<BR><BR>[Stack]<UL><LI>Max Depth = 56<LI>Call Chain = AlgoRatioK_DivS64ToFix16 &rArr; __aeabi_uldivmod
</UL>
<BR>[Calls]<UL><LI><a href="#[35]">&gt;&gt;</a>&nbsp;&nbsp;&nbsp;__aeabi_uldivmod
</UL>
<BR>[Called By]<UL><LI><a href="#[55]">&gt;&gt;</a>&nbsp;&nbsp;&nbsp;systemMainLoop
<LI><a href="#[12]">&gt;&gt;</a>&nbsp;&nbsp;&nbsp;AlgoRatioK_ScaledIntToFix16
</UL>

<P><STRONG><a name="[5c]"></a>__algoGetDutyRatio</STRONG> (Thumb, 536 bytes, Stack size 96 bytes, lto-llvm-f2c118.o(.text.__algoGetDutyRatio))
<BR><BR>[Stack]<UL><LI>Max Depth = 96<LI>Call Chain = __algoGetDutyRatio
</UL>
<BR>[Called By]<UL><LI><a href="#[55]">&gt;&gt;</a>&nbsp;&nbsp;&nbsp;systemMainLoop
</UL>

<P><STRONG><a name="[42]"></a>__algoGetWhitePointX</STRONG> (Thumb, 8 bytes, Stack size 0 bytes, lto-llvm-f2c118.o(.text.__algoGetWhitePointX))
<BR><BR>[Stack]<UL><LI>Max Depth = 36<LI>Call Chain = __algoGetWhitePointX &rArr; __algoWhiteRgbParamToFix16 &rArr; fix16_div &rArr; __aeabi_lmul
</UL>
<BR>[Calls]<UL><LI><a href="#[43]">&gt;&gt;</a>&nbsp;&nbsp;&nbsp;__algoWhiteRgbParamToFix16
</UL>
<BR>[Called By]<UL><LI><a href="#[55]">&gt;&gt;</a>&nbsp;&nbsp;&nbsp;systemMainLoop
<LI><a href="#[44]">&gt;&gt;</a>&nbsp;&nbsp;&nbsp;__algoSplitTargetColorByWhite
</UL>

<P><STRONG><a name="[13]"></a>__algoGetWhitePointY</STRONG> (Thumb, 8 bytes, Stack size 0 bytes, lto-llvm-f2c118.o(.text.__algoGetWhitePointY))
<BR><BR>[Stack]<UL><LI>Max Depth = 36<LI>Call Chain = __algoGetWhitePointY &rArr; __algoWhiteRgbParamToFix16 &rArr; fix16_div &rArr; __aeabi_lmul
</UL>
<BR>[Calls]<UL><LI><a href="#[43]">&gt;&gt;</a>&nbsp;&nbsp;&nbsp;__algoWhiteRgbParamToFix16
</UL>
<BR>[Called By]<UL><LI><a href="#[55]">&gt;&gt;</a>&nbsp;&nbsp;&nbsp;systemMainLoop
<LI><a href="#[44]">&gt;&gt;</a>&nbsp;&nbsp;&nbsp;__algoSplitTargetColorByWhite
</UL>
<BR>[Address Reference Count : 1]<UL><LI> lto-llvm-f2c118.o(.text.systemMainLoop)
</UL>
<P><STRONG><a name="[36]"></a>AlgoRatioK_TryInsertPointByIndex</STRONG> (Thumb, 108 bytes, Stack size 24 bytes, lto-llvm-f2c118.o(.text.AlgoRatioK_TryInsertPointByIndex))
<BR><BR>[Stack]<UL><LI>Max Depth = 64<LI>Call Chain = AlgoRatioK_TryInsertPointByIndex &rArr; AlgoRatioK_InsertNearestPoint
</UL>
<BR>[Calls]<UL><LI><a href="#[37]">&gt;&gt;</a>&nbsp;&nbsp;&nbsp;AlgoRatioK_InsertNearestPoint
</UL>
<BR>[Called By]<UL><LI><a href="#[55]">&gt;&gt;</a>&nbsp;&nbsp;&nbsp;systemMainLoop
</UL>

<P><STRONG><a name="[12]"></a>AlgoRatioK_ScaledIntToFix16</STRONG> (Thumb, 10 bytes, Stack size 0 bytes, lto-llvm-f2c118.o(.text.AlgoRatioK_ScaledIntToFix16))
<BR><BR>[Stack]<UL><LI>Max Depth = 56<LI>Call Chain = AlgoRatioK_ScaledIntToFix16 &rArr; AlgoRatioK_DivS64ToFix16 &rArr; __aeabi_uldivmod
</UL>
<BR>[Calls]<UL><LI><a href="#[34]">&gt;&gt;</a>&nbsp;&nbsp;&nbsp;AlgoRatioK_DivS64ToFix16
</UL>
<BR>[Address Reference Count : 1]<UL><LI> lto-llvm-f2c118.o(.text.systemMainLoop)
</UL>
<P><STRONG><a name="[33]"></a>AlgoRatioK_ClampRatioQ10000FromFix16</STRONG> (Thumb, 64 bytes, Stack size 8 bytes, lto-llvm-f2c118.o(.text.AlgoRatioK_ClampRatioQ10000FromFix16))
<BR><BR>[Stack]<UL><LI>Max Depth = 24<LI>Call Chain = AlgoRatioK_ClampRatioQ10000FromFix16 &rArr; fix16_mul
</UL>
<BR>[Calls]<UL><LI><a href="#[8]">&gt;&gt;</a>&nbsp;&nbsp;&nbsp;fix16_mul
</UL>
<BR>[Called By]<UL><LI><a href="#[55]">&gt;&gt;</a>&nbsp;&nbsp;&nbsp;systemMainLoop
</UL>

<P><STRONG><a name="[43]"></a>__algoWhiteRgbParamToFix16</STRONG> (Thumb, 8 bytes, Stack size 0 bytes, lto-llvm-f2c118.o(.text.__algoWhiteRgbParamToFix16))
<BR><BR>[Stack]<UL><LI>Max Depth = 36<LI>Call Chain = __algoWhiteRgbParamToFix16 &rArr; fix16_div &rArr; __aeabi_lmul
</UL>
<BR>[Calls]<UL><LI><a href="#[7]">&gt;&gt;</a>&nbsp;&nbsp;&nbsp;fix16_div
</UL>
<BR>[Called By]<UL><LI><a href="#[55]">&gt;&gt;</a>&nbsp;&nbsp;&nbsp;systemMainLoop
<LI><a href="#[13]">&gt;&gt;</a>&nbsp;&nbsp;&nbsp;__algoGetWhitePointY
<LI><a href="#[42]">&gt;&gt;</a>&nbsp;&nbsp;&nbsp;__algoGetWhitePointX
</UL>

<P><STRONG><a name="[41]"></a>__algoGetWhiteDutyRatio</STRONG> (Thumb, 144 bytes, Stack size 16 bytes, lto-llvm-f2c118.o(.text.__algoGetWhiteDutyRatio))
<BR><BR>[Stack]<UL><LI>Max Depth = 52<LI>Call Chain = __algoGetWhiteDutyRatio &rArr; fix16_div &rArr; __aeabi_lmul
</UL>
<BR>[Calls]<UL><LI><a href="#[8]">&gt;&gt;</a>&nbsp;&nbsp;&nbsp;fix16_mul
<LI><a href="#[7]">&gt;&gt;</a>&nbsp;&nbsp;&nbsp;fix16_div
</UL>
<BR>[Called By]<UL><LI><a href="#[55]">&gt;&gt;</a>&nbsp;&nbsp;&nbsp;systemMainLoop
</UL>

<P><STRONG><a name="[57]"></a>moduleLedUpdatePWM</STRONG> (Thumb, 188 bytes, Stack size 20 bytes, lto-llvm-f2c118.o(.text.moduleLedUpdatePWM))
<BR><BR>[Stack]<UL><LI>Max Depth = 20<LI>Call Chain = moduleLedUpdatePWM
</UL>
<BR>[Called By]<UL><LI><a href="#[55]">&gt;&gt;</a>&nbsp;&nbsp;&nbsp;systemMainLoop
<LI><a href="#[56]">&gt;&gt;</a>&nbsp;&nbsp;&nbsp;moduleLedPowerOff
</UL>

<P><STRONG><a name="[3b]"></a>LIN_COM_Handler</STRONG> (Thumb, 60 bytes, Stack size 8 bytes, lto-llvm-f2c118.o(.text.LIN_COM_Handler))
<BR><BR>[Stack]<UL><LI>Max Depth = 200<LI>Call Chain = LIN_COM_Handler &rArr; l_hal_cyclic_call &rArr; LIN_AutoAddr_End &rArr; endAAProcess &rArr; l_sys_init &rArr; lin_hal_init_uart
</UL>
<BR>[Calls]<UL><LI><a href="#[3c]">&gt;&gt;</a>&nbsp;&nbsp;&nbsp;lin_hal_ISR
<LI><a href="#[3d]">&gt;&gt;</a>&nbsp;&nbsp;&nbsp;l_hal_cyclic_call
</UL>
<BR>[Called By]<UL><LI><a href="#[4]">&gt;&gt;</a>&nbsp;&nbsp;&nbsp;NVIC_IRQ2_Handler
</UL>

<P><STRONG><a name="[3e]"></a>ADC11_compensateLinAutoAddrDiff</STRONG> (Thumb, 36 bytes, Stack size 0 bytes, lto-llvm-f2c118.o(.text.ADC11_compensateLinAutoAddrDiff))
<BR><BR>[Called By]<UL><LI><a href="#[4]">&gt;&gt;</a>&nbsp;&nbsp;&nbsp;NVIC_IRQ2_Handler
</UL>

<P><STRONG><a name="[40]"></a>__algoCross2D</STRONG> (Thumb, 26 bytes, Stack size 16 bytes, lto-llvm-f2c118.o(.text.__algoCross2D))
<BR><BR>[Stack]<UL><LI>Max Depth = 32<LI>Call Chain = __algoCross2D &rArr; fix16_mul
</UL>
<BR>[Calls]<UL><LI><a href="#[8]">&gt;&gt;</a>&nbsp;&nbsp;&nbsp;fix16_mul
</UL>
<BR>[Called By]<UL><LI><a href="#[44]">&gt;&gt;</a>&nbsp;&nbsp;&nbsp;__algoSplitTargetColorByWhite
</UL>

<P><STRONG><a name="[37]"></a>AlgoRatioK_InsertNearestPoint</STRONG> (Thumb, 114 bytes, Stack size 40 bytes, lto-llvm-f2c118.o(.text.AlgoRatioK_InsertNearestPoint))
<BR><BR>[Stack]<UL><LI>Max Depth = 40<LI>Call Chain = AlgoRatioK_InsertNearestPoint
</UL>
<BR>[Called By]<UL><LI><a href="#[36]">&gt;&gt;</a>&nbsp;&nbsp;&nbsp;AlgoRatioK_TryInsertPointByIndex
</UL>

<P><STRONG><a name="[3]"></a>SysTick_Handler</STRONG> (Thumb, 32 bytes, Stack size 0 bytes, lto-llvm-f2c118.o(.text.SysTick_Handler))
<BR>[Address Reference Count : 1]<UL><LI> lto-llvm-f2c118.o(RESET)
</UL>
<P><STRONG><a name="[4]"></a>NVIC_IRQ2_Handler</STRONG> (Thumb, 1552 bytes, Stack size 40 bytes, lto-llvm-f2c118.o(.text.NVIC_IRQ2_Handler))
<BR><BR>[Stack]<UL><LI>Max Depth = 240<LI>Call Chain = NVIC_IRQ2_Handler &rArr; LIN_COM_Handler &rArr; l_hal_cyclic_call &rArr; LIN_AutoAddr_End &rArr; endAAProcess &rArr; l_sys_init &rArr; lin_hal_init_uart
</UL>
<BR>[Calls]<UL><LI><a href="#[3e]">&gt;&gt;</a>&nbsp;&nbsp;&nbsp;ADC11_compensateLinAutoAddrDiff
<LI><a href="#[3b]">&gt;&gt;</a>&nbsp;&nbsp;&nbsp;LIN_COM_Handler
<LI><a href="#[39]">&gt;&gt;</a>&nbsp;&nbsp;&nbsp;LIN_AutoAddr_Meas_Exit
</UL>
<BR>[Address Reference Count : 1]<UL><LI> lto-llvm-f2c118.o(RESET)
</UL>
<P><STRONG><a name="[5]"></a>NVIC_IRQ4_Handler</STRONG> (Thumb, 56 bytes, Stack size 0 bytes, lto-llvm-f2c118.o(.text.NVIC_IRQ4_Handler))
<BR>[Address Reference Count : 1]<UL><LI> lto-llvm-f2c118.o(RESET)
</UL>
<P><STRONG><a name="[6]"></a>NVIC_IRQ5_Handler</STRONG> (Thumb, 124 bytes, Stack size 8 bytes, lto-llvm-f2c118.o(.text.NVIC_IRQ5_Handler))
<BR><BR>[Stack]<UL><LI>Max Depth = 8<LI>Call Chain = NVIC_IRQ5_Handler
</UL>
<BR>[Address Reference Count : 1]<UL><LI> lto-llvm-f2c118.o(RESET)
</UL>
<P><STRONG><a name="[0]"></a>Reset_Handler</STRONG> (Thumb, 16 bytes, Stack size 0 bytes, lto-llvm-f2c118.o(.text.Reset_Handler))
<BR><BR>[Stack]<UL><LI>Max Depth = 8 + Unknown Stack Size
<LI>Call Chain = Reset_Handler &rArr; SystemInit
</UL>
<BR>[Calls]<UL><LI><a href="#[1d]">&gt;&gt;</a>&nbsp;&nbsp;&nbsp;__main
<LI><a href="#[3f]">&gt;&gt;</a>&nbsp;&nbsp;&nbsp;SystemInit
</UL>
<BR>[Address Reference Count : 1]<UL><LI> lto-llvm-f2c118.o(RESET)
</UL>
<P><STRONG><a name="[3f]"></a>SystemInit</STRONG> (Thumb, 124 bytes, Stack size 8 bytes, lto-llvm-f2c118.o(.text.SystemInit))
<BR><BR>[Stack]<UL><LI>Max Depth = 8<LI>Call Chain = SystemInit
</UL>
<BR>[Called By]<UL><LI><a href="#[0]">&gt;&gt;</a>&nbsp;&nbsp;&nbsp;Reset_Handler
</UL>

<P><STRONG><a name="[2]"></a>HardFault_Handler</STRONG> (Thumb, 2 bytes, Stack size 0 bytes, lto-llvm-f2c118.o(.text.HardFault_Handler))
<BR><BR>[Calls]<UL><LI><a href="#[2]">&gt;&gt;</a>&nbsp;&nbsp;&nbsp;HardFault_Handler
</UL>
<BR>[Called By]<UL><LI><a href="#[2]">&gt;&gt;</a>&nbsp;&nbsp;&nbsp;HardFault_Handler
</UL>
<BR>[Address Reference Count : 1]<UL><LI> lto-llvm-f2c118.o(RESET)
</UL>
<P><STRONG><a name="[1]"></a>Default_Handler</STRONG> (Thumb, 2 bytes, Stack size 0 bytes, lto-llvm-f2c118.o(.text.Default_Handler))
<BR><BR>[Calls]<UL><LI><a href="#[1]">&gt;&gt;</a>&nbsp;&nbsp;&nbsp;Default_Handler
</UL>
<BR>[Called By]<UL><LI><a href="#[1]">&gt;&gt;</a>&nbsp;&nbsp;&nbsp;Default_Handler
</UL>
<BR>[Address Reference Count : 1]<UL><LI> lto-llvm-f2c118.o(RESET)
</UL><P>
<H3>
Undefined Global Symbols
</H3>
<P><STRONG><a name="[2b]"></a>_call_atexit_fns</STRONG> (ARM, 0 bytes, Stack size 0 bytes, UNDEFINED)
<BR><BR>[Called By]<UL><LI><a href="#[26]">&gt;&gt;</a>&nbsp;&nbsp;&nbsp;exit
</UL>
<HR></body></html>
