<html>
<body>
<pre>
<h1>µVision Build Log</h1>
<h2>Tool Versions:</h2>
IDE-Version: ¦ÌVision V5.39.0.0
Copyright (C) 2023 ARM Ltd and ARM Germany GmbH. All rights reserved.
License Information: 1 it01, 1, LIC=SDA0P-MC2IB-Z98G9-4SY64-JWCZ0-GV2N2
 
Tool Versions:
Toolchain:       MDK-ARM Plus  Version: 5.39.0.0
Toolchain Path:  D:\keil\ARM\ARMCLANG\Bin
C Compiler:      ArmClang.exe V6.21
Assembler:       Armasm.exe V6.21
Linker/Locator:  ArmLink.exe V6.21
Library Manager: ArmAr.exe V6.21
Hex Converter:   FromElf.exe V6.21
CPU DLL:         
Dialog DLL:      
Target DLL:      Segger\JL2CM3.dll V2.99.43.0
Dialog DLL:      TCM.DLL V1.56.4.0
 
<h2>Project:</h2>
E:\AUDI_COLOR\RGB\BLINKY_SIMPLE_EXAMPLE_TLD4020_DEV\TLD4020_4ET_BLINKY_SIMPLE.uvprojx
Project File Date:  05/28/2026

<h2>Output:</h2>
*** Using Compiler 'V6.21', folder: 'D:\keil\ARM\ARMCLANG\Bin'
Rebuild target 'Target 1'
compiling lin_diag_tp.c...
compiling lin_diag_raw.c...
compiling lin_master_task.c...
compiling lin_config.c...
compiling lin_app.c...
compiling genLinConfig.c...
compiling lin_slave_task.c...
compiling LINApplication.c...
compiling lin_driver_api.c...
compiling lin_hal.c...
compiling lin_main.c...
compiling main.c...
compiling lin_autoaddressing.c...
compiling SystemDerating.c...
compiling SystemControl.c...
compiling SystemLinDiag.c...
compiling SystemMain.c...
compiling SystemLinComm.c...
compiling SystemType.c...
compiling ModuleBattery.c...
compiling ModuleFlash.c...
compiling ModuleAdc.c...
compiling ModuleClock.c...
compiling SystemStatus.c...
compiling ModuleLed.c...
compiling ModuleWatchdog.c...
compiling BINARYSEARCH_U16.c...
compiling INTERPOLATE_U16_U16.c...
compiling Dimming_Calculate.c...
compiling ModulePower.c...
compiling ModuleTemperature.c...
compiling FloatLib.c...
compiling LookUp_U16_U16.c...
compiling adc11.c...
compiling cpu.c...
compiling AlgoRatioK_localfit.c...
Algorithm/Algorithm.c(1166): warning: passing 'volatile SCIEColor *' (aka 'volatile struct CIEColor *') to parameter of type 'SCIEColor *' (aka 'struct CIEColor *') discards qualifiers [-Wincompatible-pointer-types-discards-qualifiers]
 1166 |     __algoGetTargetColorFromCIE1976(inputColor, &targetColor);
      |                                                 ^~~~~~~~~~~~
Algorithm/Algorithm.c(981): note: passing argument to parameter 'targetColor' here
  981 | static void __algoGetTargetColorFromCIE1976( SColorParams *inputColor, SCIEColor *targetColor)
      |                                                                                   ^
Algorithm/Algorithm.c(1173): warning: passing 'volatile SCIEColor *' (aka 'volatile struct CIEColor *') to parameter of type 'const SCIEColor *' (aka 'const struct CIEColor *') discards qualifiers [-Wincompatible-pointer-types-discards-qualifiers]
 1173 |         splitTargetColorValid = __algoSplitTargetColorByWhite(&targetColor, &splitWhiteCIE, &splitPointCIE);
      |                                                               ^~~~~~~~~~~~
Algorithm/Algorithm.c(601): note: passing argument to parameter 'targetColor' here
  601 | static bool_t __algoSplitTargetColorByWhite(const SCIEColor *targetColor,
      |                                                              ^
Algorithm/Algorithm.c(1202): warning: passing 'volatile SCIEColor *' (aka 'volatile struct CIEColor *') to parameter of type 'SCIEColor *' (aka 'struct CIEColor *') discards qualifiers [-Wincompatible-pointer-types-discards-qualifiers]
 1202 |         __algoGetDutyRatio(inputColor, &targetColor, outputPWM);
      |                                        ^~~~~~~~~~~~
Algorithm/Algorithm.c(836): note: passing argument to parameter 'MxyzY' here
  836 | static void __algoGetDutyRatio(SColorParams * const inputColor, SCIEColor *MxyzY, SPWMParams *outputPWM)
      |                                                                            ^
3 warnings generated.
compiling Algorithm.c...
compiling device.c...
compiling gpio.c...
compiling isr_nvic_irq2_handler.c...
compiling isr_nvic_irq0_handler.c...
compiling isr.c...
compiling isr_nvic_irq6_handler.c...
compiling isr_nvic_irq7_handler.c...
compiling isr_nvic_irq3_handler.c...
compiling isr_nvic_irq4_handler.c...
compiling isr_nvic_irq5_handler.c...
compiling ldrv.c...
compiling pmu.c...
compiling mem.c...
compiling scu.c...
compiling startup_tld40xx.c...
compiling system_tld40xx.c...
compiling lin.c...
linking...
Program Size: Code=22928 RO-data=5996 RW-data=212 ZI-data=1452  
FromELF: creating hex file...
After Build - User command #1: findstr /C:"Total R" Listings\*.map
Listings\TLD4020_4ET_JLINK_GETTING_STARTED.map:    Total RO  Size (Code + RO Data)                28924 (  28.25kB)
Listings\TLD4020_4ET_JLINK_GETTING_STARTED.map:    Total RW  Size (RW Data + ZI Data)              1664 (   1.62kB)
Listings\TLD4020_4ET_JLINK_GETTING_STARTED.map:    Total ROM Size (Code + RO Data + RW Data)      29136 (  28.45kB)
".\Objects\TLD4020_4ET_JLINK_GETTING_STARTED.axf" - 0 Error(s), 3 Warning(s).

<h2>Software Packages used:</h2>

Package Vendor: ARM
                http://www.keil.com/pack/ARM.CMSIS.5.9.0.pack
                ARM::CMSIS@5.9.0
                CMSIS (Common Microcontroller Software Interface Standard)
   * Component: CORE Version: 5.6.0

Package Vendor: Infineon
                
                Infineon::TLD40xx_DFP@3.2.0-plus
                Infineon TLD40xx Series Device Support
   * Component: Config Wizard Version: 1.1.0
   * Component: ADC11 Version: 1.2.0
   * Component: BOOTROM Version: 1.0.0
   * Component: CPU Version: 1.0.7
   * Component: GPIO Version: 1.1.0
   * Component: ISR Version: 1.0.6
   * Component: LDRV Version: 1.2.0
   * Component: LIN Version: 2.1.1
   * Component: MEM Version: 1.0.4
   * Component: PMU Version: 1.0.5
   * Component: SCU Version: 1.1.1
   * Component: Startup Version: 1.0.0

<h2>Collection of Component include folders:</h2>
  ./RTE/Device/TLD4020-4ET
  ./RTE/_Target_1
  D:/keil/ARM/CMSIS/5.9.0/CMSIS/Core/Include

<h2>Collection of Component Files used:</h2>

   * Component: ARM::CMSIS:CORE@5.6.0

   * Component: Infineon::Device:Config Wizard@1.1.0
      Include file:  device/lib/cfgwiz/defines/TLD4020_4/bsl_defines.h
      Include file:  device/lib/cfgwiz/defines/TLD4020_4/ldrv_defines.h
      Include file:  device/lib/cfgwiz/defines/TLD4020_4/isr_defines.h
      Include file:  device/lib/cfgwiz/defines/TLD4020_4/pmu_defines.h
      Include file:  device/lib/cfgwiz/defines/TLD4020_4/uart2_defines.h
      Include file:  device/lib/cfgwiz/defines/TLD4020_4/mem_defines.h
      Include file:  device/lib/cfgwiz/defines/TLD4020_4/adc11_defines.h
      Include file:  device/lib/cfgwiz/defines/TLD4020_4/cpu_defines.h
      Include file:  device/lib/cfgwiz/defines/TLD4020_4/gpio_defines.h
      Include file:  device/lib/cfgwiz/defines/TLD4020_4/lin_defines.h
      Include file:  device/lib/cfgwiz/defines/TLD4020_4/scu_defines.h

   * Component: Infineon::Device:Lib:ADC11@1.2.0
      Include file:  device/lib/inc/adc11.h
      Source file:   device/lib/src/adc11.c

   * Component: Infineon::Device:Lib:BOOTROM@1.0.0
      Include file:  device/lib/inc/bootrom.h

   * Component: Infineon::Device:Lib:CPU@1.0.7
      Source file:   device/lib/src/cpu.c
      Include file:  device/lib/inc/cpu.h

   * Component: Infineon::Device:Lib:GPIO@1.1.0
      Include file:  device/lib/inc/gpio.h
      Source file:   device/lib/src/gpio.c

   * Component: Infineon::Device:Lib:ISR@1.0.6
      Include file:  device/lib/inc/isr_nvic_irq3_handler.h
      Include file:  device/lib/inc/isr_nvic_irq5_handler.h
      Source file:   device/lib/src/isr.c
      Source file:   device/lib/src/isr_nvic_irq2_handler.c
      Source file:   device/lib/src/isr_nvic_irq4_handler.c
      Include file:  device/lib/inc/isr_nvic_irq6_handler.h
      Source file:   device/lib/src/isr_nvic_irq3_handler.c
      Include file:  device/lib/inc/isr_nvic_irq2_handler.h
      Include file:  device/lib/inc/isr_nvic_irq4_handler.h
      Include file:  device/lib/inc/isr_nvic_irq7_handler.h
      Include file:  device/lib/inc/isr.h
      Source file:   device/lib/src/isr_nvic_irq7_handler.c
      Source file:   device/lib/src/isr_nvic_irq0_handler.c
      Include file:  device/lib/inc/isr_nvic_irq0_handler.h
      Source file:   device/lib/src/isr_nvic_irq5_handler.c
      Source file:   device/lib/src/isr_nvic_irq6_handler.c

   * Component: Infineon::Device:Lib:LDRV@1.2.0
      Include file:  device/lib/inc/ldrv.h
      Source file:   device/lib/src/ldrv.c

   * Component: Infineon::Device:Lib:LIN@2.1.1
      Source file:   device/lib/src/lin.c
      Include file:  device/lib/inc/lin.h

   * Component: Infineon::Device:Lib:MEM@1.0.4
      Source file:   device/lib/src/mem.c
      Include file:  device/lib/inc/mem.h

   * Component: Infineon::Device:Lib:PMU@1.0.5
      Include file:  device/lib/inc/pmu.h
      Source file:   device/lib/src/pmu.c

   * Component: Infineon::Device:Lib:SCU@1.1.1
      Include file:  device/lib/inc/scu.h
      Source file:   device/lib/src/scu.c

   * Component: Infineon::Device:Startup@1.0.0
      Include file:  device/lib/inc/error_codes.h
      Include file:  device/lib/inc/cmsis_misra.h
      Include file:  device/startup/inc/system_tld40xx.h
      Include file:  device/lib/inc/device.h
      Include file:  device/lib/inc/tld40xx_4et.h
      Source file:   device/startup/src/system_tld40xx.c
      Source file:   device/startup/src/startup_tld40xx.c
      Include file:  device/lib/inc/variants.h
      Source file:   device/lib/src/device.c
      Source file:   device/lib/main/main.c
      Include file:  device/lib/inc/types.h
Build Time Elapsed:  00:00:13
</pre>
</body>
</html>
