*** Using Compiler 'V6.21', folder: 'C:\Keil_v5\ARM\ARMCLANG\Bin'
Rebuild target 'SWSC_Application'
compiling genLinConfig.c...
compiling lin_autoaddressing_cfg.c...
compiling LINApplication.c...
compiling lin_app.c...
compiling lin_hal.c...
compiling lin_diag_raw.c...
compiling lin_diag_tp.c...
compiling lin_driver_api.c...
compiling lin_main.c...
compiling lin_slave_task.c...
compiling main.c...
compiling lin_config.c...
compiling lin_autoaddressing.c...
compiling SystemDerating.c...
compiling SystemControl.c...
compiling lin_master_task.c...
compiling SystemType.c...
compiling SystemStatus.c...
compiling ModuleAdc.c...
compiling SystemLinDiag.c...
compiling SystemLinComm.c...
compiling SystemMain.c...
compiling ModuleBattery.c...
compiling ModuleClock.c...
compiling ModuleFlash.c...
compiling ModuleLed.c...
compiling ModulePower.c...
compiling Dimming_Calculate.c...
compiling ModuleTemperature.c...
compiling INTERPOLATE_U16_U16.c...
compiling LookUp_U16_U16.c...
compiling BINARYSEARCH_U16.c...
compiling FloatLib.c...
compiling adc11.c...
compiling cpu.c...
compiling device.c...
compiling Algorithm.c...
compiling gpio.c...
compiling isr.c...
compiling isr_nvic_irq0_handler.c...
compiling isr_nvic_irq4_handler.c...
compiling isr_nvic_irq2_handler.c...
compiling isr_nvic_irq5_handler.c...
compiling isr_nvic_irq6_handler.c...
compiling ldrv.c...
compiling lin.c...
compiling mem.c...
compiling osc.c...
compiling pmu.c...
compiling system_tld40xx.c...
compiling isr_nvic_irq7_handler.c...
compiling scu.c...
assembling startup_tld40xx.S...
linking...
Program Size: Code=23444 RO-data=2300 RW-data=284 ZI-data=2580  
FromELF: creating hex file...
After Build - User command #1: findstr /C:"Total R" Listings\*.map
Listings\SWSC_Application.map:    Total RO  Size (Code + RO Data)                25744 (  25.14kB)
Listings\SWSC_Application.map:    Total RW  Size (RW Data + ZI Data)              2864 (   2.80kB)
Listings\SWSC_Application.map:    Total ROM Size (Code + RO Data + RW Data)      26028 (  25.42kB)
".\Objects\SWSC_Application.axf" - 0 Error(s), 0 Warning(s).
Build Time Elapsed:  00:00:24
