Component: Arm Compiler for Embedded 6.21 Tool: armlink [5ec1fa00]

==============================================================================

Section Cross References

    __main.o(!!!main) refers to __rtentry.o(.ARM.Collect$$rtentry$$00000000) for __rt_entry
    __rtentry.o(.ARM.Collect$$rtentry$$00000000) refers (Special) to __rtentry2.o(.ARM.Collect$$rtentry$$0000000A) for __rt_entry_li
    __rtentry.o(.ARM.Collect$$rtentry$$00000000) refers (Special) to __rtentry2.o(.ARM.Collect$$rtentry$$0000000D) for __rt_entry_main
    __rtentry.o(.ARM.Collect$$rtentry$$00000000) refers (Special) to __rtentry2.o(.ARM.Collect$$rtentry$$0000000C) for __rt_entry_postli_1
    __rtentry.o(.ARM.Collect$$rtentry$$00000000) refers (Special) to __rtentry2.o(.ARM.Collect$$rtentry$$00000009) for __rt_entry_postsh_1
    __rtentry.o(.ARM.Collect$$rtentry$$00000000) refers (Special) to __rtentry2.o(.ARM.Collect$$rtentry$$00000002) for __rt_entry_presh_1
    __rtentry.o(.ARM.Collect$$rtentry$$00000000) refers (Special) to __rtentry7.o(.ARM.Collect$$rtentry$$00000007) for __rt_entry_sh
    __rtentry2.o(.ARM.Collect$$rtentry$$00000008) refers to boardinit2.o(.text) for _platform_post_stackheap_init
    __rtentry2.o(.ARM.Collect$$rtentry$$0000000A) refers to libinit.o(.ARM.Collect$$libinit$$00000000) for __rt_lib_init
    __rtentry2.o(.ARM.Collect$$rtentry$$0000000B) refers to boardinit3.o(.text) for _platform_post_lib_init
    __rtentry2.o(.ARM.Collect$$rtentry$$0000000D) refers to lto-llvm-fd25f0.o(.text.main) for main
    __rtentry2.o(.ARM.Collect$$rtentry$$0000000D) refers to exit.o(.text) for exit
    __rtentry2.o(.ARM.exidx) refers to __rtentry2.o(.ARM.Collect$$rtentry$$00000001) for .ARM.Collect$$rtentry$$00000001
    __rtentry2.o(.ARM.exidx) refers to __rtentry2.o(.ARM.Collect$$rtentry$$00000008) for .ARM.Collect$$rtentry$$00000008
    __rtentry2.o(.ARM.exidx) refers to __rtentry2.o(.ARM.Collect$$rtentry$$0000000A) for .ARM.Collect$$rtentry$$0000000A
    __rtentry2.o(.ARM.exidx) refers to __rtentry2.o(.ARM.Collect$$rtentry$$0000000B) for .ARM.Collect$$rtentry$$0000000B
    __rtentry2.o(.ARM.exidx) refers to __rtentry2.o(.ARM.Collect$$rtentry$$0000000D) for .ARM.Collect$$rtentry$$0000000D
    __rtentry4.o(.ARM.Collect$$rtentry$$00000004) refers to sys_stackheap_outer.o(.text) for __user_setup_stackheap
    __rtentry4.o(.ARM.exidx) refers to __rtentry4.o(.ARM.Collect$$rtentry$$00000004) for .ARM.Collect$$rtentry$$00000004
    __rtentry7.o(.ARM.Collect$$rtentry$$00000007) refers to __rtentry7.o(.ARM.Collect$$rtentry$$00002718) for __lit__00000000
    __rtentry7.o(__vectab_stack_and_reset_2_area) refers to __main.o(!!!main) for __main
    __rtentry7.o(.ARM.exidx) refers to __rtentry7.o(.ARM.Collect$$rtentry$$00000007) for .ARM.Collect$$rtentry$$00000007
    __rtentry7.o(.ARM.exidx) refers to __rtentry7.o(.ARM.Collect$$rtentry$$00002718) for .ARM.Collect$$rtentry$$00002718
    sys_stackheap_outer.o(.text) refers to libspace.o(.text) for __user_perproc_libspace
    sys_stackheap_outer.o(.text) refers to sys_stackheap.o(.text) for __user_initial_stackheap
    sys_stackheap_outer.o(__vectab_stack_and_reset_area) refers to tempstk.o(.text) for __temporary_stack_top
    sys_stackheap_outer.o(__vectab_stack_and_reset_area) refers to __main.o(!!!main) for __main
    exit.o(.text) refers to rtexit.o(.ARM.Collect$$rtexit$$00000000) for __rt_exit
    libinit.o(.ARM.Collect$$libinit$$00000000) refers (Special) to libinit2.o(.ARM.Collect$$libinit$$00000030) for __rt_lib_init_alloca_1
    libinit.o(.ARM.Collect$$libinit$$00000000) refers (Special) to libinit2.o(.ARM.Collect$$libinit$$0000002E) for __rt_lib_init_argv_1
    libinit.o(.ARM.Collect$$libinit$$00000000) refers (Special) to libinit2.o(.ARM.Collect$$libinit$$0000001D) for __rt_lib_init_atexit_1
    libinit.o(.ARM.Collect$$libinit$$00000000) refers (Special) to libinit2.o(.ARM.Collect$$libinit$$00000023) for __rt_lib_init_clock_1
    libinit.o(.ARM.Collect$$libinit$$00000000) refers (Special) to libinit2.o(.ARM.Collect$$libinit$$00000034) for __rt_lib_init_cpp_1
    libinit.o(.ARM.Collect$$libinit$$00000000) refers (Special) to libinit2.o(.ARM.Collect$$libinit$$00000032) for __rt_lib_init_exceptions_1
    libinit.o(.ARM.Collect$$libinit$$00000000) refers (Special) to libinit2.o(.ARM.Collect$$libinit$$00000002) for __rt_lib_init_fp_1
    libinit.o(.ARM.Collect$$libinit$$00000000) refers (Special) to libinit2.o(.ARM.Collect$$libinit$$00000021) for __rt_lib_init_fp_trap_1
    libinit.o(.ARM.Collect$$libinit$$00000000) refers (Special) to libinit2.o(.ARM.Collect$$libinit$$00000025) for __rt_lib_init_getenv_1
    libinit.o(.ARM.Collect$$libinit$$00000000) refers (Special) to libinit2.o(.ARM.Collect$$libinit$$0000000C) for __rt_lib_init_heap_1
    libinit.o(.ARM.Collect$$libinit$$00000000) refers (Special) to libinit2.o(.ARM.Collect$$libinit$$00000013) for __rt_lib_init_lc_collate_1
[...]
    __arm_cp.8_3                             0x12001ea0   Number         4  lto-llvm-fd25f0.o(.text.l_sys_init)
    const_LIN_FRAME_CTRL_INIT01              0x12001ea4   Number         0  lto-llvm-fd25f0.o(.text.l_sys_init)
    __arm_cp.8_5                             0x12001ee0   Number         4  lto-llvm-fd25f0.o(.text.l_sys_init)
    __arm_cp.8_6                             0x12001ee4   Number         4  lto-llvm-fd25f0.o(.text.l_sys_init)
    l_sys_irq_restore                        0x12001ee9   Thumb Code    24  lto-llvm-fd25f0.o(.text.l_sys_irq_restore)
    [Anonymous Symbol]                       0x12001ee8   Section        0  lto-llvm-fd25f0.o(.text.l_sys_irq_restore)
    lin_hal_ISR                              0x12001f01   Thumb Code   556  lto-llvm-fd25f0.o(.text.lin_hal_ISR)
    [Anonymous Symbol]                       0x12001f00   Section        0  lto-llvm-fd25f0.o(.text.lin_hal_ISR)
    __arm_cp.5_7                             0x1200212c   Number         4  lto-llvm-fd25f0.o(.text.lin_hal_ISR)
    lin_hal_init_uart                        0x12002131   Thumb Code   316  lto-llvm-fd25f0.o(.text.lin_hal_init_uart)
    [Anonymous Symbol]                       0x12002130   Section        0  lto-llvm-fd25f0.o(.text.lin_hal_init_uart)
    __arm_cp.1_0                             0x1200226c   Number         4  lto-llvm-fd25f0.o(.text.lin_hal_init_uart)
    __arm_cp.1_1                             0x12002270   Number         4  lto-llvm-fd25f0.o(.text.lin_hal_init_uart)
    __arm_cp.1_2                             0x12002274   Number         4  lto-llvm-fd25f0.o(.text.lin_hal_init_uart)
    __arm_cp.1_3                             0x12002278   Number         4  lto-llvm-fd25f0.o(.text.lin_hal_init_uart)
    __arm_cp.1_4                             0x1200227c   Number         4  lto-llvm-fd25f0.o(.text.lin_hal_init_uart)
    __arm_cp.1_5                             0x12002280   Number         4  lto-llvm-fd25f0.o(.text.lin_hal_init_uart)
    lin_hal_set_resp_error                   0x12002285   Thumb Code    96  lto-llvm-fd25f0.o(.text.lin_hal_set_resp_error)
    [Anonymous Symbol]                       0x12002284   Section        0  lto-llvm-fd25f0.o(.text.lin_hal_set_resp_error)
    __arm_cp.4_0                             0x120022e4   Number         4  lto-llvm-fd25f0.o(.text.lin_hal_set_resp_error)
    __arm_cp.4_1                             0x120022e8   Number         4  lto-llvm-fd25f0.o(.text.lin_hal_set_resp_error)
    __arm_cp.4_2                             0x120022ec   Number         4  lto-llvm-fd25f0.o(.text.lin_hal_set_resp_error)
    __arm_cp.4_3                             0x120022f0   Number         4  lto-llvm-fd25f0.o(.text.lin_hal_set_resp_error)
    __arm_cp.4_4                             0x120022f4   Number         4  lto-llvm-fd25f0.o(.text.lin_hal_set_resp_error)
    lin_hal_tx_byte                          0x120022f9   Thumb Code    40  lto-llvm-fd25f0.o(.text.lin_hal_tx_byte)
    [Anonymous Symbol]                       0x120022f8   Section        0  lto-llvm-fd25f0.o(.text.lin_hal_tx_byte)
    __arm_cp.3_1                             0x12002320   Number         4  lto-llvm-fd25f0.o(.text.lin_hal_tx_byte)
    lin_hal_tx_response                      0x12002325   Thumb Code   144  lto-llvm-fd25f0.o(.text.lin_hal_tx_response)
    [Anonymous Symbol]                       0x12002324   Section        0  lto-llvm-fd25f0.o(.text.lin_hal_tx_response)
    __arm_cp.2_0                             0x120023b4   Number         4  lto-llvm-fd25f0.o(.text.lin_hal_tx_response)
    __arm_cp.2_2                             0x120023b8   Number         4  lto-llvm-fd25f0.o(.text.lin_hal_tx_response)
    __arm_cp.2_3                             0x120023bc   Number         4  lto-llvm-fd25f0.o(.text.lin_hal_tx_response)
    lin_tp_init                              0x120023c1   Thumb Code    40  lto-llvm-fd25f0.o(.text.lin_tp_init)
    [Anonymous Symbol]                       0x120023c0   Section        0  lto-llvm-fd25f0.o(.text.lin_tp_init)
    __arm_cp.7_0                             0x120023e8   Number         4  lto-llvm-fd25f0.o(.text.lin_tp_init)
    __arm_cp.7_1                             0x120023ec   Number         4  lto-llvm-fd25f0.o(.text.lin_tp_init)
    [Anonymous Symbol]                       0x120023f0   Section        0  lto-llvm-fd25f0.o(.text.main)
    __arm_cp.0_0                             0x120027c0   Number         4  lto-llvm-fd25f0.o(.text.main)
    __arm_cp.0_1                             0x120027c4   Number         4  lto-llvm-fd25f0.o(.text.main)
    __arm_cp.0_2                             0x120027c8   Number         4  lto-llvm-fd25f0.o(.text.main)
    __arm_cp.0_3                             0x120027cc   Number         4  lto-llvm-fd25f0.o(.text.main)
    __arm_cp.0_4                             0x120027d0   Number         4  lto-llvm-fd25f0.o(.text.main)
    __arm_cp.0_5                             0x120027d4   Number         4  lto-llvm-fd25f0.o(.text.main)
    __arm_cp.0_6                             0x120027d8   Number         4  lto-llvm-fd25f0.o(.text.main)
    __arm_cp.0_7                             0x120027dc   Number         4  lto-llvm-fd25f0.o(.text.main)
    __arm_cp.0_8                             0x120027e0   Number         4  lto-llvm-fd25f0.o(.text.main)
    __arm_cp.0_9                             0x120027e4   Number         4  lto-llvm-fd25f0.o(.text.main)
    __arm_cp.0_10                            0x120027e8   Number         4  lto-llvm-fd25f0.o(.text.main)
    __arm_cp.0_11                            0x120027ec   Number         4  lto-llvm-fd25f0.o(.text.main)
    __arm_cp.0_12                            0x120027f0   Number         4  lto-llvm-fd25f0.o(.text.main)
    __arm_cp.0_13                            0x120027f4   Number         4  lto-llvm-fd25f0.o(.text.main)
    __arm_cp.0_14                            0x120027f8   Number         4  lto-llvm-fd25f0.o(.text.main)
    __arm_cp.0_15                            0x120027fc   Number         4  lto-llvm-fd25f0.o(.text.main)
    __arm_cp.0_16                            0x12002800   Number         4  lto-llvm-fd25f0.o(.text.main)
    __arm_cp.0_17                            0x12002804   Number         4  lto-llvm-fd25f0.o(.text.main)
    __arm_cp.0_18                            0x12002808   Number         4  lto-llvm-fd25f0.o(.text.main)
    __arm_cp.0_19                            0x1200280c   Number         4  lto-llvm-fd25f0.o(.text.main)
    __arm_cp.0_20                            0x12002810   Number         4  lto-llvm-fd25f0.o(.text.main)
    __arm_cp.0_21                            0x12002814   Number         4  lto-llvm-fd25f0.o(.text.main)
    __arm_cp.0_22                            0x12002818   Number         4  lto-llvm-fd25f0.o(.text.main)
    __arm_cp.0_23                            0x1200281c   Number         4  lto-llvm-fd25f0.o(.text.main)
    __arm_cp.0_24                            0x12002820   Number         4  lto-llvm-fd25f0.o(.text.main)
    __arm_cp.0_25                            0x12002824   Number         4  lto-llvm-fd25f0.o(.text.main)
    __arm_cp.0_26                            0x12002828   Number         4  lto-llvm-fd25f0.o(.text.main)
    __arm_cp.0_27                            0x1200282c   Number         4  lto-llvm-fd25f0.o(.text.main)
    __arm_cp.0_31                            0x1200285c   Number         4  lto-llvm-fd25f0.o(.text.main)
    __arm_cp.0_32                            0x12002860   Number         4  lto-llvm-fd25f0.o(.text.main)
    __arm_cp.0_33                            0x12002864   Number         4  lto-llvm-fd25f0.o(.text.main)
    __arm_cp.0_34                            0x12002868   Number         4  lto-llvm-fd25f0.o(.text.main)
    __arm_cp.0_35                            0x1200286c   Number         4  lto-llvm-fd25f0.o(.text.main)
    __arm_cp.0_36                            0x12002870   Number         4  lto-llvm-fd25f0.o(.text.main)
    __arm_cp.0_37                            0x12002874   Number         4  lto-llvm-fd25f0.o(.text.main)
    __arm_cp.0_38                            0x12002878   Number         4  lto-llvm-fd25f0.o(.text.main)
    __arm_cp.0_39                            0x1200287c   Number         4  lto-llvm-fd25f0.o(.text.main)
    __arm_cp.0_40                            0x12002880   Number         4  lto-llvm-fd25f0.o(.text.main)
    __arm_cp.0_41                            0x12002884   Number         4  lto-llvm-fd25f0.o(.text.main)
    __arm_cp.0_42                            0x12002888   Number         4  lto-llvm-fd25f0.o(.text.main)
    __arm_cp.0_43                            0x1200288c   Number         4  lto-llvm-fd25f0.o(.text.main)
    __arm_cp.0_46                            0x120028b8   Number         4  lto-llvm-fd25f0.o(.text.main)
    __arm_cp.0_47                            0x120028bc   Number         4  lto-llvm-fd25f0.o(.text.main)
    __arm_cp.0_48                            0x120028c0   Number         4  lto-llvm-fd25f0.o(.text.main)
    __arm_cp.0_49                            0x120028c4   Number         4  lto-llvm-fd25f0.o(.text.main)
    __arm_cp.0_50                            0x120028c8   Number         4  lto-llvm-fd25f0.o(.text.main)
    moduleFlashLoad                          0x120028cd   Thumb Code    52  lto-llvm-fd25f0.o(.text.moduleFlashLoad)
    [Anonymous Symbol]                       0x120028cc   Section        0  lto-llvm-fd25f0.o(.text.moduleFlashLoad)
    __arm_cp.34_0                            0x12002900   Number         4  lto-llvm-fd25f0.o(.text.moduleFlashLoad)
    moduleFlashSave                          0x12002905   Thumb Code   148  lto-llvm-fd25f0.o(.text.moduleFlashSave)
    [Anonymous Symbol]                       0x12002904   Section        0  lto-llvm-fd25f0.o(.text.moduleFlashSave)
    __arm_cp.33_1                            0x12002998   Number         4  lto-llvm-fd25f0.o(.text.moduleFlashSave)
    __arm_cp.33_2                            0x1200299c   Number         4  lto-llvm-fd25f0.o(.text.moduleFlashSave)
    __arm_cp.33_3                            0x120029a0   Number         4  lto-llvm-fd25f0.o(.text.moduleFlashSave)
    moduleLedPowerOff                        0x120029a5   Thumb Code    12  lto-llvm-fd25f0.o(.text.moduleLedPowerOff)
    [Anonymous Symbol]                       0x120029a4   Section        0  lto-llvm-fd25f0.o(.text.moduleLedPowerOff)
    moduleLedUpdatePWM                       0x120029b1   Thumb Code   188  lto-llvm-fd25f0.o(.text.moduleLedUpdatePWM)
    [Anonymous Symbol]                       0x120029b0   Section        0  lto-llvm-fd25f0.o(.text.moduleLedUpdatePWM)
    __arm_cp.35_1                            0x12002a6c   Number         4  lto-llvm-fd25f0.o(.text.moduleLedUpdatePWM)
    __arm_cp.35_2                            0x12002a70   Number         4  lto-llvm-fd25f0.o(.text.moduleLedUpdatePWM)
    __arm_cp.35_3                            0x12002a74   Number         4  lto-llvm-fd25f0.o(.text.moduleLedUpdatePWM)
    moduleWatchdogFeed                       0x12002a79   Thumb Code    36  lto-llvm-fd25f0.o(.text.moduleWatchdogFeed)
    [Anonymous Symbol]                       0x12002a78   Section        0  lto-llvm-fd25f0.o(.text.moduleWatchdogFeed)
    __arm_cp.37_0                            0x12002a9c   Number         4  lto-llvm-fd25f0.o(.text.moduleWatchdogFeed)
    __arm_cp.37_1                            0x12002aa0   Number         4  lto-llvm-fd25f0.o(.text.moduleWatchdogFeed)
    startAAProcess                           0x12002aa5   Thumb Code    28  lto-llvm-fd25f0.o(.text.startAAProcess)
    [Anonymous Symbol]                       0x12002aa4   Section        0  lto-llvm-fd25f0.o(.text.startAAProcess)
    systemLinCommChangeNad                   0x12002ac1   Thumb Code    64  lto-llvm-fd25f0.o(.text.systemLinCommChangeNad)
    [Anonymous Symbol]                       0x12002ac0   Section        0  lto-llvm-fd25f0.o(.text.systemLinCommChangeNad)
    WriteListPID                             0x12002b00   Number         0  lto-llvm-fd25f0.o(.text.systemLinCommChangeNad)
    __arm_cp.14_1                            0x12002b14   Number         4  lto-llvm-fd25f0.o(.text.systemLinCommChangeNad)
    WriteListPID00000                        0x12002b18   Number         0  lto-llvm-fd25f0.o(.text.systemLinCommChangeNad)
    __arm_cp.14_3                            0x12002b2c   Number         4  lto-llvm-fd25f0.o(.text.systemLinCommChangeNad)
    __arm_cp.14_4                            0x12002b30   Number         4  lto-llvm-fd25f0.o(.text.systemLinCommChangeNad)
    NadSignal_index                          0x12002b34   Number         0  lto-llvm-fd25f0.o(.text.systemLinCommChangeNad)
    systemMainLoop                           0x12002b49   Thumb Code 11800  lto-llvm-fd25f0.o(.text.systemMainLoop)
    [Anonymous Symbol]                       0x12002b48   Section        0  lto-llvm-fd25f0.o(.text.systemMainLoop)
    __arm_cp.29_121                          0x12002f30   Number         4  lto-llvm-fd25f0.o(.text.systemMainLoop)
    __arm_cp.29_129                          0x12003288   Number         4  lto-llvm-fd25f0.o(.text.systemMainLoop)
    __arm_cp.29_130                          0x1200328c   Number         4  lto-llvm-fd25f0.o(.text.systemMainLoop)
    __arm_cp.29_144                          0x120036d0   Number         4  lto-llvm-fd25f0.o(.text.systemMainLoop)
    __arm_cp.29_145                          0x120036d4   Number         4  lto-llvm-fd25f0.o(.text.systemMainLoop)
    __arm_cp.29_146                          0x120036d8   Number         4  lto-llvm-fd25f0.o(.text.systemMainLoop)
    __arm_cp.29_147                          0x120036dc   Number         4  lto-llvm-fd25f0.o(.text.systemMainLoop)
    __arm_cp.29_148                          0x120036e0   Number         4  lto-llvm-fd25f0.o(.text.systemMainLoop)
    __arm_cp.29_149                          0x120036e4   Number         4  lto-llvm-fd25f0.o(.text.systemMainLoop)
    __arm_cp.29_152                          0x12003ad0   Number         4  lto-llvm-fd25f0.o(.text.systemMainLoop)
    __arm_cp.29_158                          0x12003ae8   Number         4  lto-llvm-fd25f0.o(.text.systemMainLoop)
    __arm_cp.29_159                          0x12003aec   Number         4  lto-llvm-fd25f0.o(.text.systemMainLoop)
    __arm_cp.29_163                          0x12003afc   Number         4  lto-llvm-fd25f0.o(.text.systemMainLoop)
    __arm_cp.29_164                          0x12003ef0   Number         4  lto-llvm-fd25f0.o(.text.systemMainLoop)
    __arm_cp.29_167                          0x12003efc   Number         4  lto-llvm-fd25f0.o(.text.systemMainLoop)
    __arm_cp.29_170                          0x12003f08   Number         4  lto-llvm-fd25f0.o(.text.systemMainLoop)
    __arm_cp.29_171                          0x12003f0c   Number         4  lto-llvm-fd25f0.o(.text.systemMainLoop)
    __arm_cp.29_172                          0x12003f10   Number         4  lto-llvm-fd25f0.o(.text.systemMainLoop)
    __arm_cp.29_173                          0x12003f14   Number         4  lto-llvm-fd25f0.o(.text.systemMainLoop)
    __arm_cp.29_175                          0x12004208   Number         4  lto-llvm-fd25f0.o(.text.systemMainLoop)
    __arm_cp.29_177                          0x12004210   Number         4  lto-llvm-fd25f0.o(.text.systemMainLoop)
    __arm_cp.29_179                          0x12004218   Number         4  lto-llvm-fd25f0.o(.text.systemMainLoop)
    __arm_cp.29_184                          0x12004630   Number         4  lto-llvm-fd25f0.o(.text.systemMainLoop)
    __arm_cp.29_187                          0x1200463c   Number         4  lto-llvm-fd25f0.o(.text.systemMainLoop)
    __arm_cp.29_189                          0x12004644   Number         4  lto-llvm-fd25f0.o(.text.systemMainLoop)
    __arm_cp.29_191                          0x1200464c   Number         4  lto-llvm-fd25f0.o(.text.systemMainLoop)
    __arm_cp.29_192                          0x12004650   Number         4  lto-llvm-fd25f0.o(.text.systemMainLoop)
    __arm_cp.29_193                          0x12004654   Number         4  lto-llvm-fd25f0.o(.text.systemMainLoop)
    __arm_cp.29_199                          0x1200466c   Number         4  lto-llvm-fd25f0.o(.text.systemMainLoop)
    __arm_cp.29_200                          0x12004670   Number         4  lto-llvm-fd25f0.o(.text.systemMainLoop)
    __arm_cp.29_201                          0x12004674   Number         4  lto-llvm-fd25f0.o(.text.systemMainLoop)
    __arm_cp.29_202                          0x12004678   Number         4  lto-llvm-fd25f0.o(.text.systemMainLoop)
    __arm_cp.29_203                          0x1200467c   Number         4  lto-llvm-fd25f0.o(.text.systemMainLoop)
    __arm_cp.29_204                          0x12004680   Number         4  lto-llvm-fd25f0.o(.text.systemMainLoop)
    __arm_cp.29_205                          0x12004684   Number         4  lto-llvm-fd25f0.o(.text.systemMainLoop)
    __arm_cp.29_206                          0x12004688   Number         4  lto-llvm-fd25f0.o(.text.systemMainLoop)
    __arm_cp.29_207                          0x1200468c   Number         4  lto-llvm-fd25f0.o(.text.systemMainLoop)
    __arm_cp.29_208                          0x12004690   Number         4  lto-llvm-fd25f0.o(.text.systemMainLoop)
    s32_LineDirectionvec_BRm1n1p1            0x12004694   Number         0  lto-llvm-fd25f0.o(.text.systemMainLoop)
    s32_LineDirectionvec_GRm1n1p1            0x120046a0   Number         0  lto-llvm-fd25f0.o(.text.systemMainLoop)
    s32_B_cornerPoint_real                   0x120046a8   Number         0  lto-llvm-fd25f0.o(.text.systemMainLoop)
    s32_LineDirectionvec_GBm1n1p1            0x120046b4   Number         0  lto-llvm-fd25f0.o(.text.systemMainLoop)
    __arm_cp.29_214                          0x12004860   Number         4  lto-llvm-fd25f0.o(.text.systemMainLoop)
    __arm_cp.29_215                          0x12004864   Number         4  lto-llvm-fd25f0.o(.text.systemMainLoop)
    __arm_cp.29_216                          0x12004868   Number         4  lto-llvm-fd25f0.o(.text.systemMainLoop)
    __arm_cp.29_217                          0x1200486c   Number         4  lto-llvm-fd25f0.o(.text.systemMainLoop)
    __arm_cp.29_218                          0x12004870   Number         4  lto-llvm-fd25f0.o(.text.systemMainLoop)
    __arm_cp.29_221                          0x1200487c   Number         4  lto-llvm-fd25f0.o(.text.systemMainLoop)
    __arm_cp.29_223                          0x12004884   Number         4  lto-llvm-fd25f0.o(.text.systemMainLoop)
    __arm_cp.29_224                          0x12004888   Number         4  lto-llvm-fd25f0.o(.text.systemMainLoop)
    __arm_cp.29_226                          0x12004890   Number         4  lto-llvm-fd25f0.o(.text.systemMainLoop)
    __arm_cp.29_227                          0x12004894   Number         4  lto-llvm-fd25f0.o(.text.systemMainLoop)
    __arm_cp.29_228                          0x12004898   Number         4  lto-llvm-fd25f0.o(.text.systemMainLoop)
    __arm_cp.29_229                          0x1200489c   Number         4  lto-llvm-fd25f0.o(.text.systemMainLoop)
    __arm_cp.29_230                          0x120048a0   Number         4  lto-llvm-fd25f0.o(.text.systemMainLoop)
    __arm_cp.29_231                          0x120048a4   Number         4  lto-llvm-fd25f0.o(.text.systemMainLoop)
    __arm_cp.29_232                          0x120048a8   Number         4  lto-llvm-fd25f0.o(.text.systemMainLoop)
    __arm_cp.29_233                          0x120048ac   Number         4  lto-llvm-fd25f0.o(.text.systemMainLoop)
    __arm_cp.29_234                          0x120048b0   Number         4  lto-llvm-fd25f0.o(.text.systemMainLoop)
    __arm_cp.29_235                          0x120048b4   Number         4  lto-llvm-fd25f0.o(.text.systemMainLoop)
    __arm_cp.29_236                          0x120048b8   Number         4  lto-llvm-fd25f0.o(.text.systemMainLoop)
    __arm_cp.29_237                          0x120048bc   Number         4  lto-llvm-fd25f0.o(.text.systemMainLoop)
    __arm_cp.29_241                          0x12004be0   Number         4  lto-llvm-fd25f0.o(.text.systemMainLoop)
    __arm_cp.29_244                          0x12004bec   Number         4  lto-llvm-fd25f0.o(.text.systemMainLoop)
    __arm_cp.29_250                          0x12004e38   Number         4  lto-llvm-fd25f0.o(.text.systemMainLoop)
    __arm_cp.29_251                          0x12004e3c   Number         4  lto-llvm-fd25f0.o(.text.systemMainLoop)
    __arm_cp.29_252                          0x12004e40   Number         4  lto-llvm-fd25f0.o(.text.systemMainLoop)
    __arm_cp.29_253                          0x12004e44   Number         4  lto-llvm-fd25f0.o(.text.systemMainLoop)
    __arm_cp.29_254                          0x12004e48   Number         4  lto-llvm-fd25f0.o(.text.systemMainLoop)
    __arm_cp.29_255                          0x12004e4c   Number         4  lto-llvm-fd25f0.o(.text.systemMainLoop)
    __arm_cp.29_256                          0x12004e50   Number         4  lto-llvm-fd25f0.o(.text.systemMainLoop)
    __arm_cp.29_257                          0x12004e54   Number         4  lto-llvm-fd25f0.o(.text.systemMainLoop)
    __arm_cp.29_258                          0x12004e58   Number         4  lto-llvm-fd25f0.o(.text.systemMainLoop)
    __arm_cp.29_259                          0x12004e5c   Number         4  lto-llvm-fd25f0.o(.text.systemMainLoop)
    __arm_cp.29_260                          0x12004e60   Number         4  lto-llvm-fd25f0.o(.text.systemMainLoop)
    __arm_cp.29_263                          0x12004e6c   Number         4  lto-llvm-fd25f0.o(.text.systemMainLoop)
    __arm_cp.29_265                          0x12004e74   Number         4  lto-llvm-fd25f0.o(.text.systemMainLoop)
    __arm_cp.29_266                          0x12004e78   Number         4  lto-llvm-fd25f0.o(.text.systemMainLoop)
    __arm_cp.29_268                          0x120051c4   Number         4  lto-llvm-fd25f0.o(.text.systemMainLoop)
    __arm_cp.29_269                          0x120051c8   Number         4  lto-llvm-fd25f0.o(.text.systemMainLoop)
    __arm_cp.29_270                          0x120051cc   Number         4  lto-llvm-fd25f0.o(.text.systemMainLoop)
    __arm_cp.29_271                          0x120051d0   Number         4  lto-llvm-fd25f0.o(.text.systemMainLoop)
    __arm_cp.29_272                          0x120051d4   Number         4  lto-llvm-fd25f0.o(.text.systemMainLoop)
    __arm_cp.29_273                          0x120051d8   Number         4  lto-llvm-fd25f0.o(.text.systemMainLoop)
    __arm_cp.29_274                          0x120051dc   Number         4  lto-llvm-fd25f0.o(.text.systemMainLoop)
    __arm_cp.29_275                          0x120051e0   Number         4  lto-llvm-fd25f0.o(.text.systemMainLoop)
    __arm_cp.29_276                          0x120051e4   Number         4  lto-llvm-fd25f0.o(.text.systemMainLoop)
    __arm_cp.29_277                          0x120051e8   Number         4  lto-llvm-fd25f0.o(.text.systemMainLoop)
    __arm_cp.29_279                          0x12005580   Number         4  lto-llvm-fd25f0.o(.text.systemMainLoop)
    __arm_cp.29_280                          0x12005584   Number         4  lto-llvm-fd25f0.o(.text.systemMainLoop)
    __arm_cp.29_281                          0x12005588   Number         4  lto-llvm-fd25f0.o(.text.systemMainLoop)
    __arm_cp.29_283                          0x12005590   Number         4  lto-llvm-fd25f0.o(.text.systemMainLoop)
    __arm_cp.29_284                          0x12005594   Number         4  lto-llvm-fd25f0.o(.text.systemMainLoop)
    __arm_cp.29_285                          0x12005598   Number         4  lto-llvm-fd25f0.o(.text.systemMainLoop)
    __arm_cp.29_287                          0x120055a0   Number         4  lto-llvm-fd25f0.o(.text.systemMainLoop)
    __arm_cp.29_288                          0x120055a4   Number         4  lto-llvm-fd25f0.o(.text.systemMainLoop)
    __arm_cp.29_290                          0x120055ac   Number         4  lto-llvm-fd25f0.o(.text.systemMainLoop)
    __arm_cp.29_291                          0x120055b0   Number         4  lto-llvm-fd25f0.o(.text.systemMainLoop)
    __arm_cp.29_292                          0x120055b4   Number         4  lto-llvm-fd25f0.o(.text.systemMainLoop)
    __arm_cp.29_293                          0x120055b8   Number         4  lto-llvm-fd25f0.o(.text.systemMainLoop)
    __arm_cp.29_294                          0x120055bc   Number         4  lto-llvm-fd25f0.o(.text.systemMainLoop)
    __arm_cp.29_2                            0x12005960   Number         4  lto-llvm-fd25f0.o(.text.systemMainLoop)
    __arm_cp.29_26                           0x12005964   Number         4  lto-llvm-fd25f0.o(.text.systemMainLoop)
    __arm_cp.29_46                           0x12005968   Number         4  lto-llvm-fd25f0.o(.text.systemMainLoop)
    __arm_cp.29_84                           0x1200596c   Number         4  lto-llvm-fd25f0.o(.text.systemMainLoop)
    __arm_cp.29_85                           0x12005970   Number         4  lto-llvm-fd25f0.o(.text.systemMainLoop)
    __arm_cp.29_86                           0x12005974   Number         4  lto-llvm-fd25f0.o(.text.systemMainLoop)
    Serverlist                               0x12005978   Data         400  lto-llvm-fd25f0.o(.rodata.Serverlist)
    [Anonymous Symbol]                       0x12005978   Section        0  lto-llvm-fd25f0.o(.rodata.Serverlist)
    TtoCIE                                   0x12005b08   Data         176  lto-llvm-fd25f0.o(.rodata.TtoCIE)
    [Anonymous Symbol]                       0x12005b08   Section        0  lto-llvm-fd25f0.o(.rodata.TtoCIE)
    const_LinData                            0x12005bb8   Data          96  lto-llvm-fd25f0.o(.rodata.const_LinData)
    [Anonymous Symbol]                       0x12005bb8   Section        0  lto-llvm-fd25f0.o(.rodata.const_LinData)
    gAlgoSonderfunktion2TempCoefF1           0x12005c18   Data         120  lto-llvm-fd25f0.o(.rodata.gAlgoSonderfunktion2TempCoefF1)
    [Anonymous Symbol]                       0x12005c18   Section        0  lto-llvm-fd25f0.o(.rodata.gAlgoSonderfunktion2TempCoefF1)
    gAlgoSonderfunktion2TempCoefF2           0x12005c90   Data         120  lto-llvm-fd25f0.o(.rodata.gAlgoSonderfunktion2TempCoefF2)
    [Anonymous Symbol]                       0x12005c90   Section        0  lto-llvm-fd25f0.o(.rodata.gAlgoSonderfunktion2TempCoefF2)
    g_algoRatioKRatioQ10000Lut               0x12005d08   Data        1980  lto-llvm-fd25f0.o(.rodata.g_algoRatioKRatioQ10000Lut)
    [Anonymous Symbol]                       0x12005d08   Section        0  lto-llvm-fd25f0.o(.rodata.g_algoRatioKRatioQ10000Lut)
    g_linAutoAddrConfig                      0x120064c4   Data          84  lto-llvm-fd25f0.o(.rodata.g_linAutoAddrConfig)
    [Anonymous Symbol]                       0x120064c4   Section        0  lto-llvm-fd25f0.o(.rodata.g_linAutoAddrConfig)
    s32_B_cornerPoint_large                  0x12006518   Data          12  lto-llvm-fd25f0.o(.rodata.s32_B_cornerPoint_large)
    [Anonymous Symbol]                       0x12006518   Section        0  lto-llvm-fd25f0.o(.rodata.s32_B_cornerPoint_large)
    s32_G_cornerPoint_large                  0x12006524   Data          12  lto-llvm-fd25f0.o(.rodata.s32_G_cornerPoint_large)
    [Anonymous Symbol]                       0x12006524   Section        0  lto-llvm-fd25f0.o(.rodata.s32_G_cornerPoint_large)
    s32_R_cornerPoint_large                  0x12006530   Data          12  lto-llvm-fd25f0.o(.rodata.s32_R_cornerPoint_large)
    [Anonymous Symbol]                       0x12006530   Section        0  lto-llvm-fd25f0.o(.rodata.s32_R_cornerPoint_large)
    s32_R_cornerPoint_real                   0x1200653c   Data          12  lto-llvm-fd25f0.o(.rodata.s32_R_cornerPoint_real)
    [Anonymous Symbol]                       0x1200653c   Section        0  lto-llvm-fd25f0.o(.rodata.s32_R_cornerPoint_real)
    s32_plane_a                              0x12006548   Data          12  lto-llvm-fd25f0.o(.rodata.s32_plane_a)
    [Anonymous Symbol]                       0x12006548   Section        0  lto-llvm-fd25f0.o(.rodata.s32_plane_a)
    s32_plane_b                              0x12006554   Data          12  lto-llvm-fd25f0.o(.rodata.s32_plane_b)
    [Anonymous Symbol]                       0x12006554   Section        0  lto-llvm-fd25f0.o(.rodata.s32_plane_b)
    s32_plane_d                              0x12006560   Data          12  lto-llvm-fd25f0.o(.rodata.s32_plane_d)
    [Anonymous Symbol]                       0x12006560   Section        0  lto-llvm-fd25f0.o(.rodata.s32_plane_d)
    serveceList                              0x1200656c   Data         288  lto-llvm-fd25f0.o(.rodata.serveceList)
    [Anonymous Symbol]                       0x1200656c   Section        0  lto-llvm-fd25f0.o(.rodata.serveceList)
    softwareVersion                          0x1200668c   Data           6  lto-llvm-fd25f0.o(.rodata.softwareVersion)
    [Anonymous Symbol]                       0x1200668c   Section        0  lto-llvm-fd25f0.o(.rodata.softwareVersion)
    Reply_message.lastreplyJudge             0x18000000   Data           1  lto-llvm-fd25f0.o(.data..L_MergedGlobals)
    [Anonymous Symbol]                       0x18000000   Section        0  lto-llvm-fd25f0.o(.data..L_MergedGlobals)
    currentAdjust                            0x18000002   Data           2  lto-llvm-fd25f0.o(.data..L_MergedGlobals)
    linAaWaitIen                             0x18000004   Data           4  lto-llvm-fd25f0.o(.data..L_MergedGlobals)
    linAaMeasIen                             0x18000008   Data           4  lto-llvm-fd25f0.o(.data..L_MergedGlobals)
    Lastintensity                            0x1800000c   Data           4  lto-llvm-fd25f0.o(.data..L_MergedGlobals)
    VBAT                                     0x18000010   Data           4  lto-llvm-fd25f0.o(.data..L_MergedGlobals)
    batteryVoltage                           0x18000014   Data           4  lto-llvm-fd25f0.o(.data..L_MergedGlobals)
    FilteredGreenVoltage                     0x18000018   Data           4  lto-llvm-fd25f0.o(.data..L_MergedGlobals)
    FilteredBlueVoltage                      0x1800001c   Data           4  lto-llvm-fd25f0.o(.data..L_MergedGlobals)
    FilteredRedVoltage                       0x18000020   Data           4  lto-llvm-fd25f0.o(.data..L_MergedGlobals)
    dataPoint                                0x18000024   Data          88  lto-llvm-fd25f0.o(.data..L_MergedGlobals)
    l_LinData                                0x1800007c   Data          96  lto-llvm-fd25f0.o(.data.l_LinData)
    [Anonymous Symbol]                       0x1800007c   Section        0  lto-llvm-fd25f0.o(.data.l_LinData)
    config_state                             0x180000dc   Data           1  lto-llvm-fd25f0.o(.bss..L_MergedGlobals.215)
    [Anonymous Symbol]                       0x180000dc   Section        0  lto-llvm-fd25f0.o(.bss..L_MergedGlobals.215)
    lin_hal_status_g.0                       0x180000dd   Data           1  lto-llvm-fd25f0.o(.bss..L_MergedGlobals.215)
    lin_hal_rx_data_guc                      0x180000de   Data           1  lto-llvm-fd25f0.o(.bss..L_MergedGlobals.215)
    uc_frame_lin_version                     0x180000df   Data           1  lto-llvm-fd25f0.o(.bss..L_MergedGlobals.215)
    temp_data_size_uc                        0x180000e0   Data           1  lto-llvm-fd25f0.o(.bss..L_MergedGlobals.215)
    lin_tx_data_g.0                          0x180000e4   Data           1  lto-llvm-fd25f0.o(.bss..L_MergedGlobals.215)
    lin_tx_data_g.2                          0x180000e8   Data           1  lto-llvm-fd25f0.o(.bss..L_MergedGlobals.215)
    lin_tx_data_g.4                          0x180000ea   Data           1  lto-llvm-fd25f0.o(.bss..L_MergedGlobals.215)
    lin_flag_g.0                             0x180000eb   Data           1  lto-llvm-fd25f0.o(.bss..L_MergedGlobals.215)
    lin_ab_timeout_timer                     0x180000ec   Data           1  lto-llvm-fd25f0.o(.bss..L_MergedGlobals.215)
    lin_frm_timeout_timer                    0x180000ed   Data           1  lto-llvm-fd25f0.o(.bss..L_MergedGlobals.215)
    l_txchk_byte_nr                          0x180000ee   Data           1  lto-llvm-fd25f0.o(.bss..L_MergedGlobals.215)
    lin_timeout_ctrl.0                       0x180000ef   Data           1  lto-llvm-fd25f0.o(.bss..L_MergedGlobals.215)
    lin_ab_t2_state                          0x180000f0   Data           1  lto-llvm-fd25f0.o(.bss..L_MergedGlobals.215)
    lin_slave_state_g                        0x180000f1   Data           1  lto-llvm-fd25f0.o(.bss..L_MergedGlobals.215)
    lin_handle_config.AutoAddr_Step2_SuccessFlag 0x180000f2   Data           1  lto-llvm-fd25f0.o(.bss..L_MergedGlobals.215)
    g_lin_tp_stat.0                          0x180000f3   Data           1  lto-llvm-fd25f0.o(.bss..L_MergedGlobals.215)
    g_lin_cf_msg_nbr                         0x180000f4   Data           1  lto-llvm-fd25f0.o(.bss..L_MergedGlobals.215)
    g_lin_tp_rx_preNAD                       0x180000f5   Data           1  lto-llvm-fd25f0.o(.bss..L_MergedGlobals.215)
    g_lin_active_pid                         0x180000f6   Data           1  lto-llvm-fd25f0.o(.bss..L_MergedGlobals.215)
    g_lin_frame_index                        0x180000f7   Data           1  lto-llvm-fd25f0.o(.bss..L_MergedGlobals.215)
    g_lin_tp_tx_rx_ctrl.0                    0x180000f8   Data           1  lto-llvm-fd25f0.o(.bss..L_MergedGlobals.215)
    g_lin_frame_data_size                    0x180000f9   Data           1  lto-llvm-fd25f0.o(.bss..L_MergedGlobals.215)
    g_lin_rx_ctrl.0                          0x180000fa   Data           1  lto-llvm-fd25f0.o(.bss..L_MergedGlobals.215)
    currentMachineStatus                     0x180000fb   Data           1  lto-llvm-fd25f0.o(.bss..L_MergedGlobals.215)
    currentMeaStatus                         0x180000fc   Data           1  lto-llvm-fd25f0.o(.bss..L_MergedGlobals.215)
    waittingForFallingEdge                   0x180000fd   Data           1  lto-llvm-fd25f0.o(.bss..L_MergedGlobals.215)
    colorDimmingFlag                         0x180000fe   Data           1  lto-llvm-fd25f0.o(.bss..L_MergedGlobals.215)
    Nad_index                                0x180000ff   Data           1  lto-llvm-fd25f0.o(.bss..L_MergedGlobals.215)
    changeNadCalled                          0x18000100   Data           1  lto-llvm-fd25f0.o(.bss..L_MergedGlobals.215)
    LinbrightnessDiff                        0x18000101   Data           1  lto-llvm-fd25f0.o(.bss..L_MergedGlobals.215)
    currentRequestTCB.2                      0x18000104   Data           1  lto-llvm-fd25f0.o(.bss..L_MergedGlobals.215)
    currentRequestTCB.3                      0x18000108   Data           1  lto-llvm-fd25f0.o(.bss..L_MergedGlobals.215)
    currentRequestTCB.5                      0x1800010c   Data           1  lto-llvm-fd25f0.o(.bss..L_MergedGlobals.215)
    assign_addr                              0x1800010d   Data           1  lto-llvm-fd25f0.o(.bss..L_MergedGlobals.215)
    SlaveNodeNAD                             0x1800010e   Data           1  lto-llvm-fd25f0.o(.bss..L_MergedGlobals.215)
    g_lin_prod_id.0                          0x1800010f   Data           1  lto-llvm-fd25f0.o(.bss..L_MergedGlobals.215)
    g_lin_prod_id.1                          0x18000110   Data           1  lto-llvm-fd25f0.o(.bss..L_MergedGlobals.215)
    g_lin_prod_id.2                          0x18000111   Data           1  lto-llvm-fd25f0.o(.bss..L_MergedGlobals.215)
    g_lin_prod_id.3                          0x18000112   Data           1  lto-llvm-fd25f0.o(.bss..L_MergedGlobals.215)
    g_lin_prod_id.4                          0x18000113   Data           1  lto-llvm-fd25f0.o(.bss..L_MergedGlobals.215)
    g_lin_prod_id.5                          0x18000114   Data           1  lto-llvm-fd25f0.o(.bss..L_MergedGlobals.215)
    g_lin_prod_id.6                          0x18000115   Data           1  lto-llvm-fd25f0.o(.bss..L_MergedGlobals.215)
    forceReInitLin                           0x18000116   Data           1  lto-llvm-fd25f0.o(.bss..L_MergedGlobals.215)
    SWriteLinFlag                            0x18000117   Data           1  lto-llvm-fd25f0.o(.bss..L_MergedGlobals.215)
    SyncUpdatedFlag                          0x18000118   Data           1  lto-llvm-fd25f0.o(.bss..L_MergedGlobals.215)
    B0FLAG                                   0x18000119   Data           1  lto-llvm-fd25f0.o(.bss..L_MergedGlobals.215)
    LINAA_forceShutdown                      0x1800011a   Data           1  lto-llvm-fd25f0.o(.bss..L_MergedGlobals.215)
    AutoAdressFlg                            0x1800011b   Data           1  lto-llvm-fd25f0.o(.bss..L_MergedGlobals.215)
    AutoAdressFlgLin                         0x1800011c   Data           1  lto-llvm-fd25f0.o(.bss..L_MergedGlobals.215)
    tick_1ms                                 0x1800011d   Data           1  lto-llvm-fd25f0.o(.bss..L_MergedGlobals.215)
    statusCounter                            0x1800011e   Data           1  lto-llvm-fd25f0.o(.bss..L_MergedGlobals.215)
    currentBatStatus                         0x1800011f   Data           1  lto-llvm-fd25f0.o(.bss..L_MergedGlobals.215)
    sysStatus.0                              0x18000120   Data           1  lto-llvm-fd25f0.o(.bss..L_MergedGlobals.215)
    sysStatus.1                              0x18000121   Data           1  lto-llvm-fd25f0.o(.bss..L_MergedGlobals.215)
    sysStatus.2                              0x18000122   Data           1  lto-llvm-fd25f0.o(.bss..L_MergedGlobals.215)
    flashFlag                                0x18000123   Data           1  lto-llvm-fd25f0.o(.bss..L_MergedGlobals.215)
    ledControlFlag                           0x18000124   Data           1  lto-llvm-fd25f0.o(.bss..L_MergedGlobals.215)
    initializationFlag                       0x18000125   Data           1  lto-llvm-fd25f0.o(.bss..L_MergedGlobals.215)
    splitTargetColorValid                    0x18000126   Data           1  lto-llvm-fd25f0.o(.bss..L_MergedGlobals.215)
    gAlgoWhitePointFixCache.0                0x18000128   Data           1  lto-llvm-fd25f0.o(.bss..L_MergedGlobals.215)
    gAlgoSonderfunktion2RatioCache.0         0x1800012a   Data           1  lto-llvm-fd25f0.o(.bss..L_MergedGlobals.215)
    gAlgoSonderfunktion2RatioCache.1         0x1800012c   Data           1  lto-llvm-fd25f0.o(.bss..L_MergedGlobals.215)
    gAlgoSonderfunktion2RatioCache.2         0x1800012e   Data           1  lto-llvm-fd25f0.o(.bss..L_MergedGlobals.215)
    gAlgoSonderfunktion2W25Cache.0           0x18000130   Data           1  lto-llvm-fd25f0.o(.bss..L_MergedGlobals.215)
    gAlgoSonderfunktion2W25Cache.1           0x18000132   Data           1  lto-llvm-fd25f0.o(.bss..L_MergedGlobals.215)
    MasterReq_length                         0x18000134   Data           2  lto-llvm-fd25f0.o(.bss..L_MergedGlobals.215)
    SlaveResp_length                         0x18000136   Data           2  lto-llvm-fd25f0.o(.bss..L_MergedGlobals.215)
    l_chk_sum_ui                             0x18000138   Data           2  lto-llvm-fd25f0.o(.bss..L_MergedGlobals.215)
    lin_synch_time                           0x1800013a   Data           2  lto-llvm-fd25f0.o(.bss..L_MergedGlobals.215)
    g_lin_tp_data_left                       0x1800013c   Data           2  lto-llvm-fd25f0.o(.bss..L_MergedGlobals.215)
    g_lin_tp_rx_data_left                    0x1800013e   Data           2  lto-llvm-fd25f0.o(.bss..L_MergedGlobals.215)
    g_lin_tp_rx_data_index                   0x18000140   Data           2  lto-llvm-fd25f0.o(.bss..L_MergedGlobals.215)
    g_lin_tp_tx_data_index                   0x18000142   Data           2  lto-llvm-fd25f0.o(.bss..L_MergedGlobals.215)
    g_lin_tp_timeoutcounter                  0x18000144   Data           2  lto-llvm-fd25f0.o(.bss..L_MergedGlobals.215)
    g_lin_status_word                        0x18000146   Data           2  lto-llvm-fd25f0.o(.bss..L_MergedGlobals.215)
    g_lin_irqState                           0x18000148   Data           2  lto-llvm-fd25f0.o(.bss..L_MergedGlobals.215)
    measureDataLinOutDiffOff                 0x1800014a   Data           2  lto-llvm-fd25f0.o(.bss..L_MergedGlobals.215)
    measureDataLinOutDiffPre                 0x1800014c   Data           2  lto-llvm-fd25f0.o(.bss..L_MergedGlobals.215)
    measureDataLinOutDiffSel                 0x1800014e   Data           2  lto-llvm-fd25f0.o(.bss..L_MergedGlobals.215)
    maxOffset                                0x18000150   Data           2  lto-llvm-fd25f0.o(.bss..L_MergedGlobals.215)
    minOffset                                0x18000152   Data           2  lto-llvm-fd25f0.o(.bss..L_MergedGlobals.215)
    maxPre                                   0x18000154   Data           2  lto-llvm-fd25f0.o(.bss..L_MergedGlobals.215)
    minPre                                   0x18000156   Data           2  lto-llvm-fd25f0.o(.bss..L_MergedGlobals.215)
    maxSel                                   0x18000158   Data           2  lto-llvm-fd25f0.o(.bss..L_MergedGlobals.215)
    minSel                                   0x1800015c   Data           2  lto-llvm-fd25f0.o(.bss..L_MergedGlobals.216)
    [Anonymous Symbol]                       0x1800015c   Section        0  lto-llvm-fd25f0.o(.bss..L_MergedGlobals.216)
    beforeTick                               0x1800015e   Data           2  lto-llvm-fd25f0.o(.bss..L_MergedGlobals.216)
    afterTick                                0x18000160   Data           2  lto-llvm-fd25f0.o(.bss..L_MergedGlobals.216)
    tickDiff                                 0x18000162   Data           2  lto-llvm-fd25f0.o(.bss..L_MergedGlobals.216)
    debugMeasTickBefore                      0x18000164   Data           2  lto-llvm-fd25f0.o(.bss..L_MergedGlobals.216)
    debugMeasTickAfter                       0x18000166   Data           2  lto-llvm-fd25f0.o(.bss..L_MergedGlobals.216)
    debugMeasTickDiff                        0x18000168   Data           2  lto-llvm-fd25f0.o(.bss..L_MergedGlobals.216)
    measureDataLinOutDiffOffPending          0x1800016a   Data           2  lto-llvm-fd25f0.o(.bss..L_MergedGlobals.216)
    measureDataLinOutDiffPrePending          0x1800016c   Data           2  lto-llvm-fd25f0.o(.bss..L_MergedGlobals.216)
    measureDataLinOutDiffSelPending          0x1800016e   Data           2  lto-llvm-fd25f0.o(.bss..L_MergedGlobals.216)
    currentU                                 0x18000170   Data           2  lto-llvm-fd25f0.o(.bss..L_MergedGlobals.216)
    currentV                                 0x18000172   Data           2  lto-llvm-fd25f0.o(.bss..L_MergedGlobals.216)
    originU                                  0x18000174   Data           2  lto-llvm-fd25f0.o(.bss..L_MergedGlobals.216)
    originV                                  0x18000176   Data           2  lto-llvm-fd25f0.o(.bss..L_MergedGlobals.216)
    colorStartTick                           0x18000178   Data           2  lto-llvm-fd25f0.o(.bss..L_MergedGlobals.216)
    colorTotalTick                           0x1800017a   Data           2  lto-llvm-fd25f0.o(.bss..L_MergedGlobals.216)
    currentRequestTCB.0                      0x1800017c   Data           2  lto-llvm-fd25f0.o(.bss..L_MergedGlobals.216)
    systemEventTick                          0x1800017e   Data           2  lto-llvm-fd25f0.o(.bss..L_MergedGlobals.216)
    linresEventTick                          0x18000180   Data           2  lto-llvm-fd25f0.o(.bss..L_MergedGlobals.216)
    BusIdleTimeOutCounter                    0x18000182   Data           2  lto-llvm-fd25f0.o(.bss..L_MergedGlobals.216)
    linEventTick                             0x18000184   Data           2  lto-llvm-fd25f0.o(.bss..L_MergedGlobals.216)
    currentTick                              0x18000186   Data           2  lto-llvm-fd25f0.o(.bss..L_MergedGlobals.216)
    lastSavedSingalAdress                    0x18000188   Data           2  lto-llvm-fd25f0.o(.bss..L_MergedGlobals.216)
    currentPWM.0                             0x1800018a   Data           2  lto-llvm-fd25f0.o(.bss..L_MergedGlobals.216)
    currentPWM.1                             0x1800018c   Data           2  lto-llvm-fd25f0.o(.bss..L_MergedGlobals.216)
    currentPWM.2                             0x1800018e   Data           2  lto-llvm-fd25f0.o(.bss..L_MergedGlobals.216)
    currentWhitePWM                          0x18000190   Data           2  lto-llvm-fd25f0.o(.bss..L_MergedGlobals.216)
    tempJunctionFilter                       0x18000192   Data           2  lto-llvm-fd25f0.o(.bss..L_MergedGlobals.216)
    tempLedFilter                            0x18000194   Data           2  lto-llvm-fd25f0.o(.bss..L_MergedGlobals.216)
    updateTick                               0x18000196   Data           2  lto-llvm-fd25f0.o(.bss..L_MergedGlobals.216)
    mcuTemperature                           0x18000198   Data           2  lto-llvm-fd25f0.o(.bss..L_MergedGlobals.216)
    redxyY.0                                 0x1800019c   Data           2  lto-llvm-fd25f0.o(.bss..L_MergedGlobals.216)
    redxyY.1                                 0x180001a0   Data           2  lto-llvm-fd25f0.o(.bss..L_MergedGlobals.216)
    greenxyY.0                               0x180001a4   Data           2  lto-llvm-fd25f0.o(.bss..L_MergedGlobals.216)
    greenxyY.1                               0x180001a8   Data           2  lto-llvm-fd25f0.o(.bss..L_MergedGlobals.216)
    bluexyY.0                                0x180001ac   Data           2  lto-llvm-fd25f0.o(.bss..L_MergedGlobals.216)
    bluexyY.1                                0x180001b0   Data           2  lto-llvm-fd25f0.o(.bss..L_MergedGlobals.216)
    splitEdgeIndex                           0x180001b2   Data           2  lto-llvm-fd25f0.o(.bss..L_MergedGlobals.216)
    gAlgoWhitePointFixCache.1                0x180001b4   Data           2  lto-llvm-fd25f0.o(.bss..L_MergedGlobals.216)
    gAlgoWhitePointFixCache.2                0x180001b8   Data           2  lto-llvm-fd25f0.o(.bss..L_MergedGlobals.216)
    gAlgoSonderfunktion2RatioCache.3         0x180001ba   Data           2  lto-llvm-fd25f0.o(.bss..L_MergedGlobals.216)
    gAlgoSonderfunktion2RatioCache.4         0x180001bc   Data           2  lto-llvm-fd25f0.o(.bss..L_MergedGlobals.216)
    gAlgoSonderfunktion2RatioCache.5         0x180001be   Data           2  lto-llvm-fd25f0.o(.bss..L_MergedGlobals.216)
    gAlgoSonderfunktion2RatioCache.6         0x180001c0   Data           2  lto-llvm-fd25f0.o(.bss..L_MergedGlobals.216)
    gAlgoSonderfunktion2RatioCache.7         0x180001c2   Data           2  lto-llvm-fd25f0.o(.bss..L_MergedGlobals.216)
    gAlgoSonderfunktion2RatioCache.8         0x180001c4   Data           2  lto-llvm-fd25f0.o(.bss..L_MergedGlobals.216)
    gAlgoSonderfunktion2W25Cache.2           0x180001c6   Data           2  lto-llvm-fd25f0.o(.bss..L_MergedGlobals.216)
    gAlgoSonderfunktion2W25Cache.3           0x180001c8   Data           2  lto-llvm-fd25f0.o(.bss..L_MergedGlobals.216)
    gAlgoSonderfunktion2W25Cache.4           0x180001ca   Data           2  lto-llvm-fd25f0.o(.bss..L_MergedGlobals.216)
    g_lin_tp_ptr_tx_data                     0x180001cc   Data           4  lto-llvm-fd25f0.o(.bss..L_MergedGlobals.216)
    g_lin_tp_ptr_rx_size                     0x180001d0   Data           4  lto-llvm-fd25f0.o(.bss..L_MergedGlobals.216)
    g_lin_tp_ptr_rx_data                     0x180001d4   Data           4  lto-llvm-fd25f0.o(.bss..L_MergedGlobals.216)
    a                                        0x180001d8   Data           4  lto-llvm-fd25f0.o(.bss..L_MergedGlobals.217)
    [Anonymous Symbol]                       0x180001d8   Section        0  lto-llvm-fd25f0.o(.bss..L_MergedGlobals.217)
    internal_callback_start                  0x180001dc   Data           4  lto-llvm-fd25f0.o(.bss..L_MergedGlobals.217)
    internal_callback_end                    0x180001e0   Data           4  lto-llvm-fd25f0.o(.bss..L_MergedGlobals.217)
    count_succ                               0x180001e4   Data           4  lto-llvm-fd25f0.o(.bss..L_MergedGlobals.217)
    count_fail                               0x180001e8   Data           4  lto-llvm-fd25f0.o(.bss..L_MergedGlobals.217)
    debug_count_aa_err                       0x180001ec   Data           4  lto-llvm-fd25f0.o(.bss..L_MergedGlobals.217)
    debug_count_brkerr                       0x180001f0   Data           4  lto-llvm-fd25f0.o(.bss..L_MergedGlobals.217)
    debug_count_adcerr                       0x180001f4   Data           4  lto-llvm-fd25f0.o(.bss..L_MergedGlobals.217)
    debug_err_unknow                         0x180001f8   Data           4  lto-llvm-fd25f0.o(.bss..L_MergedGlobals.217)
    debug_statemachine_err                   0x180001fc   Data           4  lto-llvm-fd25f0.o(.bss..L_MergedGlobals.217)
    fallingEdgeCounter                       0x18000200   Data           4  lto-llvm-fd25f0.o(.bss..L_MergedGlobals.217)
    risingEdgeCounter                        0x18000204   Data           4  lto-llvm-fd25f0.o(.bss..L_MergedGlobals.217)
    breakCounter                             0x18000208   Data           4  lto-llvm-fd25f0.o(.bss..L_MergedGlobals.217)
    measureCounter                           0x1800020c   Data           4  lto-llvm-fd25f0.o(.bss..L_MergedGlobals.217)
    dataCounter                              0x18000210   Data           4  lto-llvm-fd25f0.o(.bss..L_MergedGlobals.217)
    currentRequestTCB.6                      0x18000214   Data           4  lto-llvm-fd25f0.o(.bss..L_MergedGlobals.217)
    SID27_Seed                               0x18000218   Data           4  lto-llvm-fd25f0.o(.bss..L_MergedGlobals.217)
    WB_L                                     0x1800021c   Data           4  lto-llvm-fd25f0.o(.bss..L_MergedGlobals.217)
    WB_M                                     0x18000220   Data           4  lto-llvm-fd25f0.o(.bss..L_MergedGlobals.217)
    WB_N                                     0x18000224   Data           4  lto-llvm-fd25f0.o(.bss..L_MergedGlobals.217)
    redxyY.2                                 0x18000228   Data           4  lto-llvm-fd25f0.o(.bss..L_MergedGlobals.217)
    greenxyY.2                               0x1800022c   Data           4  lto-llvm-fd25f0.o(.bss..L_MergedGlobals.217)
    bluexyY.2                                0x18000230   Data           4  lto-llvm-fd25f0.o(.bss..L_MergedGlobals.217)
    whitexyY.0                               0x18000234   Data           4  lto-llvm-fd25f0.o(.bss..L_MergedGlobals.217)
    WitheBalanceTempInit.Corolinit_temp.2    0x18000238   Data           4  lto-llvm-fd25f0.o(.bss..L_MergedGlobals.217)
    WitheBalanceTempInit.Corolinit_temp.3    0x1800023c   Data           4  lto-llvm-fd25f0.o(.bss..L_MergedGlobals.217)
    splitLambda                              0x18000240   Data           4  lto-llvm-fd25f0.o(.bss..L_MergedGlobals.217)
    splitOneMinusLambda                      0x18000244   Data           4  lto-llvm-fd25f0.o(.bss..L_MergedGlobals.217)
    splitRayT                                0x18000248   Data           4  lto-llvm-fd25f0.o(.bss..L_MergedGlobals.217)
    currentWhiteCIE.0                        0x1800024c   Data           4  lto-llvm-fd25f0.o(.bss..L_MergedGlobals.217)
    currentRedCIE.0                          0x18000250   Data           4  lto-llvm-fd25f0.o(.bss..L_MergedGlobals.217)
    currentRedCIE.1                          0x18000254   Data           4  lto-llvm-fd25f0.o(.bss..L_MergedGlobals.218)
    [Anonymous Symbol]                       0x18000254   Section        0  lto-llvm-fd25f0.o(.bss..L_MergedGlobals.218)
    currentRedCIE.2                          0x18000258   Data           4  lto-llvm-fd25f0.o(.bss..L_MergedGlobals.218)
    currentGreenCIE.0                        0x1800025c   Data           4  lto-llvm-fd25f0.o(.bss..L_MergedGlobals.218)
    currentGreenCIE.1                        0x18000260   Data           4  lto-llvm-fd25f0.o(.bss..L_MergedGlobals.218)
    currentGreenCIE.2                        0x18000264   Data           4  lto-llvm-fd25f0.o(.bss..L_MergedGlobals.218)
    currentBlueCIE.0                         0x18000268   Data           4  lto-llvm-fd25f0.o(.bss..L_MergedGlobals.218)
    currentBlueCIE.1                         0x1800026c   Data           4  lto-llvm-fd25f0.o(.bss..L_MergedGlobals.218)
    currentBlueCIE.2                         0x18000270   Data           4  lto-llvm-fd25f0.o(.bss..L_MergedGlobals.218)
    gAlgoWhitePointFixCache.3                0x18000274   Data           4  lto-llvm-fd25f0.o(.bss..L_MergedGlobals.218)
    gAlgoWhitePointFixCache.4                0x18000278   Data           4  lto-llvm-fd25f0.o(.bss..L_MergedGlobals.218)
    u32_globTimestamp_ms                     0x1800027c   Data           4  lto-llvm-fd25f0.o(.bss..L_MergedGlobals.218)
    u32_watchdogCnt                          0x18000280   Data           4  lto-llvm-fd25f0.o(.bss..L_MergedGlobals.218)
    ReciveDataCrc.old_data                   0x18000284   Data           7  lto-llvm-fd25f0.o(.bss..L_MergedGlobals.218)
    ReciveDataCrc.old_data_Reset             0x1800028b   Data           7  lto-llvm-fd25f0.o(.bss..L_MergedGlobals.218)
    g_lin_diag_sresp                         0x18000292   Data           8  lto-llvm-fd25f0.o(.bss..L_MergedGlobals.218)
    g_lin_diag_mreq                          0x1800029a   Data           8  lto-llvm-fd25f0.o(.bss..L_MergedGlobals.218)
    measureData                              0x180002a2   Data           8  lto-llvm-fd25f0.o(.bss..L_MergedGlobals.218)
    measureSuccessData                       0x180002aa   Data           8  lto-llvm-fd25f0.o(.bss..L_MergedGlobals.218)
    lin_temp_buffer                          0x180002b2   Data          11  lto-llvm-fd25f0.o(.bss..L_MergedGlobals.218)
    frame_enable_list                        0x180002bd   Data          12  lto-llvm-fd25f0.o(.bss..L_MergedGlobals.218)
    targetColor                              0x180002cc   Data          12  lto-llvm-fd25f0.o(.bss..L_MergedGlobals.219)
    [Anonymous Symbol]                       0x180002cc   Section        0  lto-llvm-fd25f0.o(.bss..L_MergedGlobals.219)
    splitWhiteCIE                            0x180002d8   Data          12  lto-llvm-fd25f0.o(.bss..L_MergedGlobals.219)
    splitPointCIE                            0x180002e4   Data          12  lto-llvm-fd25f0.o(.bss..L_MergedGlobals.219)
    oldLinData                               0x180002f0   Data          22  lto-llvm-fd25f0.o(.bss..L_MergedGlobals.219)
    sysLin                                   0x18000306   Data          22  lto-llvm-fd25f0.o(.bss..L_MergedGlobals.219)
    sysLin_Stack                             0x1800031c   Data          22  lto-llvm-fd25f0.o(.bss..L_MergedGlobals.219)
    intensityDimStatus                       0x18000334   Data          24  lto-llvm-fd25f0.o(.bss..L_MergedGlobals.220)
    [Anonymous Symbol]                       0x18000334   Section        0  lto-llvm-fd25f0.o(.bss..L_MergedGlobals.220)
    MasterReq_data                           0x1800034c   Data          30  lto-llvm-fd25f0.o(.bss..L_MergedGlobals.220)
    SlaveResp_data                           0x1800036a   Data          30  lto-llvm-fd25f0.o(.bss..L_MergedGlobals.220)
    Debug                                    0x18000388   Data          24  lto-llvm-fd25f0.o(.bss.Debug)
    [Anonymous Symbol]                       0x18000388   Section        0  lto-llvm-fd25f0.o(.bss.Debug)
    Quiltcheck                               0x180003a0   Data           8  lto-llvm-fd25f0.o(.bss.Quiltcheck)
    [Anonymous Symbol]                       0x180003a0   Section        0  lto-llvm-fd25f0.o(.bss.Quiltcheck)
    g_lin_frame_ctrl                         0x180003a8   Data          60  lto-llvm-fd25f0.o(.bss.g_lin_frame_ctrl)
    [Anonymous Symbol]                       0x180003a8   Section        0  lto-llvm-fd25f0.o(.bss.g_lin_frame_ctrl)
    l_flags_RGBe_Ans                         0x180003e4   Data           2  lto-llvm-fd25f0.o(.bss.l_flags_RGBe_Ans)
    [Anonymous Symbol]                       0x180003e4   Section        0  lto-llvm-fd25f0.o(.bss.l_flags_RGBe_Ans)
    l_flags_RGBe_Req                         0x180003e6   Data           2  lto-llvm-fd25f0.o(.bss.l_flags_RGBe_Req)
    [Anonymous Symbol]                       0x180003e6   Section        0  lto-llvm-fd25f0.o(.bss.l_flags_RGBe_Req)
    l_flags_RGBe_Slave_a_01_02               0x180003e8   Data           2  lto-llvm-fd25f0.o(.bss.l_flags_RGBe_Slave_a_01_02)
    [Anonymous Symbol]                       0x180003e8   Section        0  lto-llvm-fd25f0.o(.bss.l_flags_RGBe_Slave_a_01_02)
    l_flags_RGBe_Slave_a_03_04               0x180003ea   Data           2  lto-llvm-fd25f0.o(.bss.l_flags_RGBe_Slave_a_03_04)
    [Anonymous Symbol]                       0x180003ea   Section        0  lto-llvm-fd25f0.o(.bss.l_flags_RGBe_Slave_a_03_04)
    l_flags_RGBe_Slave_a_05_06               0x180003ec   Data           2  lto-llvm-fd25f0.o(.bss.l_flags_RGBe_Slave_a_05_06)
    [Anonymous Symbol]                       0x180003ec   Section        0  lto-llvm-fd25f0.o(.bss.l_flags_RGBe_Slave_a_05_06)
    l_flags_RGBe_Slave_a_07_08               0x180003ee   Data           2  lto-llvm-fd25f0.o(.bss.l_flags_RGBe_Slave_a_07_08)
    [Anonymous Symbol]                       0x180003ee   Section        0  lto-llvm-fd25f0.o(.bss.l_flags_RGBe_Slave_a_07_08)
    l_flags_RGBe_Slave_a_09_10               0x180003f0   Data           2  lto-llvm-fd25f0.o(.bss.l_flags_RGBe_Slave_a_09_10)
    [Anonymous Symbol]                       0x180003f0   Section        0  lto-llvm-fd25f0.o(.bss.l_flags_RGBe_Slave_a_09_10)
    l_flags_RGBe_Slave_a_11_12               0x180003f2   Data           2  lto-llvm-fd25f0.o(.bss.l_flags_RGBe_Slave_a_11_12)
    [Anonymous Symbol]                       0x180003f2   Section        0  lto-llvm-fd25f0.o(.bss.l_flags_RGBe_Slave_a_11_12)
    l_flags_RGBe_Slave_a_13_14               0x180003f4   Data           2  lto-llvm-fd25f0.o(.bss.l_flags_RGBe_Slave_a_13_14)
    [Anonymous Symbol]                       0x180003f4   Section        0  lto-llvm-fd25f0.o(.bss.l_flags_RGBe_Slave_a_13_14)
    l_flags_RGBe_Sync_abcd                   0x180003f6   Data           2  lto-llvm-fd25f0.o(.bss.l_flags_RGBe_Sync_abcd)
    [Anonymous Symbol]                       0x180003f6   Section        0  lto-llvm-fd25f0.o(.bss.l_flags_RGBe_Sync_abcd)
    l_flags_RGBe_Write_a_08                  0x180003f8   Data           2  lto-llvm-fd25f0.o(.bss.l_flags_RGBe_Write_a_08)
    [Anonymous Symbol]                       0x180003f8   Section        0  lto-llvm-fd25f0.o(.bss.l_flags_RGBe_Write_a_08)
    l_flags_RGBs_Slave_08a                   0x180003fa   Data           2  lto-llvm-fd25f0.o(.bss.l_flags_RGBs_Slave_08a)
    [Anonymous Symbol]                       0x180003fa   Section        0  lto-llvm-fd25f0.o(.bss.l_flags_RGBs_Slave_08a)
    savedConfig                              0x180003fc   Data         176  lto-llvm-fd25f0.o(.bss.savedConfig)
    [Anonymous Symbol]                       0x180003fc   Section        0  lto-llvm-fd25f0.o(.bss.savedConfig)

    Global Symbols

    Symbol Name                              Value     Ov Type        Size  Object(Section)

    BuildAttributes$$THM_ISAv3M$S$8M$PE$A:L22$X:L11$S22$IEEE1$IW$USESV6$~STKCKD$USESV7$~SHL$OSPACE$ROPI$IEEEF$UX$STANDARDLIB$REQ8$PRES8$EABIv2 0x00000000   Number         0  anon$$obj.o ABSOLUTE
    Image$$ZI$$Limit                          - Undefined Weak Reference
    __ARM_exceptions_init                     - Undefined Weak Reference
    __alloca_initialize                       - Undefined Weak Reference
    __arm_preinit_                            - Undefined Weak Reference
    __arm_relocate_pie_                       - Undefined Weak Reference
    __cpp_initialize__aeabi_                  - Undefined Weak Reference
    __cxa_finalize                            - Undefined Weak Reference
    __rt_locale                               - Undefined Weak Reference
    __sigvec_lookup                           - Undefined Weak Reference
    _atexit_init                              - Undefined Weak Reference
    _call_atexit_fns                          - Undefined Weak Reference
    _clock_init                               - Undefined Weak Reference
    _fp_trap_init                             - Undefined Weak Reference
    _fp_trap_shutdown                         - Undefined Weak Reference
    _get_lc_collate                           - Undefined Weak Reference
    _get_lc_ctype                             - Undefined Weak Reference
    _get_lc_monetary                          - Undefined Weak Reference
    _get_lc_numeric                           - Undefined Weak Reference
    _get_lc_time                              - Undefined Weak Reference
    _getenv_init                              - Undefined Weak Reference
    _handle_redirection                       - Undefined Weak Reference
    _init_alloc                               - Undefined Weak Reference
    _init_user_alloc                          - Undefined Weak Reference
    _initio                                   - Undefined Weak Reference
    _rand_init                                - Undefined Weak Reference
    _signal_finish                            - Undefined Weak Reference
    _signal_init                              - Undefined Weak Reference
    _terminate_alloc                          - Undefined Weak Reference
    _terminate_user_alloc                     - Undefined Weak Reference
    _terminateio                              - Undefined Weak Reference
    __Vectors                                0x12000000   Data          96  lto-llvm-fd25f0.o(RESET)
    __main                                   0x12000061   Thumb Code     8  __main.o(!!!main)
    __scatterload                            0x12000069   Thumb Code     0  __scatter.o(!!!scatter)
    __scatterload_rt2                        0x12000069   Thumb Code    74  __scatter.o(!!!scatter)
    __scatterload_rt2_thumb_only             0x12000069   Thumb Code     0  __scatter.o(!!!scatter)
    __scatterload_loop                       0x12000073   Thumb Code     0  __scatter.o(!!!scatter)
    __scatterload_null                       0x120000bd   Thumb Code     2  __scatter.o(!!handler_null)
    __I$use$semihosting                      0x120000bf   Thumb Code     0  use_no_semi.o(.text)
    __use_no_semihosting_swi                 0x120000bf   Thumb Code     2  use_no_semi.o(.text)
    CONFIG_TABLE                             0x120000c0   Data          64  lto-llvm-fd25f0.o(.ARM.__at_0x120000C0)
    __scatterload_copy                       0x12000101   Thumb Code    26  __scatter_copy.o(!!handler_copy)
    __scatterload_zeroinit                   0x1200011d   Thumb Code    28  __scatter_zi.o(!!handler_zi)
    __rt_lib_init                            0x12000139   Thumb Code     0  libinit.o(.ARM.Collect$$libinit$$00000000)
    __rt_lib_init_alloca_1                   0x1200013b   Thumb Code     0  libinit2.o(.ARM.Collect$$libinit$$00000030)
    __rt_lib_init_argv_1                     0x1200013b   Thumb Code     0  libinit2.o(.ARM.Collect$$libinit$$0000002E)
    __rt_lib_init_atexit_1                   0x1200013b   Thumb Code     0  libinit2.o(.ARM.Collect$$libinit$$0000001D)
    __rt_lib_init_clock_1                    0x1200013b   Thumb Code     0  libinit2.o(.ARM.Collect$$libinit$$00000023)
    __rt_lib_init_cpp_1                      0x1200013b   Thumb Code     0  libinit2.o(.ARM.Collect$$libinit$$00000034)
    __rt_lib_init_exceptions_1               0x1200013b   Thumb Code     0  libinit2.o(.ARM.Collect$$libinit$$00000032)
    __rt_lib_init_fp_1                       0x1200013b   Thumb Code     0  libinit2.o(.ARM.Collect$$libinit$$00000002)
    __rt_lib_init_fp_trap_1                  0x1200013b   Thumb Code     0  libinit2.o(.ARM.Collect$$libinit$$00000021)
    __rt_lib_init_getenv_1                   0x1200013b   Thumb Code     0  libinit2.o(.ARM.Collect$$libinit$$00000025)
    __rt_lib_init_heap_1                     0x1200013b   Thumb Code     0  libinit2.o(.ARM.Collect$$libinit$$0000000C)
    __rt_lib_init_lc_collate_1               0x1200013b   Thumb Code     0  libinit2.o(.ARM.Collect$$libinit$$00000013)
    __rt_lib_init_lc_ctype_1                 0x1200013b   Thumb Code     0  libinit2.o(.ARM.Collect$$libinit$$00000015)
    __rt_lib_init_lc_monetary_1              0x1200013b   Thumb Code     0  libinit2.o(.ARM.Collect$$libinit$$00000017)
    __rt_lib_init_lc_numeric_1               0x1200013b   Thumb Code     0  libinit2.o(.ARM.Collect$$libinit$$00000019)
    __rt_lib_init_lc_time_1                  0x1200013b   Thumb Code     0  libinit2.o(.ARM.Collect$$libinit$$0000001B)
    __rt_lib_init_preinit_1                  0x1200013b   Thumb Code     0  libinit2.o(.ARM.Collect$$libinit$$00000006)
    __rt_lib_init_rand_1                     0x1200013b   Thumb Code     0  libinit2.o(.ARM.Collect$$libinit$$00000010)
    __rt_lib_init_relocate_pie_1             0x1200013b   Thumb Code     0  libinit2.o(.ARM.Collect$$libinit$$00000004)
    __rt_lib_init_return                     0x1200013b   Thumb Code     0  libinit2.o(.ARM.Collect$$libinit$$00000035)
    __rt_lib_init_signal_1                   0x1200013b   Thumb Code     0  libinit2.o(.ARM.Collect$$libinit$$0000001F)
    __rt_lib_init_stdio_1                    0x1200013b   Thumb Code     0  libinit2.o(.ARM.Collect$$libinit$$00000027)
    __rt_lib_init_user_alloc_1               0x1200013b   Thumb Code     0  libinit2.o(.ARM.Collect$$libinit$$0000000E)
    __rt_lib_shutdown                        0x1200013d   Thumb Code     0  libshutdown.o(.ARM.Collect$$libshutdown$$00000000)
    __rt_lib_shutdown_cpp_1                  0x1200013f   Thumb Code     0  libshutdown2.o(.ARM.Collect$$libshutdown$$00000002)
    __rt_lib_shutdown_fp_trap_1              0x1200013f   Thumb Code     0  libshutdown2.o(.ARM.Collect$$libshutdown$$00000007)
    __rt_lib_shutdown_heap_1                 0x1200013f   Thumb Code     0  libshutdown2.o(.ARM.Collect$$libshutdown$$0000000F)
    __rt_lib_shutdown_return                 0x1200013f   Thumb Code     0  libshutdown2.o(.ARM.Collect$$libshutdown$$00000010)
    __rt_lib_shutdown_signal_1               0x1200013f   Thumb Code     0  libshutdown2.o(.ARM.Collect$$libshutdown$$0000000A)
    __rt_lib_shutdown_stdio_1                0x1200013f   Thumb Code     0  libshutdown2.o(.ARM.Collect$$libshutdown$$00000004)
    __rt_lib_shutdown_user_alloc_1           0x1200013f   Thumb Code     0  libshutdown2.o(.ARM.Collect$$libshutdown$$0000000C)
    __rt_entry                               0x12000141   Thumb Code     0  __rtentry.o(.ARM.Collect$$rtentry$$00000000)
    __rt_entry_presh_1                       0x12000141   Thumb Code     0  __rtentry2.o(.ARM.Collect$$rtentry$$00000002)
    __rt_entry_sh                            0x12000141   Thumb Code     0  __rtentry7.o(.ARM.Collect$$rtentry$$00000007)
    __rt_entry_li                            0x12000145   Thumb Code     0  __rtentry2.o(.ARM.Collect$$rtentry$$0000000A)
    __rt_entry_postsh_1                      0x12000145   Thumb Code     0  __rtentry2.o(.ARM.Collect$$rtentry$$00000009)
    __rt_entry_main                          0x12000149   Thumb Code     0  __rtentry2.o(.ARM.Collect$$rtentry$$0000000D)
    __rt_entry_postli_1                      0x12000149   Thumb Code     0  __rtentry2.o(.ARM.Collect$$rtentry$$0000000C)
    __rt_exit                                0x12000155   Thumb Code     0  rtexit.o(.ARM.Collect$$rtexit$$00000000)
    __rt_exit_ls                             0x12000157   Thumb Code     0  rtexit2.o(.ARM.Collect$$rtexit$$00000003)
    __rt_exit_prels_1                        0x12000157   Thumb Code     0  rtexit2.o(.ARM.Collect$$rtexit$$00000002)
    __rt_exit_exit                           0x1200015b   Thumb Code     0  rtexit2.o(.ARM.Collect$$rtexit$$00000004)
    __aeabi_memcpy4                          0x12000161   Thumb Code    56  rt_memcpy.o(.emb_text)
    __aeabi_memcpy8                          0x12000161   Thumb Code     0  rt_memcpy.o(.emb_text)
    memcmp                                   0x12000199   Thumb Code    90  memcmp.o(.text)
    exit                                     0x120001f3   Thumb Code    16  exit.o(.text)
    __semihosting_library_function           0x12000203   Thumb Code     0  indicate_semi.o(.text)
    _sys_exit                                0x12000205   Thumb Code     8  sys_exit.o(.text)
    __aeabi_lmul                             0x12000211   Thumb Code    48  llmul.o(.text)
    _ll_mul                                  0x12000211   Thumb Code     0  llmul.o(.text)
    __aeabi_uldivmod                         0x12000241   Thumb Code   272  lludiv.o(.text)
    _ll_udiv                                 0x12000241   Thumb Code     0  lludiv.o(.text)
    __aeabi_memcpy                           0x12000351   Thumb Code   130  rt_memcpy.o(.text)
    __rt_memcpy                              0x12000351   Thumb Code     0  rt_memcpy.o(.text)
    __aeabi_memset                           0x120003d3   Thumb Code    18  aeabi_memset.o(.text)
    _memset_w                                0x120003e5   Thumb Code    26  rt_memclr.o(.text)
    _memset                                  0x120003ff   Thumb Code    30  rt_memclr.o(.text)
    __aeabi_memclr                           0x1200041d   Thumb Code     4  rt_memclr.o(.text)
    __rt_memclr                              0x1200041d   Thumb Code     0  rt_memclr.o(.text)
    __aeabi_memclr4                          0x12000421   Thumb Code     0  rt_memclr.o(.text)
    __aeabi_memclr8                          0x12000421   Thumb Code     0  rt_memclr.o(.text)
    __rt_memclr_w                            0x12000421   Thumb Code     4  rt_memclr.o(.text)
    main                                     0x120023f1   Thumb Code   976  lto-llvm-fd25f0.o(.text.main)
    Region$$Table$$Base                      0x12006694   Number         0  anon$$obj.o(Region$$Table)
    Region$$Table$$Limit                     0x120066b4   Number         0  anon$$obj.o(Region$$Table)
    Image$$ARM_LIB_STACK$$ZI$$Limit          0x18000c00   Number         0  anon$$obj.o ABSOLUTE



==============================================================================

Memory Map of the image

  Image Entry point : 0x12000061

  Load Region LR_IROM1 (Base: 0x12000000, Size: 0x00006790, Max: 0x00007800, ABSOLUTE)

    Execution Region ER_IROM1 (Exec base: 0x12000000, Load base: 0x12000000, Size: 0x000066b4, Max: 0x00007800, ABSOLUTE)

    Exec Addr    Load Addr    Size         Type   Attr      Idx    E Section Name        Object

    0x12000000   0x12000000   0x00000060   Data   RO          394    RESET               lto-llvm-fd25f0.o
    0x12000060   0x12000060   0x00000008   Code   RO           61  * !!!main             c_p.l(__main.o)
    0x12000068   0x12000068   0x00000054   Code   RO          434    !!!scatter          c_p.l(__scatter.o)
    0x120000bc   0x120000bc   0x00000002   Code   RO          435    !!handler_null      c_p.l(__scatter.o)
    0x120000be   0x120000be   0x00000002   Code   RO          152    .text               c_p.l(use_no_semi.o)
    0x120000c0   0x120000c0   0x00000040   Data   RO          395    .ARM.__at_0x120000C0  lto-llvm-fd25f0.o
    0x12000100   0x12000100   0x0000001a   Code   RO          438    !!handler_copy      c_p.l(__scatter_copy.o)
    0x1200011a   0x1200011a   0x00000002   PAD
    0x1200011c   0x1200011c   0x0000001c   Code   RO          440    !!handler_zi        c_p.l(__scatter_zi.o)
    0x12000138   0x12000138   0x00000002   Code   RO           94    .ARM.Collect$$libinit$$00000000  c_p.l(libinit.o)
    0x1200013a   0x1200013a   0x00000000   Code   RO          106    .ARM.Collect$$libinit$$00000002  c_p.l(libinit2.o)
    0x1200013a   0x1200013a   0x00000000   Code   RO          108    .ARM.Collect$$libinit$$00000004  c_p.l(libinit2.o)
    0x1200013a   0x1200013a   0x00000000   Code   RO          110    .ARM.Collect$$libinit$$00000006  c_p.l(libinit2.o)
    0x1200013a   0x1200013a   0x00000000   Code   RO          113    .ARM.Collect$$libinit$$0000000C  c_p.l(libinit2.o)
    0x1200013a   0x1200013a   0x00000000   Code   RO          115    .ARM.Collect$$libinit$$0000000E  c_p.l(libinit2.o)
    0x1200013a   0x1200013a   0x00000000   Code   RO          117    .ARM.Collect$$libinit$$00000010  c_p.l(libinit2.o)
    0x1200013a   0x1200013a   0x00000000   Code   RO          120    .ARM.Collect$$libinit$$00000013  c_p.l(libinit2.o)
    0x1200013a   0x1200013a   0x00000000   Code   RO          122    .ARM.Collect$$libinit$$00000015  c_p.l(libinit2.o)
    0x1200013a   0x1200013a   0x00000000   Code   RO          124    .ARM.Collect$$libinit$$00000017  c_p.l(libinit2.o)
    0x1200013a   0x1200013a   0x00000000   Code   RO          126    .ARM.Collect$$libinit$$00000019  c_p.l(libinit2.o)
    0x1200013a   0x1200013a   0x00000000   Code   RO          128    .ARM.Collect$$libinit$$0000001B  c_p.l(libinit2.o)
    0x1200013a   0x1200013a   0x00000000   Code   RO          130    .ARM.Collect$$libinit$$0000001D  c_p.l(libinit2.o)
    0x1200013a   0x1200013a   0x00000000   Code   RO          132    .ARM.Collect$$libinit$$0000001F  c_p.l(libinit2.o)
    0x1200013a   0x1200013a   0x00000000   Code   RO          134    .ARM.Collect$$libinit$$00000021  c_p.l(libinit2.o)
    0x1200013a   0x1200013a   0x00000000   Code   RO          136    .ARM.Collect$$libinit$$00000023  c_p.l(libinit2.o)
    0x1200013a   0x1200013a   0x00000000   Code   RO          138    .ARM.Collect$$libinit$$00000025  c_p.l(libinit2.o)
    0x1200013a   0x1200013a   0x00000000   Code   RO          140    .ARM.Collect$$libinit$$00000027  c_p.l(libinit2.o)
    0x1200013a   0x1200013a   0x00000000   Code   RO          144    .ARM.Collect$$libinit$$0000002E  c_p.l(libinit2.o)
    0x1200013a   0x1200013a   0x00000000   Code   RO          146    .ARM.Collect$$libinit$$00000030  c_p.l(libinit2.o)
    0x1200013a   0x1200013a   0x00000000   Code   RO          148    .ARM.Collect$$libinit$$00000032  c_p.l(libinit2.o)
    0x1200013a   0x1200013a   0x00000000   Code   RO          150    .ARM.Collect$$libinit$$00000034  c_p.l(libinit2.o)
    0x1200013a   0x1200013a   0x00000002   Code   RO          151    .ARM.Collect$$libinit$$00000035  c_p.l(libinit2.o)
    0x1200013c   0x1200013c   0x00000002   Code   RO          176    .ARM.Collect$$libshutdown$$00000000  c_p.l(libshutdown.o)
    0x1200013e   0x1200013e   0x00000000   Code   RO          188    .ARM.Collect$$libshutdown$$00000002  c_p.l(libshutdown2.o)
    0x1200013e   0x1200013e   0x00000000   Code   RO          190    .ARM.Collect$$libshutdown$$00000004  c_p.l(libshutdown2.o)
    0x1200013e   0x1200013e   0x00000000   Code   RO          193    .ARM.Collect$$libshutdown$$00000007  c_p.l(libshutdown2.o)
    0x1200013e   0x1200013e   0x00000000   Code   RO          196    .ARM.Collect$$libshutdown$$0000000A  c_p.l(libshutdown2.o)
    0x1200013e   0x1200013e   0x00000000   Code   RO          198    .ARM.Collect$$libshutdown$$0000000C  c_p.l(libshutdown2.o)
    0x1200013e   0x1200013e   0x00000000   Code   RO          201    .ARM.Collect$$libshutdown$$0000000F  c_p.l(libshutdown2.o)
    0x1200013e   0x1200013e   0x00000002   Code   RO          202    .ARM.Collect$$libshutdown$$00000010  c_p.l(libshutdown2.o)
    0x12000140   0x12000140   0x00000000   Code   RO           63    .ARM.Collect$$rtentry$$00000000  c_p.l(__rtentry.o)
    0x12000140   0x12000140   0x00000000   Code   RO           65    .ARM.Collect$$rtentry$$00000002  c_p.l(__rtentry2.o)
    0x12000140   0x12000140   0x00000004   Code   RO           79    .ARM.Collect$$rtentry$$00000007  c_p.l(__rtentry7.o)
    0x12000144   0x12000144   0x00000000   Code   RO           67    .ARM.Collect$$rtentry$$00000009  c_p.l(__rtentry2.o)
    0x12000144   0x12000144   0x00000004   Code   RO           68    .ARM.Collect$$rtentry$$0000000A  c_p.l(__rtentry2.o)
    0x12000148   0x12000148   0x00000000   Code   RO           70    .ARM.Collect$$rtentry$$0000000C  c_p.l(__rtentry2.o)
    0x12000148   0x12000148   0x00000008   Code   RO           71    .ARM.Collect$$rtentry$$0000000D  c_p.l(__rtentry2.o)
    0x12000150   0x12000150   0x00000004   Code   RO           80    .ARM.Collect$$rtentry$$00002718  c_p.l(__rtentry7.o)
    0x12000154   0x12000154   0x00000002   Code   RO          103    .ARM.Collect$$rtexit$$00000000  c_p.l(rtexit.o)
    0x12000156   0x12000156   0x00000000   Code   RO          156    .ARM.Collect$$rtexit$$00000002  c_p.l(rtexit2.o)
    0x12000156   0x12000156   0x00000004   Code   RO          157    .ARM.Collect$$rtexit$$00000003  c_p.l(rtexit2.o)
    0x1200015a   0x1200015a   0x00000006   Code   RO          158    .ARM.Collect$$rtexit$$00000004  c_p.l(rtexit2.o)
    0x12000160   0x12000160   0x00000038   Code   RO          414    .emb_text           c_p.l(rt_memcpy.o)
    0x12000198   0x12000198   0x0000005a   Code   RO           59    .text               c_p.l(memcmp.o)
    0x120001f2   0x120001f2   0x00000010   Code   RO           87    .text               c_p.l(exit.o)
    0x12000202   0x12000202   0x00000000   Code   RO          154    .text               c_p.l(indicate_semi.o)
    0x12000202   0x12000202   0x00000002   PAD
    0x12000204   0x12000204   0x0000000c   Code   RO          166    .text               c_p.l(sys_exit.o)
    0x12000210   0x12000210   0x00000030   Code   RO          410    .text               c_p.l(llmul.o)
    0x12000240   0x12000240   0x00000110   Code   RO          412    .text               c_p.l(lludiv.o)
    0x12000350   0x12000350   0x00000082   Code   RO          415    .text               c_p.l(rt_memcpy.o)
    0x120003d2   0x120003d2   0x00000012   Code   RO          418    .text               c_p.l(aeabi_memset.o)
    0x120003e4   0x120003e4   0x00000040   Code   RO          420    .text               c_p.l(rt_memclr.o)
    0x12000424   0x12000424   0x00000028   Code   RO          300    .text.ADC11_compensateLinAutoAddrDiff  lto-llvm-fd25f0.o
    0x1200044c   0x1200044c   0x00000050   Code   RO          340    .text.AlgoRatioK_ClampRatioQ10000FromFix16  lto-llvm-fd25f0.o
    0x1200049c   0x1200049c   0x00000060   Code   RO          334    .text.AlgoRatioK_DivS64ToFix16  lto-llvm-fd25f0.o
    0x120004fc   0x120004fc   0x00000072   Code   RO          336    .text.AlgoRatioK_InsertNearestPoint  lto-llvm-fd25f0.o
    0x1200056e   0x1200056e   0x0000000a   Code   RO          338    .text.AlgoRatioK_ScaledIntToFix16  lto-llvm-fd25f0.o
    0x12000578   0x12000578   0x00000002   Code   RO          356    .text.Default_Handler  lto-llvm-fd25f0.o
    0x1200057a   0x1200057a   0x00000002   Code   RO          354    .text.HardFault_Handler  lto-llvm-fd25f0.o
    0x1200057c   0x1200057c   0x00000088   Code   RO          262    .text.IntensityDimminggetDimmingSpeed  lto-llvm-fd25f0.o
    0x12000604   0x12000604   0x00000044   Code   RO          260    .text.LIN_AutoAddr_End  lto-llvm-fd25f0.o
    0x12000648   0x12000648   0x00000078   Code   RO          254    .text.LIN_AutoAddr_Meas_Exit  lto-llvm-fd25f0.o
    0x120006c0   0x120006c0   0x00000050   Code   RO          258    .text.LIN_AutoAddr_RisingEdge_ISR  lto-llvm-fd25f0.o
    0x12000710   0x12000710   0x00000028   Code   RO          256    .text.LIN_AutoAddr_SetFallingEdge  lto-llvm-fd25f0.o
    0x12000738   0x12000738   0x00000048   Code   RO          298    .text.LIN_COM_Handler  lto-llvm-fd25f0.o
    0x12000780   0x12000780   0x000004d0   Code   RO          344    .text.NVIC_IRQ2_Handler  lto-llvm-fd25f0.o
    0x12000c50   0x12000c50   0x00000044   Code   RO          346    .text.NVIC_IRQ4_Handler  lto-llvm-fd25f0.o
    0x12000c94   0x12000c94   0x00000084   Code   RO          348    .text.NVIC_IRQ5_Handler  lto-llvm-fd25f0.o
    0x12000d18   0x12000d18   0x00000040   Code   RO          350    .text.PMU_initWatchdog  lto-llvm-fd25f0.o
    0x12000d58   0x12000d58   0x00000014   Code   RO          352    .text.Reset_Handler  lto-llvm-fd25f0.o
    0x12000d6c   0x12000d6c   0x00000004   Code   RO          282    .text.SwriteJudge_AutolAddr  lto-llvm-fd25f0.o
    0x12000d70   0x12000d70   0x00000028   Code   RO          284    .text.SwriteJudge_DimXnYn  lto-llvm-fd25f0.o
    0x12000d98   0x12000d98   0x00000004   Code   RO          286    .text.SwriteJudge_ResetDummy  lto-llvm-fd25f0.o
    0x12000d9c   0x12000d9c   0x00000014   Code   RO          272    .text.SwriteJudge_Utemp  lto-llvm-fd25f0.o
    0x12000db0   0x12000db0   0x00000012   Code   RO          274    .text.SwriteJudge_Vtemp  lto-llvm-fd25f0.o
    0x12000dc2   0x12000dc2   0x00000012   Code   RO          270    .text.SwriteJudge_brightnessFactor  lto-llvm-fd25f0.o
    0x12000dd4   0x12000dd4   0x00000018   Code   RO          280    .text.SwriteJudge_eolAddr  lto-llvm-fd25f0.o
    0x12000dec   0x12000dec   0x0000001c   Code   RO          278    .text.SwriteJudge_pART  lto-llvm-fd25f0.o
    0x12000e08   0x12000e08   0x0000000e   Code   RO          276    .text.SwriteJudge_pDeveloper  lto-llvm-fd25f0.o
    0x12000e16   0x12000e16   0x00000002   PAD
    0x12000e18   0x12000e18   0x00000028   Code   RO          342    .text.SysTick_Handler  lto-llvm-fd25f0.o
    0x12000e40   0x12000e40   0x00000090   Code   RO          358    .text.SystemInit    lto-llvm-fd25f0.o
    0x12000ed0   0x12000ed0   0x00000068   Code   RO          268    .text.UpdatebufApply  lto-llvm-fd25f0.o
    0x12000f38   0x12000f38   0x0000015c   Code   RO          312    .text.WitheBalanceTempInit  lto-llvm-fd25f0.o
    0x12001094   0x12001094   0x0000001a   Code   RO          328    .text.__algoCross2D  lto-llvm-fd25f0.o
    0x120010ae   0x120010ae   0x00000002   PAD
    0x120010b0   0x120010b0   0x0000022c   Code   RO          320    .text.__algoGetDutyRatio  lto-llvm-fd25f0.o
    0x120012dc   0x120012dc   0x000000ac   Code   RO          322    .text.__algoGetWhiteDutyRatio  lto-llvm-fd25f0.o
    0x12001388   0x12001388   0x0000000c   Code   RO          316    .text.__algoGetWhitePointX  lto-llvm-fd25f0.o
    0x12001394   0x12001394   0x00000010   Code   RO          318    .text.__algoGetWhitePointY  lto-llvm-fd25f0.o
    0x120013a4   0x120013a4   0x0000024c   Code   RO          314    .text.__algoSplitTargetColorByWhite  lto-llvm-fd25f0.o
    0x120015f0   0x120015f0   0x00000050   Code   RO          326    .text.__algoUpdateWhitePointFixCache  lto-llvm-fd25f0.o
    0x12001640   0x12001640   0x0000000c   Code   RO          324    .text.__algoWhiteRgbParamToFix16  lto-llvm-fd25f0.o
    0x1200164c   0x1200164c   0x00000134   Code   RO          288    .text.__doRequest   lto-llvm-fd25f0.o
    0x12001780   0x12001780   0x0000002a   Code   RO          266    .text.calculateParityPID  lto-llvm-fd25f0.o
    0x120017aa   0x120017aa   0x00000002   PAD
    0x120017ac   0x120017ac   0x00000024   Code   RO          292    .text.endAAProcess  lto-llvm-fd25f0.o
    0x120017d0   0x120017d0   0x000000a0   Code   RO          330    .text.fix16_div     lto-llvm-fd25f0.o
    0x12001870   0x12001870   0x0000003a   Code   RO          332    .text.fix16_mul     lto-llvm-fd25f0.o
    0x120018aa   0x120018aa   0x00000002   PAD
    0x120018ac   0x120018ac   0x000004dc   Code   RO          248    .text.l_hal_cyclic_call  lto-llvm-fd25f0.o
    0x12001d88   0x12001d88   0x00000160   Code   RO          252    .text.l_sys_init    lto-llvm-fd25f0.o
    0x12001ee8   0x12001ee8   0x00000018   Code   RO          296    .text.l_sys_irq_restore  lto-llvm-fd25f0.o
    0x12001f00   0x12001f00   0x00000230   Code   RO          246    .text.lin_hal_ISR   lto-llvm-fd25f0.o
    0x12002130   0x12002130   0x00000154   Code   RO          238    .text.lin_hal_init_uart  lto-llvm-fd25f0.o
    0x12002284   0x12002284   0x00000074   Code   RO          244    .text.lin_hal_set_resp_error  lto-llvm-fd25f0.o
    0x120022f8   0x120022f8   0x0000002c   Code   RO          242    .text.lin_hal_tx_byte  lto-llvm-fd25f0.o
    0x12002324   0x12002324   0x0000009c   Code   RO          240    .text.lin_hal_tx_response  lto-llvm-fd25f0.o
    0x120023c0   0x120023c0   0x00000030   Code   RO          250    .text.lin_tp_init   lto-llvm-fd25f0.o
    0x120023f0   0x120023f0   0x000004dc   Code   RO          236    .text.main          lto-llvm-fd25f0.o
    0x120028cc   0x120028cc   0x00000038   Code   RO          304    .text.moduleFlashLoad  lto-llvm-fd25f0.o
    0x12002904   0x12002904   0x000000a0   Code   RO          302    .text.moduleFlashSave  lto-llvm-fd25f0.o
    0x120029a4   0x120029a4   0x0000000c   Code   RO          308    .text.moduleLedPowerOff  lto-llvm-fd25f0.o
    0x120029b0   0x120029b0   0x000000c8   Code   RO          306    .text.moduleLedUpdatePWM  lto-llvm-fd25f0.o
    0x12002a78   0x12002a78   0x0000002c   Code   RO          310    .text.moduleWatchdogFeed  lto-llvm-fd25f0.o
    0x12002aa4   0x12002aa4   0x0000001c   Code   RO          290    .text.startAAProcess  lto-llvm-fd25f0.o
    0x12002ac0   0x12002ac0   0x00000088   Code   RO          264    .text.systemLinCommChangeNad  lto-llvm-fd25f0.o
    0x12002b48   0x12002b48   0x00002e30   Code   RO          294    .text.systemMainLoop  lto-llvm-fd25f0.o
    0x12005978   0x12005978   0x00000190   Data   RO          375    .rodata.Serverlist  lto-llvm-fd25f0.o
    0x12005b08   0x12005b08   0x000000b0   Data   RO          390    .rodata.TtoCIE      lto-llvm-fd25f0.o
    0x12005bb8   0x12005bb8   0x00000060   Data   RO          373    .rodata.const_LinData  lto-llvm-fd25f0.o
    0x12005c18   0x12005c18   0x00000078   Data   RO          391    .rodata.gAlgoSonderfunktion2TempCoefF1  lto-llvm-fd25f0.o
    0x12005c90   0x12005c90   0x00000078   Data   RO          392    .rodata.gAlgoSonderfunktion2TempCoefF2  lto-llvm-fd25f0.o
    0x12005d08   0x12005d08   0x000007bc   Data   RO          393    .rodata.g_algoRatioKRatioQ10000Lut  lto-llvm-fd25f0.o
    0x120064c4   0x120064c4   0x00000054   Data   RO          374    .rodata.g_linAutoAddrConfig  lto-llvm-fd25f0.o
    0x12006518   0x12006518   0x0000000c   Data   RO          386    .rodata.s32_B_cornerPoint_large  lto-llvm-fd25f0.o
    0x12006524   0x12006524   0x0000000c   Data   RO          387    .rodata.s32_G_cornerPoint_large  lto-llvm-fd25f0.o
    0x12006530   0x12006530   0x0000000c   Data   RO          389    .rodata.s32_R_cornerPoint_large  lto-llvm-fd25f0.o
    0x1200653c   0x1200653c   0x0000000c   Data   RO          388    .rodata.s32_R_cornerPoint_real  lto-llvm-fd25f0.o
    0x12006548   0x12006548   0x0000000c   Data   RO          383    .rodata.s32_plane_a  lto-llvm-fd25f0.o
    0x12006554   0x12006554   0x0000000c   Data   RO          384    .rodata.s32_plane_b  lto-llvm-fd25f0.o
    0x12006560   0x12006560   0x0000000c   Data   RO          385    .rodata.s32_plane_d  lto-llvm-fd25f0.o
    0x1200656c   0x1200656c   0x00000120   Data   RO          380    .rodata.serveceList  lto-llvm-fd25f0.o
    0x1200668c   0x1200668c   0x00000006   Data   RO          376    .rodata.softwareVersion  lto-llvm-fd25f0.o
    0x12006692   0x12006692   0x00000002   PAD
    0x12006694   0x12006694   0x00000020   Data   RO          433    Region$$Table       anon$$obj.o


    Execution Region RW_IRAM1 (Exec base: 0x18000000, Load base: 0x120066b4, Size: 0x000004ac, Max: 0x00000a00, ABSOLUTE)

    Exec Addr    Load Addr    Size         Type   Attr      Idx    E Section Name        Object

    0x18000000   0x120066b4   0x0000007c   Data   RW          396    .data..L_MergedGlobals  lto-llvm-fd25f0.o
    0x1800007c   0x12006730   0x00000060   Data   RW          378    .data.l_LinData     lto-llvm-fd25f0.o
    0x180000dc        -       0x0000007e   Zero   RW          397    .bss..L_MergedGlobals.215  lto-llvm-fd25f0.o
    0x1800015a   0x12006790   0x00000002   PAD
    0x1800015c        -       0x0000007c   Zero   RW          398    .bss..L_MergedGlobals.216  lto-llvm-fd25f0.o
    0x180001d8        -       0x0000007c   Zero   RW          399    .bss..L_MergedGlobals.217  lto-llvm-fd25f0.o
    0x18000254        -       0x00000075   Zero   RW          400    .bss..L_MergedGlobals.218  lto-llvm-fd25f0.o
    0x180002c9   0x12006790   0x00000003   PAD
    0x180002cc        -       0x00000066   Zero   RW          401    .bss..L_MergedGlobals.219  lto-llvm-fd25f0.o
    0x18000332   0x12006790   0x00000002   PAD
    0x18000334        -       0x00000054   Zero   RW          402    .bss..L_MergedGlobals.220  lto-llvm-fd25f0.o
    0x18000388        -       0x00000018   Zero   RW          377    .bss.Debug          lto-llvm-fd25f0.o
    0x180003a0        -       0x00000008   Zero   RW          381    .bss.Quiltcheck     lto-llvm-fd25f0.o
    0x180003a8        -       0x0000003c   Zero   RW          379    .bss.g_lin_frame_ctrl  lto-llvm-fd25f0.o
    0x180003e4        -       0x00000002   Zero   RW          371    .bss.l_flags_RGBe_Ans  lto-llvm-fd25f0.o
    0x180003e6        -       0x00000002   Zero   RW          372    .bss.l_flags_RGBe_Req  lto-llvm-fd25f0.o
    0x180003e8        -       0x00000002   Zero   RW          361    .bss.l_flags_RGBe_Slave_a_01_02  lto-llvm-fd25f0.o
    0x180003ea        -       0x00000002   Zero   RW          362    .bss.l_flags_RGBe_Slave_a_03_04  lto-llvm-fd25f0.o
    0x180003ec        -       0x00000002   Zero   RW          363    .bss.l_flags_RGBe_Slave_a_05_06  lto-llvm-fd25f0.o
    0x180003ee        -       0x00000002   Zero   RW          364    .bss.l_flags_RGBe_Slave_a_07_08  lto-llvm-fd25f0.o
    0x180003f0        -       0x00000002   Zero   RW          365    .bss.l_flags_RGBe_Slave_a_09_10  lto-llvm-fd25f0.o
    0x180003f2        -       0x00000002   Zero   RW          366    .bss.l_flags_RGBe_Slave_a_11_12  lto-llvm-fd25f0.o
    0x180003f4        -       0x00000002   Zero   RW          367    .bss.l_flags_RGBe_Slave_a_13_14  lto-llvm-fd25f0.o
    0x180003f6        -       0x00000002   Zero   RW          370    .bss.l_flags_RGBe_Sync_abcd  lto-llvm-fd25f0.o
    0x180003f8        -       0x00000002   Zero   RW          368    .bss.l_flags_RGBe_Write_a_08  lto-llvm-fd25f0.o
    0x180003fa        -       0x00000002   Zero   RW          369    .bss.l_flags_RGBs_Slave_08a  lto-llvm-fd25f0.o
    0x180003fc        -       0x000000b0   Zero   RW          382    .bss.savedConfig    lto-llvm-fd25f0.o


    Execution Region ARM_LIB_STACK (Exec base: 0x18000a00, Load base: 0x12006790, Size: 0x00000200, Max: 0x00000200, ABSOLUTE)

    Exec Addr    Load Addr    Size         Type   Attr      Idx    E Section Name        Object

    0x18000a00        -       0x00000200   Zero   RW            1    ARM_LIB_STACK.bss   anon$$obj.o


==============================================================================

Image component sizes


      Code (inc. data)   RO Data    RW Data    ZI Data      Debug   Object Name

     21836       1840       3514        220        969     229149   lto-llvm-fd25f0.o

    ----------------------------------------------------------------------
     21844       1840       3548        220       1488     229149   Object Totals
         0          0         32          0        512          0   (incl. Generated)
         8          0          2          0          7          0   (incl. Padding)

    ----------------------------------------------------------------------

      Code (inc. data)   RO Data    RW Data    ZI Data      Debug   Library Member Name

         8          0          0          0          0         68   __main.o
         0          0          0          0          0          0   __rtentry.o
        12          0          0          0          0          0   __rtentry2.o
         8          4          0          0          0          0   __rtentry7.o
        86         10          0          0          0          0   __scatter.o
        26          0          0          0          0          0   __scatter_copy.o
        28          0          0          0          0          0   __scatter_zi.o
        18          0          0          0          0         68   aeabi_memset.o
        16          0          0          0          0         68   exit.o
         0          0          0          0          0          0   indicate_semi.o
         2          0          0          0          0          0   libinit.o
         2          0          0          0          0          0   libinit2.o
         2          0          0          0          0          0   libshutdown.o
         2          0          0          0          0          0   libshutdown2.o
        48          0          0          0          0         72   llmul.o
       272          0          0          0          0         88   lludiv.o
        90          0          0          0          0         68   memcmp.o
        64          0          0          0          0        108   rt_memclr.o
       186          0          0          0          0        144   rt_memcpy.o
         2          0          0          0          0          0   rtexit.o
        10          0          0          0          0          0   rtexit2.o
        12          4          0          0          0         60   sys_exit.o
         2          0          0          0          0         68   use_no_semi.o

    ----------------------------------------------------------------------
       900         18          0          0          0        812   Library Totals
         4          0          0          0          0          0   (incl. Padding)

    ----------------------------------------------------------------------

      Code (inc. data)   RO Data    RW Data    ZI Data      Debug   Library Name

       896         18          0          0          0        812   c_p.l

    ----------------------------------------------------------------------
       900         18          0          0          0        812   Library Totals

    ----------------------------------------------------------------------

==============================================================================


      Code (inc. data)   RO Data    RW Data    ZI Data      Debug   

     22744       1858       3548        220       1488     229821   Grand Totals
     22744       1858       3548        220       1488     229821   ELF Image Totals
     22744       1858       3548        220          0          0   ROM Totals

==============================================================================

    Total RO  Size (Code + RO Data)                26292 (  25.68kB)
    Total RW  Size (RW Data + ZI Data)              1708 (   1.67kB)
    Total ROM Size (Code + RO Data + RW Data)      26512 (  25.89kB)

==============================================================================

