	.text
	.syntax unified
	.eabi_attribute	67, "2.09"	@ Tag_conformance
	.cpu	cortex-m0
	.eabi_attribute	6, 12	@ Tag_CPU_arch
	.eabi_attribute	7, 77	@ Tag_CPU_arch_profile
	.eabi_attribute	8, 0	@ Tag_ARM_ISA_use
	.eabi_attribute	9, 1	@ Tag_THUMB_ISA_use
	.eabi_attribute	34, 0	@ Tag_CPU_unaligned_access
	.eabi_attribute	17, 1	@ Tag_ABI_PCS_GOT_use
	.eabi_attribute	20, 2	@ Tag_ABI_FP_denormal
	.eabi_attribute	21, 0	@ Tag_ABI_FP_exceptions
	.eabi_attribute	23, 1	@ Tag_ABI_FP_number_model
	.eabi_attribute	24, 1	@ Tag_ABI_align_needed
	.eabi_attribute	25, 1	@ Tag_ABI_align_preserved
	.eabi_attribute	38, 1	@ Tag_ABI_FP_16bit_format
	.eabi_attribute	18, 2	@ Tag_ABI_PCS_wchar_t
	.eabi_attribute	26, 1	@ Tag_ABI_enum_size
	.eabi_attribute	14, 0	@ Tag_ABI_PCS_R9_use
	.file	"ModuleLed.c"
	.file	1 "C:\\Keil_v5\\ARM\\ARMCLANG\\Bin\\..\\include" "stdint.h"
	.file	2 "C:\\baidunetdiskdownload\\\346\263\260\347\237\275\345\276\256\\\346\260\233\345\233\264\347\201\257\\TCPL0X_AUTO_SDK_V2.0.0\\TCPL0X_AUTO_SDK_V2.0.0\\examples\\tcpl04x\\demo_apps\\tcpl04b_swsc_lean\\MDK" "../04_EcuAbstraction/ModuleLed.c"
	.file	3 "C:\\baidunetdiskdownload\\\346\263\260\347\237\275\345\276\256\\\346\260\233\345\233\264\347\201\257\\TCPL0X_AUTO_SDK_V2.0.0\\TCPL0X_AUTO_SDK_V2.0.0\\examples\\tcpl04x\\demo_apps\\tcpl04b_swsc_lean\\MDK" "../04_EcuAbstraction/ModuleLed.h"
	.file	4 "C:\\baidunetdiskdownload\\\346\263\260\347\237\275\345\276\256\\\346\260\233\345\233\264\347\201\257\\TCPL0X_AUTO_SDK_V2.0.0\\TCPL0X_AUTO_SDK_V2.0.0\\examples\\tcpl04x\\demo_apps\\tcpl04b_swsc_lean\\MDK" "../08_TCPL04B_PAL/pal_func_def.h"
	.section	.text.moduleLedInit,"ax",%progbits
	.hidden	moduleLedInit                   @ -- Begin function moduleLedInit
	.globl	moduleLedInit
	.p2align	2
	.type	moduleLedInit,%function
	.code	16                              @ @moduleLedInit
	.thumb_func
moduleLedInit:
.Lfunc_begin0:
	.loc	2 12 0                          @ ../04_EcuAbstraction/ModuleLed.c:12:0
	.fnstart
	.cfi_sections .debug_frame
	.cfi_startproc
@ %bb.0:
	.save	{r4, lr}
	push	{r4, lr}
	.cfi_def_cfa_offset 8
	.cfi_offset lr, -4
	.cfi_offset r4, -8
.Ltmp0:
	.loc	2 13 5 prologue_end             @ ../04_EcuAbstraction/ModuleLed.c:13:5
	bl	pal_led_init
.Ltmp1:
	.loc	2 14 27                         @ ../04_EcuAbstraction/ModuleLed.c:14:27
	ldr	r0, __arm_cp.0_0
	ldr	r1, [r0]
	movs	r4, #0
	.loc	2 14 5 is_stmt 0                @ ../04_EcuAbstraction/ModuleLed.c:14:5
	mov	r0, r4
	blx	r1
.Ltmp2:
	.loc	2 15 5 is_stmt 1                @ ../04_EcuAbstraction/ModuleLed.c:15:5
	ldr	r1, __arm_cp.0_1
	mov	r0, r4
	bl	pal_led_duty_cycle_set
.Ltmp3:
	.loc	2 0 5 is_stmt 0                 @ ../04_EcuAbstraction/ModuleLed.c:0:5
	movs	r1, #1
	.loc	2 16 5 is_stmt 1                @ ../04_EcuAbstraction/ModuleLed.c:16:5
	mov	r0, r4
	bl	pal_led_enable
.Ltmp4:
	.loc	2 17 17                         @ ../04_EcuAbstraction/ModuleLed.c:17:17
	ldr	r0, __arm_cp.0_2
	movs	r1, #2
	.loc	2 19 17                         @ ../04_EcuAbstraction/ModuleLed.c:19:17
	strb	r1, [r0, #2]
	.loc	2 18 17                         @ ../04_EcuAbstraction/ModuleLed.c:18:17
	strb	r1, [r0, #1]
	.loc	2 17 17                         @ ../04_EcuAbstraction/ModuleLed.c:17:17
	strb	r1, [r0]
	.loc	2 20 1 epilogue_begin           @ ../04_EcuAbstraction/ModuleLed.c:20:1
	pop	{r4, pc}
.Ltmp5:
	.p2align	2
@ %bb.1:
	.loc	2 0 1 is_stmt 0                 @ ../04_EcuAbstraction/ModuleLed.c:0:1
__arm_cp.0_0:
	.long	led_ctrl_instance_def
.Lcpi_end0:
	.size	__arm_cp.0_0, .Lcpi_end0-__arm_cp.0_0
__arm_cp.0_1:
	.long	s_pwm
.Lcpi_end1:
	.size	__arm_cp.0_1, .Lcpi_end1-__arm_cp.0_1
__arm_cp.0_2:
	.long	s_status
.Lcpi_end2:
	.size	__arm_cp.0_2, .Lcpi_end2-__arm_cp.0_2
.Lfunc_end0:
	.size	moduleLedInit, .Lfunc_end0-moduleLedInit
	.cfi_endproc
	.cantunwind
	.fnend
                                        @ -- End function
	.section	.text.moduleLedUpdatePWM,"ax",%progbits
	.hidden	moduleLedUpdatePWM              @ -- Begin function moduleLedUpdatePWM
	.globl	moduleLedUpdatePWM
	.p2align	2
	.type	moduleLedUpdatePWM,%function
	.code	16                              @ @moduleLedUpdatePWM
	.thumb_func
moduleLedUpdatePWM:
.Lfunc_begin1:
	.loc	2 23 0 is_stmt 1                @ ../04_EcuAbstraction/ModuleLed.c:23:0
	.fnstart
	.cfi_startproc
@ %bb.0:
	@DEBUG_VALUE: moduleLedUpdatePWM:red <- $r0
	@DEBUG_VALUE: moduleLedUpdatePWM:green <- $r1
	@DEBUG_VALUE: moduleLedUpdatePWM:blue <- $r2
	.save	{r4, lr}
	push	{r4, lr}
	.cfi_def_cfa_offset 8
	.cfi_offset lr, -4
	.cfi_offset r4, -8
	mov	r3, r1
.Ltmp6:
	@DEBUG_VALUE: moduleLedUpdatePWM:green <- $r3
	movs	r1, #125
	lsls	r4, r1, #8
.Ltmp7:
	.loc	2 26 20 prologue_end            @ ../04_EcuAbstraction/ModuleLed.c:26:20
	cmp	r2, r4
	blo	.LBB1_2
.Ltmp8:
@ %bb.1:
	@DEBUG_VALUE: moduleLedUpdatePWM:green <- $r3
	@DEBUG_VALUE: moduleLedUpdatePWM:blue <- $r2
	@DEBUG_VALUE: moduleLedUpdatePWM:red <- $r0
	.loc	2 0 20 is_stmt 0                @ ../04_EcuAbstraction/ModuleLed.c:0:20
	mov	r2, r4
.Ltmp9:
	@DEBUG_VALUE: moduleLedUpdatePWM:blue <- [DW_OP_LLVM_entry_value 1] $r2
.LBB1_2:
	@DEBUG_VALUE: moduleLedUpdatePWM:green <- $r3
	@DEBUG_VALUE: moduleLedUpdatePWM:red <- $r0
	.loc	2 24 18 is_stmt 1               @ ../04_EcuAbstraction/ModuleLed.c:24:18
	ldr	r1, __arm_cp.1_0
	.loc	2 26 18                         @ ../04_EcuAbstraction/ModuleLed.c:26:18
	strh	r2, [r1, #4]
	.loc	2 25 20                         @ ../04_EcuAbstraction/ModuleLed.c:25:20
	cmp	r3, r4
	blo	.LBB1_4
.Ltmp10:
@ %bb.3:
	@DEBUG_VALUE: moduleLedUpdatePWM:green <- $r3
	@DEBUG_VALUE: moduleLedUpdatePWM:red <- $r0
	.loc	2 0 20 is_stmt 0                @ ../04_EcuAbstraction/ModuleLed.c:0:20
	mov	r3, r4
.Ltmp11:
.LBB1_4:
	@DEBUG_VALUE: moduleLedUpdatePWM:red <- $r0
	.loc	2 25 18                         @ ../04_EcuAbstraction/ModuleLed.c:25:18
	strh	r3, [r1, #2]
	.loc	2 24 20 is_stmt 1               @ ../04_EcuAbstraction/ModuleLed.c:24:20
	cmp	r0, r4
	blo	.LBB1_6
.Ltmp12:
@ %bb.5:
	@DEBUG_VALUE: moduleLedUpdatePWM:red <- $r0
	.loc	2 0 20 is_stmt 0                @ ../04_EcuAbstraction/ModuleLed.c:0:20
	mov	r0, r4
.Ltmp13:
	@DEBUG_VALUE: moduleLedUpdatePWM:red <- [DW_OP_LLVM_entry_value 1] $r0
.LBB1_6:
	.loc	2 24 18                         @ ../04_EcuAbstraction/ModuleLed.c:24:18
	strh	r0, [r1]
	movs	r0, #0
	.loc	2 27 5 is_stmt 1                @ ../04_EcuAbstraction/ModuleLed.c:27:5
	bl	pal_led_duty_cycle_set
.Ltmp14:
	.loc	2 28 1 epilogue_begin           @ ../04_EcuAbstraction/ModuleLed.c:28:1
	pop	{r4, pc}
.Ltmp15:
	.p2align	2
@ %bb.7:
	.loc	2 0 1 is_stmt 0                 @ ../04_EcuAbstraction/ModuleLed.c:0:1
__arm_cp.1_0:
	.long	s_pwm
.Lcpi_end3:
	.size	__arm_cp.1_0, .Lcpi_end3-__arm_cp.1_0
.Lfunc_end1:
	.size	moduleLedUpdatePWM, .Lfunc_end1-moduleLedUpdatePWM
	.cfi_endproc
	.cantunwind
	.fnend
                                        @ -- End function
	.section	.text.moduleLedPowerOff,"ax",%progbits
	.hidden	moduleLedPowerOff               @ -- Begin function moduleLedPowerOff
	.globl	moduleLedPowerOff
	.p2align	1
	.type	moduleLedPowerOff,%function
	.code	16                              @ @moduleLedPowerOff
	.thumb_func
moduleLedPowerOff:
.Lfunc_begin2:
	.loc	2 31 0 is_stmt 1                @ ../04_EcuAbstraction/ModuleLed.c:31:0
	.fnstart
	.cfi_startproc
@ %bb.0:
	.save	{r7, lr}
	push	{r7, lr}
	.cfi_def_cfa_offset 8
	.cfi_offset lr, -4
	.cfi_offset r7, -8
	movs	r0, #0
.Ltmp16:
	.loc	2 32 5 prologue_end             @ ../04_EcuAbstraction/ModuleLed.c:32:5
	mov	r1, r0
	mov	r2, r0
	bl	moduleLedUpdatePWM
.Ltmp17:
	.loc	2 33 1 epilogue_begin           @ ../04_EcuAbstraction/ModuleLed.c:33:1
	pop	{r7, pc}
.Ltmp18:
.Lfunc_end2:
	.size	moduleLedPowerOff, .Lfunc_end2-moduleLedPowerOff
	.cfi_endproc
	.cantunwind
	.fnend
                                        @ -- End function
	.section	.text.moduleLedUpdateStatus,"ax",%progbits
	.hidden	moduleLedUpdateStatus           @ -- Begin function moduleLedUpdateStatus
	.globl	moduleLedUpdateStatus
	.p2align	1
	.type	moduleLedUpdateStatus,%function
	.code	16                              @ @moduleLedUpdateStatus
	.thumb_func
moduleLedUpdateStatus:
.Lfunc_begin3:
	.fnstart
	.cfi_startproc
@ %bb.0:
	.loc	2 38 1 prologue_end             @ ../04_EcuAbstraction/ModuleLed.c:38:1
	bx	lr
.Ltmp19:
.Lfunc_end3:
	.size	moduleLedUpdateStatus, .Lfunc_end3-moduleLedUpdateStatus
	.cfi_endproc
	.cantunwind
	.fnend
                                        @ -- End function
	.section	.text.moduleLedSleep,"ax",%progbits
	.hidden	moduleLedSleep                  @ -- Begin function moduleLedSleep
	.globl	moduleLedSleep
	.p2align	1
	.type	moduleLedSleep,%function
	.code	16                              @ @moduleLedSleep
	.thumb_func
moduleLedSleep:
.Lfunc_begin4:
	.loc	2 41 0                          @ ../04_EcuAbstraction/ModuleLed.c:41:0
	.fnstart
	.cfi_startproc
@ %bb.0:
	.save	{r7, lr}
	push	{r7, lr}
	.cfi_def_cfa_offset 8
	.cfi_offset lr, -4
	.cfi_offset r7, -8
.Ltmp20:
	.loc	2 42 5 prologue_end             @ ../04_EcuAbstraction/ModuleLed.c:42:5
	bl	moduleLedPowerOff
.Ltmp21:
	.loc	2 0 5 is_stmt 0                 @ ../04_EcuAbstraction/ModuleLed.c:0:5
	movs	r0, #0
	.loc	2 43 5 is_stmt 1                @ ../04_EcuAbstraction/ModuleLed.c:43:5
	mov	r1, r0
	bl	pal_led_enable
.Ltmp22:
	.loc	2 44 1 epilogue_begin           @ ../04_EcuAbstraction/ModuleLed.c:44:1
	pop	{r7, pc}
.Ltmp23:
.Lfunc_end4:
	.size	moduleLedSleep, .Lfunc_end4-moduleLedSleep
	.cfi_endproc
	.cantunwind
	.fnend
                                        @ -- End function
	.section	.text.moduleLedGetStatus,"ax",%progbits
	.hidden	moduleLedGetStatus              @ -- Begin function moduleLedGetStatus
	.globl	moduleLedGetStatus
	.p2align	2
	.type	moduleLedGetStatus,%function
	.code	16                              @ @moduleLedGetStatus
	.thumb_func
moduleLedGetStatus:
.Lfunc_begin5:
	.fnstart
	.cfi_startproc
@ %bb.0:
	@DEBUG_VALUE: moduleLedGetStatus:channel <- $r0
	@DEBUG_VALUE: ModuleLed_Index:channel <- $r0
	.loc	2 48 12 prologue_end            @ ../04_EcuAbstraction/ModuleLed.c:48:12
	cmp	r0, #3
	beq	.LBB5_2
.Ltmp24:
@ %bb.1:
	@DEBUG_VALUE: ModuleLed_Index:channel <- $r0
	@DEBUG_VALUE: moduleLedGetStatus:channel <- $r0
	.loc	2 0 12 is_stmt 0                @ ../04_EcuAbstraction/ModuleLed.c:0:12
	movs	r2, #2
	b	.LBB5_3
.Ltmp25:
.LBB5_2:
	@DEBUG_VALUE: ModuleLed_Index:channel <- $r0
	@DEBUG_VALUE: moduleLedGetStatus:channel <- $r0
	movs	r2, #1
.Ltmp26:
.LBB5_3:
	@DEBUG_VALUE: moduleLedGetStatus:channel <- $r0
	.loc	2 54 12 is_stmt 1               @ ../04_EcuAbstraction/ModuleLed.c:54:12
	ldr	r1, __arm_cp.5_0
	cmp	r0, #2
	beq	.LBB5_5
.Ltmp27:
@ %bb.4:
	@DEBUG_VALUE: moduleLedGetStatus:channel <- $r0
	.loc	2 0 12 is_stmt 0                @ ../04_EcuAbstraction/ModuleLed.c:0:12
	adds	r1, r1, r2
.Ltmp28:
.LBB5_5:
	@DEBUG_VALUE: moduleLedGetStatus:channel <- $r0
	.loc	2 54 12                         @ ../04_EcuAbstraction/ModuleLed.c:54:12
	ldrb	r0, [r1]
.Ltmp29:
	@DEBUG_VALUE: moduleLedGetStatus:channel <- [DW_OP_LLVM_entry_value 1] $r0
	.loc	2 54 5                          @ ../04_EcuAbstraction/ModuleLed.c:54:5
	bx	lr
.Ltmp30:
	.p2align	2
@ %bb.6:
	.loc	2 0 5                           @ ../04_EcuAbstraction/ModuleLed.c:0:5
__arm_cp.5_0:
	.long	s_status
.Lcpi_end4:
	.size	__arm_cp.5_0, .Lcpi_end4-__arm_cp.5_0
.Lfunc_end5:
	.size	moduleLedGetStatus, .Lfunc_end5-moduleLedGetStatus
	.cfi_endproc
	.cantunwind
	.fnend
                                        @ -- End function
	.section	.text.moduleLedGetVoltage,"ax",%progbits
	.hidden	moduleLedGetVoltage             @ -- Begin function moduleLedGetVoltage
	.globl	moduleLedGetVoltage
	.p2align	1
	.type	moduleLedGetVoltage,%function
	.code	16                              @ @moduleLedGetVoltage
	.thumb_func
moduleLedGetVoltage:
.Lfunc_begin6:
	.loc	2 58 0 is_stmt 1                @ ../04_EcuAbstraction/ModuleLed.c:58:0
	.fnstart
	.cfi_startproc
@ %bb.0:
	@DEBUG_VALUE: moduleLedGetVoltage:channel <- $r0
	movs	r0, #0
.Ltmp31:
	@DEBUG_VALUE: moduleLedGetVoltage:channel <- [DW_OP_LLVM_entry_value 1] $r0
	.loc	2 60 5 prologue_end             @ ../04_EcuAbstraction/ModuleLed.c:60:5
	bx	lr
.Ltmp32:
.Lfunc_end6:
	.size	moduleLedGetVoltage, .Lfunc_end6-moduleLedGetVoltage
	.cfi_endproc
	.cantunwind
	.fnend
                                        @ -- End function
	.section	.text.moduleLedGetPWM,"ax",%progbits
	.hidden	moduleLedGetPWM                 @ -- Begin function moduleLedGetPWM
	.globl	moduleLedGetPWM
	.p2align	2
	.type	moduleLedGetPWM,%function
	.code	16                              @ @moduleLedGetPWM
	.thumb_func
moduleLedGetPWM:
.Lfunc_begin7:
	.fnstart
	.cfi_startproc
@ %bb.0:
	@DEBUG_VALUE: moduleLedGetPWM:channel <- $r0
	@DEBUG_VALUE: ModuleLed_Index:channel <- $r0
	.loc	2 48 12 prologue_end            @ ../04_EcuAbstraction/ModuleLed.c:48:12
	cmp	r0, #3
	beq	.LBB7_2
.Ltmp33:
@ %bb.1:
	@DEBUG_VALUE: ModuleLed_Index:channel <- $r0
	@DEBUG_VALUE: moduleLedGetPWM:channel <- $r0
	.loc	2 0 12 is_stmt 0                @ ../04_EcuAbstraction/ModuleLed.c:0:12
	movs	r1, #2
	b	.LBB7_3
.Ltmp34:
.LBB7_2:
	@DEBUG_VALUE: ModuleLed_Index:channel <- $r0
	@DEBUG_VALUE: moduleLedGetPWM:channel <- $r0
	movs	r1, #1
.Ltmp35:
.LBB7_3:
	@DEBUG_VALUE: ModuleLed_Index:channel <- $r0
	@DEBUG_VALUE: moduleLedGetPWM:channel <- $r0
	.loc	2 48 12                         @ ../04_EcuAbstraction/ModuleLed.c:48:12
	cmp	r0, #2
	bne	.LBB7_5
.Ltmp36:
@ %bb.4:
	@DEBUG_VALUE: ModuleLed_Index:channel <- $r0
	@DEBUG_VALUE: moduleLedGetPWM:channel <- $r0
	.loc	2 0 12                          @ ../04_EcuAbstraction/ModuleLed.c:0:12
	movs	r1, #0
.Ltmp37:
.LBB7_5:
	@DEBUG_VALUE: moduleLedGetPWM:channel <- $r0
	.loc	2 65 12 is_stmt 1               @ ../04_EcuAbstraction/ModuleLed.c:65:12
	lsls	r0, r1, #1
.Ltmp38:
	@DEBUG_VALUE: moduleLedGetPWM:channel <- [DW_OP_LLVM_entry_value 1] $r0
	ldr	r1, __arm_cp.7_0
	ldrh	r0, [r1, r0]
	.loc	2 65 5 is_stmt 0                @ ../04_EcuAbstraction/ModuleLed.c:65:5
	bx	lr
.Ltmp39:
	.p2align	2
@ %bb.6:
	.loc	2 0 5                           @ ../04_EcuAbstraction/ModuleLed.c:0:5
__arm_cp.7_0:
	.long	s_pwm
.Lcpi_end5:
	.size	__arm_cp.7_0, .Lcpi_end5-__arm_cp.7_0
.Lfunc_end7:
	.size	moduleLedGetPWM, .Lfunc_end7-moduleLedGetPWM
	.cfi_endproc
	.cantunwind
	.fnend
                                        @ -- End function
	.section	.text.moduleLedResetDetection,"ax",%progbits
	.hidden	moduleLedResetDetection         @ -- Begin function moduleLedResetDetection
	.globl	moduleLedResetDetection
	.p2align	2
	.type	moduleLedResetDetection,%function
	.code	16                              @ @moduleLedResetDetection
	.thumb_func
moduleLedResetDetection:
.Lfunc_begin8:
	.fnstart
	.cfi_startproc
@ %bb.0:
	.loc	2 70 20 prologue_end is_stmt 1  @ ../04_EcuAbstraction/ModuleLed.c:70:20
	ldr	r0, __arm_cp.8_0
	movs	r1, #0
	strb	r1, [r0]
	.loc	2 71 1                          @ ../04_EcuAbstraction/ModuleLed.c:71:1
	bx	lr
.Ltmp40:
	.p2align	2
@ %bb.1:
	.loc	2 0 1 is_stmt 0                 @ ../04_EcuAbstraction/ModuleLed.c:0:1
__arm_cp.8_0:
	.long	Led_Error_flag
.Lcpi_end6:
	.size	__arm_cp.8_0, .Lcpi_end6-__arm_cp.8_0
.Lfunc_end8:
	.size	moduleLedResetDetection, .Lfunc_end8-moduleLedResetDetection
	.cfi_endproc
	.cantunwind
	.fnend
                                        @ -- End function
	.type	s_pwm,%object                   @ @s_pwm
	.section	.bss.s_pwm,"aw",%nobits
	.p2align	1, 0x0
s_pwm:
	.zero	6
	.size	s_pwm, 6

	.type	s_status,%object                @ @s_status
	.section	.data.s_status,"aw",%progbits
s_status:
	.zero	3,1
	.size	s_status, 3

	.hidden	Led_Error_flag                  @ @Led_Error_flag
	.type	Led_Error_flag,%object
	.section	.bss.Led_Error_flag,"aw",%nobits
	.globl	Led_Error_flag
Led_Error_flag:
	.byte	0                               @ 0x0
	.size	Led_Error_flag, 1

	.section	.debug_loc,"",%progbits
.Ldebug_loc0:
	.long	-1
	.long	.Lfunc_begin1                   @   base address
	.long	.Lfunc_begin1-.Lfunc_begin1
	.long	.Ltmp13-.Lfunc_begin1
	.short	1                               @ Loc expr size
	.byte	80                              @ DW_OP_reg0
	.long	0
	.long	0
.Ldebug_loc1:
	.long	-1
	.long	.Lfunc_begin1                   @   base address
	.long	.Lfunc_begin1-.Lfunc_begin1
	.long	.Ltmp6-.Lfunc_begin1
	.short	1                               @ Loc expr size
	.byte	81                              @ DW_OP_reg1
	.long	.Ltmp6-.Lfunc_begin1
	.long	.Ltmp11-.Lfunc_begin1
	.short	1                               @ Loc expr size
	.byte	83                              @ DW_OP_reg3
	.long	0
	.long	0
.Ldebug_loc2:
	.long	-1
	.long	.Lfunc_begin1                   @   base address
	.long	.Lfunc_begin1-.Lfunc_begin1
	.long	.Ltmp9-.Lfunc_begin1
	.short	1                               @ Loc expr size
	.byte	82                              @ DW_OP_reg2
	.long	0
	.long	0
.Ldebug_loc3:
	.long	-1
	.long	.Lfunc_begin5                   @   base address
	.long	.Lfunc_begin5-.Lfunc_begin5
	.long	.Ltmp29-.Lfunc_begin5
	.short	1                               @ Loc expr size
	.byte	80                              @ DW_OP_reg0
	.long	.Ltmp29-.Lfunc_begin5
	.long	.Ltmp30-.Lfunc_begin5
	.short	4                               @ Loc expr size
	.byte	243                             @ DW_OP_GNU_entry_value
	.byte	1                               @ 1
	.byte	80                              @ DW_OP_reg0
	.byte	159                             @ DW_OP_stack_value
	.long	0
	.long	0
.Ldebug_loc4:
	.long	-1
	.long	.Lfunc_begin6                   @   base address
	.long	.Lfunc_begin6-.Lfunc_begin6
	.long	.Ltmp31-.Lfunc_begin6
	.short	1                               @ Loc expr size
	.byte	80                              @ DW_OP_reg0
	.long	.Ltmp31-.Lfunc_begin6
	.long	.Lfunc_end6-.Lfunc_begin6
	.short	4                               @ Loc expr size
	.byte	243                             @ DW_OP_GNU_entry_value
	.byte	1                               @ 1
	.byte	80                              @ DW_OP_reg0
	.byte	159                             @ DW_OP_stack_value
	.long	0
	.long	0
.Ldebug_loc5:
	.long	-1
	.long	.Lfunc_begin7                   @   base address
	.long	.Lfunc_begin7-.Lfunc_begin7
	.long	.Ltmp38-.Lfunc_begin7
	.short	1                               @ Loc expr size
	.byte	80                              @ DW_OP_reg0
	.long	.Ltmp38-.Lfunc_begin7
	.long	.Ltmp39-.Lfunc_begin7
	.short	4                               @ Loc expr size
	.byte	243                             @ DW_OP_GNU_entry_value
	.byte	1                               @ 1
	.byte	80                              @ DW_OP_reg0
	.byte	159                             @ DW_OP_stack_value
	.long	0
	.long	0
	.section	.debug_abbrev,"",%progbits
	.byte	1                               @ Abbreviation Code
	.byte	17                              @ DW_TAG_compile_unit
	.byte	1                               @ DW_CHILDREN_yes
	.byte	37                              @ DW_AT_producer
	.byte	14                              @ DW_FORM_strp
	.byte	19                              @ DW_AT_language
	.byte	5                               @ DW_FORM_data2
	.byte	3                               @ DW_AT_name
	.byte	14                              @ DW_FORM_strp
	.byte	16                              @ DW_AT_stmt_list
	.byte	23                              @ DW_FORM_sec_offset
	.byte	27                              @ DW_AT_comp_dir
	.byte	14                              @ DW_FORM_strp
	.byte	17                              @ DW_AT_low_pc
	.byte	1                               @ DW_FORM_addr
	.byte	85                              @ DW_AT_ranges
	.byte	23                              @ DW_FORM_sec_offset
	.byte	0                               @ EOM(1)
	.byte	0                               @ EOM(2)
	.byte	2                               @ Abbreviation Code
	.byte	52                              @ DW_TAG_variable
	.byte	0                               @ DW_CHILDREN_no
	.byte	3                               @ DW_AT_name
	.byte	14                              @ DW_FORM_strp
	.byte	73                              @ DW_AT_type
	.byte	19                              @ DW_FORM_ref4
	.byte	58                              @ DW_AT_decl_file
	.byte	11                              @ DW_FORM_data1
	.byte	59                              @ DW_AT_decl_line
	.byte	11                              @ DW_FORM_data1
	.byte	2                               @ DW_AT_location
	.byte	24                              @ DW_FORM_exprloc
	.byte	0                               @ EOM(1)
	.byte	0                               @ EOM(2)
	.byte	3                               @ Abbreviation Code
	.byte	1                               @ DW_TAG_array_type
	.byte	1                               @ DW_CHILDREN_yes
	.byte	73                              @ DW_AT_type
	.byte	19                              @ DW_FORM_ref4
	.byte	0                               @ EOM(1)
	.byte	0                               @ EOM(2)
	.byte	4                               @ Abbreviation Code
	.byte	33                              @ DW_TAG_subrange_type
	.byte	0                               @ DW_CHILDREN_no
	.byte	73                              @ DW_AT_type
	.byte	19                              @ DW_FORM_ref4
	.byte	55                              @ DW_AT_count
	.byte	11                              @ DW_FORM_data1
	.byte	0                               @ EOM(1)
	.byte	0                               @ EOM(2)
	.byte	5                               @ Abbreviation Code
	.byte	22                              @ DW_TAG_typedef
	.byte	0                               @ DW_CHILDREN_no
	.byte	73                              @ DW_AT_type
	.byte	19                              @ DW_FORM_ref4
	.byte	3                               @ DW_AT_name
	.byte	14                              @ DW_FORM_strp
	.byte	58                              @ DW_AT_decl_file
	.byte	11                              @ DW_FORM_data1
	.byte	59                              @ DW_AT_decl_line
	.byte	11                              @ DW_FORM_data1
	.byte	0                               @ EOM(1)
	.byte	0                               @ EOM(2)
	.byte	6                               @ Abbreviation Code
	.byte	36                              @ DW_TAG_base_type
	.byte	0                               @ DW_CHILDREN_no
	.byte	3                               @ DW_AT_name
	.byte	14                              @ DW_FORM_strp
	.byte	62                              @ DW_AT_encoding
	.byte	11                              @ DW_FORM_data1
	.byte	11                              @ DW_AT_byte_size
	.byte	11                              @ DW_FORM_data1
	.byte	0                               @ EOM(1)
	.byte	0                               @ EOM(2)
	.byte	7                               @ Abbreviation Code
	.byte	36                              @ DW_TAG_base_type
	.byte	0                               @ DW_CHILDREN_no
	.byte	3                               @ DW_AT_name
	.byte	14                              @ DW_FORM_strp
	.byte	11                              @ DW_AT_byte_size
	.byte	11                              @ DW_FORM_data1
	.byte	62                              @ DW_AT_encoding
	.byte	11                              @ DW_FORM_data1
	.byte	0                               @ EOM(1)
	.byte	0                               @ EOM(2)
	.byte	8                               @ Abbreviation Code
	.byte	52                              @ DW_TAG_variable
	.byte	0                               @ DW_CHILDREN_no
	.byte	3                               @ DW_AT_name
	.byte	14                              @ DW_FORM_strp
	.byte	73                              @ DW_AT_type
	.byte	19                              @ DW_FORM_ref4
	.byte	63                              @ DW_AT_external
	.byte	25                              @ DW_FORM_flag_present
	.byte	58                              @ DW_AT_decl_file
	.byte	11                              @ DW_FORM_data1
	.byte	59                              @ DW_AT_decl_line
	.byte	11                              @ DW_FORM_data1
	.byte	2                               @ DW_AT_location
	.byte	24                              @ DW_FORM_exprloc
	.byte	0                               @ EOM(1)
	.byte	0                               @ EOM(2)
	.byte	9                               @ Abbreviation Code
	.byte	4                               @ DW_TAG_enumeration_type
	.byte	1                               @ DW_CHILDREN_yes
	.byte	73                              @ DW_AT_type
	.byte	19                              @ DW_FORM_ref4
	.byte	11                              @ DW_AT_byte_size
	.byte	11                              @ DW_FORM_data1
	.byte	58                              @ DW_AT_decl_file
	.byte	11                              @ DW_FORM_data1
	.byte	59                              @ DW_AT_decl_line
	.byte	11                              @ DW_FORM_data1
	.byte	0                               @ EOM(1)
	.byte	0                               @ EOM(2)
	.byte	10                              @ Abbreviation Code
	.byte	40                              @ DW_TAG_enumerator
	.byte	0                               @ DW_CHILDREN_no
	.byte	3                               @ DW_AT_name
	.byte	14                              @ DW_FORM_strp
	.byte	28                              @ DW_AT_const_value
	.byte	15                              @ DW_FORM_udata
	.byte	0                               @ EOM(1)
	.byte	0                               @ EOM(2)
	.byte	11                              @ Abbreviation Code
	.byte	46                              @ DW_TAG_subprogram
	.byte	0                               @ DW_CHILDREN_no
	.byte	17                              @ DW_AT_low_pc
	.byte	1                               @ DW_FORM_addr
	.byte	18                              @ DW_AT_high_pc
	.byte	6                               @ DW_FORM_data4
	.byte	64                              @ DW_AT_frame_base
	.byte	24                              @ DW_FORM_exprloc
	.ascii	"\227B"                         @ DW_AT_GNU_all_call_sites
	.byte	25                              @ DW_FORM_flag_present
	.byte	3                               @ DW_AT_name
	.byte	14                              @ DW_FORM_strp
	.byte	58                              @ DW_AT_decl_file
	.byte	11                              @ DW_FORM_data1
	.byte	59                              @ DW_AT_decl_line
	.byte	11                              @ DW_FORM_data1
	.byte	39                              @ DW_AT_prototyped
	.byte	25                              @ DW_FORM_flag_present
	.byte	63                              @ DW_AT_external
	.byte	25                              @ DW_FORM_flag_present
	.byte	0                               @ EOM(1)
	.byte	0                               @ EOM(2)
	.byte	12                              @ Abbreviation Code
	.byte	46                              @ DW_TAG_subprogram
	.byte	1                               @ DW_CHILDREN_yes
	.byte	17                              @ DW_AT_low_pc
	.byte	1                               @ DW_FORM_addr
	.byte	18                              @ DW_AT_high_pc
	.byte	6                               @ DW_FORM_data4
	.byte	64                              @ DW_AT_frame_base
	.byte	24                              @ DW_FORM_exprloc
	.ascii	"\227B"                         @ DW_AT_GNU_all_call_sites
	.byte	25                              @ DW_FORM_flag_present
	.byte	3                               @ DW_AT_name
	.byte	14                              @ DW_FORM_strp
	.byte	58                              @ DW_AT_decl_file
	.byte	11                              @ DW_FORM_data1
	.byte	59                              @ DW_AT_decl_line
	.byte	11                              @ DW_FORM_data1
	.byte	39                              @ DW_AT_prototyped
	.byte	25                              @ DW_FORM_flag_present
	.byte	63                              @ DW_AT_external
	.byte	25                              @ DW_FORM_flag_present
	.byte	0                               @ EOM(1)
	.byte	0                               @ EOM(2)
	.byte	13                              @ Abbreviation Code
	.byte	5                               @ DW_TAG_formal_parameter
	.byte	0                               @ DW_CHILDREN_no
	.byte	2                               @ DW_AT_location
	.byte	23                              @ DW_FORM_sec_offset
	.byte	3                               @ DW_AT_name
	.byte	14                              @ DW_FORM_strp
	.byte	58                              @ DW_AT_decl_file
	.byte	11                              @ DW_FORM_data1
	.byte	59                              @ DW_AT_decl_line
	.byte	11                              @ DW_FORM_data1
	.byte	73                              @ DW_AT_type
	.byte	19                              @ DW_FORM_ref4
	.byte	0                               @ EOM(1)
	.byte	0                               @ EOM(2)
	.byte	14                              @ Abbreviation Code
	.byte	46                              @ DW_TAG_subprogram
	.byte	1                               @ DW_CHILDREN_yes
	.byte	3                               @ DW_AT_name
	.byte	14                              @ DW_FORM_strp
	.byte	58                              @ DW_AT_decl_file
	.byte	11                              @ DW_FORM_data1
	.byte	59                              @ DW_AT_decl_line
	.byte	11                              @ DW_FORM_data1
	.byte	39                              @ DW_AT_prototyped
	.byte	25                              @ DW_FORM_flag_present
	.byte	73                              @ DW_AT_type
	.byte	19                              @ DW_FORM_ref4
	.byte	32                              @ DW_AT_inline
	.byte	11                              @ DW_FORM_data1
	.byte	0                               @ EOM(1)
	.byte	0                               @ EOM(2)
	.byte	15                              @ Abbreviation Code
	.byte	5                               @ DW_TAG_formal_parameter
	.byte	0                               @ DW_CHILDREN_no
	.byte	3                               @ DW_AT_name
	.byte	14                              @ DW_FORM_strp
	.byte	58                              @ DW_AT_decl_file
	.byte	11                              @ DW_FORM_data1
	.byte	59                              @ DW_AT_decl_line
	.byte	11                              @ DW_FORM_data1
	.byte	73                              @ DW_AT_type
	.byte	19                              @ DW_FORM_ref4
	.byte	0                               @ EOM(1)
	.byte	0                               @ EOM(2)
	.byte	16                              @ Abbreviation Code
	.byte	46                              @ DW_TAG_subprogram
	.byte	1                               @ DW_CHILDREN_yes
	.byte	17                              @ DW_AT_low_pc
	.byte	1                               @ DW_FORM_addr
	.byte	18                              @ DW_AT_high_pc
	.byte	6                               @ DW_FORM_data4
	.byte	64                              @ DW_AT_frame_base
	.byte	24                              @ DW_FORM_exprloc
	.ascii	"\227B"                         @ DW_AT_GNU_all_call_sites
	.byte	25                              @ DW_FORM_flag_present
	.byte	3                               @ DW_AT_name
	.byte	14                              @ DW_FORM_strp
	.byte	58                              @ DW_AT_decl_file
	.byte	11                              @ DW_FORM_data1
	.byte	59                              @ DW_AT_decl_line
	.byte	11                              @ DW_FORM_data1
	.byte	39                              @ DW_AT_prototyped
	.byte	25                              @ DW_FORM_flag_present
	.byte	73                              @ DW_AT_type
	.byte	19                              @ DW_FORM_ref4
	.byte	63                              @ DW_AT_external
	.byte	25                              @ DW_FORM_flag_present
	.byte	0                               @ EOM(1)
	.byte	0                               @ EOM(2)
	.byte	17                              @ Abbreviation Code
	.byte	29                              @ DW_TAG_inlined_subroutine
	.byte	1                               @ DW_CHILDREN_yes
	.byte	49                              @ DW_AT_abstract_origin
	.byte	19                              @ DW_FORM_ref4
	.byte	17                              @ DW_AT_low_pc
	.byte	1                               @ DW_FORM_addr
	.byte	18                              @ DW_AT_high_pc
	.byte	6                               @ DW_FORM_data4
	.byte	88                              @ DW_AT_call_file
	.byte	11                              @ DW_FORM_data1
	.byte	89                              @ DW_AT_call_line
	.byte	11                              @ DW_FORM_data1
	.byte	87                              @ DW_AT_call_column
	.byte	11                              @ DW_FORM_data1
	.byte	0                               @ EOM(1)
	.byte	0                               @ EOM(2)
	.byte	18                              @ Abbreviation Code
	.byte	5                               @ DW_TAG_formal_parameter
	.byte	0                               @ DW_CHILDREN_no
	.byte	2                               @ DW_AT_location
	.byte	24                              @ DW_FORM_exprloc
	.byte	49                              @ DW_AT_abstract_origin
	.byte	19                              @ DW_FORM_ref4
	.byte	0                               @ EOM(1)
	.byte	0                               @ EOM(2)
	.byte	0                               @ EOM(3)
	.section	.debug_info,"",%progbits
.Lcu_begin0:
	.long	.Ldebug_info_end0-.Ldebug_info_start0 @ Length of Unit
.Ldebug_info_start0:
	.short	4                               @ DWARF version number
	.long	.debug_abbrev                   @ Offset Into Abbrev. Section
	.byte	4                               @ Address Size (in bytes)
	.byte	1                               @ Abbrev [1] 0xb:0x262 DW_TAG_compile_unit
	.long	.Linfo_string0                  @ DW_AT_producer
	.short	12                              @ DW_AT_language
	.long	.Linfo_string1                  @ DW_AT_name
	.long	.Lline_table_start0             @ DW_AT_stmt_list
	.long	.Linfo_string2                  @ DW_AT_comp_dir
	.long	0                               @ DW_AT_low_pc
	.long	.Ldebug_ranges0                 @ DW_AT_ranges
	.byte	2                               @ Abbrev [2] 0x26:0x11 DW_TAG_variable
	.long	.Linfo_string3                  @ DW_AT_name
	.long	55                              @ DW_AT_type
	.byte	2                               @ DW_AT_decl_file
	.byte	5                               @ DW_AT_decl_line
	.byte	5                               @ DW_AT_location
	.byte	3
	.long	s_pwm
	.byte	3                               @ Abbrev [3] 0x37:0xc DW_TAG_array_type
	.long	67                              @ DW_AT_type
	.byte	4                               @ Abbrev [4] 0x3c:0x6 DW_TAG_subrange_type
	.long	85                              @ DW_AT_type
	.byte	3                               @ DW_AT_count
	.byte	0                               @ End Of Children Mark
	.byte	5                               @ Abbrev [5] 0x43:0xb DW_TAG_typedef
	.long	78                              @ DW_AT_type
	.long	.Linfo_string5                  @ DW_AT_name
	.byte	1                               @ DW_AT_decl_file
	.byte	63                              @ DW_AT_decl_line
	.byte	6                               @ Abbrev [6] 0x4e:0x7 DW_TAG_base_type
	.long	.Linfo_string4                  @ DW_AT_name
	.byte	7                               @ DW_AT_encoding
	.byte	2                               @ DW_AT_byte_size
	.byte	7                               @ Abbrev [7] 0x55:0x7 DW_TAG_base_type
	.long	.Linfo_string6                  @ DW_AT_name
	.byte	8                               @ DW_AT_byte_size
	.byte	7                               @ DW_AT_encoding
	.byte	8                               @ Abbrev [8] 0x5c:0x11 DW_TAG_variable
	.long	.Linfo_string7                  @ DW_AT_name
	.long	109                             @ DW_AT_type
                                        @ DW_AT_external
	.byte	2                               @ DW_AT_decl_file
	.byte	7                               @ DW_AT_decl_line
	.byte	5                               @ DW_AT_location
	.byte	3
	.long	Led_Error_flag
	.byte	5                               @ Abbrev [5] 0x6d:0xb DW_TAG_typedef
	.long	120                             @ DW_AT_type
	.long	.Linfo_string9                  @ DW_AT_name
	.byte	1                               @ DW_AT_decl_file
	.byte	62                              @ DW_AT_decl_line
	.byte	6                               @ Abbrev [6] 0x78:0x7 DW_TAG_base_type
	.long	.Linfo_string8                  @ DW_AT_name
	.byte	8                               @ DW_AT_encoding
	.byte	1                               @ DW_AT_byte_size
	.byte	2                               @ Abbrev [2] 0x7f:0x11 DW_TAG_variable
	.long	.Linfo_string10                 @ DW_AT_name
	.long	144                             @ DW_AT_type
	.byte	2                               @ DW_AT_decl_file
	.byte	6                               @ DW_AT_decl_line
	.byte	5                               @ DW_AT_location
	.byte	3
	.long	s_status
	.byte	3                               @ Abbrev [3] 0x90:0xc DW_TAG_array_type
	.long	156                             @ DW_AT_type
	.byte	4                               @ Abbrev [4] 0x95:0x6 DW_TAG_subrange_type
	.long	85                              @ DW_AT_type
	.byte	3                               @ DW_AT_count
	.byte	0                               @ End Of Children Mark
	.byte	5                               @ Abbrev [5] 0x9c:0xb DW_TAG_typedef
	.long	167                             @ DW_AT_type
	.long	.Linfo_string15                 @ DW_AT_name
	.byte	3                               @ DW_AT_decl_file
	.byte	13                              @ DW_AT_decl_line
	.byte	9                               @ Abbrev [9] 0xa7:0x21 DW_TAG_enumeration_type
	.long	120                             @ DW_AT_type
	.byte	1                               @ DW_AT_byte_size
	.byte	3                               @ DW_AT_decl_file
	.byte	7                               @ DW_AT_decl_line
	.byte	10                              @ Abbrev [10] 0xaf:0x6 DW_TAG_enumerator
	.long	.Linfo_string11                 @ DW_AT_name
	.byte	1                               @ DW_AT_const_value
	.byte	10                              @ Abbrev [10] 0xb5:0x6 DW_TAG_enumerator
	.long	.Linfo_string12                 @ DW_AT_name
	.byte	2                               @ DW_AT_const_value
	.byte	10                              @ Abbrev [10] 0xbb:0x6 DW_TAG_enumerator
	.long	.Linfo_string13                 @ DW_AT_name
	.byte	4                               @ DW_AT_const_value
	.byte	10                              @ Abbrev [10] 0xc1:0x6 DW_TAG_enumerator
	.long	.Linfo_string14                 @ DW_AT_name
	.byte	8                               @ DW_AT_const_value
	.byte	0                               @ End Of Children Mark
	.byte	9                               @ Abbrev [9] 0xc8:0x21 DW_TAG_enumeration_type
	.long	120                             @ DW_AT_type
	.byte	1                               @ DW_AT_byte_size
	.byte	4                               @ DW_AT_decl_file
	.byte	135                             @ DW_AT_decl_line
	.byte	10                              @ Abbrev [10] 0xd0:0x6 DW_TAG_enumerator
	.long	.Linfo_string16                 @ DW_AT_name
	.byte	0                               @ DW_AT_const_value
	.byte	10                              @ Abbrev [10] 0xd6:0x6 DW_TAG_enumerator
	.long	.Linfo_string17                 @ DW_AT_name
	.byte	1                               @ DW_AT_const_value
	.byte	10                              @ Abbrev [10] 0xdc:0x6 DW_TAG_enumerator
	.long	.Linfo_string18                 @ DW_AT_name
	.byte	2                               @ DW_AT_const_value
	.byte	10                              @ Abbrev [10] 0xe2:0x6 DW_TAG_enumerator
	.long	.Linfo_string19                 @ DW_AT_name
	.byte	3                               @ DW_AT_const_value
	.byte	0                               @ End Of Children Mark
	.byte	9                               @ Abbrev [9] 0xe9:0x1b DW_TAG_enumeration_type
	.long	120                             @ DW_AT_type
	.byte	1                               @ DW_AT_byte_size
	.byte	3                               @ DW_AT_decl_file
	.byte	15                              @ DW_AT_decl_line
	.byte	10                              @ Abbrev [10] 0xf1:0x6 DW_TAG_enumerator
	.long	.Linfo_string20                 @ DW_AT_name
	.byte	2                               @ DW_AT_const_value
	.byte	10                              @ Abbrev [10] 0xf7:0x6 DW_TAG_enumerator
	.long	.Linfo_string21                 @ DW_AT_name
	.byte	3                               @ DW_AT_const_value
	.byte	10                              @ Abbrev [10] 0xfd:0x6 DW_TAG_enumerator
	.long	.Linfo_string22                 @ DW_AT_name
	.byte	4                               @ DW_AT_const_value
	.byte	0                               @ End Of Children Mark
	.byte	11                              @ Abbrev [11] 0x104:0x11 DW_TAG_subprogram
	.long	.Lfunc_begin0                   @ DW_AT_low_pc
	.long	.Lfunc_end0-.Lfunc_begin0       @ DW_AT_high_pc
	.byte	1                               @ DW_AT_frame_base
	.byte	93
                                        @ DW_AT_GNU_all_call_sites
	.long	.Linfo_string26                 @ DW_AT_name
	.byte	2                               @ DW_AT_decl_file
	.byte	11                              @ DW_AT_decl_line
                                        @ DW_AT_prototyped
                                        @ DW_AT_external
	.byte	12                              @ Abbrev [12] 0x115:0x3f DW_TAG_subprogram
	.long	.Lfunc_begin1                   @ DW_AT_low_pc
	.long	.Lfunc_end1-.Lfunc_begin1       @ DW_AT_high_pc
	.byte	1                               @ DW_AT_frame_base
	.byte	93
                                        @ DW_AT_GNU_all_call_sites
	.long	.Linfo_string27                 @ DW_AT_name
	.byte	2                               @ DW_AT_decl_file
	.byte	22                              @ DW_AT_decl_line
                                        @ DW_AT_prototyped
                                        @ DW_AT_external
	.byte	13                              @ Abbrev [13] 0x126:0xf DW_TAG_formal_parameter
	.long	.Ldebug_loc0                    @ DW_AT_location
	.long	.Linfo_string37                 @ DW_AT_name
	.byte	2                               @ DW_AT_decl_file
	.byte	22                              @ DW_AT_decl_line
	.long	67                              @ DW_AT_type
	.byte	13                              @ Abbrev [13] 0x135:0xf DW_TAG_formal_parameter
	.long	.Ldebug_loc1                    @ DW_AT_location
	.long	.Linfo_string38                 @ DW_AT_name
	.byte	2                               @ DW_AT_decl_file
	.byte	22                              @ DW_AT_decl_line
	.long	67                              @ DW_AT_type
	.byte	13                              @ Abbrev [13] 0x144:0xf DW_TAG_formal_parameter
	.long	.Ldebug_loc2                    @ DW_AT_location
	.long	.Linfo_string39                 @ DW_AT_name
	.byte	2                               @ DW_AT_decl_file
	.byte	22                              @ DW_AT_decl_line
	.long	67                              @ DW_AT_type
	.byte	0                               @ End Of Children Mark
	.byte	11                              @ Abbrev [11] 0x154:0x11 DW_TAG_subprogram
	.long	.Lfunc_begin2                   @ DW_AT_low_pc
	.long	.Lfunc_end2-.Lfunc_begin2       @ DW_AT_high_pc
	.byte	1                               @ DW_AT_frame_base
	.byte	93
                                        @ DW_AT_GNU_all_call_sites
	.long	.Linfo_string28                 @ DW_AT_name
	.byte	2                               @ DW_AT_decl_file
	.byte	30                              @ DW_AT_decl_line
                                        @ DW_AT_prototyped
                                        @ DW_AT_external
	.byte	11                              @ Abbrev [11] 0x165:0x11 DW_TAG_subprogram
	.long	.Lfunc_begin3                   @ DW_AT_low_pc
	.long	.Lfunc_end3-.Lfunc_begin3       @ DW_AT_high_pc
	.byte	1                               @ DW_AT_frame_base
	.byte	93
                                        @ DW_AT_GNU_all_call_sites
	.long	.Linfo_string29                 @ DW_AT_name
	.byte	2                               @ DW_AT_decl_file
	.byte	35                              @ DW_AT_decl_line
                                        @ DW_AT_prototyped
                                        @ DW_AT_external
	.byte	11                              @ Abbrev [11] 0x176:0x11 DW_TAG_subprogram
	.long	.Lfunc_begin4                   @ DW_AT_low_pc
	.long	.Lfunc_end4-.Lfunc_begin4       @ DW_AT_high_pc
	.byte	1                               @ DW_AT_frame_base
	.byte	93
                                        @ DW_AT_GNU_all_call_sites
	.long	.Linfo_string30                 @ DW_AT_name
	.byte	2                               @ DW_AT_decl_file
	.byte	40                              @ DW_AT_decl_line
                                        @ DW_AT_prototyped
                                        @ DW_AT_external
	.byte	14                              @ Abbrev [14] 0x187:0x18 DW_TAG_subprogram
	.long	.Linfo_string23                 @ DW_AT_name
	.byte	2                               @ DW_AT_decl_file
	.byte	46                              @ DW_AT_decl_line
                                        @ DW_AT_prototyped
	.long	109                             @ DW_AT_type
	.byte	1                               @ DW_AT_inline
	.byte	15                              @ Abbrev [15] 0x193:0xb DW_TAG_formal_parameter
	.long	.Linfo_string24                 @ DW_AT_name
	.byte	2                               @ DW_AT_decl_file
	.byte	46                              @ DW_AT_decl_line
	.long	415                             @ DW_AT_type
	.byte	0                               @ End Of Children Mark
	.byte	5                               @ Abbrev [5] 0x19f:0xb DW_TAG_typedef
	.long	233                             @ DW_AT_type
	.long	.Linfo_string25                 @ DW_AT_name
	.byte	3                               @ DW_AT_decl_file
	.byte	20                              @ DW_AT_decl_line
	.byte	16                              @ Abbrev [16] 0x1aa:0x3d DW_TAG_subprogram
	.long	.Lfunc_begin5                   @ DW_AT_low_pc
	.long	.Lfunc_end5-.Lfunc_begin5       @ DW_AT_high_pc
	.byte	1                               @ DW_AT_frame_base
	.byte	93
                                        @ DW_AT_GNU_all_call_sites
	.long	.Linfo_string31                 @ DW_AT_name
	.byte	2                               @ DW_AT_decl_file
	.byte	52                              @ DW_AT_decl_line
                                        @ DW_AT_prototyped
	.long	156                             @ DW_AT_type
                                        @ DW_AT_external
	.byte	13                              @ Abbrev [13] 0x1bf:0xf DW_TAG_formal_parameter
	.long	.Ldebug_loc3                    @ DW_AT_location
	.long	.Linfo_string24                 @ DW_AT_name
	.byte	2                               @ DW_AT_decl_file
	.byte	52                              @ DW_AT_decl_line
	.long	415                             @ DW_AT_type
	.byte	17                              @ Abbrev [17] 0x1ce:0x18 DW_TAG_inlined_subroutine
	.long	391                             @ DW_AT_abstract_origin
	.long	.Lfunc_begin5                   @ DW_AT_low_pc
	.long	.Ltmp24-.Lfunc_begin5           @ DW_AT_high_pc
	.byte	2                               @ DW_AT_call_file
	.byte	54                              @ DW_AT_call_line
	.byte	21                              @ DW_AT_call_column
	.byte	18                              @ Abbrev [18] 0x1de:0x7 DW_TAG_formal_parameter
	.byte	1                               @ DW_AT_location
	.byte	80
	.long	403                             @ DW_AT_abstract_origin
	.byte	0                               @ End Of Children Mark
	.byte	0                               @ End Of Children Mark
	.byte	16                              @ Abbrev [16] 0x1e7:0x25 DW_TAG_subprogram
	.long	.Lfunc_begin6                   @ DW_AT_low_pc
	.long	.Lfunc_end6-.Lfunc_begin6       @ DW_AT_high_pc
	.byte	1                               @ DW_AT_frame_base
	.byte	93
                                        @ DW_AT_GNU_all_call_sites
	.long	.Linfo_string32                 @ DW_AT_name
	.byte	2                               @ DW_AT_decl_file
	.byte	57                              @ DW_AT_decl_line
                                        @ DW_AT_prototyped
	.long	602                             @ DW_AT_type
                                        @ DW_AT_external
	.byte	13                              @ Abbrev [13] 0x1fc:0xf DW_TAG_formal_parameter
	.long	.Ldebug_loc4                    @ DW_AT_location
	.long	.Linfo_string24                 @ DW_AT_name
	.byte	2                               @ DW_AT_decl_file
	.byte	57                              @ DW_AT_decl_line
	.long	415                             @ DW_AT_type
	.byte	0                               @ End Of Children Mark
	.byte	16                              @ Abbrev [16] 0x20c:0x3d DW_TAG_subprogram
	.long	.Lfunc_begin7                   @ DW_AT_low_pc
	.long	.Lfunc_end7-.Lfunc_begin7       @ DW_AT_high_pc
	.byte	1                               @ DW_AT_frame_base
	.byte	93
                                        @ DW_AT_GNU_all_call_sites
	.long	.Linfo_string35                 @ DW_AT_name
	.byte	2                               @ DW_AT_decl_file
	.byte	63                              @ DW_AT_decl_line
                                        @ DW_AT_prototyped
	.long	67                              @ DW_AT_type
                                        @ DW_AT_external
	.byte	13                              @ Abbrev [13] 0x221:0xf DW_TAG_formal_parameter
	.long	.Ldebug_loc5                    @ DW_AT_location
	.long	.Linfo_string24                 @ DW_AT_name
	.byte	2                               @ DW_AT_decl_file
	.byte	63                              @ DW_AT_decl_line
	.long	415                             @ DW_AT_type
	.byte	17                              @ Abbrev [17] 0x230:0x18 DW_TAG_inlined_subroutine
	.long	391                             @ DW_AT_abstract_origin
	.long	.Lfunc_begin7                   @ DW_AT_low_pc
	.long	.Ltmp36-.Lfunc_begin7           @ DW_AT_high_pc
	.byte	2                               @ DW_AT_call_file
	.byte	65                              @ DW_AT_call_line
	.byte	18                              @ DW_AT_call_column
	.byte	18                              @ Abbrev [18] 0x240:0x7 DW_TAG_formal_parameter
	.byte	1                               @ DW_AT_location
	.byte	80
	.long	403                             @ DW_AT_abstract_origin
	.byte	0                               @ End Of Children Mark
	.byte	0                               @ End Of Children Mark
	.byte	11                              @ Abbrev [11] 0x249:0x11 DW_TAG_subprogram
	.long	.Lfunc_begin8                   @ DW_AT_low_pc
	.long	.Lfunc_end8-.Lfunc_begin8       @ DW_AT_high_pc
	.byte	1                               @ DW_AT_frame_base
	.byte	93
                                        @ DW_AT_GNU_all_call_sites
	.long	.Linfo_string36                 @ DW_AT_name
	.byte	2                               @ DW_AT_decl_file
	.byte	68                              @ DW_AT_decl_line
                                        @ DW_AT_prototyped
                                        @ DW_AT_external
	.byte	5                               @ Abbrev [5] 0x25a:0xb DW_TAG_typedef
	.long	613                             @ DW_AT_type
	.long	.Linfo_string34                 @ DW_AT_name
	.byte	1                               @ DW_AT_decl_file
	.byte	57                              @ DW_AT_decl_line
	.byte	6                               @ Abbrev [6] 0x265:0x7 DW_TAG_base_type
	.long	.Linfo_string33                 @ DW_AT_name
	.byte	5                               @ DW_AT_encoding
	.byte	2                               @ DW_AT_byte_size
	.byte	0                               @ End Of Children Mark
.Ldebug_info_end0:
	.section	.debug_ranges,"",%progbits
.Ldebug_ranges0:
	.long	.Lfunc_begin0
	.long	.Lfunc_end0
	.long	.Lfunc_begin1
	.long	.Lfunc_end1
	.long	.Lfunc_begin2
	.long	.Lfunc_end2
	.long	.Lfunc_begin3
	.long	.Lfunc_end3
	.long	.Lfunc_begin4
	.long	.Lfunc_end4
	.long	.Lfunc_begin5
	.long	.Lfunc_end5
	.long	.Lfunc_begin6
	.long	.Lfunc_end6
	.long	.Lfunc_begin7
	.long	.Lfunc_end7
	.long	.Lfunc_begin8
	.long	.Lfunc_end8
	.long	0
	.long	0
	.section	.debug_str,"MS",%progbits,1
.Linfo_string0:
	.asciz	"Component: Arm Compiler for Embedded 6.21 Tool: armclang [5ec1fd00]" @ string offset=0
.Linfo_string1:
	.asciz	"../04_EcuAbstraction\\ModuleLed.c" @ string offset=68
.Linfo_string2:
	.asciz	"C:\\baidunetdiskdownload\\\346\263\260\347\237\275\345\276\256\\\346\260\233\345\233\264\347\201\257\\TCPL0X_AUTO_SDK_V2.0.0\\TCPL0X_AUTO_SDK_V2.0.0\\examples\\tcpl04x\\demo_apps\\tcpl04b_swsc_lean\\MDK" @ string offset=101
.Linfo_string3:
	.asciz	"s_pwm"                         @ string offset=240
.Linfo_string4:
	.asciz	"unsigned short"                @ string offset=246
.Linfo_string5:
	.asciz	"uint16_t"                      @ string offset=261
.Linfo_string6:
	.asciz	"__ARRAY_SIZE_TYPE__"           @ string offset=270
.Linfo_string7:
	.asciz	"Led_Error_flag"                @ string offset=290
.Linfo_string8:
	.asciz	"unsigned char"                 @ string offset=305
.Linfo_string9:
	.asciz	"uint8_t"                       @ string offset=319
.Linfo_string10:
	.asciz	"s_status"                      @ string offset=327
.Linfo_string11:
	.asciz	"ELedStatusInit"                @ string offset=336
.Linfo_string12:
	.asciz	"ELedStatusNormal"              @ string offset=351
.Linfo_string13:
	.asciz	"ELedStatusOpen"                @ string offset=368
.Linfo_string14:
	.asciz	"ELedStatusShort"               @ string offset=383
.Linfo_string15:
	.asciz	"ELedStatus"                    @ string offset=399
.Linfo_string16:
	.asciz	"LED_R"                         @ string offset=410
.Linfo_string17:
	.asciz	"LED_G"                         @ string offset=416
.Linfo_string18:
	.asciz	"LED_B"                         @ string offset=422
.Linfo_string19:
	.asciz	"LED_TYPE_MAX"                  @ string offset=428
.Linfo_string20:
	.asciz	"ELedChannelRed"                @ string offset=441
.Linfo_string21:
	.asciz	"ELedChannelGreen"              @ string offset=456
.Linfo_string22:
	.asciz	"ELedChannelBlue"               @ string offset=473
.Linfo_string23:
	.asciz	"ModuleLed_Index"               @ string offset=489
.Linfo_string24:
	.asciz	"channel"                       @ string offset=505
.Linfo_string25:
	.asciz	"ELedChannel"                   @ string offset=513
.Linfo_string26:
	.asciz	"moduleLedInit"                 @ string offset=525
.Linfo_string27:
	.asciz	"moduleLedUpdatePWM"            @ string offset=539
.Linfo_string28:
	.asciz	"moduleLedPowerOff"             @ string offset=558
.Linfo_string29:
	.asciz	"moduleLedUpdateStatus"         @ string offset=576
.Linfo_string30:
	.asciz	"moduleLedSleep"                @ string offset=598
.Linfo_string31:
	.asciz	"moduleLedGetStatus"            @ string offset=613
.Linfo_string32:
	.asciz	"moduleLedGetVoltage"           @ string offset=632
.Linfo_string33:
	.asciz	"short"                         @ string offset=652
.Linfo_string34:
	.asciz	"int16_t"                       @ string offset=658
.Linfo_string35:
	.asciz	"moduleLedGetPWM"               @ string offset=666
.Linfo_string36:
	.asciz	"moduleLedResetDetection"       @ string offset=682
.Linfo_string37:
	.asciz	"red"                           @ string offset=706
.Linfo_string38:
	.asciz	"green"                         @ string offset=710
.Linfo_string39:
	.asciz	"blue"                          @ string offset=716
	.ident	"Component: Arm Compiler for Embedded 6.21 Tool: armclang [5ec1fd00]"
	.section	".note.GNU-stack","",%progbits
	.eabi_attribute	30, 4	@ Tag_ABI_optimization_goals
	.ARM_attribute	16, 1	@ Tag_AV_eba
	.section	.debug_line,"",%progbits
.Lline_table_start0:
