	.text
	.syntax unified
	.eabi_attribute	67, "2.09"	@ Tag_conformance
	.cpu	cortex-m0
	.eabi_attribute	6, 12	@ Tag_CPU_arch
	.eabi_attribute	7, 77	@ Tag_CPU_arch_profile
	.eabi_attribute	8, 0	@ Tag_ARM_ISA_use
	.eabi_attribute	9, 1	@ Tag_THUMB_ISA_use
	.eabi_attribute	34, 0	@ Tag_CPU_unaligned_access
	.eabi_attribute	17, 1	@ Tag_ABI_PCS_GOT_use
	.eabi_attribute	20, 2	@ Tag_ABI_FP_denormal
	.eabi_attribute	21, 0	@ Tag_ABI_FP_exceptions
	.eabi_attribute	23, 1	@ Tag_ABI_FP_number_model
	.eabi_attribute	24, 1	@ Tag_ABI_align_needed
	.eabi_attribute	25, 1	@ Tag_ABI_align_preserved
	.eabi_attribute	38, 1	@ Tag_ABI_FP_16bit_format
	.eabi_attribute	18, 2	@ Tag_ABI_PCS_wchar_t
	.eabi_attribute	26, 1	@ Tag_ABI_enum_size
	.eabi_attribute	14, 0	@ Tag_ABI_PCS_R9_use
	.file	"ModuleAdc.c"
	.file	1 "C:\\Keil_v5\\ARM\\ARMCLANG\\Bin\\..\\include" "stdint.h"
	.file	2 "C:\\baidunetdiskdownload\\\346\263\260\347\237\275\345\276\256\\\346\260\233\345\233\264\347\201\257\\TCPL0X_AUTO_SDK_V2.0.0\\TCPL0X_AUTO_SDK_V2.0.0\\examples\\tcpl04x\\demo_apps\\tcpl04b_swsc_lean\\MDK" "../04_EcuAbstraction/ModuleAdc.c"
	.section	.text.ModuleAdc_Init,"ax",%progbits
	.hidden	ModuleAdc_Init                  @ -- Begin function ModuleAdc_Init
	.globl	ModuleAdc_Init
	.p2align	2
	.type	ModuleAdc_Init,%function
	.code	16                              @ @ModuleAdc_Init
	.thumb_func
ModuleAdc_Init:
.Lfunc_begin0:
	.loc	2 39 0                          @ ../04_EcuAbstraction/ModuleAdc.c:39:0
	.fnstart
	.cfi_sections .debug_frame
	.cfi_startproc
@ %bb.0:
	.save	{r7, lr}
	push	{r7, lr}
	.cfi_def_cfa_offset 8
	.cfi_offset lr, -4
	.cfi_offset r7, -8
.Ltmp0:
	.loc	2 44 18 prologue_end            @ ../04_EcuAbstraction/ModuleAdc.c:44:18
	ldr	r0, __arm_cp.0_0
	movs	r1, #0
	.loc	2 45 23                         @ ../04_EcuAbstraction/ModuleAdc.c:45:23
	strh	r1, [r0, #4]
	.loc	2 44 18                         @ ../04_EcuAbstraction/ModuleAdc.c:44:18
	strh	r1, [r0, #2]
	.loc	2 46 21                         @ ../04_EcuAbstraction/ModuleAdc.c:46:21
	strh	r1, [r0]
	.loc	2 51 5                          @ ../04_EcuAbstraction/ModuleAdc.c:51:5
	bl	Tcpl04bAdc_Init
.Ltmp1:
	.loc	2 57 5                          @ ../04_EcuAbstraction/ModuleAdc.c:57:5
	bl	ModuleAdc_MainFunction100ms
.Ltmp2:
	.loc	2 58 1 epilogue_begin           @ ../04_EcuAbstraction/ModuleAdc.c:58:1
	pop	{r7, pc}
.Ltmp3:
	.p2align	2
@ %bb.1:
	.loc	2 0 1 is_stmt 0                 @ ../04_EcuAbstraction/ModuleAdc.c:0:1
__arm_cp.0_0:
	.long	.L_MergedGlobals
.Lcpi_end0:
	.size	__arm_cp.0_0, .Lcpi_end0-__arm_cp.0_0
.Lfunc_end0:
	.size	ModuleAdc_Init, .Lfunc_end0-ModuleAdc_Init
	.cfi_endproc
	.cantunwind
	.fnend
                                        @ -- End function
	.section	.text.ModuleAdc_MainFunction100ms,"ax",%progbits
	.hidden	ModuleAdc_MainFunction100ms     @ -- Begin function ModuleAdc_MainFunction100ms
	.globl	ModuleAdc_MainFunction100ms
	.p2align	2
	.type	ModuleAdc_MainFunction100ms,%function
	.code	16                              @ @ModuleAdc_MainFunction100ms
	.thumb_func
ModuleAdc_MainFunction100ms:
.Lfunc_begin1:
	.loc	2 64 0 is_stmt 1                @ ../04_EcuAbstraction/ModuleAdc.c:64:0
	.fnstart
	.cfi_startproc
@ %bb.0:
	.save	{r4, lr}
	push	{r4, lr}
	.cfi_def_cfa_offset 8
	.cfi_offset lr, -4
	.cfi_offset r4, -8
.Ltmp4:
	.loc	2 74 27 prologue_end            @ ../04_EcuAbstraction/ModuleAdc.c:74:27
	ldr	r4, __arm_cp.1_0
	adds	r0, r4, #4
	bl	Tcpl04bAdc_ReadMcuTempDeciC
.Ltmp5:
	.loc	2 74 25 is_stmt 0               @ ../04_EcuAbstraction/ModuleAdc.c:74:25
	strb	r0, [r4, #1]
	.loc	2 75 23 is_stmt 1               @ ../04_EcuAbstraction/ModuleAdc.c:75:23
	adds	r0, r4, #2
	bl	Tcpl04bAdc_ReadBatteryMv
.Ltmp6:
	.loc	2 75 21 is_stmt 0               @ ../04_EcuAbstraction/ModuleAdc.c:75:21
	strb	r0, [r4]
	.loc	2 76 1 epilogue_begin is_stmt 1 @ ../04_EcuAbstraction/ModuleAdc.c:76:1
	pop	{r4, pc}
.Ltmp7:
	.p2align	2
@ %bb.1:
	.loc	2 0 1 is_stmt 0                 @ ../04_EcuAbstraction/ModuleAdc.c:0:1
__arm_cp.1_0:
	.long	.L_MergedGlobals
.Lcpi_end1:
	.size	__arm_cp.1_0, .Lcpi_end1-__arm_cp.1_0
.Lfunc_end1:
	.size	ModuleAdc_MainFunction100ms, .Lfunc_end1-ModuleAdc_MainFunction100ms
	.cfi_endproc
	.cantunwind
	.fnend
                                        @ -- End function
	.section	.text.ModuleAdc_GetBatteryMv,"ax",%progbits
	.hidden	ModuleAdc_GetBatteryMv          @ -- Begin function ModuleAdc_GetBatteryMv
	.globl	ModuleAdc_GetBatteryMv
	.p2align	2
	.type	ModuleAdc_GetBatteryMv,%function
	.code	16                              @ @ModuleAdc_GetBatteryMv
	.thumb_func
ModuleAdc_GetBatteryMv:
.Lfunc_begin2:
	.loc	2 82 0 is_stmt 1                @ ../04_EcuAbstraction/ModuleAdc.c:82:0
	.fnstart
	.cfi_startproc
@ %bb.0:
	@DEBUG_VALUE: ModuleAdc_GetBatteryMv:millivolts <- $r0
	mov	r1, r0
.Ltmp8:
	@DEBUG_VALUE: ModuleAdc_GetBatteryMv:millivolts <- $r1
	movs	r0, #0
.Ltmp9:
	.loc	2 84 30 prologue_end            @ ../04_EcuAbstraction/ModuleAdc.c:84:30
	cmp	r1, #0
	beq	.LBB2_3
.Ltmp10:
@ %bb.1:
	@DEBUG_VALUE: ModuleAdc_GetBatteryMv:millivolts <- $r1
	.loc	2 84 34 is_stmt 0               @ ../04_EcuAbstraction/ModuleAdc.c:84:34
	ldr	r2, __arm_cp.2_0
	ldrb	r3, [r2]
.Ltmp11:
	.loc	2 84 9                          @ ../04_EcuAbstraction/ModuleAdc.c:84:9
	cmp	r3, #0
	beq	.LBB2_3
.Ltmp12:
@ %bb.2:
	@DEBUG_VALUE: ModuleAdc_GetBatteryMv:millivolts <- $r1
	.loc	2 88 19 is_stmt 1               @ ../04_EcuAbstraction/ModuleAdc.c:88:19
	ldrh	r0, [r2, #2]
	.loc	2 88 17 is_stmt 0               @ ../04_EcuAbstraction/ModuleAdc.c:88:17
	strh	r0, [r1]
	movs	r0, #1
.Ltmp13:
.LBB2_3:
	@DEBUG_VALUE: ModuleAdc_GetBatteryMv:millivolts <- $r1
	.loc	2 90 1 is_stmt 1                @ ../04_EcuAbstraction/ModuleAdc.c:90:1
	bx	lr
.Ltmp14:
	.p2align	2
@ %bb.4:
	.loc	2 0 1 is_stmt 0                 @ ../04_EcuAbstraction/ModuleAdc.c:0:1
__arm_cp.2_0:
	.long	.L_MergedGlobals
.Lcpi_end2:
	.size	__arm_cp.2_0, .Lcpi_end2-__arm_cp.2_0
.Lfunc_end2:
	.size	ModuleAdc_GetBatteryMv, .Lfunc_end2-ModuleAdc_GetBatteryMv
	.cfi_endproc
	.cantunwind
	.fnend
                                        @ -- End function
	.section	.text.ModuleAdc_GetMcuTempDeciC,"ax",%progbits
	.hidden	ModuleAdc_GetMcuTempDeciC       @ -- Begin function ModuleAdc_GetMcuTempDeciC
	.globl	ModuleAdc_GetMcuTempDeciC
	.p2align	2
	.type	ModuleAdc_GetMcuTempDeciC,%function
	.code	16                              @ @ModuleAdc_GetMcuTempDeciC
	.thumb_func
ModuleAdc_GetMcuTempDeciC:
.Lfunc_begin3:
	.loc	2 96 0 is_stmt 1                @ ../04_EcuAbstraction/ModuleAdc.c:96:0
	.fnstart
	.cfi_startproc
@ %bb.0:
	@DEBUG_VALUE: ModuleAdc_GetMcuTempDeciC:deci_celsius <- $r0
	mov	r1, r0
.Ltmp15:
	@DEBUG_VALUE: ModuleAdc_GetMcuTempDeciC:deci_celsius <- $r1
	movs	r0, #0
.Ltmp16:
	.loc	2 98 32 prologue_end            @ ../04_EcuAbstraction/ModuleAdc.c:98:32
	cmp	r1, #0
	beq	.LBB3_3
.Ltmp17:
@ %bb.1:
	@DEBUG_VALUE: ModuleAdc_GetMcuTempDeciC:deci_celsius <- $r1
	.loc	2 98 36 is_stmt 0               @ ../04_EcuAbstraction/ModuleAdc.c:98:36
	ldr	r2, __arm_cp.3_0
	ldrb	r3, [r2, #1]
.Ltmp18:
	.loc	2 98 9                          @ ../04_EcuAbstraction/ModuleAdc.c:98:9
	cmp	r3, #0
	beq	.LBB3_3
.Ltmp19:
@ %bb.2:
	@DEBUG_VALUE: ModuleAdc_GetMcuTempDeciC:deci_celsius <- $r1
	.loc	2 102 21 is_stmt 1              @ ../04_EcuAbstraction/ModuleAdc.c:102:21
	ldrh	r0, [r2, #4]
	.loc	2 102 19 is_stmt 0              @ ../04_EcuAbstraction/ModuleAdc.c:102:19
	strh	r0, [r1]
	movs	r0, #1
.Ltmp20:
.LBB3_3:
	@DEBUG_VALUE: ModuleAdc_GetMcuTempDeciC:deci_celsius <- $r1
	.loc	2 104 1 is_stmt 1               @ ../04_EcuAbstraction/ModuleAdc.c:104:1
	bx	lr
.Ltmp21:
	.p2align	2
@ %bb.4:
	.loc	2 0 1 is_stmt 0                 @ ../04_EcuAbstraction/ModuleAdc.c:0:1
__arm_cp.3_0:
	.long	.L_MergedGlobals
.Lcpi_end3:
	.size	__arm_cp.3_0, .Lcpi_end3-__arm_cp.3_0
.Lfunc_end3:
	.size	ModuleAdc_GetMcuTempDeciC, .Lfunc_end3-ModuleAdc_GetMcuTempDeciC
	.cfi_endproc
	.cantunwind
	.fnend
                                        @ -- End function
	.type	.L_MergedGlobals,%object        @ @_MergedGlobals
	.section	.bss..L_MergedGlobals,"aw",%nobits
	.p2align	1, 0x0
.L_MergedGlobals:
	.zero	6
	.size	.L_MergedGlobals, 6

	.section	.debug_loc,"",%progbits
.Ldebug_loc0:
	.long	-1
	.long	.Lfunc_begin2                   @   base address
	.long	.Lfunc_begin2-.Lfunc_begin2
	.long	.Ltmp8-.Lfunc_begin2
	.short	1                               @ Loc expr size
	.byte	80                              @ DW_OP_reg0
	.long	.Ltmp8-.Lfunc_begin2
	.long	.Ltmp14-.Lfunc_begin2
	.short	1                               @ Loc expr size
	.byte	81                              @ DW_OP_reg1
	.long	0
	.long	0
.Ldebug_loc1:
	.long	-1
	.long	.Lfunc_begin3                   @   base address
	.long	.Lfunc_begin3-.Lfunc_begin3
	.long	.Ltmp15-.Lfunc_begin3
	.short	1                               @ Loc expr size
	.byte	80                              @ DW_OP_reg0
	.long	.Ltmp15-.Lfunc_begin3
	.long	.Ltmp21-.Lfunc_begin3
	.short	1                               @ Loc expr size
	.byte	81                              @ DW_OP_reg1
	.long	0
	.long	0
	.section	.debug_abbrev,"",%progbits
	.byte	1                               @ Abbreviation Code
	.byte	17                              @ DW_TAG_compile_unit
	.byte	1                               @ DW_CHILDREN_yes
	.byte	37                              @ DW_AT_producer
	.byte	14                              @ DW_FORM_strp
	.byte	19                              @ DW_AT_language
	.byte	5                               @ DW_FORM_data2
	.byte	3                               @ DW_AT_name
	.byte	14                              @ DW_FORM_strp
	.byte	16                              @ DW_AT_stmt_list
	.byte	23                              @ DW_FORM_sec_offset
	.byte	27                              @ DW_AT_comp_dir
	.byte	14                              @ DW_FORM_strp
	.byte	17                              @ DW_AT_low_pc
	.byte	1                               @ DW_FORM_addr
	.byte	85                              @ DW_AT_ranges
	.byte	23                              @ DW_FORM_sec_offset
	.byte	0                               @ EOM(1)
	.byte	0                               @ EOM(2)
	.byte	2                               @ Abbreviation Code
	.byte	52                              @ DW_TAG_variable
	.byte	0                               @ DW_CHILDREN_no
	.byte	3                               @ DW_AT_name
	.byte	14                              @ DW_FORM_strp
	.byte	73                              @ DW_AT_type
	.byte	19                              @ DW_FORM_ref4
	.byte	58                              @ DW_AT_decl_file
	.byte	11                              @ DW_FORM_data1
	.byte	59                              @ DW_AT_decl_line
	.byte	11                              @ DW_FORM_data1
	.byte	2                               @ DW_AT_location
	.byte	24                              @ DW_FORM_exprloc
	.byte	0                               @ EOM(1)
	.byte	0                               @ EOM(2)
	.byte	3                               @ Abbreviation Code
	.byte	22                              @ DW_TAG_typedef
	.byte	0                               @ DW_CHILDREN_no
	.byte	73                              @ DW_AT_type
	.byte	19                              @ DW_FORM_ref4
	.byte	3                               @ DW_AT_name
	.byte	14                              @ DW_FORM_strp
	.byte	58                              @ DW_AT_decl_file
	.byte	11                              @ DW_FORM_data1
	.byte	59                              @ DW_AT_decl_line
	.byte	11                              @ DW_FORM_data1
	.byte	0                               @ EOM(1)
	.byte	0                               @ EOM(2)
	.byte	4                               @ Abbreviation Code
	.byte	36                              @ DW_TAG_base_type
	.byte	0                               @ DW_CHILDREN_no
	.byte	3                               @ DW_AT_name
	.byte	14                              @ DW_FORM_strp
	.byte	62                              @ DW_AT_encoding
	.byte	11                              @ DW_FORM_data1
	.byte	11                              @ DW_AT_byte_size
	.byte	11                              @ DW_FORM_data1
	.byte	0                               @ EOM(1)
	.byte	0                               @ EOM(2)
	.byte	5                               @ Abbreviation Code
	.byte	46                              @ DW_TAG_subprogram
	.byte	0                               @ DW_CHILDREN_no
	.byte	17                              @ DW_AT_low_pc
	.byte	1                               @ DW_FORM_addr
	.byte	18                              @ DW_AT_high_pc
	.byte	6                               @ DW_FORM_data4
	.byte	64                              @ DW_AT_frame_base
	.byte	24                              @ DW_FORM_exprloc
	.ascii	"\227B"                         @ DW_AT_GNU_all_call_sites
	.byte	25                              @ DW_FORM_flag_present
	.byte	3                               @ DW_AT_name
	.byte	14                              @ DW_FORM_strp
	.byte	58                              @ DW_AT_decl_file
	.byte	11                              @ DW_FORM_data1
	.byte	59                              @ DW_AT_decl_line
	.byte	11                              @ DW_FORM_data1
	.byte	39                              @ DW_AT_prototyped
	.byte	25                              @ DW_FORM_flag_present
	.byte	63                              @ DW_AT_external
	.byte	25                              @ DW_FORM_flag_present
	.byte	0                               @ EOM(1)
	.byte	0                               @ EOM(2)
	.byte	6                               @ Abbreviation Code
	.byte	46                              @ DW_TAG_subprogram
	.byte	1                               @ DW_CHILDREN_yes
	.byte	17                              @ DW_AT_low_pc
	.byte	1                               @ DW_FORM_addr
	.byte	18                              @ DW_AT_high_pc
	.byte	6                               @ DW_FORM_data4
	.byte	64                              @ DW_AT_frame_base
	.byte	24                              @ DW_FORM_exprloc
	.ascii	"\227B"                         @ DW_AT_GNU_all_call_sites
	.byte	25                              @ DW_FORM_flag_present
	.byte	3                               @ DW_AT_name
	.byte	14                              @ DW_FORM_strp
	.byte	58                              @ DW_AT_decl_file
	.byte	11                              @ DW_FORM_data1
	.byte	59                              @ DW_AT_decl_line
	.byte	11                              @ DW_FORM_data1
	.byte	39                              @ DW_AT_prototyped
	.byte	25                              @ DW_FORM_flag_present
	.byte	73                              @ DW_AT_type
	.byte	19                              @ DW_FORM_ref4
	.byte	63                              @ DW_AT_external
	.byte	25                              @ DW_FORM_flag_present
	.byte	0                               @ EOM(1)
	.byte	0                               @ EOM(2)
	.byte	7                               @ Abbreviation Code
	.byte	5                               @ DW_TAG_formal_parameter
	.byte	0                               @ DW_CHILDREN_no
	.byte	2                               @ DW_AT_location
	.byte	23                              @ DW_FORM_sec_offset
	.byte	3                               @ DW_AT_name
	.byte	14                              @ DW_FORM_strp
	.byte	58                              @ DW_AT_decl_file
	.byte	11                              @ DW_FORM_data1
	.byte	59                              @ DW_AT_decl_line
	.byte	11                              @ DW_FORM_data1
	.byte	73                              @ DW_AT_type
	.byte	19                              @ DW_FORM_ref4
	.byte	0                               @ EOM(1)
	.byte	0                               @ EOM(2)
	.byte	8                               @ Abbreviation Code
	.byte	15                              @ DW_TAG_pointer_type
	.byte	0                               @ DW_CHILDREN_no
	.byte	73                              @ DW_AT_type
	.byte	19                              @ DW_FORM_ref4
	.byte	0                               @ EOM(1)
	.byte	0                               @ EOM(2)
	.byte	0                               @ EOM(3)
	.section	.debug_info,"",%progbits
.Lcu_begin0:
	.long	.Ldebug_info_end0-.Ldebug_info_start0 @ Length of Unit
.Ldebug_info_start0:
	.short	4                               @ DWARF version number
	.long	.debug_abbrev                   @ Offset Into Abbrev. Section
	.byte	4                               @ Address Size (in bytes)
	.byte	1                               @ Abbrev [1] 0xb:0xf0 DW_TAG_compile_unit
	.long	.Linfo_string0                  @ DW_AT_producer
	.short	12                              @ DW_AT_language
	.long	.Linfo_string1                  @ DW_AT_name
	.long	.Lline_table_start0             @ DW_AT_stmt_list
	.long	.Linfo_string2                  @ DW_AT_comp_dir
	.long	0                               @ DW_AT_low_pc
	.long	.Ldebug_ranges0                 @ DW_AT_ranges
	.byte	2                               @ Abbrev [2] 0x26:0x13 DW_TAG_variable
	.long	.Linfo_string3                  @ DW_AT_name
	.long	57                              @ DW_AT_type
	.byte	2                               @ DW_AT_decl_file
	.byte	30                              @ DW_AT_decl_line
	.byte	7                               @ DW_AT_location
	.byte	3
	.long	.L_MergedGlobals
	.byte	35
	.byte	2
	.byte	3                               @ Abbrev [3] 0x39:0xb DW_TAG_typedef
	.long	68                              @ DW_AT_type
	.long	.Linfo_string5                  @ DW_AT_name
	.byte	1                               @ DW_AT_decl_file
	.byte	57                              @ DW_AT_decl_line
	.byte	4                               @ Abbrev [4] 0x44:0x7 DW_TAG_base_type
	.long	.Linfo_string4                  @ DW_AT_name
	.byte	5                               @ DW_AT_encoding
	.byte	2                               @ DW_AT_byte_size
	.byte	2                               @ Abbrev [2] 0x4b:0x13 DW_TAG_variable
	.long	.Linfo_string6                  @ DW_AT_name
	.long	57                              @ DW_AT_type
	.byte	2                               @ DW_AT_decl_file
	.byte	31                              @ DW_AT_decl_line
	.byte	7                               @ DW_AT_location
	.byte	3
	.long	.L_MergedGlobals
	.byte	35
	.byte	4
	.byte	2                               @ Abbrev [2] 0x5e:0x11 DW_TAG_variable
	.long	.Linfo_string7                  @ DW_AT_name
	.long	111                             @ DW_AT_type
	.byte	2                               @ DW_AT_decl_file
	.byte	32                              @ DW_AT_decl_line
	.byte	5                               @ DW_AT_location
	.byte	3
	.long	.L_MergedGlobals
	.byte	4                               @ Abbrev [4] 0x6f:0x7 DW_TAG_base_type
	.long	.Linfo_string8                  @ DW_AT_name
	.byte	2                               @ DW_AT_encoding
	.byte	1                               @ DW_AT_byte_size
	.byte	2                               @ Abbrev [2] 0x76:0x13 DW_TAG_variable
	.long	.Linfo_string9                  @ DW_AT_name
	.long	111                             @ DW_AT_type
	.byte	2                               @ DW_AT_decl_file
	.byte	33                              @ DW_AT_decl_line
	.byte	7                               @ DW_AT_location
	.byte	3
	.long	.L_MergedGlobals
	.byte	35
	.byte	1
	.byte	5                               @ Abbrev [5] 0x89:0x11 DW_TAG_subprogram
	.long	.Lfunc_begin0                   @ DW_AT_low_pc
	.long	.Lfunc_end0-.Lfunc_begin0       @ DW_AT_high_pc
	.byte	1                               @ DW_AT_frame_base
	.byte	93
                                        @ DW_AT_GNU_all_call_sites
	.long	.Linfo_string10                 @ DW_AT_name
	.byte	2                               @ DW_AT_decl_file
	.byte	38                              @ DW_AT_decl_line
                                        @ DW_AT_prototyped
                                        @ DW_AT_external
	.byte	5                               @ Abbrev [5] 0x9a:0x11 DW_TAG_subprogram
	.long	.Lfunc_begin1                   @ DW_AT_low_pc
	.long	.Lfunc_end1-.Lfunc_begin1       @ DW_AT_high_pc
	.byte	1                               @ DW_AT_frame_base
	.byte	93
                                        @ DW_AT_GNU_all_call_sites
	.long	.Linfo_string11                 @ DW_AT_name
	.byte	2                               @ DW_AT_decl_file
	.byte	63                              @ DW_AT_decl_line
                                        @ DW_AT_prototyped
                                        @ DW_AT_external
	.byte	6                               @ Abbrev [6] 0xab:0x25 DW_TAG_subprogram
	.long	.Lfunc_begin2                   @ DW_AT_low_pc
	.long	.Lfunc_end2-.Lfunc_begin2       @ DW_AT_high_pc
	.byte	1                               @ DW_AT_frame_base
	.byte	93
                                        @ DW_AT_GNU_all_call_sites
	.long	.Linfo_string12                 @ DW_AT_name
	.byte	2                               @ DW_AT_decl_file
	.byte	81                              @ DW_AT_decl_line
                                        @ DW_AT_prototyped
	.long	111                             @ DW_AT_type
                                        @ DW_AT_external
	.byte	7                               @ Abbrev [7] 0xc0:0xf DW_TAG_formal_parameter
	.long	.Ldebug_loc0                    @ DW_AT_location
	.long	.Linfo_string14                 @ DW_AT_name
	.byte	2                               @ DW_AT_decl_file
	.byte	81                              @ DW_AT_decl_line
	.long	245                             @ DW_AT_type
	.byte	0                               @ End Of Children Mark
	.byte	6                               @ Abbrev [6] 0xd0:0x25 DW_TAG_subprogram
	.long	.Lfunc_begin3                   @ DW_AT_low_pc
	.long	.Lfunc_end3-.Lfunc_begin3       @ DW_AT_high_pc
	.byte	1                               @ DW_AT_frame_base
	.byte	93
                                        @ DW_AT_GNU_all_call_sites
	.long	.Linfo_string13                 @ DW_AT_name
	.byte	2                               @ DW_AT_decl_file
	.byte	95                              @ DW_AT_decl_line
                                        @ DW_AT_prototyped
	.long	111                             @ DW_AT_type
                                        @ DW_AT_external
	.byte	7                               @ Abbrev [7] 0xe5:0xf DW_TAG_formal_parameter
	.long	.Ldebug_loc1                    @ DW_AT_location
	.long	.Linfo_string15                 @ DW_AT_name
	.byte	2                               @ DW_AT_decl_file
	.byte	95                              @ DW_AT_decl_line
	.long	245                             @ DW_AT_type
	.byte	0                               @ End Of Children Mark
	.byte	8                               @ Abbrev [8] 0xf5:0x5 DW_TAG_pointer_type
	.long	57                              @ DW_AT_type
	.byte	0                               @ End Of Children Mark
.Ldebug_info_end0:
	.section	.debug_ranges,"",%progbits
.Ldebug_ranges0:
	.long	.Lfunc_begin0
	.long	.Lfunc_end0
	.long	.Lfunc_begin1
	.long	.Lfunc_end1
	.long	.Lfunc_begin2
	.long	.Lfunc_end2
	.long	.Lfunc_begin3
	.long	.Lfunc_end3
	.long	0
	.long	0
	.section	.debug_str,"MS",%progbits,1
.Linfo_string0:
	.asciz	"Component: Arm Compiler for Embedded 6.21 Tool: armclang [5ec1fd00]" @ string offset=0
.Linfo_string1:
	.asciz	"../04_EcuAbstraction\\ModuleAdc.c" @ string offset=68
.Linfo_string2:
	.asciz	"C:\\baidunetdiskdownload\\\346\263\260\347\237\275\345\276\256\\\346\260\233\345\233\264\347\201\257\\TCPL0X_AUTO_SDK_V2.0.0\\TCPL0X_AUTO_SDK_V2.0.0\\examples\\tcpl04x\\demo_apps\\tcpl04b_swsc_lean\\MDK" @ string offset=101
.Linfo_string3:
	.asciz	"s_battery_mv"                  @ string offset=240
.Linfo_string4:
	.asciz	"short"                         @ string offset=253
.Linfo_string5:
	.asciz	"int16_t"                       @ string offset=259
.Linfo_string6:
	.asciz	"s_mcu_temp_deci_c"             @ string offset=267
.Linfo_string7:
	.asciz	"s_battery_valid"               @ string offset=285
.Linfo_string8:
	.asciz	"_Bool"                         @ string offset=301
.Linfo_string9:
	.asciz	"s_temperature_valid"           @ string offset=307
.Linfo_string10:
	.asciz	"ModuleAdc_Init"                @ string offset=327
.Linfo_string11:
	.asciz	"ModuleAdc_MainFunction100ms"   @ string offset=342
.Linfo_string12:
	.asciz	"ModuleAdc_GetBatteryMv"        @ string offset=370
.Linfo_string13:
	.asciz	"ModuleAdc_GetMcuTempDeciC"     @ string offset=393
.Linfo_string14:
	.asciz	"millivolts"                    @ string offset=419
.Linfo_string15:
	.asciz	"deci_celsius"                  @ string offset=430
.set s_battery_valid, .L_MergedGlobals
	.size	s_battery_valid, 1
.set s_temperature_valid, .L_MergedGlobals+1
	.size	s_temperature_valid, 1
.set s_battery_mv, .L_MergedGlobals+2
	.size	s_battery_mv, 2
.set s_mcu_temp_deci_c, .L_MergedGlobals+4
	.size	s_mcu_temp_deci_c, 2
	.ident	"Component: Arm Compiler for Embedded 6.21 Tool: armclang [5ec1fd00]"
	.section	".note.GNU-stack","",%progbits
	.eabi_attribute	30, 4	@ Tag_ABI_optimization_goals
	.ARM_attribute	16, 1	@ Tag_AV_eba
	.section	.debug_line,"",%progbits
.Lline_table_start0:
