	.text
	.syntax unified
	.eabi_attribute	67, "2.09"	@ Tag_conformance
	.cpu	cortex-m0
	.eabi_attribute	6, 12	@ Tag_CPU_arch
	.eabi_attribute	7, 77	@ Tag_CPU_arch_profile
	.eabi_attribute	8, 0	@ Tag_ARM_ISA_use
	.eabi_attribute	9, 1	@ Tag_THUMB_ISA_use
	.eabi_attribute	34, 0	@ Tag_CPU_unaligned_access
	.eabi_attribute	17, 1	@ Tag_ABI_PCS_GOT_use
	.eabi_attribute	20, 2	@ Tag_ABI_FP_denormal
	.eabi_attribute	21, 0	@ Tag_ABI_FP_exceptions
	.eabi_attribute	23, 1	@ Tag_ABI_FP_number_model
	.eabi_attribute	24, 1	@ Tag_ABI_align_needed
	.eabi_attribute	25, 1	@ Tag_ABI_align_preserved
	.eabi_attribute	38, 1	@ Tag_ABI_FP_16bit_format
	.eabi_attribute	18, 2	@ Tag_ABI_PCS_wchar_t
	.eabi_attribute	26, 1	@ Tag_ABI_enum_size
	.eabi_attribute	14, 0	@ Tag_ABI_PCS_R9_use
	.file	"pal_systick.c"
	.file	1 "C:\\Keil_v5\\ARM\\ARMCLANG\\Bin\\..\\include" "stdint.h"
	.file	2 "C:\\baidunetdiskdownload\\\346\263\260\347\237\275\345\276\256\\\346\260\233\345\233\264\347\201\257\\TCPL0X_AUTO_SDK_V2.0.0\\TCPL0X_AUTO_SDK_V2.0.0\\examples\\tcpl04x\\demo_apps\\tcpl04b_swsc_lean\\MDK" "../../../../../platform/pal/pal_systick.c"
	.file	3 "C:\\baidunetdiskdownload\\\346\263\260\347\237\275\345\276\256\\\346\260\233\345\233\264\347\201\257\\TCPL0X_AUTO_SDK_V2.0.0\\TCPL0X_AUTO_SDK_V2.0.0\\examples\\tcpl04x\\demo_apps\\tcpl04b_swsc_lean\\MDK" "../../../../../platform/CMSIS/Core/Include\\core_cm0.h"
	.section	.text.os_task_update,"ax",%progbits
	.hidden	os_task_update                  @ -- Begin function os_task_update
	.weak	os_task_update
	.p2align	1
	.type	os_task_update,%function
	.code	16                              @ @os_task_update
	.thumb_func
os_task_update:
.Lfunc_begin0:
	.fnstart
	.cfi_sections .debug_frame
	.cfi_startproc
@ %bb.0:
	.loc	2 38 1 prologue_end             @ ../../../../../platform/pal/pal_systick.c:38:1
	bx	lr
.Ltmp0:
.Lfunc_end0:
	.size	os_task_update, .Lfunc_end0-os_task_update
	.cfi_endproc
	.cantunwind
	.fnend
                                        @ -- End function
	.section	.text.SysTick_Handler,"ax",%progbits
	.hidden	SysTick_Handler                 @ -- Begin function SysTick_Handler
	.globl	SysTick_Handler
	.p2align	2
	.type	SysTick_Handler,%function
	.code	16                              @ @SysTick_Handler
	.thumb_func
SysTick_Handler:
.Lfunc_begin1:
	.loc	2 48 0                          @ ../../../../../platform/pal/pal_systick.c:48:0
	.fnstart
	.cfi_startproc
@ %bb.0:
	.save	{r7, lr}
	push	{r7, lr}
	.cfi_def_cfa_offset 8
	.cfi_offset lr, -4
	.cfi_offset r7, -8
.Ltmp1:
	.loc	2 49 5 prologue_end             @ ../../../../../platform/pal/pal_systick.c:49:5
	bl	os_task_update
.Ltmp2:
	.loc	2 52 18                         @ ../../../../../platform/pal/pal_systick.c:52:18
	ldr	r0, __arm_cp.1_0
	ldr	r1, [r0]
	adds	r1, r1, #1
	str	r1, [r0]
	.loc	2 53 1 epilogue_begin           @ ../../../../../platform/pal/pal_systick.c:53:1
	pop	{r7, pc}
.Ltmp3:
	.p2align	2
@ %bb.1:
	.loc	2 0 1 is_stmt 0                 @ ../../../../../platform/pal/pal_systick.c:0:1
__arm_cp.1_0:
	.long	systick_count
.Lcpi_end0:
	.size	__arm_cp.1_0, .Lcpi_end0-__arm_cp.1_0
.Lfunc_end1:
	.size	SysTick_Handler, .Lfunc_end1-SysTick_Handler
	.cfi_endproc
	.cantunwind
	.fnend
                                        @ -- End function
	.section	.text.systick_count_get,"ax",%progbits
	.hidden	systick_count_get               @ -- Begin function systick_count_get
	.globl	systick_count_get
	.p2align	2
	.type	systick_count_get,%function
	.code	16                              @ @systick_count_get
	.thumb_func
systick_count_get:
.Lfunc_begin2:
	.fnstart
	.cfi_startproc
@ %bb.0:
	.loc	2 64 13 prologue_end is_stmt 1  @ ../../../../../platform/pal/pal_systick.c:64:13
	ldr	r0, __arm_cp.2_0
	ldr	r0, [r0]
	.loc	2 64 5 is_stmt 0                @ ../../../../../platform/pal/pal_systick.c:64:5
	bx	lr
.Ltmp4:
	.p2align	2
@ %bb.1:
	.loc	2 0 5                           @ ../../../../../platform/pal/pal_systick.c:0:5
__arm_cp.2_0:
	.long	systick_count
.Lcpi_end1:
	.size	__arm_cp.2_0, .Lcpi_end1-__arm_cp.2_0
.Lfunc_end2:
	.size	systick_count_get, .Lfunc_end2-systick_count_get
	.cfi_endproc
	.cantunwind
	.fnend
                                        @ -- End function
	.section	.text.systick_diff,"ax",%progbits
	.hidden	systick_diff                    @ -- Begin function systick_diff
	.globl	systick_diff
	.p2align	2
	.type	systick_diff,%function
	.code	16                              @ @systick_diff
	.thumb_func
systick_diff:
.Lfunc_begin3:
	.fnstart
	.cfi_startproc
@ %bb.0:
	@DEBUG_VALUE: systick_diff:start_tick <- $r0
	@DEBUG_VALUE: systick_diff:tick_diff <- 0
	.loc	2 64 13 prologue_end is_stmt 1  @ ../../../../../platform/pal/pal_systick.c:64:13
	ldr	r1, __arm_cp.3_0
	ldr	r2, [r1]
.Ltmp5:
	.loc	2 78 9                          @ ../../../../../platform/pal/pal_systick.c:78:9
	cmp	r2, r0
	bhs	.LBB3_2
.Ltmp6:
@ %bb.1:
	@DEBUG_VALUE: systick_diff:tick_diff <- 0
	@DEBUG_VALUE: systick_diff:start_tick <- $r0
	.loc	2 85 32                         @ ../../../../../platform/pal/pal_systick.c:85:32
	mvns	r0, r0
.Ltmp7:
	@DEBUG_VALUE: systick_diff:start_tick <- [DW_OP_LLVM_entry_value 1] $r0
	.loc	2 64 13                         @ ../../../../../platform/pal/pal_systick.c:64:13
	ldr	r1, [r1]
.Ltmp8:
	.loc	2 85 45                         @ ../../../../../platform/pal/pal_systick.c:85:45
	adds	r0, r1, r0
.Ltmp9:
	@DEBUG_VALUE: systick_diff:tick_diff <- $r0
	@DEBUG_VALUE: systick_diff:tick_diff <- $r0
	.loc	2 88 5                          @ ../../../../../platform/pal/pal_systick.c:88:5
	bx	lr
.Ltmp10:
.LBB3_2:
	@DEBUG_VALUE: systick_diff:tick_diff <- 0
	@DEBUG_VALUE: systick_diff:start_tick <- $r0
	.loc	2 64 13                         @ ../../../../../platform/pal/pal_systick.c:64:13
	ldr	r1, [r1]
.Ltmp11:
	.loc	2 80 41                         @ ../../../../../platform/pal/pal_systick.c:80:41
	subs	r0, r1, r0
.Ltmp12:
	@DEBUG_VALUE: systick_diff:start_tick <- [DW_OP_LLVM_entry_value 1] $r0
	@DEBUG_VALUE: systick_diff:tick_diff <- $r0
	@DEBUG_VALUE: systick_diff:tick_diff <- $r0
	.loc	2 88 5                          @ ../../../../../platform/pal/pal_systick.c:88:5
	bx	lr
.Ltmp13:
	.p2align	2
@ %bb.3:
	.loc	2 0 5 is_stmt 0                 @ ../../../../../platform/pal/pal_systick.c:0:5
__arm_cp.3_0:
	.long	systick_count
.Lcpi_end2:
	.size	__arm_cp.3_0, .Lcpi_end2-__arm_cp.3_0
.Lfunc_end3:
	.size	systick_diff, .Lfunc_end3-systick_diff
	.cfi_endproc
	.cantunwind
	.fnend
                                        @ -- End function
	.section	.text.delay_ms,"ax",%progbits
	.hidden	delay_ms                        @ -- Begin function delay_ms
	.globl	delay_ms
	.p2align	2
	.type	delay_ms,%function
	.code	16                              @ @delay_ms
	.thumb_func
delay_ms:
.Lfunc_begin4:
	.loc	2 99 0 is_stmt 1                @ ../../../../../platform/pal/pal_systick.c:99:0
	.fnstart
	.cfi_startproc
@ %bb.0:
	@DEBUG_VALUE: delay_ms:ms <- $r0
	.save	{r4, r5, r7, lr}
	push	{r4, r5, r7, lr}
	.cfi_def_cfa_offset 16
	.cfi_offset lr, -4
	.cfi_offset r7, -8
	.cfi_offset r5, -12
	.cfi_offset r4, -16
	mov	r4, r0
.Ltmp14:
	@DEBUG_VALUE: delay_ms:ms <- $r4
	.loc	2 100 5 prologue_end            @ ../../../../../platform/pal/pal_systick.c:100:5
	@APP
	mrs	r0, primask
	cpsid i

	@NO_APP
.Ltmp15:
	.loc	2 64 13                         @ ../../../../../platform/pal/pal_systick.c:64:13
	ldr	r0, __arm_cp.4_0
	ldr	r5, [r0]
.Ltmp16:
	@DEBUG_VALUE: delay_ms:curret_systick <- $r5
	.loc	2 102 5                         @ ../../../../../platform/pal/pal_systick.c:102:5
	@APP
	cpsie i
	@NO_APP
.Ltmp17:
.LBB4_1:                                @ =>This Inner Loop Header: Depth=1
	@DEBUG_VALUE: delay_ms:curret_systick <- $r5
	@DEBUG_VALUE: delay_ms:ms <- $r4
	.loc	2 104 17                        @ ../../../../../platform/pal/pal_systick.c:104:17
	mov	r0, r5
	bl	systick_diff
.Ltmp18:
	.loc	2 104 5 is_stmt 0               @ ../../../../../platform/pal/pal_systick.c:104:5
	cmp	r0, r4
	blo	.LBB4_1
.Ltmp19:
@ %bb.2:
	@DEBUG_VALUE: delay_ms:curret_systick <- $r5
	@DEBUG_VALUE: delay_ms:ms <- $r4
	.loc	2 105 1 epilogue_begin is_stmt 1 @ ../../../../../platform/pal/pal_systick.c:105:1
	pop	{r4, r5, r7, pc}
.Ltmp20:
	.p2align	2
@ %bb.3:
	.loc	2 0 1 is_stmt 0                 @ ../../../../../platform/pal/pal_systick.c:0:1
__arm_cp.4_0:
	.long	systick_count
.Lcpi_end3:
	.size	__arm_cp.4_0, .Lcpi_end3-__arm_cp.4_0
.Lfunc_end4:
	.size	delay_ms, .Lfunc_end4-delay_ms
	.cfi_endproc
	.cantunwind
	.fnend
                                        @ -- End function
	.section	.text.delay_us,"ax",%progbits
	.hidden	delay_us                        @ -- Begin function delay_us
	.globl	delay_us
	.p2align	2
	.type	delay_us,%function
	.code	16                              @ @delay_us
	.thumb_func
delay_us:
.Lfunc_begin5:
	.loc	2 115 0 is_stmt 1               @ ../../../../../platform/pal/pal_systick.c:115:0
	.fnstart
	.cfi_startproc
@ %bb.0:
	@DEBUG_VALUE: delay_us:us <- $r0
	.save	{r4, r5, r7, lr}
	push	{r4, r5, r7, lr}
	.cfi_def_cfa_offset 16
	.cfi_offset lr, -4
	.cfi_offset r7, -8
	.cfi_offset r5, -12
	.cfi_offset r4, -16
.Ltmp21:
	@DEBUG_VALUE: delay_us:tcnt <- 0
	movs	r1, #48
.Ltmp22:
	.loc	2 124 16 prologue_end           @ ../../../../../platform/pal/pal_systick.c:124:16
	muls	r1, r0, r1
.Ltmp23:
	@DEBUG_VALUE: delay_us:ticks <- $r1
	.loc	2 0 16 is_stmt 0                @ ../../../../../platform/pal/pal_systick.c:0:16
	ldr	r0, __arm_cp.5_0
.Ltmp24:
	@DEBUG_VALUE: delay_us:us <- [DW_OP_LLVM_entry_value 1] $r0
	.loc	2 122 23 is_stmt 1              @ ../../../../../platform/pal/pal_systick.c:122:23
	subs	r2, r0, #4
	ldr	r2, [r2]
.Ltmp25:
	@DEBUG_VALUE: delay_us:reload <- $r2
	.loc	2 127 21                        @ ../../../../../platform/pal/pal_systick.c:127:21
	ldr	r4, [r0]
.Ltmp26:
	@DEBUG_VALUE: delay_us:told <- $r4
	.loc	2 0 21 is_stmt 0                @ ../../../../../platform/pal/pal_systick.c:0:21
	movs	r3, #0
.Ltmp27:
.LBB5_1:                                @ =>This Loop Header: Depth=1
                                        @     Child Loop BB5_2 Depth 2
	@DEBUG_VALUE: delay_us:told <- $r4
	@DEBUG_VALUE: delay_us:reload <- $r2
	@DEBUG_VALUE: delay_us:us <- [DW_OP_LLVM_entry_value 1] $r0
	@DEBUG_VALUE: delay_us:ticks <- $r1
	mov	r5, r4
.Ltmp28:
	@DEBUG_VALUE: delay_us:told <- $r5
	@DEBUG_VALUE: delay_us:told <- $r5
.LBB5_2:                                @   Parent Loop BB5_1 Depth=1
                                        @ =>  This Inner Loop Header: Depth=2
	@DEBUG_VALUE: delay_us:told <- $r5
	@DEBUG_VALUE: delay_us:reload <- $r2
	@DEBUG_VALUE: delay_us:us <- [DW_OP_LLVM_entry_value 1] $r0
	@DEBUG_VALUE: delay_us:ticks <- $r1
	@DEBUG_VALUE: delay_us:tcnt <- $r3
	@DEBUG_VALUE: delay_us:told <- $r5
	.loc	2 131 25 is_stmt 1              @ ../../../../../platform/pal/pal_systick.c:131:25
	ldr	r4, [r0]
.Ltmp29:
	@DEBUG_VALUE: delay_us:tnow <- $r4
	.loc	2 133 13                        @ ../../../../../platform/pal/pal_systick.c:133:13
	cmp	r4, r5
	beq	.LBB5_2
.Ltmp30:
@ %bb.3:                                @   in Loop: Header=BB5_1 Depth=1
	@DEBUG_VALUE: delay_us:tnow <- $r4
	@DEBUG_VALUE: delay_us:tcnt <- $r3
	@DEBUG_VALUE: delay_us:told <- $r5
	@DEBUG_VALUE: delay_us:reload <- $r2
	@DEBUG_VALUE: delay_us:us <- [DW_OP_LLVM_entry_value 1] $r0
	@DEBUG_VALUE: delay_us:ticks <- $r1
	.loc	2 135 17                        @ ../../../../../platform/pal/pal_systick.c:135:17
	adds	r3, r5, r3
.Ltmp31:
	subs	r3, r3, r4
.Ltmp32:
	.loc	2 0 0 is_stmt 0                 @ ../../../../../platform/pal/pal_systick.c:0:0
	cmp	r4, r5
	blo	.LBB5_5
.Ltmp33:
@ %bb.4:                                @   in Loop: Header=BB5_1 Depth=1
	@DEBUG_VALUE: delay_us:tnow <- $r4
	@DEBUG_VALUE: delay_us:told <- $r5
	@DEBUG_VALUE: delay_us:reload <- $r2
	@DEBUG_VALUE: delay_us:us <- [DW_OP_LLVM_entry_value 1] $r0
	@DEBUG_VALUE: delay_us:ticks <- $r1
	adds	r3, r3, r2
.Ltmp34:
.LBB5_5:                                @   in Loop: Header=BB5_1 Depth=1
	@DEBUG_VALUE: delay_us:tnow <- $r4
	@DEBUG_VALUE: delay_us:told <- $r5
	@DEBUG_VALUE: delay_us:reload <- $r2
	@DEBUG_VALUE: delay_us:us <- [DW_OP_LLVM_entry_value 1] $r0
	@DEBUG_VALUE: delay_us:ticks <- $r1
	@DEBUG_VALUE: delay_us:tcnt <- $r3
	@DEBUG_VALUE: delay_us:told <- $r4
	.loc	2 146 17 is_stmt 1              @ ../../../../../platform/pal/pal_systick.c:146:17
	cmp	r3, r1
	blo	.LBB5_1
.Ltmp35:
@ %bb.6:
	@DEBUG_VALUE: delay_us:tnow <- $r4
	@DEBUG_VALUE: delay_us:tcnt <- $r3
	@DEBUG_VALUE: delay_us:told <- $r4
	@DEBUG_VALUE: delay_us:reload <- $r2
	@DEBUG_VALUE: delay_us:us <- [DW_OP_LLVM_entry_value 1] $r0
	@DEBUG_VALUE: delay_us:ticks <- $r1
	.loc	2 152 1 epilogue_begin          @ ../../../../../platform/pal/pal_systick.c:152:1
	pop	{r4, r5, r7, pc}
.Ltmp36:
	.p2align	2
@ %bb.7:
	.loc	2 0 1 is_stmt 0                 @ ../../../../../platform/pal/pal_systick.c:0:1
__arm_cp.5_0:
	.long	3758153752                      @ 0xe000e018
.Lcpi_end4:
	.size	__arm_cp.5_0, .Lcpi_end4-__arm_cp.5_0
.Lfunc_end5:
	.size	delay_us, .Lfunc_end5-delay_us
	.cfi_endproc
	.cantunwind
	.fnend
                                        @ -- End function
	.type	systick_count,%object           @ @systick_count
	.section	.bss.systick_count,"aw",%nobits
	.p2align	2, 0x0
systick_count:
	.long	0                               @ 0x0
	.size	systick_count, 4

	.section	.debug_loc,"",%progbits
.Ldebug_loc0:
	.long	-1
	.long	.Lfunc_begin3                   @   base address
	.long	.Lfunc_begin3-.Lfunc_begin3
	.long	.Ltmp7-.Lfunc_begin3
	.short	1                               @ Loc expr size
	.byte	80                              @ DW_OP_reg0
	.long	.Ltmp7-.Lfunc_begin3
	.long	.Ltmp10-.Lfunc_begin3
	.short	4                               @ Loc expr size
	.byte	243                             @ DW_OP_GNU_entry_value
	.byte	1                               @ 1
	.byte	80                              @ DW_OP_reg0
	.byte	159                             @ DW_OP_stack_value
	.long	.Ltmp10-.Lfunc_begin3
	.long	.Ltmp12-.Lfunc_begin3
	.short	1                               @ Loc expr size
	.byte	80                              @ DW_OP_reg0
	.long	.Ltmp12-.Lfunc_begin3
	.long	.Ltmp13-.Lfunc_begin3
	.short	4                               @ Loc expr size
	.byte	243                             @ DW_OP_GNU_entry_value
	.byte	1                               @ 1
	.byte	80                              @ DW_OP_reg0
	.byte	159                             @ DW_OP_stack_value
	.long	0
	.long	0
.Ldebug_loc1:
	.long	-1
	.long	.Lfunc_begin3                   @   base address
	.long	.Lfunc_begin3-.Lfunc_begin3
	.long	.Ltmp9-.Lfunc_begin3
	.short	2                               @ Loc expr size
	.byte	48                              @ DW_OP_lit0
	.byte	159                             @ DW_OP_stack_value
	.long	.Ltmp9-.Lfunc_begin3
	.long	.Ltmp10-.Lfunc_begin3
	.short	1                               @ Loc expr size
	.byte	80                              @ DW_OP_reg0
	.long	.Ltmp10-.Lfunc_begin3
	.long	.Ltmp12-.Lfunc_begin3
	.short	2                               @ Loc expr size
	.byte	48                              @ DW_OP_lit0
	.byte	159                             @ DW_OP_stack_value
	.long	.Ltmp12-.Lfunc_begin3
	.long	.Ltmp13-.Lfunc_begin3
	.short	1                               @ Loc expr size
	.byte	80                              @ DW_OP_reg0
	.long	0
	.long	0
.Ldebug_loc2:
	.long	-1
	.long	.Lfunc_begin4                   @   base address
	.long	.Lfunc_begin4-.Lfunc_begin4
	.long	.Ltmp14-.Lfunc_begin4
	.short	1                               @ Loc expr size
	.byte	80                              @ DW_OP_reg0
	.long	.Ltmp14-.Lfunc_begin4
	.long	.Ltmp20-.Lfunc_begin4
	.short	1                               @ Loc expr size
	.byte	84                              @ DW_OP_reg4
	.long	0
	.long	0
.Ldebug_loc3:
	.long	-1
	.long	.Lfunc_begin4                   @   base address
	.long	.Ltmp16-.Lfunc_begin4
	.long	.Ltmp20-.Lfunc_begin4
	.short	1                               @ Loc expr size
	.byte	85                              @ DW_OP_reg5
	.long	0
	.long	0
.Ldebug_loc4:
	.long	-1
	.long	.Lfunc_begin5                   @   base address
	.long	.Lfunc_begin5-.Lfunc_begin5
	.long	.Ltmp24-.Lfunc_begin5
	.short	1                               @ Loc expr size
	.byte	80                              @ DW_OP_reg0
	.long	.Ltmp24-.Lfunc_begin5
	.long	.Ltmp36-.Lfunc_begin5
	.short	4                               @ Loc expr size
	.byte	243                             @ DW_OP_GNU_entry_value
	.byte	1                               @ 1
	.byte	80                              @ DW_OP_reg0
	.byte	159                             @ DW_OP_stack_value
	.long	0
	.long	0
.Ldebug_loc5:
	.long	-1
	.long	.Lfunc_begin5                   @   base address
	.long	.Ltmp21-.Lfunc_begin5
	.long	.Ltmp27-.Lfunc_begin5
	.short	2                               @ Loc expr size
	.byte	48                              @ DW_OP_lit0
	.byte	159                             @ DW_OP_stack_value
	.long	.Ltmp28-.Lfunc_begin5
	.long	.Ltmp31-.Lfunc_begin5
	.short	1                               @ Loc expr size
	.byte	83                              @ DW_OP_reg3
	.long	.Ltmp34-.Lfunc_begin5
	.long	.Ltmp36-.Lfunc_begin5
	.short	1                               @ Loc expr size
	.byte	83                              @ DW_OP_reg3
	.long	0
	.long	0
.Ldebug_loc6:
	.long	-1
	.long	.Lfunc_begin5                   @   base address
	.long	.Ltmp23-.Lfunc_begin5
	.long	.Ltmp36-.Lfunc_begin5
	.short	1                               @ Loc expr size
	.byte	81                              @ DW_OP_reg1
	.long	0
	.long	0
.Ldebug_loc7:
	.long	-1
	.long	.Lfunc_begin5                   @   base address
	.long	.Ltmp25-.Lfunc_begin5
	.long	.Ltmp36-.Lfunc_begin5
	.short	1                               @ Loc expr size
	.byte	82                              @ DW_OP_reg2
	.long	0
	.long	0
.Ldebug_loc8:
	.long	-1
	.long	.Lfunc_begin5                   @   base address
	.long	.Ltmp26-.Lfunc_begin5
	.long	.Ltmp28-.Lfunc_begin5
	.short	1                               @ Loc expr size
	.byte	84                              @ DW_OP_reg4
	.long	.Ltmp28-.Lfunc_begin5
	.long	.Ltmp34-.Lfunc_begin5
	.short	1                               @ Loc expr size
	.byte	85                              @ DW_OP_reg5
	.long	.Ltmp34-.Lfunc_begin5
	.long	.Ltmp36-.Lfunc_begin5
	.short	1                               @ Loc expr size
	.byte	84                              @ DW_OP_reg4
	.long	0
	.long	0
.Ldebug_loc9:
	.long	-1
	.long	.Lfunc_begin5                   @   base address
	.long	.Ltmp29-.Lfunc_begin5
	.long	.Ltmp36-.Lfunc_begin5
	.short	1                               @ Loc expr size
	.byte	84                              @ DW_OP_reg4
	.long	0
	.long	0
	.section	.debug_abbrev,"",%progbits
	.byte	1                               @ Abbreviation Code
	.byte	17                              @ DW_TAG_compile_unit
	.byte	1                               @ DW_CHILDREN_yes
	.byte	37                              @ DW_AT_producer
	.byte	14                              @ DW_FORM_strp
	.byte	19                              @ DW_AT_language
	.byte	5                               @ DW_FORM_data2
	.byte	3                               @ DW_AT_name
	.byte	14                              @ DW_FORM_strp
	.byte	16                              @ DW_AT_stmt_list
	.byte	23                              @ DW_FORM_sec_offset
	.byte	27                              @ DW_AT_comp_dir
	.byte	14                              @ DW_FORM_strp
	.byte	17                              @ DW_AT_low_pc
	.byte	1                               @ DW_FORM_addr
	.byte	85                              @ DW_AT_ranges
	.byte	23                              @ DW_FORM_sec_offset
	.byte	0                               @ EOM(1)
	.byte	0                               @ EOM(2)
	.byte	2                               @ Abbreviation Code
	.byte	52                              @ DW_TAG_variable
	.byte	0                               @ DW_CHILDREN_no
	.byte	3                               @ DW_AT_name
	.byte	14                              @ DW_FORM_strp
	.byte	73                              @ DW_AT_type
	.byte	19                              @ DW_FORM_ref4
	.byte	58                              @ DW_AT_decl_file
	.byte	11                              @ DW_FORM_data1
	.byte	59                              @ DW_AT_decl_line
	.byte	11                              @ DW_FORM_data1
	.byte	2                               @ DW_AT_location
	.byte	24                              @ DW_FORM_exprloc
	.byte	0                               @ EOM(1)
	.byte	0                               @ EOM(2)
	.byte	3                               @ Abbreviation Code
	.byte	53                              @ DW_TAG_volatile_type
	.byte	0                               @ DW_CHILDREN_no
	.byte	73                              @ DW_AT_type
	.byte	19                              @ DW_FORM_ref4
	.byte	0                               @ EOM(1)
	.byte	0                               @ EOM(2)
	.byte	4                               @ Abbreviation Code
	.byte	22                              @ DW_TAG_typedef
	.byte	0                               @ DW_CHILDREN_no
	.byte	73                              @ DW_AT_type
	.byte	19                              @ DW_FORM_ref4
	.byte	3                               @ DW_AT_name
	.byte	14                              @ DW_FORM_strp
	.byte	58                              @ DW_AT_decl_file
	.byte	11                              @ DW_FORM_data1
	.byte	59                              @ DW_AT_decl_line
	.byte	11                              @ DW_FORM_data1
	.byte	0                               @ EOM(1)
	.byte	0                               @ EOM(2)
	.byte	5                               @ Abbreviation Code
	.byte	36                              @ DW_TAG_base_type
	.byte	0                               @ DW_CHILDREN_no
	.byte	3                               @ DW_AT_name
	.byte	14                              @ DW_FORM_strp
	.byte	62                              @ DW_AT_encoding
	.byte	11                              @ DW_FORM_data1
	.byte	11                              @ DW_AT_byte_size
	.byte	11                              @ DW_FORM_data1
	.byte	0                               @ EOM(1)
	.byte	0                               @ EOM(2)
	.byte	6                               @ Abbreviation Code
	.byte	15                              @ DW_TAG_pointer_type
	.byte	0                               @ DW_CHILDREN_no
	.byte	73                              @ DW_AT_type
	.byte	19                              @ DW_FORM_ref4
	.byte	0                               @ EOM(1)
	.byte	0                               @ EOM(2)
	.byte	7                               @ Abbreviation Code
	.byte	22                              @ DW_TAG_typedef
	.byte	0                               @ DW_CHILDREN_no
	.byte	73                              @ DW_AT_type
	.byte	19                              @ DW_FORM_ref4
	.byte	3                               @ DW_AT_name
	.byte	14                              @ DW_FORM_strp
	.byte	58                              @ DW_AT_decl_file
	.byte	11                              @ DW_FORM_data1
	.byte	59                              @ DW_AT_decl_line
	.byte	5                               @ DW_FORM_data2
	.byte	0                               @ EOM(1)
	.byte	0                               @ EOM(2)
	.byte	8                               @ Abbreviation Code
	.byte	19                              @ DW_TAG_structure_type
	.byte	1                               @ DW_CHILDREN_yes
	.byte	11                              @ DW_AT_byte_size
	.byte	11                              @ DW_FORM_data1
	.byte	58                              @ DW_AT_decl_file
	.byte	11                              @ DW_FORM_data1
	.byte	59                              @ DW_AT_decl_line
	.byte	5                               @ DW_FORM_data2
	.byte	0                               @ EOM(1)
	.byte	0                               @ EOM(2)
	.byte	9                               @ Abbreviation Code
	.byte	13                              @ DW_TAG_member
	.byte	0                               @ DW_CHILDREN_no
	.byte	3                               @ DW_AT_name
	.byte	14                              @ DW_FORM_strp
	.byte	73                              @ DW_AT_type
	.byte	19                              @ DW_FORM_ref4
	.byte	58                              @ DW_AT_decl_file
	.byte	11                              @ DW_FORM_data1
	.byte	59                              @ DW_AT_decl_line
	.byte	5                               @ DW_FORM_data2
	.byte	56                              @ DW_AT_data_member_location
	.byte	11                              @ DW_FORM_data1
	.byte	0                               @ EOM(1)
	.byte	0                               @ EOM(2)
	.byte	10                              @ Abbreviation Code
	.byte	38                              @ DW_TAG_const_type
	.byte	0                               @ DW_CHILDREN_no
	.byte	73                              @ DW_AT_type
	.byte	19                              @ DW_FORM_ref4
	.byte	0                               @ EOM(1)
	.byte	0                               @ EOM(2)
	.byte	11                              @ Abbreviation Code
	.byte	46                              @ DW_TAG_subprogram
	.byte	0                               @ DW_CHILDREN_no
	.byte	17                              @ DW_AT_low_pc
	.byte	1                               @ DW_FORM_addr
	.byte	18                              @ DW_AT_high_pc
	.byte	6                               @ DW_FORM_data4
	.byte	64                              @ DW_AT_frame_base
	.byte	24                              @ DW_FORM_exprloc
	.ascii	"\227B"                         @ DW_AT_GNU_all_call_sites
	.byte	25                              @ DW_FORM_flag_present
	.byte	3                               @ DW_AT_name
	.byte	14                              @ DW_FORM_strp
	.byte	58                              @ DW_AT_decl_file
	.byte	11                              @ DW_FORM_data1
	.byte	59                              @ DW_AT_decl_line
	.byte	11                              @ DW_FORM_data1
	.byte	39                              @ DW_AT_prototyped
	.byte	25                              @ DW_FORM_flag_present
	.byte	63                              @ DW_AT_external
	.byte	25                              @ DW_FORM_flag_present
	.byte	0                               @ EOM(1)
	.byte	0                               @ EOM(2)
	.byte	12                              @ Abbreviation Code
	.byte	46                              @ DW_TAG_subprogram
	.byte	0                               @ DW_CHILDREN_no
	.byte	17                              @ DW_AT_low_pc
	.byte	1                               @ DW_FORM_addr
	.byte	18                              @ DW_AT_high_pc
	.byte	6                               @ DW_FORM_data4
	.byte	64                              @ DW_AT_frame_base
	.byte	24                              @ DW_FORM_exprloc
	.ascii	"\227B"                         @ DW_AT_GNU_all_call_sites
	.byte	25                              @ DW_FORM_flag_present
	.byte	49                              @ DW_AT_abstract_origin
	.byte	19                              @ DW_FORM_ref4
	.byte	0                               @ EOM(1)
	.byte	0                               @ EOM(2)
	.byte	13                              @ Abbreviation Code
	.byte	46                              @ DW_TAG_subprogram
	.byte	0                               @ DW_CHILDREN_no
	.byte	3                               @ DW_AT_name
	.byte	14                              @ DW_FORM_strp
	.byte	58                              @ DW_AT_decl_file
	.byte	11                              @ DW_FORM_data1
	.byte	59                              @ DW_AT_decl_line
	.byte	11                              @ DW_FORM_data1
	.byte	39                              @ DW_AT_prototyped
	.byte	25                              @ DW_FORM_flag_present
	.byte	73                              @ DW_AT_type
	.byte	19                              @ DW_FORM_ref4
	.byte	63                              @ DW_AT_external
	.byte	25                              @ DW_FORM_flag_present
	.byte	32                              @ DW_AT_inline
	.byte	11                              @ DW_FORM_data1
	.byte	0                               @ EOM(1)
	.byte	0                               @ EOM(2)
	.byte	14                              @ Abbreviation Code
	.byte	46                              @ DW_TAG_subprogram
	.byte	1                               @ DW_CHILDREN_yes
	.byte	17                              @ DW_AT_low_pc
	.byte	1                               @ DW_FORM_addr
	.byte	18                              @ DW_AT_high_pc
	.byte	6                               @ DW_FORM_data4
	.byte	64                              @ DW_AT_frame_base
	.byte	24                              @ DW_FORM_exprloc
	.ascii	"\227B"                         @ DW_AT_GNU_all_call_sites
	.byte	25                              @ DW_FORM_flag_present
	.byte	3                               @ DW_AT_name
	.byte	14                              @ DW_FORM_strp
	.byte	58                              @ DW_AT_decl_file
	.byte	11                              @ DW_FORM_data1
	.byte	59                              @ DW_AT_decl_line
	.byte	11                              @ DW_FORM_data1
	.byte	39                              @ DW_AT_prototyped
	.byte	25                              @ DW_FORM_flag_present
	.byte	73                              @ DW_AT_type
	.byte	19                              @ DW_FORM_ref4
	.byte	63                              @ DW_AT_external
	.byte	25                              @ DW_FORM_flag_present
	.byte	0                               @ EOM(1)
	.byte	0                               @ EOM(2)
	.byte	15                              @ Abbreviation Code
	.byte	5                               @ DW_TAG_formal_parameter
	.byte	0                               @ DW_CHILDREN_no
	.byte	2                               @ DW_AT_location
	.byte	23                              @ DW_FORM_sec_offset
	.byte	3                               @ DW_AT_name
	.byte	14                              @ DW_FORM_strp
	.byte	58                              @ DW_AT_decl_file
	.byte	11                              @ DW_FORM_data1
	.byte	59                              @ DW_AT_decl_line
	.byte	11                              @ DW_FORM_data1
	.byte	73                              @ DW_AT_type
	.byte	19                              @ DW_FORM_ref4
	.byte	0                               @ EOM(1)
	.byte	0                               @ EOM(2)
	.byte	16                              @ Abbreviation Code
	.byte	52                              @ DW_TAG_variable
	.byte	0                               @ DW_CHILDREN_no
	.byte	2                               @ DW_AT_location
	.byte	23                              @ DW_FORM_sec_offset
	.byte	3                               @ DW_AT_name
	.byte	14                              @ DW_FORM_strp
	.byte	58                              @ DW_AT_decl_file
	.byte	11                              @ DW_FORM_data1
	.byte	59                              @ DW_AT_decl_line
	.byte	11                              @ DW_FORM_data1
	.byte	73                              @ DW_AT_type
	.byte	19                              @ DW_FORM_ref4
	.byte	0                               @ EOM(1)
	.byte	0                               @ EOM(2)
	.byte	17                              @ Abbreviation Code
	.byte	29                              @ DW_TAG_inlined_subroutine
	.byte	0                               @ DW_CHILDREN_no
	.byte	49                              @ DW_AT_abstract_origin
	.byte	19                              @ DW_FORM_ref4
	.byte	17                              @ DW_AT_low_pc
	.byte	1                               @ DW_FORM_addr
	.byte	18                              @ DW_AT_high_pc
	.byte	6                               @ DW_FORM_data4
	.byte	88                              @ DW_AT_call_file
	.byte	11                              @ DW_FORM_data1
	.byte	89                              @ DW_AT_call_line
	.byte	11                              @ DW_FORM_data1
	.byte	87                              @ DW_AT_call_column
	.byte	11                              @ DW_FORM_data1
	.byte	0                               @ EOM(1)
	.byte	0                               @ EOM(2)
	.byte	18                              @ Abbreviation Code
	.byte	46                              @ DW_TAG_subprogram
	.byte	1                               @ DW_CHILDREN_yes
	.byte	17                              @ DW_AT_low_pc
	.byte	1                               @ DW_FORM_addr
	.byte	18                              @ DW_AT_high_pc
	.byte	6                               @ DW_FORM_data4
	.byte	64                              @ DW_AT_frame_base
	.byte	24                              @ DW_FORM_exprloc
	.ascii	"\227B"                         @ DW_AT_GNU_all_call_sites
	.byte	25                              @ DW_FORM_flag_present
	.byte	3                               @ DW_AT_name
	.byte	14                              @ DW_FORM_strp
	.byte	58                              @ DW_AT_decl_file
	.byte	11                              @ DW_FORM_data1
	.byte	59                              @ DW_AT_decl_line
	.byte	11                              @ DW_FORM_data1
	.byte	39                              @ DW_AT_prototyped
	.byte	25                              @ DW_FORM_flag_present
	.byte	63                              @ DW_AT_external
	.byte	25                              @ DW_FORM_flag_present
	.byte	0                               @ EOM(1)
	.byte	0                               @ EOM(2)
	.byte	0                               @ EOM(3)
	.section	.debug_info,"",%progbits
.Lcu_begin0:
	.long	.Ldebug_info_end0-.Ldebug_info_start0 @ Length of Unit
.Ldebug_info_start0:
	.short	4                               @ DWARF version number
	.long	.debug_abbrev                   @ Offset Into Abbrev. Section
	.byte	4                               @ Address Size (in bytes)
	.byte	1                               @ Abbrev [1] 0xb:0x1e1 DW_TAG_compile_unit
	.long	.Linfo_string0                  @ DW_AT_producer
	.short	12                              @ DW_AT_language
	.long	.Linfo_string1                  @ DW_AT_name
	.long	.Lline_table_start0             @ DW_AT_stmt_list
	.long	.Linfo_string2                  @ DW_AT_comp_dir
	.long	0                               @ DW_AT_low_pc
	.long	.Ldebug_ranges0                 @ DW_AT_ranges
	.byte	2                               @ Abbrev [2] 0x26:0x11 DW_TAG_variable
	.long	.Linfo_string3                  @ DW_AT_name
	.long	55                              @ DW_AT_type
	.byte	2                               @ DW_AT_decl_file
	.byte	25                              @ DW_AT_decl_line
	.byte	5                               @ DW_AT_location
	.byte	3
	.long	systick_count
	.byte	3                               @ Abbrev [3] 0x37:0x5 DW_TAG_volatile_type
	.long	60                              @ DW_AT_type
	.byte	4                               @ Abbrev [4] 0x3c:0xb DW_TAG_typedef
	.long	71                              @ DW_AT_type
	.long	.Linfo_string5                  @ DW_AT_name
	.byte	1                               @ DW_AT_decl_file
	.byte	64                              @ DW_AT_decl_line
	.byte	5                               @ Abbrev [5] 0x47:0x7 DW_TAG_base_type
	.long	.Linfo_string4                  @ DW_AT_name
	.byte	7                               @ DW_AT_encoding
	.byte	4                               @ DW_AT_byte_size
	.byte	6                               @ Abbrev [6] 0x4e:0x5 DW_TAG_pointer_type
	.long	83                              @ DW_AT_type
	.byte	7                               @ Abbrev [7] 0x53:0xc DW_TAG_typedef
	.long	95                              @ DW_AT_type
	.long	.Linfo_string10                 @ DW_AT_name
	.byte	3                               @ DW_AT_decl_file
	.short	444                             @ DW_AT_decl_line
	.byte	8                               @ Abbrev [8] 0x5f:0x3a DW_TAG_structure_type
	.byte	16                              @ DW_AT_byte_size
	.byte	3                               @ DW_AT_decl_file
	.short	438                             @ DW_AT_decl_line
	.byte	9                               @ Abbrev [9] 0x64:0xd DW_TAG_member
	.long	.Linfo_string6                  @ DW_AT_name
	.long	55                              @ DW_AT_type
	.byte	3                               @ DW_AT_decl_file
	.short	440                             @ DW_AT_decl_line
	.byte	0                               @ DW_AT_data_member_location
	.byte	9                               @ Abbrev [9] 0x71:0xd DW_TAG_member
	.long	.Linfo_string7                  @ DW_AT_name
	.long	55                              @ DW_AT_type
	.byte	3                               @ DW_AT_decl_file
	.short	441                             @ DW_AT_decl_line
	.byte	4                               @ DW_AT_data_member_location
	.byte	9                               @ Abbrev [9] 0x7e:0xd DW_TAG_member
	.long	.Linfo_string8                  @ DW_AT_name
	.long	55                              @ DW_AT_type
	.byte	3                               @ DW_AT_decl_file
	.short	442                             @ DW_AT_decl_line
	.byte	8                               @ DW_AT_data_member_location
	.byte	9                               @ Abbrev [9] 0x8b:0xd DW_TAG_member
	.long	.Linfo_string9                  @ DW_AT_name
	.long	153                             @ DW_AT_type
	.byte	3                               @ DW_AT_decl_file
	.short	443                             @ DW_AT_decl_line
	.byte	12                              @ DW_AT_data_member_location
	.byte	0                               @ End Of Children Mark
	.byte	10                              @ Abbrev [10] 0x99:0x5 DW_TAG_const_type
	.long	55                              @ DW_AT_type
	.byte	11                              @ Abbrev [11] 0x9e:0x11 DW_TAG_subprogram
	.long	.Lfunc_begin0                   @ DW_AT_low_pc
	.long	.Lfunc_end0-.Lfunc_begin0       @ DW_AT_high_pc
	.byte	1                               @ DW_AT_frame_base
	.byte	93
                                        @ DW_AT_GNU_all_call_sites
	.long	.Linfo_string12                 @ DW_AT_name
	.byte	2                               @ DW_AT_decl_file
	.byte	36                              @ DW_AT_decl_line
                                        @ DW_AT_prototyped
                                        @ DW_AT_external
	.byte	11                              @ Abbrev [11] 0xaf:0x11 DW_TAG_subprogram
	.long	.Lfunc_begin1                   @ DW_AT_low_pc
	.long	.Lfunc_end1-.Lfunc_begin1       @ DW_AT_high_pc
	.byte	1                               @ DW_AT_frame_base
	.byte	93
                                        @ DW_AT_GNU_all_call_sites
	.long	.Linfo_string13                 @ DW_AT_name
	.byte	2                               @ DW_AT_decl_file
	.byte	47                              @ DW_AT_decl_line
                                        @ DW_AT_prototyped
                                        @ DW_AT_external
	.byte	12                              @ Abbrev [12] 0xc0:0xf DW_TAG_subprogram
	.long	.Lfunc_begin2                   @ DW_AT_low_pc
	.long	.Lfunc_end2-.Lfunc_begin2       @ DW_AT_high_pc
	.byte	1                               @ DW_AT_frame_base
	.byte	93
                                        @ DW_AT_GNU_all_call_sites
	.long	207                             @ DW_AT_abstract_origin
	.byte	13                              @ Abbrev [13] 0xcf:0xc DW_TAG_subprogram
	.long	.Linfo_string11                 @ DW_AT_name
	.byte	2                               @ DW_AT_decl_file
	.byte	62                              @ DW_AT_decl_line
                                        @ DW_AT_prototyped
	.long	60                              @ DW_AT_type
                                        @ DW_AT_external
	.byte	1                               @ DW_AT_inline
	.byte	14                              @ Abbrev [14] 0xdb:0x64 DW_TAG_subprogram
	.long	.Lfunc_begin3                   @ DW_AT_low_pc
	.long	.Lfunc_end3-.Lfunc_begin3       @ DW_AT_high_pc
	.byte	1                               @ DW_AT_frame_base
	.byte	93
                                        @ DW_AT_GNU_all_call_sites
	.long	.Linfo_string14                 @ DW_AT_name
	.byte	2                               @ DW_AT_decl_file
	.byte	74                              @ DW_AT_decl_line
                                        @ DW_AT_prototyped
	.long	60                              @ DW_AT_type
                                        @ DW_AT_external
	.byte	15                              @ Abbrev [15] 0xf0:0xf DW_TAG_formal_parameter
	.long	.Ldebug_loc0                    @ DW_AT_location
	.long	.Linfo_string17                 @ DW_AT_name
	.byte	2                               @ DW_AT_decl_file
	.byte	74                              @ DW_AT_decl_line
	.long	60                              @ DW_AT_type
	.byte	16                              @ Abbrev [16] 0xff:0xf DW_TAG_variable
	.long	.Ldebug_loc1                    @ DW_AT_location
	.long	.Linfo_string18                 @ DW_AT_name
	.byte	2                               @ DW_AT_decl_file
	.byte	76                              @ DW_AT_decl_line
	.long	60                              @ DW_AT_type
	.byte	17                              @ Abbrev [17] 0x10e:0x10 DW_TAG_inlined_subroutine
	.long	207                             @ DW_AT_abstract_origin
	.long	.Lfunc_begin3                   @ DW_AT_low_pc
	.long	.Ltmp5-.Lfunc_begin3            @ DW_AT_high_pc
	.byte	2                               @ DW_AT_call_file
	.byte	78                              @ DW_AT_call_line
	.byte	9                               @ DW_AT_call_column
	.byte	17                              @ Abbrev [17] 0x11e:0x10 DW_TAG_inlined_subroutine
	.long	207                             @ DW_AT_abstract_origin
	.long	.Ltmp7                          @ DW_AT_low_pc
	.long	.Ltmp8-.Ltmp7                   @ DW_AT_high_pc
	.byte	2                               @ DW_AT_call_file
	.byte	85                              @ DW_AT_call_line
	.byte	47                              @ DW_AT_call_column
	.byte	17                              @ Abbrev [17] 0x12e:0x10 DW_TAG_inlined_subroutine
	.long	207                             @ DW_AT_abstract_origin
	.long	.Ltmp10                         @ DW_AT_low_pc
	.long	.Ltmp11-.Ltmp10                 @ DW_AT_high_pc
	.byte	2                               @ DW_AT_call_file
	.byte	80                              @ DW_AT_call_line
	.byte	21                              @ DW_AT_call_column
	.byte	0                               @ End Of Children Mark
	.byte	18                              @ Abbrev [18] 0x13f:0x40 DW_TAG_subprogram
	.long	.Lfunc_begin4                   @ DW_AT_low_pc
	.long	.Lfunc_end4-.Lfunc_begin4       @ DW_AT_high_pc
	.byte	1                               @ DW_AT_frame_base
	.byte	93
                                        @ DW_AT_GNU_all_call_sites
	.long	.Linfo_string15                 @ DW_AT_name
	.byte	2                               @ DW_AT_decl_file
	.byte	98                              @ DW_AT_decl_line
                                        @ DW_AT_prototyped
                                        @ DW_AT_external
	.byte	15                              @ Abbrev [15] 0x150:0xf DW_TAG_formal_parameter
	.long	.Ldebug_loc2                    @ DW_AT_location
	.long	.Linfo_string19                 @ DW_AT_name
	.byte	2                               @ DW_AT_decl_file
	.byte	98                              @ DW_AT_decl_line
	.long	60                              @ DW_AT_type
	.byte	16                              @ Abbrev [16] 0x15f:0xf DW_TAG_variable
	.long	.Ldebug_loc3                    @ DW_AT_location
	.long	.Linfo_string20                 @ DW_AT_name
	.byte	2                               @ DW_AT_decl_file
	.byte	101                             @ DW_AT_decl_line
	.long	60                              @ DW_AT_type
	.byte	17                              @ Abbrev [17] 0x16e:0x10 DW_TAG_inlined_subroutine
	.long	207                             @ DW_AT_abstract_origin
	.long	.Ltmp15                         @ DW_AT_low_pc
	.long	.Ltmp16-.Ltmp15                 @ DW_AT_high_pc
	.byte	2                               @ DW_AT_call_file
	.byte	101                             @ DW_AT_call_line
	.byte	31                              @ DW_AT_call_column
	.byte	0                               @ End Of Children Mark
	.byte	18                              @ Abbrev [18] 0x17f:0x6c DW_TAG_subprogram
	.long	.Lfunc_begin5                   @ DW_AT_low_pc
	.long	.Lfunc_end5-.Lfunc_begin5       @ DW_AT_high_pc
	.byte	1                               @ DW_AT_frame_base
	.byte	93
                                        @ DW_AT_GNU_all_call_sites
	.long	.Linfo_string16                 @ DW_AT_name
	.byte	2                               @ DW_AT_decl_file
	.byte	114                             @ DW_AT_decl_line
                                        @ DW_AT_prototyped
                                        @ DW_AT_external
	.byte	15                              @ Abbrev [15] 0x190:0xf DW_TAG_formal_parameter
	.long	.Ldebug_loc4                    @ DW_AT_location
	.long	.Linfo_string21                 @ DW_AT_name
	.byte	2                               @ DW_AT_decl_file
	.byte	114                             @ DW_AT_decl_line
	.long	60                              @ DW_AT_type
	.byte	16                              @ Abbrev [16] 0x19f:0xf DW_TAG_variable
	.long	.Ldebug_loc5                    @ DW_AT_location
	.long	.Linfo_string22                 @ DW_AT_name
	.byte	2                               @ DW_AT_decl_file
	.byte	119                             @ DW_AT_decl_line
	.long	60                              @ DW_AT_type
	.byte	16                              @ Abbrev [16] 0x1ae:0xf DW_TAG_variable
	.long	.Ldebug_loc6                    @ DW_AT_location
	.long	.Linfo_string23                 @ DW_AT_name
	.byte	2                               @ DW_AT_decl_file
	.byte	116                             @ DW_AT_decl_line
	.long	60                              @ DW_AT_type
	.byte	16                              @ Abbrev [16] 0x1bd:0xf DW_TAG_variable
	.long	.Ldebug_loc7                    @ DW_AT_location
	.long	.Linfo_string24                 @ DW_AT_name
	.byte	2                               @ DW_AT_decl_file
	.byte	120                             @ DW_AT_decl_line
	.long	60                              @ DW_AT_type
	.byte	16                              @ Abbrev [16] 0x1cc:0xf DW_TAG_variable
	.long	.Ldebug_loc8                    @ DW_AT_location
	.long	.Linfo_string25                 @ DW_AT_name
	.byte	2                               @ DW_AT_decl_file
	.byte	117                             @ DW_AT_decl_line
	.long	60                              @ DW_AT_type
	.byte	16                              @ Abbrev [16] 0x1db:0xf DW_TAG_variable
	.long	.Ldebug_loc9                    @ DW_AT_location
	.long	.Linfo_string26                 @ DW_AT_name
	.byte	2                               @ DW_AT_decl_file
	.byte	118                             @ DW_AT_decl_line
	.long	60                              @ DW_AT_type
	.byte	0                               @ End Of Children Mark
	.byte	0                               @ End Of Children Mark
.Ldebug_info_end0:
	.section	.debug_ranges,"",%progbits
.Ldebug_ranges0:
	.long	.Lfunc_begin0
	.long	.Lfunc_end0
	.long	.Lfunc_begin1
	.long	.Lfunc_end1
	.long	.Lfunc_begin2
	.long	.Lfunc_end2
	.long	.Lfunc_begin3
	.long	.Lfunc_end3
	.long	.Lfunc_begin4
	.long	.Lfunc_end4
	.long	.Lfunc_begin5
	.long	.Lfunc_end5
	.long	0
	.long	0
	.section	.debug_str,"MS",%progbits,1
.Linfo_string0:
	.asciz	"Component: Arm Compiler for Embedded 6.21 Tool: armclang [5ec1fd00]" @ string offset=0
.Linfo_string1:
	.asciz	"../../../../../platform/pal\\pal_systick.c" @ string offset=68
.Linfo_string2:
	.asciz	"C:\\baidunetdiskdownload\\\346\263\260\347\237\275\345\276\256\\\346\260\233\345\233\264\347\201\257\\TCPL0X_AUTO_SDK_V2.0.0\\TCPL0X_AUTO_SDK_V2.0.0\\examples\\tcpl04x\\demo_apps\\tcpl04b_swsc_lean\\MDK" @ string offset=110
.Linfo_string3:
	.asciz	"systick_count"                 @ string offset=249
.Linfo_string4:
	.asciz	"unsigned int"                  @ string offset=263
.Linfo_string5:
	.asciz	"uint32_t"                      @ string offset=276
.Linfo_string6:
	.asciz	"CTRL"                          @ string offset=285
.Linfo_string7:
	.asciz	"LOAD"                          @ string offset=290
.Linfo_string8:
	.asciz	"VAL"                           @ string offset=295
.Linfo_string9:
	.asciz	"CALIB"                         @ string offset=299
.Linfo_string10:
	.asciz	"SysTick_Type"                  @ string offset=305
.Linfo_string11:
	.asciz	"systick_count_get"             @ string offset=318
.Linfo_string12:
	.asciz	"os_task_update"                @ string offset=336
.Linfo_string13:
	.asciz	"SysTick_Handler"               @ string offset=351
.Linfo_string14:
	.asciz	"systick_diff"                  @ string offset=367
.Linfo_string15:
	.asciz	"delay_ms"                      @ string offset=380
.Linfo_string16:
	.asciz	"delay_us"                      @ string offset=389
.Linfo_string17:
	.asciz	"start_tick"                    @ string offset=398
.Linfo_string18:
	.asciz	"tick_diff"                     @ string offset=409
.Linfo_string19:
	.asciz	"ms"                            @ string offset=419
.Linfo_string20:
	.asciz	"curret_systick"                @ string offset=422
.Linfo_string21:
	.asciz	"us"                            @ string offset=437
.Linfo_string22:
	.asciz	"tcnt"                          @ string offset=440
.Linfo_string23:
	.asciz	"ticks"                         @ string offset=445
.Linfo_string24:
	.asciz	"reload"                        @ string offset=451
.Linfo_string25:
	.asciz	"told"                          @ string offset=458
.Linfo_string26:
	.asciz	"tnow"                          @ string offset=463
	.ident	"Component: Arm Compiler for Embedded 6.21 Tool: armclang [5ec1fd00]"
	.section	".note.GNU-stack","",%progbits
	.eabi_attribute	30, 4	@ Tag_ABI_optimization_goals
	.ARM_attribute	16, 1	@ Tag_AV_eba
	.section	.debug_line,"",%progbits
.Lline_table_start0:
