


ARM Macro Assembler    Page 1 


    1 00000000         ;
    2 00000000         ;*******************************************************
                       **********************
    3 00000000         ; @brief   startup_tcpl04x.s  file.
    4 00000000         ;
    5 00000000         ; @file    startup_tcpl04x.s
    6 00000000         ; @author  AE/FAE team
    7 00000000         ; @date    2024.01.01
    8 00000000         ;*******************************************************
                       ***********************
    9 00000000         ;
   10 00000000         ; THE PRESENT FIRMWARE WHICH IS FOR GUIDANCE ONLY AIMS A
                       T PROVIDING CUSTOMERS
   11 00000000         ; WITH CODING INFORMATION REGARDING THEIR PRODUCTS IN OR
                       DER FOR THEM TO SAVE
   12 00000000         ; TIME. AS A RESULT, TINYCHIP SHALL NOT BE HELD LIABLE F
                       OR ANY
   13 00000000         ; DIRECT, INDIRECT OR CONSEQUENTIAL DAMAGES WITH RESPECT
                        TO ANY CLAIMS ARISING
   14 00000000         ; FROM THE CONTENT OF SUCH FIRMWARE AND/OR THE USE MADE 
                       BY CUSTOMERS OF THE
   15 00000000         ; CODING INFORMATION CONTAINED HEREIN IN CONNECTION WITH
                        THEIR PRODUCTS.
   16 00000000         ;
   17 00000000         ; <b>&copy; Copyright (c) 2024 Tinychip Microelectronics
                        Co.,Ltd.</b>
   18 00000000         ;
   19 00000000         ; ******************************************************
                       ***********************
   20 00000000         
   21 00000000         ; Amount of memory (in bytes) allocated for Stack
   22 00000000         ; Tailor this value to your application needs
   23 00000000         ; <h> Stack Configuration
   24 00000000         ;   <o> Stack Size (in Bytes) <0x0-0xFFFFFFFF:8>
   25 00000000         ; </h>
   26 00000000                 IF               :DEF:STACK_SIZE
   29 00000000 00000400 
                       Stack_Size
                               EQU              0x400
   30 00000000                 ENDIF
   31 00000000         
   32 00000000                 AREA             STACK, NOINIT, READWRITE, ALIGN
=3
   33 00000000         Stack_Mem
                               SPACE            Stack_Size
   34 00000400         __initial_sp
   35 00000400         
   36 00000400         
   37 00000400         ; <h> Heap Configuration
   38 00000400         ;   <o>  Heap Size (in Bytes) <0x0-0xFFFFFFFF:8>
   39 00000400         ; </h>
   40 00000400         
   41 00000400 00000000 
                       Heap_Size
                               EQU              0x00
   42 00000400         
   43 00000400                 AREA             HEAP, NOINIT, READWRITE, ALIGN=
3
   44 00000000         __heap_base



ARM Macro Assembler    Page 2 


   45 00000000         Heap_Mem
                               SPACE            Heap_Size
   46 00000000         __heap_limit
   47 00000000         
   48 00000000                 PRESERVE8
   49 00000000                 THUMB
   50 00000000         
   51 00000000         ; Vector Table Mapped to Address 0 at Reset
   52 00000000                 AREA             RESET, DATA, READONLY
   53 00000000                 EXPORT           __Vectors
   54 00000000                 EXPORT           __Vectors_End
   55 00000000                 EXPORT           __Vectors_Size
   56 00000000         
   57 00000000 00000000 
                       __Vectors
                               DCD              __initial_sp ; Top of Stack
   58 00000004 00000000        DCD              Reset_Handler ; Reset
   59 00000008 00000000        DCD              NMI_Handler ; NMI
   60 0000000C 00000000        DCD              HardFault_Handler ; Hard Fault
   61 00000010 00000000        DCD              0           ; Reserved
   62 00000014 00000000        DCD              0           ; Reserved
   63 00000018 00000000        DCD              0           ; Reserved
   64 0000001C 00000000        DCD              0           ; Reserved
   65 00000020 00000000        DCD              0           ; Reserved
   66 00000024 00000000        DCD              0           ; Reserved
   67 00000028 00000000        DCD              0           ; Reserved
   68 0000002C 00000000        DCD              SVC_Handler ; SVCall
   69 00000030 00000000        DCD              0           ; Reserved
   70 00000034 00000000        DCD              0           ; Reserved
   71 00000038 00000000        DCD              PendSV_Handler ; PendSV
   72 0000003C 00000000        DCD              SysTick_Handler ; SysTick
   73 00000040         ; External Interrupts
   74 00000040 00000000        DCD              FLASH_IRQHandler ;
   75 00000044 00000000        DCD              ADC_IRQHandler ;
   76 00000048 00000000        DCD              PWM_IRQHandler ;
   77 0000004C 00000000        DCD              TIMER_IRQHandler ;
   78 00000050 00000000        DCD              IWDG_IRQHandler ;
   79 00000054 00000000        DCD              SCI_IRQHandler ;
   80 00000058 00000000        DCD              AON_IRQHandler ;
   81 0000005C 00000000        DCD              GPIO_IRQHandler ;
   82 00000060 00000000        DCD              RESERVED_S_IRQHandler ;
   83 00000064 00000000        DCD              RESERVED_T_IRQHandler ;
   84 00000068 00000000        DCD              UART_IRQHandler ;
   85 0000006C 00 00 00 
              00 00 00 
              00 00 00 
              00 00 00 
              00 00 00 
              00 00 00 
              00 00 00 
              00 00 00 
              00 00 00 
              00 00 00 
              00 00 00 
              00 00 00 
              00 00 00 
              00 00 00 
              00 00 00 
              00 00 00 



ARM Macro Assembler    Page 3 


              00 00 00 
              00 00 00 
              00 00 00 
              00 00 00 
              00 00 00 
              00 00 00 
              00 00 00 
              00 00 00 
              00 00 00 
              00 00 00 
              00 00 00 
              00 00 00         SPACE            ( 21 * 4)   ; Interrupts 11 .. 
                                                            31 are left out
   86 000000C0         
   87 000000C0         __Vectors_End
   88 000000C0         
   89 000000C0 000000C0 
                       __Vectors_Size
                               EQU              __Vectors_End - __Vectors
   90 000000C0         
   91 000000C0                 AREA             |.text|, CODE, READONLY
   92 00000000         
   93 00000000         ; Reset handler routine
   94 00000000         Reset_Handler
                               PROC
   95 00000000                 EXPORT           Reset_Handler                 [
WEAK]
   96 00000000                 IMPORT           TcMain
   97 00000000                 IMPORT           SystemInit
   98 00000000                 IMPORT           |Image$$RW_IRAM1$$ZI$$Base|
   99 00000000                 IMPORT           |Image$$RW_IRAM1$$ZI$$Limit|
  100 00000000         ;interrupt disable
  101 00000000 B672            CPSID            I
  102 00000002         ;stack space zero init
  103 00000002 2000            MOVS             R0, #0
  104 00000004 4907            LDR              R1, =|Image$$RW_IRAM1$$ZI$$Base
|
  105 00000006 4A08            LDR              R2, =|Image$$RW_IRAM1$$ZI$$Limi
t|
  106 00000008         FillZero
  107 00000008 6008            STR              R0, [R1, #0]
  108 0000000A 1D09            ADDS             R1, R1, #4
  109 0000000C 4291            CMP              R1, R2
  110 0000000E D3FB            BCC              FillZero
  111 00000010         
  112 00000010 4806            LDR              R0, =SystemInit
  113 00000012 4780            BLX              R0
  114 00000014 4806            LDR              R0, =TcMain
  115 00000016 4700            BX               R0
  116 00000018                 ENDP
  117 00000018         
  118 00000018         ; Dummy Exception Handlers (infinite loops which can be 
                       modified)
  119 00000018         
  120 00000018         NMI_Handler
                               PROC
  121 00000018                 EXPORT           NMI_Handler                    
[WEAK]
  122 00000018 E7FE            B                .



ARM Macro Assembler    Page 4 


  123 0000001A                 ENDP
  125 0000001A         HardFault_Handler
                               PROC
  126 0000001A                 EXPORT           HardFault_Handler              
[WEAK]
  127 0000001A E7FE            B                .
  128 0000001C                 ENDP
  129 0000001C         SVC_Handler
                               PROC
  130 0000001C                 EXPORT           SVC_Handler                    
[WEAK]
  131 0000001C E7FE            B                .
  132 0000001E                 ENDP
  133 0000001E         PendSV_Handler
                               PROC
  134 0000001E                 EXPORT           PendSV_Handler                 
[WEAK]
  135 0000001E E7FE            B                .
  136 00000020                 ENDP
  137 00000020         SysTick_Handler
                               PROC
  138 00000020                 EXPORT           SysTick_Handler                
[WEAK]
  139 00000020 E7FE            B                .
  140 00000022                 ENDP
  141 00000022         Default_Handler
                               PROC
  142 00000022                 EXPORT           FLASH_IRQHandler               
[WEAK]
  143 00000022                 EXPORT           ADC_IRQHandler                 
 [WEAK]
  144 00000022                 EXPORT           PWM_IRQHandler                 
 [WEAK]
  145 00000022                 EXPORT           TIMER_IRQHandler               
 [WEAK]
  146 00000022                 EXPORT           IWDG_IRQHandler                
 [WEAK]
  147 00000022                 EXPORT           SCI_IRQHandler                 
 [WEAK]
  148 00000022                 EXPORT           AON_IRQHandler                 
 [WEAK]
  149 00000022                 EXPORT           GPIO_IRQHandler                
 [WEAK]
  150 00000022                 EXPORT           RESERVED_S_IRQHandler          
 [WEAK]
  151 00000022                 EXPORT           RESERVED_T_IRQHandler          
 [WEAK]
  152 00000022                 EXPORT           UART_IRQHandler                
 [WEAK]
  153 00000022         
  154 00000022         FLASH_IRQHandler
  155 00000022         ADC_IRQHandler
  156 00000022         PWM_IRQHandler
  157 00000022         TIMER_IRQHandler
  158 00000022         IWDG_IRQHandler
  159 00000022         SCI_IRQHandler
  160 00000022         AON_IRQHandler
  161 00000022         GPIO_IRQHandler
  162 00000022         RESERVED_S_IRQHandler



ARM Macro Assembler    Page 5 


  163 00000022         RESERVED_T_IRQHandler
  164 00000022         UART_IRQHandler
  165 00000022 E7FE            B                .
  166 00000024                 ENDP
  167 00000024         
  168 00000024                 ALIGN
  169 00000024         
  170 00000024         ;*******************************************************
                       ************************
  171 00000024         ; User Stack and Heap initialization
  172 00000024         ;*******************************************************
                       ************************
  173 00000024                 IF               :DEF:__MICROLIB
  174 00000024         
  175 00000024                 EXPORT           __initial_sp
  176 00000024                 EXPORT           __heap_base
  177 00000024                 EXPORT           __heap_limit
  178 00000024         
  179 00000024                 ELSE
  194                          ENDIF
  195 00000024         
  196 00000024                 END
              00000000 
              00000000 
              00000000 
              00000000 
Command Line: --debug --xref --diag_suppress=9931,A1950W --cpu=Cortex-M0 --depe
nd=..\build\objects\boot\startup_tcpl04x.d -o..\build\objects\boot\startup_tcpl
04x.o -I.\01_ASW\01_Integration -I.\01_ASW\02_Swc_Lighting -I.\01_ASW\03_Swc_Di
agnostic -I.\01_ASW\04_Algorithm -I.\02_RTE -I.\03_BSW_UDS -I.\04_BSW_COM -I.\0
5_BSW_NVM -I.\06_BSW_DEM -I.\07_BSW_SYSTEM -I.\08_BSW_ECUAL -I.\09_MCAL -I.\10_
Device -I.\11_Vendor_SDK -I.\12_Config -I.\13_Common -IC:\Users\GenhuaYang\AppD
ata\Local\Arm\Packs\TinyChip\TCxx_DFP\1.2.1\Device\Include --predefine="__MICRO
LIB SETA 1" --predefine="__UVISION_VERSION SETA 539" --list=..\build\listings\b
oot\startup_tcpl04x.lst 10_Device\startup_tcpl04x.s



ARM Macro Assembler    Page 1 Alphabetic symbol ordering
Relocatable symbols

STACK 00000000

Symbol: STACK
   Definitions
      At line 32 in file 10_Device\startup_tcpl04x.s
   Uses
      None
Comment: STACK unused
Stack_Mem 00000000

Symbol: Stack_Mem
   Definitions
      At line 33 in file 10_Device\startup_tcpl04x.s
   Uses
      None
Comment: Stack_Mem unused
__initial_sp 00000400

Symbol: __initial_sp
   Definitions
      At line 34 in file 10_Device\startup_tcpl04x.s
   Uses
      At line 57 in file 10_Device\startup_tcpl04x.s
      At line 175 in file 10_Device\startup_tcpl04x.s

3 symbols



ARM Macro Assembler    Page 1 Alphabetic symbol ordering
Relocatable symbols

HEAP 00000000

Symbol: HEAP
   Definitions
      At line 43 in file 10_Device\startup_tcpl04x.s
   Uses
      None
Comment: HEAP unused
Heap_Mem 00000000

Symbol: Heap_Mem
   Definitions
      At line 45 in file 10_Device\startup_tcpl04x.s
   Uses
      None
Comment: Heap_Mem unused
__heap_base 00000000

Symbol: __heap_base
   Definitions
      At line 44 in file 10_Device\startup_tcpl04x.s
   Uses
      At line 176 in file 10_Device\startup_tcpl04x.s
Comment: __heap_base used once
__heap_limit 00000000

Symbol: __heap_limit
   Definitions
      At line 46 in file 10_Device\startup_tcpl04x.s
   Uses
      At line 177 in file 10_Device\startup_tcpl04x.s
Comment: __heap_limit used once
4 symbols



ARM Macro Assembler    Page 1 Alphabetic symbol ordering
Relocatable symbols

RESET 00000000

Symbol: RESET
   Definitions
      At line 52 in file 10_Device\startup_tcpl04x.s
   Uses
      None
Comment: RESET unused
__Vectors 00000000

Symbol: __Vectors
   Definitions
      At line 57 in file 10_Device\startup_tcpl04x.s
   Uses
      At line 53 in file 10_Device\startup_tcpl04x.s
      At line 89 in file 10_Device\startup_tcpl04x.s

__Vectors_End 000000C0

Symbol: __Vectors_End
   Definitions
      At line 87 in file 10_Device\startup_tcpl04x.s
   Uses
      At line 54 in file 10_Device\startup_tcpl04x.s
      At line 89 in file 10_Device\startup_tcpl04x.s

3 symbols



ARM Macro Assembler    Page 1 Alphabetic symbol ordering
Relocatable symbols

.text 00000000

Symbol: .text
   Definitions
      At line 91 in file 10_Device\startup_tcpl04x.s
   Uses
      None
Comment: .text unused
ADC_IRQHandler 00000022

Symbol: ADC_IRQHandler
   Definitions
      At line 155 in file 10_Device\startup_tcpl04x.s
   Uses
      At line 75 in file 10_Device\startup_tcpl04x.s
      At line 143 in file 10_Device\startup_tcpl04x.s

AON_IRQHandler 00000022

Symbol: AON_IRQHandler
   Definitions
      At line 160 in file 10_Device\startup_tcpl04x.s
   Uses
      At line 80 in file 10_Device\startup_tcpl04x.s
      At line 148 in file 10_Device\startup_tcpl04x.s

Default_Handler 00000022

Symbol: Default_Handler
   Definitions
      At line 141 in file 10_Device\startup_tcpl04x.s
   Uses
      None
Comment: Default_Handler unused
FLASH_IRQHandler 00000022

Symbol: FLASH_IRQHandler
   Definitions
      At line 154 in file 10_Device\startup_tcpl04x.s
   Uses
      At line 74 in file 10_Device\startup_tcpl04x.s
      At line 142 in file 10_Device\startup_tcpl04x.s

FillZero 00000008

Symbol: FillZero
   Definitions
      At line 106 in file 10_Device\startup_tcpl04x.s
   Uses
      At line 110 in file 10_Device\startup_tcpl04x.s
Comment: FillZero used once
GPIO_IRQHandler 00000022

Symbol: GPIO_IRQHandler
   Definitions
      At line 161 in file 10_Device\startup_tcpl04x.s
   Uses
      At line 81 in file 10_Device\startup_tcpl04x.s
      At line 149 in file 10_Device\startup_tcpl04x.s



ARM Macro Assembler    Page 2 Alphabetic symbol ordering
Relocatable symbols


HardFault_Handler 0000001A

Symbol: HardFault_Handler
   Definitions
      At line 125 in file 10_Device\startup_tcpl04x.s
   Uses
      At line 60 in file 10_Device\startup_tcpl04x.s
      At line 126 in file 10_Device\startup_tcpl04x.s

IWDG_IRQHandler 00000022

Symbol: IWDG_IRQHandler
   Definitions
      At line 158 in file 10_Device\startup_tcpl04x.s
   Uses
      At line 78 in file 10_Device\startup_tcpl04x.s
      At line 146 in file 10_Device\startup_tcpl04x.s

NMI_Handler 00000018

Symbol: NMI_Handler
   Definitions
      At line 120 in file 10_Device\startup_tcpl04x.s
   Uses
      At line 59 in file 10_Device\startup_tcpl04x.s
      At line 121 in file 10_Device\startup_tcpl04x.s

PWM_IRQHandler 00000022

Symbol: PWM_IRQHandler
   Definitions
      At line 156 in file 10_Device\startup_tcpl04x.s
   Uses
      At line 76 in file 10_Device\startup_tcpl04x.s
      At line 144 in file 10_Device\startup_tcpl04x.s

PendSV_Handler 0000001E

Symbol: PendSV_Handler
   Definitions
      At line 133 in file 10_Device\startup_tcpl04x.s
   Uses
      At line 71 in file 10_Device\startup_tcpl04x.s
      At line 134 in file 10_Device\startup_tcpl04x.s

RESERVED_S_IRQHandler 00000022

Symbol: RESERVED_S_IRQHandler
   Definitions
      At line 162 in file 10_Device\startup_tcpl04x.s
   Uses
      At line 82 in file 10_Device\startup_tcpl04x.s
      At line 150 in file 10_Device\startup_tcpl04x.s

RESERVED_T_IRQHandler 00000022

Symbol: RESERVED_T_IRQHandler
   Definitions



ARM Macro Assembler    Page 3 Alphabetic symbol ordering
Relocatable symbols

      At line 163 in file 10_Device\startup_tcpl04x.s
   Uses
      At line 83 in file 10_Device\startup_tcpl04x.s
      At line 151 in file 10_Device\startup_tcpl04x.s

Reset_Handler 00000000

Symbol: Reset_Handler
   Definitions
      At line 94 in file 10_Device\startup_tcpl04x.s
   Uses
      At line 58 in file 10_Device\startup_tcpl04x.s
      At line 95 in file 10_Device\startup_tcpl04x.s

SCI_IRQHandler 00000022

Symbol: SCI_IRQHandler
   Definitions
      At line 159 in file 10_Device\startup_tcpl04x.s
   Uses
      At line 79 in file 10_Device\startup_tcpl04x.s
      At line 147 in file 10_Device\startup_tcpl04x.s

SVC_Handler 0000001C

Symbol: SVC_Handler
   Definitions
      At line 129 in file 10_Device\startup_tcpl04x.s
   Uses
      At line 68 in file 10_Device\startup_tcpl04x.s
      At line 130 in file 10_Device\startup_tcpl04x.s

SysTick_Handler 00000020

Symbol: SysTick_Handler
   Definitions
      At line 137 in file 10_Device\startup_tcpl04x.s
   Uses
      At line 72 in file 10_Device\startup_tcpl04x.s
      At line 138 in file 10_Device\startup_tcpl04x.s

TIMER_IRQHandler 00000022

Symbol: TIMER_IRQHandler
   Definitions
      At line 157 in file 10_Device\startup_tcpl04x.s
   Uses
      At line 77 in file 10_Device\startup_tcpl04x.s
      At line 145 in file 10_Device\startup_tcpl04x.s

UART_IRQHandler 00000022

Symbol: UART_IRQHandler
   Definitions
      At line 164 in file 10_Device\startup_tcpl04x.s
   Uses
      At line 84 in file 10_Device\startup_tcpl04x.s
      At line 152 in file 10_Device\startup_tcpl04x.s




ARM Macro Assembler    Page 4 Alphabetic symbol ordering
Relocatable symbols

20 symbols



ARM Macro Assembler    Page 1 Alphabetic symbol ordering
Absolute symbols

Heap_Size 00000000

Symbol: Heap_Size
   Definitions
      At line 41 in file 10_Device\startup_tcpl04x.s
   Uses
      At line 45 in file 10_Device\startup_tcpl04x.s
Comment: Heap_Size used once
Stack_Size 00000400

Symbol: Stack_Size
   Definitions
      At line 29 in file 10_Device\startup_tcpl04x.s
   Uses
      At line 33 in file 10_Device\startup_tcpl04x.s
Comment: Stack_Size used once
__Vectors_Size 000000C0

Symbol: __Vectors_Size
   Definitions
      At line 89 in file 10_Device\startup_tcpl04x.s
   Uses
      At line 55 in file 10_Device\startup_tcpl04x.s
Comment: __Vectors_Size used once
3 symbols



ARM Macro Assembler    Page 1 Alphabetic symbol ordering
External symbols

Image$$RW_IRAM1$$ZI$$Base 00000000

Symbol: Image$$RW_IRAM1$$ZI$$Base
   Definitions
      At line 98 in file 10_Device\startup_tcpl04x.s
   Uses
      At line 104 in file 10_Device\startup_tcpl04x.s
Comment: Image$$RW_IRAM1$$ZI$$Base used once
Image$$RW_IRAM1$$ZI$$Limit 00000000

Symbol: Image$$RW_IRAM1$$ZI$$Limit
   Definitions
      At line 99 in file 10_Device\startup_tcpl04x.s
   Uses
      At line 105 in file 10_Device\startup_tcpl04x.s
Comment: Image$$RW_IRAM1$$ZI$$Limit used once
SystemInit 00000000

Symbol: SystemInit
   Definitions
      At line 97 in file 10_Device\startup_tcpl04x.s
   Uses
      At line 112 in file 10_Device\startup_tcpl04x.s
Comment: SystemInit used once
TcMain 00000000

Symbol: TcMain
   Definitions
      At line 96 in file 10_Device\startup_tcpl04x.s
   Uses
      At line 114 in file 10_Device\startup_tcpl04x.s
Comment: TcMain used once
4 symbols
373 symbols in table
