	.text
	.syntax unified
	.eabi_attribute	67, "2.09"	@ Tag_conformance
	.cpu	cortex-m0
	.eabi_attribute	6, 12	@ Tag_CPU_arch
	.eabi_attribute	7, 77	@ Tag_CPU_arch_profile
	.eabi_attribute	8, 0	@ Tag_ARM_ISA_use
	.eabi_attribute	9, 1	@ Tag_THUMB_ISA_use
	.eabi_attribute	34, 0	@ Tag_CPU_unaligned_access
	.eabi_attribute	17, 1	@ Tag_ABI_PCS_GOT_use
	.eabi_attribute	20, 2	@ Tag_ABI_FP_denormal
	.eabi_attribute	21, 0	@ Tag_ABI_FP_exceptions
	.eabi_attribute	23, 1	@ Tag_ABI_FP_number_model
	.eabi_attribute	24, 1	@ Tag_ABI_align_needed
	.eabi_attribute	25, 1	@ Tag_ABI_align_preserved
	.eabi_attribute	38, 1	@ Tag_ABI_FP_16bit_format
	.eabi_attribute	18, 2	@ Tag_ABI_PCS_wchar_t
	.eabi_attribute	26, 1	@ Tag_ABI_enum_size
	.eabi_attribute	14, 0	@ Tag_ABI_PCS_R9_use
	.file	"Tcpl04bTimebase.c"
	.file	1 "C:\\Keil_v5\\ARM\\ARMCLANG\\Bin\\..\\include" "stdint.h"
	.file	2 "C:\\baidunetdiskdownload\\\346\263\260\347\237\275\345\276\256\\\346\260\233\345\233\264\347\201\257\\TCPL0X_AUTO_SDK_V2.0.0\\TCPL0X_AUTO_SDK_V2.0.0\\examples\\tcpl04x\\demo_apps\\tcpl04b_swsc_lean\\MDK" "../07_TCPL04B_MCAL/Tcpl04bTimebase.c"
	.file	3 "C:\\baidunetdiskdownload\\\346\263\260\347\237\275\345\276\256\\\346\260\233\345\233\264\347\201\257\\TCPL0X_AUTO_SDK_V2.0.0\\TCPL0X_AUTO_SDK_V2.0.0\\examples\\tcpl04x\\demo_apps\\tcpl04b_swsc_lean\\MDK" "../06_TCPL04B_Device/core_cm0.h"
	.section	.text.SysTick_Handler,"ax",%progbits
	.hidden	SysTick_Handler                 @ -- Begin function SysTick_Handler
	.globl	SysTick_Handler
	.p2align	2
	.type	SysTick_Handler,%function
	.code	16                              @ @SysTick_Handler
	.thumb_func
SysTick_Handler:
.Lfunc_begin0:
	.fnstart
	.cfi_sections .debug_frame
	.cfi_startproc
@ %bb.0:
	.loc	2 7 19 prologue_end             @ ../07_TCPL04B_MCAL/Tcpl04bTimebase.c:7:19
	ldr	r0, __arm_cp.0_0
	ldr	r1, [r0]
	adds	r1, r1, #1
	str	r1, [r0]
	.loc	2 8 1                           @ ../07_TCPL04B_MCAL/Tcpl04bTimebase.c:8:1
	bx	lr
.Ltmp0:
	.p2align	2
@ %bb.1:
	.loc	2 0 1 is_stmt 0                 @ ../07_TCPL04B_MCAL/Tcpl04bTimebase.c:0:1
__arm_cp.0_0:
	.long	s_milliseconds
.Lcpi_end0:
	.size	__arm_cp.0_0, .Lcpi_end0-__arm_cp.0_0
.Lfunc_end0:
	.size	SysTick_Handler, .Lfunc_end0-SysTick_Handler
	.cfi_endproc
	.cantunwind
	.fnend
                                        @ -- End function
	.section	.text.systick_count_get,"ax",%progbits
	.hidden	systick_count_get               @ -- Begin function systick_count_get
	.globl	systick_count_get
	.p2align	2
	.type	systick_count_get,%function
	.code	16                              @ @systick_count_get
	.thumb_func
systick_count_get:
.Lfunc_begin1:
	.fnstart
	.cfi_startproc
@ %bb.0:
	.loc	2 12 12 prologue_end is_stmt 1  @ ../07_TCPL04B_MCAL/Tcpl04bTimebase.c:12:12
	ldr	r0, __arm_cp.1_0
	ldr	r0, [r0]
	.loc	2 12 5 is_stmt 0                @ ../07_TCPL04B_MCAL/Tcpl04bTimebase.c:12:5
	bx	lr
.Ltmp1:
	.p2align	2
@ %bb.1:
	.loc	2 0 5                           @ ../07_TCPL04B_MCAL/Tcpl04bTimebase.c:0:5
__arm_cp.1_0:
	.long	s_milliseconds
.Lcpi_end1:
	.size	__arm_cp.1_0, .Lcpi_end1-__arm_cp.1_0
.Lfunc_end1:
	.size	systick_count_get, .Lfunc_end1-systick_count_get
	.cfi_endproc
	.cantunwind
	.fnend
                                        @ -- End function
	.section	.text.systick_diff,"ax",%progbits
	.hidden	systick_diff                    @ -- Begin function systick_diff
	.globl	systick_diff
	.p2align	2
	.type	systick_diff,%function
	.code	16                              @ @systick_diff
	.thumb_func
systick_diff:
.Lfunc_begin2:
	.fnstart
	.cfi_startproc
@ %bb.0:
	@DEBUG_VALUE: systick_diff:start_tick <- $r0
	.loc	2 12 12 prologue_end is_stmt 1  @ ../07_TCPL04B_MCAL/Tcpl04bTimebase.c:12:12
	ldr	r1, __arm_cp.2_0
	ldr	r1, [r1]
.Ltmp2:
	.loc	2 18 32                         @ ../07_TCPL04B_MCAL/Tcpl04bTimebase.c:18:32
	subs	r0, r1, r0
.Ltmp3:
	@DEBUG_VALUE: systick_diff:start_tick <- [DW_OP_LLVM_entry_value 1] $r0
	.loc	2 18 5 is_stmt 0                @ ../07_TCPL04B_MCAL/Tcpl04bTimebase.c:18:5
	bx	lr
.Ltmp4:
	.p2align	2
@ %bb.1:
	.loc	2 0 5                           @ ../07_TCPL04B_MCAL/Tcpl04bTimebase.c:0:5
__arm_cp.2_0:
	.long	s_milliseconds
.Lcpi_end2:
	.size	__arm_cp.2_0, .Lcpi_end2-__arm_cp.2_0
.Lfunc_end2:
	.size	systick_diff, .Lfunc_end2-systick_diff
	.cfi_endproc
	.cantunwind
	.fnend
                                        @ -- End function
	.section	.text.delay_ms,"ax",%progbits
	.hidden	delay_ms                        @ -- Begin function delay_ms
	.globl	delay_ms
	.p2align	2
	.type	delay_ms,%function
	.code	16                              @ @delay_ms
	.thumb_func
delay_ms:
.Lfunc_begin3:
	.fnstart
	.cfi_startproc
@ %bb.0:
	@DEBUG_VALUE: delay_ms:milliseconds <- $r0
	.loc	2 12 12 prologue_end is_stmt 1  @ ../07_TCPL04B_MCAL/Tcpl04bTimebase.c:12:12
	ldr	r1, __arm_cp.3_0
	ldr	r2, [r1]
.Ltmp5:
	@DEBUG_VALUE: delay_ms:start <- $r2
.LBB3_1:                                @ =>This Inner Loop Header: Depth=1
	@DEBUG_VALUE: delay_ms:start <- $r2
	@DEBUG_VALUE: delay_ms:milliseconds <- $r0
	@DEBUG_VALUE: systick_diff:start_tick <- $r2
	.loc	2 12 12 is_stmt 0               @ ../07_TCPL04B_MCAL/Tcpl04bTimebase.c:12:12
	ldr	r3, [r1]
.Ltmp6:
	.loc	2 18 32 is_stmt 1               @ ../07_TCPL04B_MCAL/Tcpl04bTimebase.c:18:32
	subs	r3, r3, r2
.Ltmp7:
	.loc	2 25 5                          @ ../07_TCPL04B_MCAL/Tcpl04bTimebase.c:25:5
	cmp	r3, r0
	blo	.LBB3_1
.Ltmp8:
@ %bb.2:
	@DEBUG_VALUE: delay_ms:start <- $r2
	@DEBUG_VALUE: delay_ms:milliseconds <- $r0
	.loc	2 28 1                          @ ../07_TCPL04B_MCAL/Tcpl04bTimebase.c:28:1
	bx	lr
.Ltmp9:
	.p2align	2
@ %bb.3:
	.loc	2 0 1 is_stmt 0                 @ ../07_TCPL04B_MCAL/Tcpl04bTimebase.c:0:1
__arm_cp.3_0:
	.long	s_milliseconds
.Lcpi_end3:
	.size	__arm_cp.3_0, .Lcpi_end3-__arm_cp.3_0
.Lfunc_end3:
	.size	delay_ms, .Lfunc_end3-delay_ms
	.cfi_endproc
	.cantunwind
	.fnend
                                        @ -- End function
	.section	.text.delay_us,"ax",%progbits
	.hidden	delay_us                        @ -- Begin function delay_us
	.globl	delay_us
	.p2align	2
	.type	delay_us,%function
	.code	16                              @ @delay_us
	.thumb_func
delay_us:
.Lfunc_begin4:
	.loc	2 31 0 is_stmt 1                @ ../07_TCPL04B_MCAL/Tcpl04bTimebase.c:31:0
	.fnstart
	.cfi_startproc
@ %bb.0:
	@DEBUG_VALUE: delay_us:microseconds <- $r0
	.save	{r4, r5, r7, lr}
	push	{r4, r5, r7, lr}
	.cfi_def_cfa_offset 16
	.cfi_offset lr, -4
	.cfi_offset r7, -8
	.cfi_offset r5, -12
	.cfi_offset r4, -16
	movs	r1, #48
.Ltmp10:
	.loc	2 34 38 prologue_end            @ ../07_TCPL04B_MCAL/Tcpl04bTimebase.c:34:38
	muls	r1, r0, r1
.Ltmp11:
	@DEBUG_VALUE: delay_us:required <- $r1
	.loc	2 0 38 is_stmt 0                @ ../07_TCPL04B_MCAL/Tcpl04bTimebase.c:0:38
	ldr	r0, __arm_cp.4_0
.Ltmp12:
	@DEBUG_VALUE: delay_us:microseconds <- [DW_OP_LLVM_entry_value 1] $r0
	.loc	2 32 31 is_stmt 1               @ ../07_TCPL04B_MCAL/Tcpl04bTimebase.c:32:31
	ldr	r4, [r0]
.Ltmp13:
	@DEBUG_VALUE: delay_us:start <- $r4
	.loc	2 33 32                         @ ../07_TCPL04B_MCAL/Tcpl04bTimebase.c:33:32
	subs	r2, r0, #4
	ldr	r2, [r2]
	.loc	2 33 37 is_stmt 0               @ ../07_TCPL04B_MCAL/Tcpl04bTimebase.c:33:37
	adds	r2, r2, #1
.Ltmp14:
	@DEBUG_VALUE: delay_us:reload <- $r2
	.loc	2 0 37                          @ ../07_TCPL04B_MCAL/Tcpl04bTimebase.c:0:37
	movs	r3, #0
.Ltmp15:
	@DEBUG_VALUE: delay_us:elapsed <- 0
.LBB4_1:                                @ =>This Inner Loop Header: Depth=1
	@DEBUG_VALUE: delay_us:reload <- $r2
	@DEBUG_VALUE: delay_us:start <- $r4
	@DEBUG_VALUE: delay_us:microseconds <- [DW_OP_LLVM_entry_value 1] $r0
	@DEBUG_VALUE: delay_us:required <- $r1
	@DEBUG_VALUE: delay_us:start <- $r4
	@DEBUG_VALUE: delay_us:elapsed <- $r3
	.loc	2 38 5 is_stmt 1                @ ../07_TCPL04B_MCAL/Tcpl04bTimebase.c:38:5
	cmp	r3, r1
	bhs	.LBB4_5
.Ltmp16:
@ %bb.2:                                @   in Loop: Header=BB4_1 Depth=1
	@DEBUG_VALUE: delay_us:elapsed <- $r3
	@DEBUG_VALUE: delay_us:reload <- $r2
	@DEBUG_VALUE: delay_us:start <- $r4
	@DEBUG_VALUE: delay_us:microseconds <- [DW_OP_LLVM_entry_value 1] $r0
	@DEBUG_VALUE: delay_us:required <- $r1
	.loc	2 41 13                         @ ../07_TCPL04B_MCAL/Tcpl04bTimebase.c:41:13
	adds	r3, r4, r3
.Ltmp17:
	.loc	2 40 28                         @ ../07_TCPL04B_MCAL/Tcpl04bTimebase.c:40:28
	ldr	r5, [r0]
.Ltmp18:
	@DEBUG_VALUE: delay_us:current <- $r5
	.loc	2 0 0 is_stmt 0                 @ ../07_TCPL04B_MCAL/Tcpl04bTimebase.c:0:0
	subs	r3, r3, r5
	cmp	r5, r4
	bls	.LBB4_4
.Ltmp19:
@ %bb.3:                                @   in Loop: Header=BB4_1 Depth=1
	@DEBUG_VALUE: delay_us:current <- $r5
	@DEBUG_VALUE: delay_us:reload <- $r2
	@DEBUG_VALUE: delay_us:start <- $r4
	@DEBUG_VALUE: delay_us:microseconds <- [DW_OP_LLVM_entry_value 1] $r0
	@DEBUG_VALUE: delay_us:required <- $r1
	adds	r3, r3, r2
.Ltmp20:
.LBB4_4:                                @   in Loop: Header=BB4_1 Depth=1
	@DEBUG_VALUE: delay_us:current <- $r5
	@DEBUG_VALUE: delay_us:reload <- $r2
	@DEBUG_VALUE: delay_us:start <- $r4
	@DEBUG_VALUE: delay_us:microseconds <- [DW_OP_LLVM_entry_value 1] $r0
	@DEBUG_VALUE: delay_us:required <- $r1
	@DEBUG_VALUE: delay_us:start <- $r5
	@DEBUG_VALUE: delay_us:elapsed <- $r3
	mov	r4, r5
.Ltmp21:
	@DEBUG_VALUE: delay_us:current <- $r4
	@DEBUG_VALUE: delay_us:start <- $r4
	b	.LBB4_1
.Ltmp22:
.LBB4_5:
	@DEBUG_VALUE: delay_us:elapsed <- $r3
	@DEBUG_VALUE: delay_us:reload <- $r2
	@DEBUG_VALUE: delay_us:start <- $r4
	@DEBUG_VALUE: delay_us:microseconds <- [DW_OP_LLVM_entry_value 1] $r0
	@DEBUG_VALUE: delay_us:required <- $r1
	.loc	2 51 1 epilogue_begin is_stmt 1 @ ../07_TCPL04B_MCAL/Tcpl04bTimebase.c:51:1
	pop	{r4, r5, r7, pc}
.Ltmp23:
	.p2align	2
@ %bb.6:
	.loc	2 0 1 is_stmt 0                 @ ../07_TCPL04B_MCAL/Tcpl04bTimebase.c:0:1
__arm_cp.4_0:
	.long	3758153752                      @ 0xe000e018
.Lcpi_end4:
	.size	__arm_cp.4_0, .Lcpi_end4-__arm_cp.4_0
.Lfunc_end4:
	.size	delay_us, .Lfunc_end4-delay_us
	.cfi_endproc
	.cantunwind
	.fnend
                                        @ -- End function
	.type	s_milliseconds,%object          @ @s_milliseconds
	.section	.bss.s_milliseconds,"aw",%nobits
	.p2align	2, 0x0
s_milliseconds:
	.long	0                               @ 0x0
	.size	s_milliseconds, 4

	.section	.debug_loc,"",%progbits
.Ldebug_loc0:
	.long	-1
	.long	.Lfunc_begin2                   @   base address
	.long	.Lfunc_begin2-.Lfunc_begin2
	.long	.Ltmp3-.Lfunc_begin2
	.short	1                               @ Loc expr size
	.byte	80                              @ DW_OP_reg0
	.long	.Ltmp3-.Lfunc_begin2
	.long	.Ltmp4-.Lfunc_begin2
	.short	4                               @ Loc expr size
	.byte	243                             @ DW_OP_GNU_entry_value
	.byte	1                               @ 1
	.byte	80                              @ DW_OP_reg0
	.byte	159                             @ DW_OP_stack_value
	.long	0
	.long	0
.Ldebug_loc1:
	.long	-1
	.long	.Lfunc_begin3                   @   base address
	.long	.Ltmp5-.Lfunc_begin3
	.long	.Ltmp9-.Lfunc_begin3
	.short	1                               @ Loc expr size
	.byte	82                              @ DW_OP_reg2
	.long	0
	.long	0
.Ldebug_loc2:
	.long	-1
	.long	.Lfunc_begin4                   @   base address
	.long	.Lfunc_begin4-.Lfunc_begin4
	.long	.Ltmp12-.Lfunc_begin4
	.short	1                               @ Loc expr size
	.byte	80                              @ DW_OP_reg0
	.long	.Ltmp12-.Lfunc_begin4
	.long	.Ltmp23-.Lfunc_begin4
	.short	4                               @ Loc expr size
	.byte	243                             @ DW_OP_GNU_entry_value
	.byte	1                               @ 1
	.byte	80                              @ DW_OP_reg0
	.byte	159                             @ DW_OP_stack_value
	.long	0
	.long	0
.Ldebug_loc3:
	.long	-1
	.long	.Lfunc_begin4                   @   base address
	.long	.Ltmp11-.Lfunc_begin4
	.long	.Ltmp23-.Lfunc_begin4
	.short	1                               @ Loc expr size
	.byte	81                              @ DW_OP_reg1
	.long	0
	.long	0
.Ldebug_loc4:
	.long	-1
	.long	.Lfunc_begin4                   @   base address
	.long	.Ltmp13-.Lfunc_begin4
	.long	.Ltmp20-.Lfunc_begin4
	.short	1                               @ Loc expr size
	.byte	84                              @ DW_OP_reg4
	.long	.Ltmp20-.Lfunc_begin4
	.long	.Ltmp21-.Lfunc_begin4
	.short	1                               @ Loc expr size
	.byte	85                              @ DW_OP_reg5
	.long	.Ltmp21-.Lfunc_begin4
	.long	.Ltmp23-.Lfunc_begin4
	.short	1                               @ Loc expr size
	.byte	84                              @ DW_OP_reg4
	.long	0
	.long	0
.Ldebug_loc5:
	.long	-1
	.long	.Lfunc_begin4                   @   base address
	.long	.Ltmp14-.Lfunc_begin4
	.long	.Ltmp23-.Lfunc_begin4
	.short	1                               @ Loc expr size
	.byte	82                              @ DW_OP_reg2
	.long	0
	.long	0
.Ldebug_loc6:
	.long	-1
	.long	.Lfunc_begin4                   @   base address
	.long	.Ltmp15-.Lfunc_begin4
	.long	.Ltmp17-.Lfunc_begin4
	.short	1                               @ Loc expr size
	.byte	83                              @ DW_OP_reg3
	.long	.Ltmp20-.Lfunc_begin4
	.long	.Ltmp23-.Lfunc_begin4
	.short	1                               @ Loc expr size
	.byte	83                              @ DW_OP_reg3
	.long	0
	.long	0
.Ldebug_loc7:
	.long	-1
	.long	.Lfunc_begin4                   @   base address
	.long	.Ltmp18-.Lfunc_begin4
	.long	.Ltmp21-.Lfunc_begin4
	.short	1                               @ Loc expr size
	.byte	85                              @ DW_OP_reg5
	.long	.Ltmp21-.Lfunc_begin4
	.long	.Ltmp22-.Lfunc_begin4
	.short	1                               @ Loc expr size
	.byte	84                              @ DW_OP_reg4
	.long	0
	.long	0
	.section	.debug_abbrev,"",%progbits
	.byte	1                               @ Abbreviation Code
	.byte	17                              @ DW_TAG_compile_unit
	.byte	1                               @ DW_CHILDREN_yes
	.byte	37                              @ DW_AT_producer
	.byte	14                              @ DW_FORM_strp
	.byte	19                              @ DW_AT_language
	.byte	5                               @ DW_FORM_data2
	.byte	3                               @ DW_AT_name
	.byte	14                              @ DW_FORM_strp
	.byte	16                              @ DW_AT_stmt_list
	.byte	23                              @ DW_FORM_sec_offset
	.byte	27                              @ DW_AT_comp_dir
	.byte	14                              @ DW_FORM_strp
	.byte	17                              @ DW_AT_low_pc
	.byte	1                               @ DW_FORM_addr
	.byte	85                              @ DW_AT_ranges
	.byte	23                              @ DW_FORM_sec_offset
	.byte	0                               @ EOM(1)
	.byte	0                               @ EOM(2)
	.byte	2                               @ Abbreviation Code
	.byte	52                              @ DW_TAG_variable
	.byte	0                               @ DW_CHILDREN_no
	.byte	3                               @ DW_AT_name
	.byte	14                              @ DW_FORM_strp
	.byte	73                              @ DW_AT_type
	.byte	19                              @ DW_FORM_ref4
	.byte	58                              @ DW_AT_decl_file
	.byte	11                              @ DW_FORM_data1
	.byte	59                              @ DW_AT_decl_line
	.byte	11                              @ DW_FORM_data1
	.byte	2                               @ DW_AT_location
	.byte	24                              @ DW_FORM_exprloc
	.byte	0                               @ EOM(1)
	.byte	0                               @ EOM(2)
	.byte	3                               @ Abbreviation Code
	.byte	53                              @ DW_TAG_volatile_type
	.byte	0                               @ DW_CHILDREN_no
	.byte	73                              @ DW_AT_type
	.byte	19                              @ DW_FORM_ref4
	.byte	0                               @ EOM(1)
	.byte	0                               @ EOM(2)
	.byte	4                               @ Abbreviation Code
	.byte	22                              @ DW_TAG_typedef
	.byte	0                               @ DW_CHILDREN_no
	.byte	73                              @ DW_AT_type
	.byte	19                              @ DW_FORM_ref4
	.byte	3                               @ DW_AT_name
	.byte	14                              @ DW_FORM_strp
	.byte	58                              @ DW_AT_decl_file
	.byte	11                              @ DW_FORM_data1
	.byte	59                              @ DW_AT_decl_line
	.byte	11                              @ DW_FORM_data1
	.byte	0                               @ EOM(1)
	.byte	0                               @ EOM(2)
	.byte	5                               @ Abbreviation Code
	.byte	36                              @ DW_TAG_base_type
	.byte	0                               @ DW_CHILDREN_no
	.byte	3                               @ DW_AT_name
	.byte	14                              @ DW_FORM_strp
	.byte	62                              @ DW_AT_encoding
	.byte	11                              @ DW_FORM_data1
	.byte	11                              @ DW_AT_byte_size
	.byte	11                              @ DW_FORM_data1
	.byte	0                               @ EOM(1)
	.byte	0                               @ EOM(2)
	.byte	6                               @ Abbreviation Code
	.byte	15                              @ DW_TAG_pointer_type
	.byte	0                               @ DW_CHILDREN_no
	.byte	73                              @ DW_AT_type
	.byte	19                              @ DW_FORM_ref4
	.byte	0                               @ EOM(1)
	.byte	0                               @ EOM(2)
	.byte	7                               @ Abbreviation Code
	.byte	22                              @ DW_TAG_typedef
	.byte	0                               @ DW_CHILDREN_no
	.byte	73                              @ DW_AT_type
	.byte	19                              @ DW_FORM_ref4
	.byte	3                               @ DW_AT_name
	.byte	14                              @ DW_FORM_strp
	.byte	58                              @ DW_AT_decl_file
	.byte	11                              @ DW_FORM_data1
	.byte	59                              @ DW_AT_decl_line
	.byte	5                               @ DW_FORM_data2
	.byte	0                               @ EOM(1)
	.byte	0                               @ EOM(2)
	.byte	8                               @ Abbreviation Code
	.byte	19                              @ DW_TAG_structure_type
	.byte	1                               @ DW_CHILDREN_yes
	.byte	11                              @ DW_AT_byte_size
	.byte	11                              @ DW_FORM_data1
	.byte	58                              @ DW_AT_decl_file
	.byte	11                              @ DW_FORM_data1
	.byte	59                              @ DW_AT_decl_line
	.byte	5                               @ DW_FORM_data2
	.byte	0                               @ EOM(1)
	.byte	0                               @ EOM(2)
	.byte	9                               @ Abbreviation Code
	.byte	13                              @ DW_TAG_member
	.byte	0                               @ DW_CHILDREN_no
	.byte	3                               @ DW_AT_name
	.byte	14                              @ DW_FORM_strp
	.byte	73                              @ DW_AT_type
	.byte	19                              @ DW_FORM_ref4
	.byte	58                              @ DW_AT_decl_file
	.byte	11                              @ DW_FORM_data1
	.byte	59                              @ DW_AT_decl_line
	.byte	5                               @ DW_FORM_data2
	.byte	56                              @ DW_AT_data_member_location
	.byte	11                              @ DW_FORM_data1
	.byte	0                               @ EOM(1)
	.byte	0                               @ EOM(2)
	.byte	10                              @ Abbreviation Code
	.byte	38                              @ DW_TAG_const_type
	.byte	0                               @ DW_CHILDREN_no
	.byte	73                              @ DW_AT_type
	.byte	19                              @ DW_FORM_ref4
	.byte	0                               @ EOM(1)
	.byte	0                               @ EOM(2)
	.byte	11                              @ Abbreviation Code
	.byte	46                              @ DW_TAG_subprogram
	.byte	0                               @ DW_CHILDREN_no
	.byte	17                              @ DW_AT_low_pc
	.byte	1                               @ DW_FORM_addr
	.byte	18                              @ DW_AT_high_pc
	.byte	6                               @ DW_FORM_data4
	.byte	64                              @ DW_AT_frame_base
	.byte	24                              @ DW_FORM_exprloc
	.ascii	"\227B"                         @ DW_AT_GNU_all_call_sites
	.byte	25                              @ DW_FORM_flag_present
	.byte	3                               @ DW_AT_name
	.byte	14                              @ DW_FORM_strp
	.byte	58                              @ DW_AT_decl_file
	.byte	11                              @ DW_FORM_data1
	.byte	59                              @ DW_AT_decl_line
	.byte	11                              @ DW_FORM_data1
	.byte	39                              @ DW_AT_prototyped
	.byte	25                              @ DW_FORM_flag_present
	.byte	63                              @ DW_AT_external
	.byte	25                              @ DW_FORM_flag_present
	.byte	0                               @ EOM(1)
	.byte	0                               @ EOM(2)
	.byte	12                              @ Abbreviation Code
	.byte	46                              @ DW_TAG_subprogram
	.byte	0                               @ DW_CHILDREN_no
	.byte	17                              @ DW_AT_low_pc
	.byte	1                               @ DW_FORM_addr
	.byte	18                              @ DW_AT_high_pc
	.byte	6                               @ DW_FORM_data4
	.byte	64                              @ DW_AT_frame_base
	.byte	24                              @ DW_FORM_exprloc
	.ascii	"\227B"                         @ DW_AT_GNU_all_call_sites
	.byte	25                              @ DW_FORM_flag_present
	.byte	49                              @ DW_AT_abstract_origin
	.byte	19                              @ DW_FORM_ref4
	.byte	0                               @ EOM(1)
	.byte	0                               @ EOM(2)
	.byte	13                              @ Abbreviation Code
	.byte	46                              @ DW_TAG_subprogram
	.byte	0                               @ DW_CHILDREN_no
	.byte	3                               @ DW_AT_name
	.byte	14                              @ DW_FORM_strp
	.byte	58                              @ DW_AT_decl_file
	.byte	11                              @ DW_FORM_data1
	.byte	59                              @ DW_AT_decl_line
	.byte	11                              @ DW_FORM_data1
	.byte	39                              @ DW_AT_prototyped
	.byte	25                              @ DW_FORM_flag_present
	.byte	73                              @ DW_AT_type
	.byte	19                              @ DW_FORM_ref4
	.byte	63                              @ DW_AT_external
	.byte	25                              @ DW_FORM_flag_present
	.byte	32                              @ DW_AT_inline
	.byte	11                              @ DW_FORM_data1
	.byte	0                               @ EOM(1)
	.byte	0                               @ EOM(2)
	.byte	14                              @ Abbreviation Code
	.byte	46                              @ DW_TAG_subprogram
	.byte	1                               @ DW_CHILDREN_yes
	.byte	17                              @ DW_AT_low_pc
	.byte	1                               @ DW_FORM_addr
	.byte	18                              @ DW_AT_high_pc
	.byte	6                               @ DW_FORM_data4
	.byte	64                              @ DW_AT_frame_base
	.byte	24                              @ DW_FORM_exprloc
	.ascii	"\227B"                         @ DW_AT_GNU_all_call_sites
	.byte	25                              @ DW_FORM_flag_present
	.byte	49                              @ DW_AT_abstract_origin
	.byte	19                              @ DW_FORM_ref4
	.byte	0                               @ EOM(1)
	.byte	0                               @ EOM(2)
	.byte	15                              @ Abbreviation Code
	.byte	5                               @ DW_TAG_formal_parameter
	.byte	0                               @ DW_CHILDREN_no
	.byte	2                               @ DW_AT_location
	.byte	23                              @ DW_FORM_sec_offset
	.byte	49                              @ DW_AT_abstract_origin
	.byte	19                              @ DW_FORM_ref4
	.byte	0                               @ EOM(1)
	.byte	0                               @ EOM(2)
	.byte	16                              @ Abbreviation Code
	.byte	29                              @ DW_TAG_inlined_subroutine
	.byte	0                               @ DW_CHILDREN_no
	.byte	49                              @ DW_AT_abstract_origin
	.byte	19                              @ DW_FORM_ref4
	.byte	17                              @ DW_AT_low_pc
	.byte	1                               @ DW_FORM_addr
	.byte	18                              @ DW_AT_high_pc
	.byte	6                               @ DW_FORM_data4
	.byte	88                              @ DW_AT_call_file
	.byte	11                              @ DW_FORM_data1
	.byte	89                              @ DW_AT_call_line
	.byte	11                              @ DW_FORM_data1
	.byte	87                              @ DW_AT_call_column
	.byte	11                              @ DW_FORM_data1
	.byte	0                               @ EOM(1)
	.byte	0                               @ EOM(2)
	.byte	17                              @ Abbreviation Code
	.byte	46                              @ DW_TAG_subprogram
	.byte	1                               @ DW_CHILDREN_yes
	.byte	3                               @ DW_AT_name
	.byte	14                              @ DW_FORM_strp
	.byte	58                              @ DW_AT_decl_file
	.byte	11                              @ DW_FORM_data1
	.byte	59                              @ DW_AT_decl_line
	.byte	11                              @ DW_FORM_data1
	.byte	39                              @ DW_AT_prototyped
	.byte	25                              @ DW_FORM_flag_present
	.byte	73                              @ DW_AT_type
	.byte	19                              @ DW_FORM_ref4
	.byte	63                              @ DW_AT_external
	.byte	25                              @ DW_FORM_flag_present
	.byte	32                              @ DW_AT_inline
	.byte	11                              @ DW_FORM_data1
	.byte	0                               @ EOM(1)
	.byte	0                               @ EOM(2)
	.byte	18                              @ Abbreviation Code
	.byte	5                               @ DW_TAG_formal_parameter
	.byte	0                               @ DW_CHILDREN_no
	.byte	3                               @ DW_AT_name
	.byte	14                              @ DW_FORM_strp
	.byte	58                              @ DW_AT_decl_file
	.byte	11                              @ DW_FORM_data1
	.byte	59                              @ DW_AT_decl_line
	.byte	11                              @ DW_FORM_data1
	.byte	73                              @ DW_AT_type
	.byte	19                              @ DW_FORM_ref4
	.byte	0                               @ EOM(1)
	.byte	0                               @ EOM(2)
	.byte	19                              @ Abbreviation Code
	.byte	46                              @ DW_TAG_subprogram
	.byte	1                               @ DW_CHILDREN_yes
	.byte	17                              @ DW_AT_low_pc
	.byte	1                               @ DW_FORM_addr
	.byte	18                              @ DW_AT_high_pc
	.byte	6                               @ DW_FORM_data4
	.byte	64                              @ DW_AT_frame_base
	.byte	24                              @ DW_FORM_exprloc
	.ascii	"\227B"                         @ DW_AT_GNU_all_call_sites
	.byte	25                              @ DW_FORM_flag_present
	.byte	3                               @ DW_AT_name
	.byte	14                              @ DW_FORM_strp
	.byte	58                              @ DW_AT_decl_file
	.byte	11                              @ DW_FORM_data1
	.byte	59                              @ DW_AT_decl_line
	.byte	11                              @ DW_FORM_data1
	.byte	39                              @ DW_AT_prototyped
	.byte	25                              @ DW_FORM_flag_present
	.byte	63                              @ DW_AT_external
	.byte	25                              @ DW_FORM_flag_present
	.byte	0                               @ EOM(1)
	.byte	0                               @ EOM(2)
	.byte	20                              @ Abbreviation Code
	.byte	5                               @ DW_TAG_formal_parameter
	.byte	0                               @ DW_CHILDREN_no
	.byte	2                               @ DW_AT_location
	.byte	24                              @ DW_FORM_exprloc
	.byte	3                               @ DW_AT_name
	.byte	14                              @ DW_FORM_strp
	.byte	58                              @ DW_AT_decl_file
	.byte	11                              @ DW_FORM_data1
	.byte	59                              @ DW_AT_decl_line
	.byte	11                              @ DW_FORM_data1
	.byte	73                              @ DW_AT_type
	.byte	19                              @ DW_FORM_ref4
	.byte	0                               @ EOM(1)
	.byte	0                               @ EOM(2)
	.byte	21                              @ Abbreviation Code
	.byte	52                              @ DW_TAG_variable
	.byte	0                               @ DW_CHILDREN_no
	.byte	2                               @ DW_AT_location
	.byte	23                              @ DW_FORM_sec_offset
	.byte	3                               @ DW_AT_name
	.byte	14                              @ DW_FORM_strp
	.byte	58                              @ DW_AT_decl_file
	.byte	11                              @ DW_FORM_data1
	.byte	59                              @ DW_AT_decl_line
	.byte	11                              @ DW_FORM_data1
	.byte	73                              @ DW_AT_type
	.byte	19                              @ DW_FORM_ref4
	.byte	0                               @ EOM(1)
	.byte	0                               @ EOM(2)
	.byte	22                              @ Abbreviation Code
	.byte	29                              @ DW_TAG_inlined_subroutine
	.byte	1                               @ DW_CHILDREN_yes
	.byte	49                              @ DW_AT_abstract_origin
	.byte	19                              @ DW_FORM_ref4
	.byte	17                              @ DW_AT_low_pc
	.byte	1                               @ DW_FORM_addr
	.byte	18                              @ DW_AT_high_pc
	.byte	6                               @ DW_FORM_data4
	.byte	88                              @ DW_AT_call_file
	.byte	11                              @ DW_FORM_data1
	.byte	89                              @ DW_AT_call_line
	.byte	11                              @ DW_FORM_data1
	.byte	87                              @ DW_AT_call_column
	.byte	11                              @ DW_FORM_data1
	.byte	0                               @ EOM(1)
	.byte	0                               @ EOM(2)
	.byte	23                              @ Abbreviation Code
	.byte	5                               @ DW_TAG_formal_parameter
	.byte	0                               @ DW_CHILDREN_no
	.byte	2                               @ DW_AT_location
	.byte	24                              @ DW_FORM_exprloc
	.byte	49                              @ DW_AT_abstract_origin
	.byte	19                              @ DW_FORM_ref4
	.byte	0                               @ EOM(1)
	.byte	0                               @ EOM(2)
	.byte	24                              @ Abbreviation Code
	.byte	5                               @ DW_TAG_formal_parameter
	.byte	0                               @ DW_CHILDREN_no
	.byte	2                               @ DW_AT_location
	.byte	23                              @ DW_FORM_sec_offset
	.byte	3                               @ DW_AT_name
	.byte	14                              @ DW_FORM_strp
	.byte	58                              @ DW_AT_decl_file
	.byte	11                              @ DW_FORM_data1
	.byte	59                              @ DW_AT_decl_line
	.byte	11                              @ DW_FORM_data1
	.byte	73                              @ DW_AT_type
	.byte	19                              @ DW_FORM_ref4
	.byte	0                               @ EOM(1)
	.byte	0                               @ EOM(2)
	.byte	0                               @ EOM(3)
	.section	.debug_info,"",%progbits
.Lcu_begin0:
	.long	.Ldebug_info_end0-.Ldebug_info_start0 @ Length of Unit
.Ldebug_info_start0:
	.short	4                               @ DWARF version number
	.long	.debug_abbrev                   @ Offset Into Abbrev. Section
	.byte	4                               @ Address Size (in bytes)
	.byte	1                               @ Abbrev [1] 0xb:0x1d3 DW_TAG_compile_unit
	.long	.Linfo_string0                  @ DW_AT_producer
	.short	12                              @ DW_AT_language
	.long	.Linfo_string1                  @ DW_AT_name
	.long	.Lline_table_start0             @ DW_AT_stmt_list
	.long	.Linfo_string2                  @ DW_AT_comp_dir
	.long	0                               @ DW_AT_low_pc
	.long	.Ldebug_ranges0                 @ DW_AT_ranges
	.byte	2                               @ Abbrev [2] 0x26:0x11 DW_TAG_variable
	.long	.Linfo_string3                  @ DW_AT_name
	.long	55                              @ DW_AT_type
	.byte	2                               @ DW_AT_decl_file
	.byte	3                               @ DW_AT_decl_line
	.byte	5                               @ DW_AT_location
	.byte	3
	.long	s_milliseconds
	.byte	3                               @ Abbrev [3] 0x37:0x5 DW_TAG_volatile_type
	.long	60                              @ DW_AT_type
	.byte	4                               @ Abbrev [4] 0x3c:0xb DW_TAG_typedef
	.long	71                              @ DW_AT_type
	.long	.Linfo_string5                  @ DW_AT_name
	.byte	1                               @ DW_AT_decl_file
	.byte	64                              @ DW_AT_decl_line
	.byte	5                               @ Abbrev [5] 0x47:0x7 DW_TAG_base_type
	.long	.Linfo_string4                  @ DW_AT_name
	.byte	7                               @ DW_AT_encoding
	.byte	4                               @ DW_AT_byte_size
	.byte	6                               @ Abbrev [6] 0x4e:0x5 DW_TAG_pointer_type
	.long	83                              @ DW_AT_type
	.byte	7                               @ Abbrev [7] 0x53:0xc DW_TAG_typedef
	.long	95                              @ DW_AT_type
	.long	.Linfo_string10                 @ DW_AT_name
	.byte	3                               @ DW_AT_decl_file
	.short	444                             @ DW_AT_decl_line
	.byte	8                               @ Abbrev [8] 0x5f:0x3a DW_TAG_structure_type
	.byte	16                              @ DW_AT_byte_size
	.byte	3                               @ DW_AT_decl_file
	.short	438                             @ DW_AT_decl_line
	.byte	9                               @ Abbrev [9] 0x64:0xd DW_TAG_member
	.long	.Linfo_string6                  @ DW_AT_name
	.long	55                              @ DW_AT_type
	.byte	3                               @ DW_AT_decl_file
	.short	440                             @ DW_AT_decl_line
	.byte	0                               @ DW_AT_data_member_location
	.byte	9                               @ Abbrev [9] 0x71:0xd DW_TAG_member
	.long	.Linfo_string7                  @ DW_AT_name
	.long	55                              @ DW_AT_type
	.byte	3                               @ DW_AT_decl_file
	.short	441                             @ DW_AT_decl_line
	.byte	4                               @ DW_AT_data_member_location
	.byte	9                               @ Abbrev [9] 0x7e:0xd DW_TAG_member
	.long	.Linfo_string8                  @ DW_AT_name
	.long	55                              @ DW_AT_type
	.byte	3                               @ DW_AT_decl_file
	.short	442                             @ DW_AT_decl_line
	.byte	8                               @ DW_AT_data_member_location
	.byte	9                               @ Abbrev [9] 0x8b:0xd DW_TAG_member
	.long	.Linfo_string9                  @ DW_AT_name
	.long	153                             @ DW_AT_type
	.byte	3                               @ DW_AT_decl_file
	.short	443                             @ DW_AT_decl_line
	.byte	12                              @ DW_AT_data_member_location
	.byte	0                               @ End Of Children Mark
	.byte	10                              @ Abbrev [10] 0x99:0x5 DW_TAG_const_type
	.long	55                              @ DW_AT_type
	.byte	11                              @ Abbrev [11] 0x9e:0x11 DW_TAG_subprogram
	.long	.Lfunc_begin0                   @ DW_AT_low_pc
	.long	.Lfunc_end0-.Lfunc_begin0       @ DW_AT_high_pc
	.byte	1                               @ DW_AT_frame_base
	.byte	93
                                        @ DW_AT_GNU_all_call_sites
	.long	.Linfo_string14                 @ DW_AT_name
	.byte	2                               @ DW_AT_decl_file
	.byte	5                               @ DW_AT_decl_line
                                        @ DW_AT_prototyped
                                        @ DW_AT_external
	.byte	12                              @ Abbrev [12] 0xaf:0xf DW_TAG_subprogram
	.long	.Lfunc_begin1                   @ DW_AT_low_pc
	.long	.Lfunc_end1-.Lfunc_begin1       @ DW_AT_high_pc
	.byte	1                               @ DW_AT_frame_base
	.byte	93
                                        @ DW_AT_GNU_all_call_sites
	.long	190                             @ DW_AT_abstract_origin
	.byte	13                              @ Abbrev [13] 0xbe:0xc DW_TAG_subprogram
	.long	.Linfo_string11                 @ DW_AT_name
	.byte	2                               @ DW_AT_decl_file
	.byte	10                              @ DW_AT_decl_line
                                        @ DW_AT_prototyped
	.long	60                              @ DW_AT_type
                                        @ DW_AT_external
	.byte	1                               @ DW_AT_inline
	.byte	14                              @ Abbrev [14] 0xca:0x29 DW_TAG_subprogram
	.long	.Lfunc_begin2                   @ DW_AT_low_pc
	.long	.Lfunc_end2-.Lfunc_begin2       @ DW_AT_high_pc
	.byte	1                               @ DW_AT_frame_base
	.byte	93
                                        @ DW_AT_GNU_all_call_sites
	.long	243                             @ DW_AT_abstract_origin
	.byte	15                              @ Abbrev [15] 0xd9:0x9 DW_TAG_formal_parameter
	.long	.Ldebug_loc0                    @ DW_AT_location
	.long	255                             @ DW_AT_abstract_origin
	.byte	16                              @ Abbrev [16] 0xe2:0x10 DW_TAG_inlined_subroutine
	.long	190                             @ DW_AT_abstract_origin
	.long	.Lfunc_begin2                   @ DW_AT_low_pc
	.long	.Ltmp2-.Lfunc_begin2            @ DW_AT_high_pc
	.byte	2                               @ DW_AT_call_file
	.byte	18                              @ DW_AT_call_line
	.byte	12                              @ DW_AT_call_column
	.byte	0                               @ End Of Children Mark
	.byte	17                              @ Abbrev [17] 0xf3:0x18 DW_TAG_subprogram
	.long	.Linfo_string12                 @ DW_AT_name
	.byte	2                               @ DW_AT_decl_file
	.byte	15                              @ DW_AT_decl_line
                                        @ DW_AT_prototyped
	.long	60                              @ DW_AT_type
                                        @ DW_AT_external
	.byte	1                               @ DW_AT_inline
	.byte	18                              @ Abbrev [18] 0xff:0xb DW_TAG_formal_parameter
	.long	.Linfo_string13                 @ DW_AT_name
	.byte	2                               @ DW_AT_decl_file
	.byte	15                              @ DW_AT_decl_line
	.long	60                              @ DW_AT_type
	.byte	0                               @ End Of Children Mark
	.byte	19                              @ Abbrev [19] 0x10b:0x66 DW_TAG_subprogram
	.long	.Lfunc_begin3                   @ DW_AT_low_pc
	.long	.Lfunc_end3-.Lfunc_begin3       @ DW_AT_high_pc
	.byte	1                               @ DW_AT_frame_base
	.byte	93
                                        @ DW_AT_GNU_all_call_sites
	.long	.Linfo_string15                 @ DW_AT_name
	.byte	2                               @ DW_AT_decl_file
	.byte	21                              @ DW_AT_decl_line
                                        @ DW_AT_prototyped
                                        @ DW_AT_external
	.byte	20                              @ Abbrev [20] 0x11c:0xd DW_TAG_formal_parameter
	.byte	1                               @ DW_AT_location
	.byte	80
	.long	.Linfo_string17                 @ DW_AT_name
	.byte	2                               @ DW_AT_decl_file
	.byte	21                              @ DW_AT_decl_line
	.long	60                              @ DW_AT_type
	.byte	21                              @ Abbrev [21] 0x129:0xf DW_TAG_variable
	.long	.Ldebug_loc1                    @ DW_AT_location
	.long	.Linfo_string18                 @ DW_AT_name
	.byte	2                               @ DW_AT_decl_file
	.byte	23                              @ DW_AT_decl_line
	.long	60                              @ DW_AT_type
	.byte	16                              @ Abbrev [16] 0x138:0x10 DW_TAG_inlined_subroutine
	.long	190                             @ DW_AT_abstract_origin
	.long	.Lfunc_begin3                   @ DW_AT_low_pc
	.long	.Ltmp5-.Lfunc_begin3            @ DW_AT_high_pc
	.byte	2                               @ DW_AT_call_file
	.byte	23                              @ DW_AT_call_line
	.byte	22                              @ DW_AT_call_column
	.byte	22                              @ Abbrev [22] 0x148:0x28 DW_TAG_inlined_subroutine
	.long	243                             @ DW_AT_abstract_origin
	.long	.Ltmp5                          @ DW_AT_low_pc
	.long	.Ltmp7-.Ltmp5                   @ DW_AT_high_pc
	.byte	2                               @ DW_AT_call_file
	.byte	25                              @ DW_AT_call_line
	.byte	12                              @ DW_AT_call_column
	.byte	23                              @ Abbrev [23] 0x158:0x7 DW_TAG_formal_parameter
	.byte	1                               @ DW_AT_location
	.byte	82
	.long	255                             @ DW_AT_abstract_origin
	.byte	16                              @ Abbrev [16] 0x15f:0x10 DW_TAG_inlined_subroutine
	.long	190                             @ DW_AT_abstract_origin
	.long	.Ltmp5                          @ DW_AT_low_pc
	.long	.Ltmp6-.Ltmp5                   @ DW_AT_high_pc
	.byte	2                               @ DW_AT_call_file
	.byte	18                              @ DW_AT_call_line
	.byte	12                              @ DW_AT_call_column
	.byte	0                               @ End Of Children Mark
	.byte	0                               @ End Of Children Mark
	.byte	19                              @ Abbrev [19] 0x171:0x6c DW_TAG_subprogram
	.long	.Lfunc_begin4                   @ DW_AT_low_pc
	.long	.Lfunc_end4-.Lfunc_begin4       @ DW_AT_high_pc
	.byte	1                               @ DW_AT_frame_base
	.byte	93
                                        @ DW_AT_GNU_all_call_sites
	.long	.Linfo_string16                 @ DW_AT_name
	.byte	2                               @ DW_AT_decl_file
	.byte	30                              @ DW_AT_decl_line
                                        @ DW_AT_prototyped
                                        @ DW_AT_external
	.byte	24                              @ Abbrev [24] 0x182:0xf DW_TAG_formal_parameter
	.long	.Ldebug_loc2                    @ DW_AT_location
	.long	.Linfo_string19                 @ DW_AT_name
	.byte	2                               @ DW_AT_decl_file
	.byte	30                              @ DW_AT_decl_line
	.long	60                              @ DW_AT_type
	.byte	21                              @ Abbrev [21] 0x191:0xf DW_TAG_variable
	.long	.Ldebug_loc3                    @ DW_AT_location
	.long	.Linfo_string20                 @ DW_AT_name
	.byte	2                               @ DW_AT_decl_file
	.byte	34                              @ DW_AT_decl_line
	.long	60                              @ DW_AT_type
	.byte	21                              @ Abbrev [21] 0x1a0:0xf DW_TAG_variable
	.long	.Ldebug_loc4                    @ DW_AT_location
	.long	.Linfo_string18                 @ DW_AT_name
	.byte	2                               @ DW_AT_decl_file
	.byte	32                              @ DW_AT_decl_line
	.long	60                              @ DW_AT_type
	.byte	21                              @ Abbrev [21] 0x1af:0xf DW_TAG_variable
	.long	.Ldebug_loc5                    @ DW_AT_location
	.long	.Linfo_string21                 @ DW_AT_name
	.byte	2                               @ DW_AT_decl_file
	.byte	33                              @ DW_AT_decl_line
	.long	60                              @ DW_AT_type
	.byte	21                              @ Abbrev [21] 0x1be:0xf DW_TAG_variable
	.long	.Ldebug_loc6                    @ DW_AT_location
	.long	.Linfo_string22                 @ DW_AT_name
	.byte	2                               @ DW_AT_decl_file
	.byte	35                              @ DW_AT_decl_line
	.long	60                              @ DW_AT_type
	.byte	21                              @ Abbrev [21] 0x1cd:0xf DW_TAG_variable
	.long	.Ldebug_loc7                    @ DW_AT_location
	.long	.Linfo_string23                 @ DW_AT_name
	.byte	2                               @ DW_AT_decl_file
	.byte	36                              @ DW_AT_decl_line
	.long	60                              @ DW_AT_type
	.byte	0                               @ End Of Children Mark
	.byte	0                               @ End Of Children Mark
.Ldebug_info_end0:
	.section	.debug_ranges,"",%progbits
.Ldebug_ranges0:
	.long	.Lfunc_begin0
	.long	.Lfunc_end0
	.long	.Lfunc_begin1
	.long	.Lfunc_end1
	.long	.Lfunc_begin2
	.long	.Lfunc_end2
	.long	.Lfunc_begin3
	.long	.Lfunc_end3
	.long	.Lfunc_begin4
	.long	.Lfunc_end4
	.long	0
	.long	0
	.section	.debug_str,"MS",%progbits,1
.Linfo_string0:
	.asciz	"Component: Arm Compiler for Embedded 6.21 Tool: armclang [5ec1fd00]" @ string offset=0
.Linfo_string1:
	.asciz	"../07_TCPL04B_MCAL\\Tcpl04bTimebase.c" @ string offset=68
.Linfo_string2:
	.asciz	"C:\\baidunetdiskdownload\\\346\263\260\347\237\275\345\276\256\\\346\260\233\345\233\264\347\201\257\\TCPL0X_AUTO_SDK_V2.0.0\\TCPL0X_AUTO_SDK_V2.0.0\\examples\\tcpl04x\\demo_apps\\tcpl04b_swsc_lean\\MDK" @ string offset=105
.Linfo_string3:
	.asciz	"s_milliseconds"                @ string offset=244
.Linfo_string4:
	.asciz	"unsigned int"                  @ string offset=259
.Linfo_string5:
	.asciz	"uint32_t"                      @ string offset=272
.Linfo_string6:
	.asciz	"CTRL"                          @ string offset=281
.Linfo_string7:
	.asciz	"LOAD"                          @ string offset=286
.Linfo_string8:
	.asciz	"VAL"                           @ string offset=291
.Linfo_string9:
	.asciz	"CALIB"                         @ string offset=295
.Linfo_string10:
	.asciz	"SysTick_Type"                  @ string offset=301
.Linfo_string11:
	.asciz	"systick_count_get"             @ string offset=314
.Linfo_string12:
	.asciz	"systick_diff"                  @ string offset=332
.Linfo_string13:
	.asciz	"start_tick"                    @ string offset=345
.Linfo_string14:
	.asciz	"SysTick_Handler"               @ string offset=356
.Linfo_string15:
	.asciz	"delay_ms"                      @ string offset=372
.Linfo_string16:
	.asciz	"delay_us"                      @ string offset=381
.Linfo_string17:
	.asciz	"milliseconds"                  @ string offset=390
.Linfo_string18:
	.asciz	"start"                         @ string offset=403
.Linfo_string19:
	.asciz	"microseconds"                  @ string offset=409
.Linfo_string20:
	.asciz	"required"                      @ string offset=422
.Linfo_string21:
	.asciz	"reload"                        @ string offset=431
.Linfo_string22:
	.asciz	"elapsed"                       @ string offset=438
.Linfo_string23:
	.asciz	"current"                       @ string offset=446
	.ident	"Component: Arm Compiler for Embedded 6.21 Tool: armclang [5ec1fd00]"
	.section	".note.GNU-stack","",%progbits
	.eabi_attribute	30, 4	@ Tag_ABI_optimization_goals
	.ARM_attribute	16, 1	@ Tag_AV_eba
	.section	.debug_line,"",%progbits
.Lline_table_start0:
