	.text
	.syntax unified
	.eabi_attribute	67, "2.09"	@ Tag_conformance
	.cpu	cortex-m0
	.eabi_attribute	6, 12	@ Tag_CPU_arch
	.eabi_attribute	7, 77	@ Tag_CPU_arch_profile
	.eabi_attribute	8, 0	@ Tag_ARM_ISA_use
	.eabi_attribute	9, 1	@ Tag_THUMB_ISA_use
	.eabi_attribute	34, 0	@ Tag_CPU_unaligned_access
	.eabi_attribute	17, 1	@ Tag_ABI_PCS_GOT_use
	.eabi_attribute	20, 2	@ Tag_ABI_FP_denormal
	.eabi_attribute	21, 0	@ Tag_ABI_FP_exceptions
	.eabi_attribute	23, 1	@ Tag_ABI_FP_number_model
	.eabi_attribute	24, 1	@ Tag_ABI_align_needed
	.eabi_attribute	25, 1	@ Tag_ABI_align_preserved
	.eabi_attribute	38, 1	@ Tag_ABI_FP_16bit_format
	.eabi_attribute	18, 2	@ Tag_ABI_PCS_wchar_t
	.eabi_attribute	26, 1	@ Tag_ABI_enum_size
	.eabi_attribute	14, 0	@ Tag_ABI_PCS_R9_use
	.file	"tcpl04b_command_codec.c"
	.file	1 "C:\\baidunetdiskdownload\\\346\263\260\347\237\275\345\276\256\\\346\260\233\345\233\264\347\201\257\\TCPL0X_AUTO_SDK_V2.0.0\\TCPL0X_AUTO_SDK_V2.0.0\\examples\\tcpl04x\\demo_apps\\tcpl04b_swsc_lean\\MDK" "../05_LinService/tcpl04b_command_codec.h"
	.file	2 "C:\\Keil_v5\\ARM\\ARMCLANG\\Bin\\..\\include" "stdint.h"
	.section	.text.tcpl04b_light_command_decode,"ax",%progbits
	.hidden	tcpl04b_light_command_decode    @ -- Begin function tcpl04b_light_command_decode
	.globl	tcpl04b_light_command_decode
	.p2align	1
	.type	tcpl04b_light_command_decode,%function
	.code	16                              @ @tcpl04b_light_command_decode
	.thumb_func
tcpl04b_light_command_decode:
.Lfunc_begin0:
	.file	3 "C:\\baidunetdiskdownload\\\346\263\260\347\237\275\345\276\256\\\346\260\233\345\233\264\347\201\257\\TCPL0X_AUTO_SDK_V2.0.0\\TCPL0X_AUTO_SDK_V2.0.0\\examples\\tcpl04x\\demo_apps\\tcpl04b_swsc_lean\\MDK" "../05_LinService/tcpl04b_command_codec.c"
	.loc	3 7 0                           @ ../05_LinService/tcpl04b_command_codec.c:7:0
	.fnstart
	.cfi_sections .debug_frame
	.cfi_startproc
@ %bb.0:
	@DEBUG_VALUE: tcpl04b_light_command_decode:frame <- $r0
	@DEBUG_VALUE: tcpl04b_light_command_decode:configured_nad <- $r1
	@DEBUG_VALUE: tcpl04b_light_command_decode:command <- $r2
	.save	{r4, lr}
	push	{r4, lr}
	.cfi_def_cfa_offset 8
	.cfi_offset lr, -4
	.cfi_offset r4, -8
	movs	r3, #2
.Ltmp0:
	.loc	3 11 22 prologue_end            @ ../05_LinService/tcpl04b_command_codec.c:11:22
	cmp	r0, #0
	beq	.LBB0_13
.Ltmp1:
@ %bb.1:
	@DEBUG_VALUE: tcpl04b_light_command_decode:command <- $r2
	@DEBUG_VALUE: tcpl04b_light_command_decode:configured_nad <- $r1
	@DEBUG_VALUE: tcpl04b_light_command_decode:frame <- $r0
	@DEBUG_VALUE: tcpl04b_light_command_decode:configured_nad <- $r1
	.loc	3 11 9 is_stmt 0                @ ../05_LinService/tcpl04b_command_codec.c:11:9
	cmp	r2, #0
	beq	.LBB0_13
.Ltmp2:
@ %bb.2:
	@DEBUG_VALUE: tcpl04b_light_command_decode:command <- $r2
	@DEBUG_VALUE: tcpl04b_light_command_decode:configured_nad <- $r1
	@DEBUG_VALUE: tcpl04b_light_command_decode:frame <- $r0
	@DEBUG_VALUE: tcpl04b_light_command_decode:configured_nad <- $r1
	.loc	3 0 9                           @ ../05_LinService/tcpl04b_command_codec.c:0:9
	movs	r3, #3
.Ltmp3:
	.loc	3 16 52 is_stmt 1               @ ../05_LinService/tcpl04b_command_codec.c:16:52
	cmp	r1, #0
	beq	.LBB0_13
.Ltmp4:
@ %bb.3:
	@DEBUG_VALUE: tcpl04b_light_command_decode:command <- $r2
	@DEBUG_VALUE: tcpl04b_light_command_decode:configured_nad <- $r1
	@DEBUG_VALUE: tcpl04b_light_command_decode:frame <- $r0
	@DEBUG_VALUE: tcpl04b_light_command_decode:configured_nad <- $r1
	.loc	3 16 9 is_stmt 0                @ ../05_LinService/tcpl04b_command_codec.c:16:9
	cmp	r1, #16
	bhi	.LBB0_13
.Ltmp5:
@ %bb.4:
	@DEBUG_VALUE: tcpl04b_light_command_decode:command <- $r2
	@DEBUG_VALUE: tcpl04b_light_command_decode:configured_nad <- $r1
	@DEBUG_VALUE: tcpl04b_light_command_decode:frame <- $r0
	@DEBUG_VALUE: tcpl04b_light_command_decode:configured_nad <- $r1
	.loc	3 22 36 is_stmt 1               @ ../05_LinService/tcpl04b_command_codec.c:22:36
	ldrb	r3, [r0]
	.loc	3 22 48 is_stmt 0               @ ../05_LinService/tcpl04b_command_codec.c:22:48
	ldrb	r4, [r0, #1]
	.loc	3 22 67                         @ ../05_LinService/tcpl04b_command_codec.c:22:67
	lsls	r4, r4, #8
	.loc	3 22 45                         @ ../05_LinService/tcpl04b_command_codec.c:22:45
	adds	r3, r4, r3
	.loc	3 22 24                         @ ../05_LinService/tcpl04b_command_codec.c:22:24
	strh	r3, [r2]
.Ltmp6:
	@DEBUG_VALUE: tcpl04b_light_command_decode:node_bit <- undef
	.loc	3 25 10 is_stmt 1               @ ../05_LinService/tcpl04b_command_codec.c:25:10
	uxth	r3, r3
.Ltmp7:
	.loc	3 23 48                         @ ../05_LinService/tcpl04b_command_codec.c:23:48
	subs	r1, r1, #1
.Ltmp8:
	.loc	3 25 9                          @ ../05_LinService/tcpl04b_command_codec.c:25:9
	lsrs	r3, r1
	lsls	r1, r3, #31
	beq	.LBB0_7
.Ltmp9:
@ %bb.5:
	@DEBUG_VALUE: tcpl04b_light_command_decode:command <- $r2
	@DEBUG_VALUE: tcpl04b_light_command_decode:frame <- $r0
	.loc	3 30 15                         @ ../05_LinService/tcpl04b_command_codec.c:30:15
	ldrb	r4, [r0, #2]
	movs	r1, #1
.Ltmp10:
	@DEBUG_VALUE: tcpl04b_light_command_decode:control <- undef
	.loc	3 31 40                         @ ../05_LinService/tcpl04b_command_codec.c:31:40
	ands	r1, r4
	.loc	3 31 28 is_stmt 0               @ ../05_LinService/tcpl04b_command_codec.c:31:28
	strb	r1, [r2, #2]
	.loc	3 33 64 is_stmt 1               @ ../05_LinService/tcpl04b_command_codec.c:33:64
	lsls	r3, r4, #27
	lsrs	r3, r3, #29
	.loc	3 33 24 is_stmt 0               @ ../05_LinService/tcpl04b_command_codec.c:33:24
	strb	r3, [r2, #4]
	.loc	3 32 66 is_stmt 1               @ ../05_LinService/tcpl04b_command_codec.c:32:66
	lsls	r4, r4, #30
	lsrs	r4, r4, #31
	.loc	3 32 25 is_stmt 0               @ ../05_LinService/tcpl04b_command_codec.c:32:25
	strb	r4, [r2, #3]
	.loc	3 34 30 is_stmt 1               @ ../05_LinService/tcpl04b_command_codec.c:34:30
	ldrb	r4, [r0, #3]
	.loc	3 34 28 is_stmt 0               @ ../05_LinService/tcpl04b_command_codec.c:34:28
	strb	r4, [r2, #5]
	.loc	3 35 34 is_stmt 1               @ ../05_LinService/tcpl04b_command_codec.c:35:34
	ldrb	r4, [r0, #4]
	.loc	3 35 32 is_stmt 0               @ ../05_LinService/tcpl04b_command_codec.c:35:32
	strb	r4, [r2, #6]
	.loc	3 36 22 is_stmt 1               @ ../05_LinService/tcpl04b_command_codec.c:36:22
	ldrb	r4, [r0, #5]
	.loc	3 36 20 is_stmt 0               @ ../05_LinService/tcpl04b_command_codec.c:36:20
	strb	r4, [r2, #7]
	.loc	3 37 21 is_stmt 1               @ ../05_LinService/tcpl04b_command_codec.c:37:21
	ldrb	r4, [r0, #6]
	.loc	3 37 19 is_stmt 0               @ ../05_LinService/tcpl04b_command_codec.c:37:19
	strb	r4, [r2, #8]
	.loc	3 38 26 is_stmt 1               @ ../05_LinService/tcpl04b_command_codec.c:38:26
	ldrb	r0, [r0, #7]
.Ltmp11:
	@DEBUG_VALUE: tcpl04b_light_command_decode:frame <- [DW_OP_LLVM_entry_value 1] $r0
	.loc	3 38 24 is_stmt 0               @ ../05_LinService/tcpl04b_command_codec.c:38:24
	strb	r0, [r2, #9]
	.loc	3 41 9 is_stmt 1                @ ../05_LinService/tcpl04b_command_codec.c:41:9
	cmp	r1, #0
	bne	.LBB0_8
.Ltmp12:
@ %bb.6:
	@DEBUG_VALUE: tcpl04b_light_command_decode:frame <- [DW_OP_LLVM_entry_value 1] $r0
	@DEBUG_VALUE: tcpl04b_light_command_decode:command <- $r2
	.loc	3 0 9 is_stmt 0                 @ ../05_LinService/tcpl04b_command_codec.c:0:9
	movs	r3, #0
.Ltmp13:
	.loc	3 45 28 is_stmt 1               @ ../05_LinService/tcpl04b_command_codec.c:45:28
	strb	r3, [r2, #9]
	.loc	3 43 28                         @ ../05_LinService/tcpl04b_command_codec.c:43:28
	strh	r3, [r2, #4]
	b	.LBB0_13
.Ltmp14:
.LBB0_7:
	@DEBUG_VALUE: tcpl04b_light_command_decode:command <- $r2
	@DEBUG_VALUE: tcpl04b_light_command_decode:frame <- $r0
	.loc	3 0 28 is_stmt 0                @ ../05_LinService/tcpl04b_command_codec.c:0:28
	movs	r3, #1
	b	.LBB0_13
.Ltmp15:
.LBB0_8:
	@DEBUG_VALUE: tcpl04b_light_command_decode:frame <- [DW_OP_LLVM_entry_value 1] $r0
	@DEBUG_VALUE: tcpl04b_light_command_decode:command <- $r2
	.loc	3 49 9 is_stmt 1                @ ../05_LinService/tcpl04b_command_codec.c:49:9
	cmp	r3, #3
	bls	.LBB0_10
.Ltmp16:
@ %bb.9:
	@DEBUG_VALUE: tcpl04b_light_command_decode:frame <- [DW_OP_LLVM_entry_value 1] $r0
	@DEBUG_VALUE: tcpl04b_light_command_decode:command <- $r2
	.loc	3 0 9 is_stmt 0                 @ ../05_LinService/tcpl04b_command_codec.c:0:9
	movs	r3, #4
	b	.LBB0_13
.Ltmp17:
.LBB0_10:
	@DEBUG_VALUE: tcpl04b_light_command_decode:frame <- [DW_OP_LLVM_entry_value 1] $r0
	@DEBUG_VALUE: tcpl04b_light_command_decode:command <- $r2
	cmp	r0, #100
	bhi	.LBB0_12
.Ltmp18:
@ %bb.11:
	@DEBUG_VALUE: tcpl04b_light_command_decode:frame <- [DW_OP_LLVM_entry_value 1] $r0
	@DEBUG_VALUE: tcpl04b_light_command_decode:command <- $r2
	movs	r3, #0
	b	.LBB0_13
.Ltmp19:
.LBB0_12:
	@DEBUG_VALUE: tcpl04b_light_command_decode:frame <- [DW_OP_LLVM_entry_value 1] $r0
	@DEBUG_VALUE: tcpl04b_light_command_decode:command <- $r2
	movs	r3, #5
.Ltmp20:
.LBB0_13:
	@DEBUG_VALUE: tcpl04b_light_command_decode:command <- $r2
	.loc	3 60 1 is_stmt 1                @ ../05_LinService/tcpl04b_command_codec.c:60:1
	mov	r0, r3
	.loc	3 60 1 epilogue_begin is_stmt 0 @ ../05_LinService/tcpl04b_command_codec.c:60:1
	pop	{r4, pc}
.Ltmp21:
.Lfunc_end0:
	.size	tcpl04b_light_command_decode, .Lfunc_end0-tcpl04b_light_command_decode
	.cfi_endproc
	.cantunwind
	.fnend
                                        @ -- End function
	.section	.debug_loc,"",%progbits
.Ldebug_loc0:
	.long	.Lfunc_begin0-.Lfunc_begin0
	.long	.Ltmp11-.Lfunc_begin0
	.short	1                               @ Loc expr size
	.byte	80                              @ DW_OP_reg0
	.long	.Ltmp11-.Lfunc_begin0
	.long	.Ltmp14-.Lfunc_begin0
	.short	4                               @ Loc expr size
	.byte	243                             @ DW_OP_GNU_entry_value
	.byte	1                               @ 1
	.byte	80                              @ DW_OP_reg0
	.byte	159                             @ DW_OP_stack_value
	.long	.Ltmp14-.Lfunc_begin0
	.long	.Ltmp15-.Lfunc_begin0
	.short	1                               @ Loc expr size
	.byte	80                              @ DW_OP_reg0
	.long	.Ltmp15-.Lfunc_begin0
	.long	.Ltmp20-.Lfunc_begin0
	.short	4                               @ Loc expr size
	.byte	243                             @ DW_OP_GNU_entry_value
	.byte	1                               @ 1
	.byte	80                              @ DW_OP_reg0
	.byte	159                             @ DW_OP_stack_value
	.long	0
	.long	0
.Ldebug_loc1:
	.long	.Lfunc_begin0-.Lfunc_begin0
	.long	.Ltmp8-.Lfunc_begin0
	.short	1                               @ Loc expr size
	.byte	81                              @ DW_OP_reg1
	.long	0
	.long	0
	.section	.debug_abbrev,"",%progbits
	.byte	1                               @ Abbreviation Code
	.byte	17                              @ DW_TAG_compile_unit
	.byte	1                               @ DW_CHILDREN_yes
	.byte	37                              @ DW_AT_producer
	.byte	14                              @ DW_FORM_strp
	.byte	19                              @ DW_AT_language
	.byte	5                               @ DW_FORM_data2
	.byte	3                               @ DW_AT_name
	.byte	14                              @ DW_FORM_strp
	.byte	16                              @ DW_AT_stmt_list
	.byte	23                              @ DW_FORM_sec_offset
	.byte	27                              @ DW_AT_comp_dir
	.byte	14                              @ DW_FORM_strp
	.byte	17                              @ DW_AT_low_pc
	.byte	1                               @ DW_FORM_addr
	.byte	18                              @ DW_AT_high_pc
	.byte	6                               @ DW_FORM_data4
	.byte	0                               @ EOM(1)
	.byte	0                               @ EOM(2)
	.byte	2                               @ Abbreviation Code
	.byte	4                               @ DW_TAG_enumeration_type
	.byte	1                               @ DW_CHILDREN_yes
	.byte	73                              @ DW_AT_type
	.byte	19                              @ DW_FORM_ref4
	.byte	11                              @ DW_AT_byte_size
	.byte	11                              @ DW_FORM_data1
	.byte	58                              @ DW_AT_decl_file
	.byte	11                              @ DW_FORM_data1
	.byte	59                              @ DW_AT_decl_line
	.byte	11                              @ DW_FORM_data1
	.byte	0                               @ EOM(1)
	.byte	0                               @ EOM(2)
	.byte	3                               @ Abbreviation Code
	.byte	40                              @ DW_TAG_enumerator
	.byte	0                               @ DW_CHILDREN_no
	.byte	3                               @ DW_AT_name
	.byte	14                              @ DW_FORM_strp
	.byte	28                              @ DW_AT_const_value
	.byte	15                              @ DW_FORM_udata
	.byte	0                               @ EOM(1)
	.byte	0                               @ EOM(2)
	.byte	4                               @ Abbreviation Code
	.byte	36                              @ DW_TAG_base_type
	.byte	0                               @ DW_CHILDREN_no
	.byte	3                               @ DW_AT_name
	.byte	14                              @ DW_FORM_strp
	.byte	62                              @ DW_AT_encoding
	.byte	11                              @ DW_FORM_data1
	.byte	11                              @ DW_AT_byte_size
	.byte	11                              @ DW_FORM_data1
	.byte	0                               @ EOM(1)
	.byte	0                               @ EOM(2)
	.byte	5                               @ Abbreviation Code
	.byte	22                              @ DW_TAG_typedef
	.byte	0                               @ DW_CHILDREN_no
	.byte	73                              @ DW_AT_type
	.byte	19                              @ DW_FORM_ref4
	.byte	3                               @ DW_AT_name
	.byte	14                              @ DW_FORM_strp
	.byte	58                              @ DW_AT_decl_file
	.byte	11                              @ DW_FORM_data1
	.byte	59                              @ DW_AT_decl_line
	.byte	11                              @ DW_FORM_data1
	.byte	0                               @ EOM(1)
	.byte	0                               @ EOM(2)
	.byte	6                               @ Abbreviation Code
	.byte	46                              @ DW_TAG_subprogram
	.byte	1                               @ DW_CHILDREN_yes
	.byte	17                              @ DW_AT_low_pc
	.byte	1                               @ DW_FORM_addr
	.byte	18                              @ DW_AT_high_pc
	.byte	6                               @ DW_FORM_data4
	.byte	64                              @ DW_AT_frame_base
	.byte	24                              @ DW_FORM_exprloc
	.ascii	"\227B"                         @ DW_AT_GNU_all_call_sites
	.byte	25                              @ DW_FORM_flag_present
	.byte	3                               @ DW_AT_name
	.byte	14                              @ DW_FORM_strp
	.byte	58                              @ DW_AT_decl_file
	.byte	11                              @ DW_FORM_data1
	.byte	59                              @ DW_AT_decl_line
	.byte	11                              @ DW_FORM_data1
	.byte	39                              @ DW_AT_prototyped
	.byte	25                              @ DW_FORM_flag_present
	.byte	73                              @ DW_AT_type
	.byte	19                              @ DW_FORM_ref4
	.byte	63                              @ DW_AT_external
	.byte	25                              @ DW_FORM_flag_present
	.byte	0                               @ EOM(1)
	.byte	0                               @ EOM(2)
	.byte	7                               @ Abbreviation Code
	.byte	5                               @ DW_TAG_formal_parameter
	.byte	0                               @ DW_CHILDREN_no
	.byte	2                               @ DW_AT_location
	.byte	23                              @ DW_FORM_sec_offset
	.byte	3                               @ DW_AT_name
	.byte	14                              @ DW_FORM_strp
	.byte	58                              @ DW_AT_decl_file
	.byte	11                              @ DW_FORM_data1
	.byte	59                              @ DW_AT_decl_line
	.byte	11                              @ DW_FORM_data1
	.byte	73                              @ DW_AT_type
	.byte	19                              @ DW_FORM_ref4
	.byte	0                               @ EOM(1)
	.byte	0                               @ EOM(2)
	.byte	8                               @ Abbreviation Code
	.byte	5                               @ DW_TAG_formal_parameter
	.byte	0                               @ DW_CHILDREN_no
	.byte	2                               @ DW_AT_location
	.byte	24                              @ DW_FORM_exprloc
	.byte	3                               @ DW_AT_name
	.byte	14                              @ DW_FORM_strp
	.byte	58                              @ DW_AT_decl_file
	.byte	11                              @ DW_FORM_data1
	.byte	59                              @ DW_AT_decl_line
	.byte	11                              @ DW_FORM_data1
	.byte	73                              @ DW_AT_type
	.byte	19                              @ DW_FORM_ref4
	.byte	0                               @ EOM(1)
	.byte	0                               @ EOM(2)
	.byte	9                               @ Abbreviation Code
	.byte	52                              @ DW_TAG_variable
	.byte	0                               @ DW_CHILDREN_no
	.byte	3                               @ DW_AT_name
	.byte	14                              @ DW_FORM_strp
	.byte	58                              @ DW_AT_decl_file
	.byte	11                              @ DW_FORM_data1
	.byte	59                              @ DW_AT_decl_line
	.byte	11                              @ DW_FORM_data1
	.byte	73                              @ DW_AT_type
	.byte	19                              @ DW_FORM_ref4
	.byte	0                               @ EOM(1)
	.byte	0                               @ EOM(2)
	.byte	10                              @ Abbreviation Code
	.byte	15                              @ DW_TAG_pointer_type
	.byte	0                               @ DW_CHILDREN_no
	.byte	73                              @ DW_AT_type
	.byte	19                              @ DW_FORM_ref4
	.byte	0                               @ EOM(1)
	.byte	0                               @ EOM(2)
	.byte	11                              @ Abbreviation Code
	.byte	38                              @ DW_TAG_const_type
	.byte	0                               @ DW_CHILDREN_no
	.byte	73                              @ DW_AT_type
	.byte	19                              @ DW_FORM_ref4
	.byte	0                               @ EOM(1)
	.byte	0                               @ EOM(2)
	.byte	12                              @ Abbreviation Code
	.byte	19                              @ DW_TAG_structure_type
	.byte	1                               @ DW_CHILDREN_yes
	.byte	11                              @ DW_AT_byte_size
	.byte	11                              @ DW_FORM_data1
	.byte	58                              @ DW_AT_decl_file
	.byte	11                              @ DW_FORM_data1
	.byte	59                              @ DW_AT_decl_line
	.byte	11                              @ DW_FORM_data1
	.byte	0                               @ EOM(1)
	.byte	0                               @ EOM(2)
	.byte	13                              @ Abbreviation Code
	.byte	13                              @ DW_TAG_member
	.byte	0                               @ DW_CHILDREN_no
	.byte	3                               @ DW_AT_name
	.byte	14                              @ DW_FORM_strp
	.byte	73                              @ DW_AT_type
	.byte	19                              @ DW_FORM_ref4
	.byte	58                              @ DW_AT_decl_file
	.byte	11                              @ DW_FORM_data1
	.byte	59                              @ DW_AT_decl_line
	.byte	11                              @ DW_FORM_data1
	.byte	56                              @ DW_AT_data_member_location
	.byte	11                              @ DW_FORM_data1
	.byte	0                               @ EOM(1)
	.byte	0                               @ EOM(2)
	.byte	0                               @ EOM(3)
	.section	.debug_info,"",%progbits
.Lcu_begin0:
	.long	.Ldebug_info_end0-.Ldebug_info_start0 @ Length of Unit
.Ldebug_info_start0:
	.short	4                               @ DWARF version number
	.long	.debug_abbrev                   @ Offset Into Abbrev. Section
	.byte	4                               @ Address Size (in bytes)
	.byte	1                               @ Abbrev [1] 0xb:0x1b3 DW_TAG_compile_unit
	.long	.Linfo_string0                  @ DW_AT_producer
	.short	12                              @ DW_AT_language
	.long	.Linfo_string1                  @ DW_AT_name
	.long	.Lline_table_start0             @ DW_AT_stmt_list
	.long	.Linfo_string2                  @ DW_AT_comp_dir
	.long	.Lfunc_begin0                   @ DW_AT_low_pc
	.long	.Lfunc_end0-.Lfunc_begin0       @ DW_AT_high_pc
	.byte	2                               @ Abbrev [2] 0x26:0x2d DW_TAG_enumeration_type
	.long	83                              @ DW_AT_type
	.byte	1                               @ DW_AT_byte_size
	.byte	1                               @ DW_AT_decl_file
	.byte	27                              @ DW_AT_decl_line
	.byte	3                               @ Abbrev [3] 0x2e:0x6 DW_TAG_enumerator
	.long	.Linfo_string4                  @ DW_AT_name
	.byte	0                               @ DW_AT_const_value
	.byte	3                               @ Abbrev [3] 0x34:0x6 DW_TAG_enumerator
	.long	.Linfo_string5                  @ DW_AT_name
	.byte	1                               @ DW_AT_const_value
	.byte	3                               @ Abbrev [3] 0x3a:0x6 DW_TAG_enumerator
	.long	.Linfo_string6                  @ DW_AT_name
	.byte	2                               @ DW_AT_const_value
	.byte	3                               @ Abbrev [3] 0x40:0x6 DW_TAG_enumerator
	.long	.Linfo_string7                  @ DW_AT_name
	.byte	3                               @ DW_AT_const_value
	.byte	3                               @ Abbrev [3] 0x46:0x6 DW_TAG_enumerator
	.long	.Linfo_string8                  @ DW_AT_name
	.byte	4                               @ DW_AT_const_value
	.byte	3                               @ Abbrev [3] 0x4c:0x6 DW_TAG_enumerator
	.long	.Linfo_string9                  @ DW_AT_name
	.byte	5                               @ DW_AT_const_value
	.byte	0                               @ End Of Children Mark
	.byte	4                               @ Abbrev [4] 0x53:0x7 DW_TAG_base_type
	.long	.Linfo_string3                  @ DW_AT_name
	.byte	8                               @ DW_AT_encoding
	.byte	1                               @ DW_AT_byte_size
	.byte	2                               @ Abbrev [2] 0x5a:0x15 DW_TAG_enumeration_type
	.long	83                              @ DW_AT_type
	.byte	1                               @ DW_AT_byte_size
	.byte	1                               @ DW_AT_decl_file
	.byte	12                              @ DW_AT_decl_line
	.byte	3                               @ Abbrev [3] 0x62:0x6 DW_TAG_enumerator
	.long	.Linfo_string10                 @ DW_AT_name
	.byte	0                               @ DW_AT_const_value
	.byte	3                               @ Abbrev [3] 0x68:0x6 DW_TAG_enumerator
	.long	.Linfo_string11                 @ DW_AT_name
	.byte	1                               @ DW_AT_const_value
	.byte	0                               @ End Of Children Mark
	.byte	2                               @ Abbrev [2] 0x6f:0x27 DW_TAG_enumeration_type
	.long	83                              @ DW_AT_type
	.byte	1                               @ DW_AT_byte_size
	.byte	1                               @ DW_AT_decl_file
	.byte	18                              @ DW_AT_decl_line
	.byte	3                               @ Abbrev [3] 0x77:0x6 DW_TAG_enumerator
	.long	.Linfo_string12                 @ DW_AT_name
	.byte	0                               @ DW_AT_const_value
	.byte	3                               @ Abbrev [3] 0x7d:0x6 DW_TAG_enumerator
	.long	.Linfo_string13                 @ DW_AT_name
	.byte	1                               @ DW_AT_const_value
	.byte	3                               @ Abbrev [3] 0x83:0x6 DW_TAG_enumerator
	.long	.Linfo_string14                 @ DW_AT_name
	.byte	2                               @ DW_AT_const_value
	.byte	3                               @ Abbrev [3] 0x89:0x6 DW_TAG_enumerator
	.long	.Linfo_string15                 @ DW_AT_name
	.byte	3                               @ DW_AT_const_value
	.byte	3                               @ Abbrev [3] 0x8f:0x6 DW_TAG_enumerator
	.long	.Linfo_string16                 @ DW_AT_name
	.byte	4                               @ DW_AT_const_value
	.byte	0                               @ End Of Children Mark
	.byte	5                               @ Abbrev [5] 0x96:0xb DW_TAG_typedef
	.long	161                             @ DW_AT_type
	.long	.Linfo_string18                 @ DW_AT_name
	.byte	2                               @ DW_AT_decl_file
	.byte	63                              @ DW_AT_decl_line
	.byte	4                               @ Abbrev [4] 0xa1:0x7 DW_TAG_base_type
	.long	.Linfo_string17                 @ DW_AT_name
	.byte	7                               @ DW_AT_encoding
	.byte	2                               @ DW_AT_byte_size
	.byte	5                               @ Abbrev [5] 0xa8:0xb DW_TAG_typedef
	.long	90                              @ DW_AT_type
	.long	.Linfo_string19                 @ DW_AT_name
	.byte	1                               @ DW_AT_decl_file
	.byte	16                              @ DW_AT_decl_line
	.byte	5                               @ Abbrev [5] 0xb3:0xb DW_TAG_typedef
	.long	111                             @ DW_AT_type
	.long	.Linfo_string20                 @ DW_AT_name
	.byte	1                               @ DW_AT_decl_file
	.byte	25                              @ DW_AT_decl_line
	.byte	6                               @ Abbrev [6] 0xbe:0x57 DW_TAG_subprogram
	.long	.Lfunc_begin0                   @ DW_AT_low_pc
	.long	.Lfunc_end0-.Lfunc_begin0       @ DW_AT_high_pc
	.byte	1                               @ DW_AT_frame_base
	.byte	93
                                        @ DW_AT_GNU_all_call_sites
	.long	.Linfo_string21                 @ DW_AT_name
	.byte	3                               @ DW_AT_decl_file
	.byte	3                               @ DW_AT_decl_line
                                        @ DW_AT_prototyped
	.long	277                             @ DW_AT_type
                                        @ DW_AT_external
	.byte	7                               @ Abbrev [7] 0xd3:0xf DW_TAG_formal_parameter
	.long	.Ldebug_loc0                    @ DW_AT_location
	.long	.Linfo_string23                 @ DW_AT_name
	.byte	3                               @ DW_AT_decl_file
	.byte	4                               @ DW_AT_decl_line
	.long	288                             @ DW_AT_type
	.byte	7                               @ Abbrev [7] 0xe2:0xf DW_TAG_formal_parameter
	.long	.Ldebug_loc1                    @ DW_AT_location
	.long	.Linfo_string25                 @ DW_AT_name
	.byte	3                               @ DW_AT_decl_file
	.byte	5                               @ DW_AT_decl_line
	.long	298                             @ DW_AT_type
	.byte	8                               @ Abbrev [8] 0xf1:0xd DW_TAG_formal_parameter
	.byte	1                               @ DW_AT_location
	.byte	82
	.long	.Linfo_string26                 @ DW_AT_name
	.byte	3                               @ DW_AT_decl_file
	.byte	6                               @ DW_AT_decl_line
	.long	309                             @ DW_AT_type
	.byte	9                               @ Abbrev [9] 0xfe:0xb DW_TAG_variable
	.long	.Linfo_string38                 @ DW_AT_name
	.byte	3                               @ DW_AT_decl_file
	.byte	8                               @ DW_AT_decl_line
	.long	298                             @ DW_AT_type
	.byte	9                               @ Abbrev [9] 0x109:0xb DW_TAG_variable
	.long	.Linfo_string39                 @ DW_AT_name
	.byte	3                               @ DW_AT_decl_file
	.byte	9                               @ DW_AT_decl_line
	.long	150                             @ DW_AT_type
	.byte	0                               @ End Of Children Mark
	.byte	5                               @ Abbrev [5] 0x115:0xb DW_TAG_typedef
	.long	38                              @ DW_AT_type
	.long	.Linfo_string22                 @ DW_AT_name
	.byte	1                               @ DW_AT_decl_file
	.byte	35                              @ DW_AT_decl_line
	.byte	10                              @ Abbrev [10] 0x120:0x5 DW_TAG_pointer_type
	.long	293                             @ DW_AT_type
	.byte	11                              @ Abbrev [11] 0x125:0x5 DW_TAG_const_type
	.long	298                             @ DW_AT_type
	.byte	5                               @ Abbrev [5] 0x12a:0xb DW_TAG_typedef
	.long	83                              @ DW_AT_type
	.long	.Linfo_string24                 @ DW_AT_name
	.byte	2                               @ DW_AT_decl_file
	.byte	62                              @ DW_AT_decl_line
	.byte	10                              @ Abbrev [10] 0x135:0x5 DW_TAG_pointer_type
	.long	314                             @ DW_AT_type
	.byte	5                               @ Abbrev [5] 0x13a:0xb DW_TAG_typedef
	.long	325                             @ DW_AT_type
	.long	.Linfo_string37                 @ DW_AT_name
	.byte	1                               @ DW_AT_decl_file
	.byte	48                              @ DW_AT_decl_line
	.byte	12                              @ Abbrev [12] 0x145:0x71 DW_TAG_structure_type
	.byte	10                              @ DW_AT_byte_size
	.byte	1                               @ DW_AT_decl_file
	.byte	37                              @ DW_AT_decl_line
	.byte	13                              @ Abbrev [13] 0x149:0xc DW_TAG_member
	.long	.Linfo_string27                 @ DW_AT_name
	.long	150                             @ DW_AT_type
	.byte	1                               @ DW_AT_decl_file
	.byte	39                              @ DW_AT_decl_line
	.byte	0                               @ DW_AT_data_member_location
	.byte	13                              @ Abbrev [13] 0x155:0xc DW_TAG_member
	.long	.Linfo_string28                 @ DW_AT_name
	.long	438                             @ DW_AT_type
	.byte	1                               @ DW_AT_decl_file
	.byte	40                              @ DW_AT_decl_line
	.byte	2                               @ DW_AT_data_member_location
	.byte	13                              @ Abbrev [13] 0x161:0xc DW_TAG_member
	.long	.Linfo_string30                 @ DW_AT_name
	.long	168                             @ DW_AT_type
	.byte	1                               @ DW_AT_decl_file
	.byte	41                              @ DW_AT_decl_line
	.byte	3                               @ DW_AT_data_member_location
	.byte	13                              @ Abbrev [13] 0x16d:0xc DW_TAG_member
	.long	.Linfo_string31                 @ DW_AT_name
	.long	179                             @ DW_AT_type
	.byte	1                               @ DW_AT_decl_file
	.byte	42                              @ DW_AT_decl_line
	.byte	4                               @ DW_AT_data_member_location
	.byte	13                              @ Abbrev [13] 0x179:0xc DW_TAG_member
	.long	.Linfo_string32                 @ DW_AT_name
	.long	298                             @ DW_AT_type
	.byte	1                               @ DW_AT_decl_file
	.byte	43                              @ DW_AT_decl_line
	.byte	5                               @ DW_AT_data_member_location
	.byte	13                              @ Abbrev [13] 0x185:0xc DW_TAG_member
	.long	.Linfo_string33                 @ DW_AT_name
	.long	298                             @ DW_AT_type
	.byte	1                               @ DW_AT_decl_file
	.byte	44                              @ DW_AT_decl_line
	.byte	6                               @ DW_AT_data_member_location
	.byte	13                              @ Abbrev [13] 0x191:0xc DW_TAG_member
	.long	.Linfo_string34                 @ DW_AT_name
	.long	298                             @ DW_AT_type
	.byte	1                               @ DW_AT_decl_file
	.byte	45                              @ DW_AT_decl_line
	.byte	7                               @ DW_AT_data_member_location
	.byte	13                              @ Abbrev [13] 0x19d:0xc DW_TAG_member
	.long	.Linfo_string35                 @ DW_AT_name
	.long	298                             @ DW_AT_type
	.byte	1                               @ DW_AT_decl_file
	.byte	46                              @ DW_AT_decl_line
	.byte	8                               @ DW_AT_data_member_location
	.byte	13                              @ Abbrev [13] 0x1a9:0xc DW_TAG_member
	.long	.Linfo_string36                 @ DW_AT_name
	.long	298                             @ DW_AT_type
	.byte	1                               @ DW_AT_decl_file
	.byte	47                              @ DW_AT_decl_line
	.byte	9                               @ DW_AT_data_member_location
	.byte	0                               @ End Of Children Mark
	.byte	4                               @ Abbrev [4] 0x1b6:0x7 DW_TAG_base_type
	.long	.Linfo_string29                 @ DW_AT_name
	.byte	2                               @ DW_AT_encoding
	.byte	1                               @ DW_AT_byte_size
	.byte	0                               @ End Of Children Mark
.Ldebug_info_end0:
	.section	.debug_str,"MS",%progbits,1
.Linfo_string0:
	.asciz	"Component: Arm Compiler for Embedded 6.21 Tool: armclang [5ec1fd00]" @ string offset=0
.Linfo_string1:
	.asciz	"../05_LinService\\tcpl04b_command_codec.c" @ string offset=68
.Linfo_string2:
	.asciz	"C:\\baidunetdiskdownload\\\346\263\260\347\237\275\345\276\256\\\346\260\233\345\233\264\347\201\257\\TCPL0X_AUTO_SDK_V2.0.0\\TCPL0X_AUTO_SDK_V2.0.0\\examples\\tcpl04x\\demo_apps\\tcpl04b_swsc_lean\\MDK" @ string offset=109
.Linfo_string3:
	.asciz	"unsigned char"                 @ string offset=248
.Linfo_string4:
	.asciz	"TCPL04B_COMMAND_OK"            @ string offset=262
.Linfo_string5:
	.asciz	"TCPL04B_COMMAND_NOT_FOR_NODE"  @ string offset=281
.Linfo_string6:
	.asciz	"TCPL04B_COMMAND_INVALID_ARGUMENT" @ string offset=310
.Linfo_string7:
	.asciz	"TCPL04B_COMMAND_INVALID_NODE_ADDRESS" @ string offset=343
.Linfo_string8:
	.asciz	"TCPL04B_COMMAND_INVALID_WORK_MODE" @ string offset=380
.Linfo_string9:
	.asciz	"TCPL04B_COMMAND_INVALID_INTENSITY" @ string offset=414
.Linfo_string10:
	.asciz	"TCPL04B_COLOR_MODE_RGB"        @ string offset=448
.Linfo_string11:
	.asciz	"TCPL04B_COLOR_MODE_PREDEFINED" @ string offset=471
.Linfo_string12:
	.asciz	"TCPL04B_WORK_MODE_NORMAL"      @ string offset=501
.Linfo_string13:
	.asciz	"TCPL04B_WORK_MODE_GRADIENT"    @ string offset=526
.Linfo_string14:
	.asciz	"TCPL04B_WORK_MODE_BREATH"      @ string offset=553
.Linfo_string15:
	.asciz	"TCPL04B_WORK_MODE_FLICKER"     @ string offset=578
.Linfo_string16:
	.asciz	"TCPL04B_WORK_MODE_COUNT"       @ string offset=604
.Linfo_string17:
	.asciz	"unsigned short"                @ string offset=628
.Linfo_string18:
	.asciz	"uint16_t"                      @ string offset=643
.Linfo_string19:
	.asciz	"tcpl04b_color_mode_t"          @ string offset=652
.Linfo_string20:
	.asciz	"tcpl04b_work_mode_t"           @ string offset=673
.Linfo_string21:
	.asciz	"tcpl04b_light_command_decode"  @ string offset=693
.Linfo_string22:
	.asciz	"tcpl04b_command_status_t"      @ string offset=722
.Linfo_string23:
	.asciz	"frame"                         @ string offset=747
.Linfo_string24:
	.asciz	"uint8_t"                       @ string offset=753
.Linfo_string25:
	.asciz	"configured_nad"                @ string offset=761
.Linfo_string26:
	.asciz	"command"                       @ string offset=776
.Linfo_string27:
	.asciz	"node_mask"                     @ string offset=784
.Linfo_string28:
	.asciz	"power_enabled"                 @ string offset=794
.Linfo_string29:
	.asciz	"_Bool"                         @ string offset=808
.Linfo_string30:
	.asciz	"color_mode"                    @ string offset=814
.Linfo_string31:
	.asciz	"work_mode"                     @ string offset=825
.Linfo_string32:
	.asciz	"gradient_time"                 @ string offset=835
.Linfo_string33:
	.asciz	"red_or_predefined"             @ string offset=849
.Linfo_string34:
	.asciz	"green"                         @ string offset=867
.Linfo_string35:
	.asciz	"blue"                          @ string offset=873
.Linfo_string36:
	.asciz	"intensity"                     @ string offset=878
.Linfo_string37:
	.asciz	"tcpl04b_light_command_t"       @ string offset=888
.Linfo_string38:
	.asciz	"control"                       @ string offset=912
.Linfo_string39:
	.asciz	"node_bit"                      @ string offset=920
	.ident	"Component: Arm Compiler for Embedded 6.21 Tool: armclang [5ec1fd00]"
	.section	".note.GNU-stack","",%progbits
	.eabi_attribute	30, 4	@ Tag_ABI_optimization_goals
	.ARM_attribute	16, 1	@ Tag_AV_eba
	.section	.debug_line,"",%progbits
.Lline_table_start0:
