<!doctype html public "-//w3c//dtd html 4.0 transitional//en">
<html><head>
<title>Static Call Graph - [.\Objects\TLD4020_NVM_PROGRAMMING.axf]</title></head>
<body><HR>
<H1>Static Call Graph for image .\Objects\TLD4020_NVM_PROGRAMMING.axf</H1><HR>
<BR><P>#&#060CALLGRAPH&#062# ARM Linker, 6190004: Last Updated: Thu Jun 11 18:09:36 2026
<BR><P>
<H3>Maximum Stack Usage =        272 bytes + Unknown(Cycles, Untraceable Function Pointers)</H3><H3>
Call chain for Maximum Stack Depth:</H3>
main &rArr; SystemMain_Loop &rArr; Algorithm_AlgoGetPWMOutput &rArr; Algorithm_AlgoGetTargetColor &rArr; Algorithm_SRGBtoXYZ &rArr; Algorithm_RGBtolinear &rArr; FloatLib_Fix16Mul
<P>
<H3>
Mutually Recursive functions
</H3> <LI><a href="#[11]">SVC_Handler_main</a>&nbsp;&nbsp;&nbsp;&rArr;&nbsp;&nbsp;&nbsp;<a href="#[11]">SVC_Handler_main</a><BR>
 <LI><a href="#[1]">NMI_Handler</a>&nbsp;&nbsp;&nbsp;&rArr;&nbsp;&nbsp;&nbsp;<a href="#[1]">NMI_Handler</a><BR>
 <LI><a href="#[2]">HardFault_Handler</a>&nbsp;&nbsp;&nbsp;&rArr;&nbsp;&nbsp;&nbsp;<a href="#[2]">HardFault_Handler</a><BR>
 <LI><a href="#[4]">PendSV_Handler</a>&nbsp;&nbsp;&nbsp;&rArr;&nbsp;&nbsp;&nbsp;<a href="#[4]">PendSV_Handler</a><BR>
 <LI><a href="#[6]">NVIC_IRQ0_Handler</a>&nbsp;&nbsp;&nbsp;&rArr;&nbsp;&nbsp;&nbsp;<a href="#[6]">NVIC_IRQ0_Handler</a><BR>
</UL>
<P>
<H3>
Function Pointers
</H3><UL>
 <LI><a href="#[2]">HardFault_Handler</a> from startup_tld40xx.o(.text) referenced from startup_tld40xx.o(RESET)
 <LI><a href="#[1]">NMI_Handler</a> from startup_tld40xx.o(.text) referenced from startup_tld40xx.o(RESET)
 <LI><a href="#[6]">NVIC_IRQ0_Handler</a> from startup_tld40xx.o(.text) referenced from startup_tld40xx.o(RESET)
 <LI><a href="#[7]">NVIC_IRQ1_Handler</a> from startup_tld40xx.o(.text) referenced from startup_tld40xx.o(RESET)
 <LI><a href="#[8]">NVIC_IRQ2_Handler</a> from lto-llvm-0a1a37.o(.text.NVIC_IRQ2_Handler) referenced from startup_tld40xx.o(RESET)
 <LI><a href="#[9]">NVIC_IRQ3_Handler</a> from startup_tld40xx.o(.text) referenced from startup_tld40xx.o(RESET)
 <LI><a href="#[a]">NVIC_IRQ4_Handler</a> from lto-llvm-0a1a37.o(.text.NVIC_IRQ4_Handler) referenced from startup_tld40xx.o(RESET)
 <LI><a href="#[b]">NVIC_IRQ5_Handler</a> from lto-llvm-0a1a37.o(.text.NVIC_IRQ5_Handler) referenced from startup_tld40xx.o(RESET)
 <LI><a href="#[c]">NVIC_IRQ6_Handler</a> from startup_tld40xx.o(.text) referenced from startup_tld40xx.o(RESET)
 <LI><a href="#[d]">NVIC_IRQ7_Handler</a> from startup_tld40xx.o(.text) referenced from startup_tld40xx.o(RESET)
 <LI><a href="#[4]">PendSV_Handler</a> from startup_tld40xx.o(.text) referenced from startup_tld40xx.o(RESET)
 <LI><a href="#[0]">Reset_Handler</a> from startup_tld40xx.o(.text) referenced from startup_tld40xx.o(RESET)
 <LI><a href="#[3]">SVC_Handler</a> from startup_tld40xx.o(.text) referenced from startup_tld40xx.o(RESET)
 <LI><a href="#[11]">SVC_Handler_main</a> from startup_tld40xx.o(.text) referenced from startup_tld40xx.o(.text)
 <LI><a href="#[5]">SysTick_Handler</a> from lto-llvm-0a1a37.o(.text.SysTick_Handler) referenced from startup_tld40xx.o(RESET)
 <LI><a href="#[f]">SystemInit</a> from lto-llvm-0a1a37.o(.text.SystemInit) referenced from startup_tld40xx.o(.text)
 <LI><a href="#[14]">SystemLinComm_HandleBlueError</a> from lto-llvm-0a1a37.o(.text.SystemLinComm_HandleBlueError) referenced from lto-llvm-0a1a37.o(.rodata..L__const.SystemLinComm_UpdateLedError.ap_Handlers)
 <LI><a href="#[13]">SystemLinComm_HandleGreenError</a> from lto-llvm-0a1a37.o(.text.SystemLinComm_HandleGreenError) referenced from lto-llvm-0a1a37.o(.rodata..L__const.SystemLinComm_UpdateLedError.ap_Handlers)
 <LI><a href="#[12]">SystemLinComm_HandleRedError</a> from lto-llvm-0a1a37.o(.text.SystemLinComm_HandleRedError) referenced from lto-llvm-0a1a37.o(.rodata..L__const.SystemLinComm_UpdateLedError.ap_Handlers)
 <LI><a href="#[10]">__main</a> from entry.o(.ARM.Collect$$$$00000000) referenced from startup_tld40xx.o(.text)
 <LI><a href="#[e]">main</a> from lto-llvm-0a1a37.o(.text.main) referenced from entry9a.o(.ARM.Collect$$$$0000000B)
</UL>
<P>
<H3>
Global Symbols
</H3>
<P><STRONG><a name="[10]"></a>__main</STRONG> (Thumb, 0 bytes, Stack size unknown bytes, entry.o(.ARM.Collect$$$$00000000))
<BR>[Address Reference Count : 1]<UL><LI> startup_tld40xx.o(.text)
</UL>
<P><STRONG><a name="[ac]"></a>_main_stk</STRONG> (Thumb, 0 bytes, Stack size unknown bytes, entry2.o(.ARM.Collect$$$$00000001))

<P><STRONG><a name="[15]"></a>_main_scatterload</STRONG> (Thumb, 0 bytes, Stack size unknown bytes, entry5.o(.ARM.Collect$$$$00000004))
<BR><BR>[Calls]<UL><LI><a href="#[16]">&gt;&gt;</a>&nbsp;&nbsp;&nbsp;__scatterload
</UL>

<P><STRONG><a name="[17]"></a>__main_after_scatterload</STRONG> (Thumb, 0 bytes, Stack size unknown bytes, entry5.o(.ARM.Collect$$$$00000004))
<BR><BR>[Called By]<UL><LI><a href="#[16]">&gt;&gt;</a>&nbsp;&nbsp;&nbsp;__scatterload
</UL>

<P><STRONG><a name="[ad]"></a>_main_clock</STRONG> (Thumb, 0 bytes, Stack size unknown bytes, entry7b.o(.ARM.Collect$$$$00000008))

<P><STRONG><a name="[ae]"></a>_main_cpp_init</STRONG> (Thumb, 0 bytes, Stack size unknown bytes, entry8b.o(.ARM.Collect$$$$0000000A))

<P><STRONG><a name="[af]"></a>_main_init</STRONG> (Thumb, 0 bytes, Stack size unknown bytes, entry9a.o(.ARM.Collect$$$$0000000B))

<P><STRONG><a name="[b0]"></a>__rt_final_cpp</STRONG> (Thumb, 0 bytes, Stack size unknown bytes, entry10a.o(.ARM.Collect$$$$0000000D))

<P><STRONG><a name="[b1]"></a>__rt_final_exit</STRONG> (Thumb, 0 bytes, Stack size unknown bytes, entry11a.o(.ARM.Collect$$$$0000000F))

<P><STRONG><a name="[0]"></a>Reset_Handler</STRONG> (Thumb, 8 bytes, Stack size 0 bytes, startup_tld40xx.o(.text))
<BR>[Address Reference Count : 1]<UL><LI> startup_tld40xx.o(RESET)
</UL>
<P><STRONG><a name="[11]"></a>SVC_Handler_main</STRONG> (Thumb, 2 bytes, Stack size 0 bytes, startup_tld40xx.o(.text))
<BR><BR>[Calls]<UL><LI><a href="#[11]">&gt;&gt;</a>&nbsp;&nbsp;&nbsp;SVC_Handler_main
</UL>
<BR>[Called By]<UL><LI><a href="#[11]">&gt;&gt;</a>&nbsp;&nbsp;&nbsp;SVC_Handler_main
</UL>
<BR>[Address Reference Count : 1]<UL><LI> startup_tld40xx.o(.text)
</UL>
<P><STRONG><a name="[1]"></a>NMI_Handler</STRONG> (Thumb, 2 bytes, Stack size 0 bytes, startup_tld40xx.o(.text))
<BR><BR>[Calls]<UL><LI><a href="#[1]">&gt;&gt;</a>&nbsp;&nbsp;&nbsp;NMI_Handler
</UL>
<BR>[Called By]<UL><LI><a href="#[1]">&gt;&gt;</a>&nbsp;&nbsp;&nbsp;NMI_Handler
</UL>
<BR>[Address Reference Count : 1]<UL><LI> startup_tld40xx.o(RESET)
</UL>
<P><STRONG><a name="[2]"></a>HardFault_Handler</STRONG> (Thumb, 2 bytes, Stack size 0 bytes, startup_tld40xx.o(.text))
<BR><BR>[Calls]<UL><LI><a href="#[2]">&gt;&gt;</a>&nbsp;&nbsp;&nbsp;HardFault_Handler
</UL>
<BR>[Called By]<UL><LI><a href="#[2]">&gt;&gt;</a>&nbsp;&nbsp;&nbsp;HardFault_Handler
</UL>
<BR>[Address Reference Count : 1]<UL><LI> startup_tld40xx.o(RESET)
</UL>
<P><STRONG><a name="[4]"></a>PendSV_Handler</STRONG> (Thumb, 2 bytes, Stack size 0 bytes, startup_tld40xx.o(.text))
<BR><BR>[Calls]<UL><LI><a href="#[4]">&gt;&gt;</a>&nbsp;&nbsp;&nbsp;PendSV_Handler
</UL>
<BR>[Called By]<UL><LI><a href="#[4]">&gt;&gt;</a>&nbsp;&nbsp;&nbsp;PendSV_Handler
</UL>
<BR>[Address Reference Count : 1]<UL><LI> startup_tld40xx.o(RESET)
</UL>
<P><STRONG><a name="[6]"></a>NVIC_IRQ0_Handler</STRONG> (Thumb, 0 bytes, Stack size 0 bytes, startup_tld40xx.o(.text))
<BR><BR>[Calls]<UL><LI><a href="#[6]">&gt;&gt;</a>&nbsp;&nbsp;&nbsp;NVIC_IRQ0_Handler
</UL>
<BR>[Called By]<UL><LI><a href="#[6]">&gt;&gt;</a>&nbsp;&nbsp;&nbsp;NVIC_IRQ0_Handler
</UL>
<BR>[Address Reference Count : 1]<UL><LI> startup_tld40xx.o(RESET)
</UL>
<P><STRONG><a name="[7]"></a>NVIC_IRQ1_Handler</STRONG> (Thumb, 0 bytes, Stack size 0 bytes, startup_tld40xx.o(.text))
<BR>[Address Reference Count : 1]<UL><LI> startup_tld40xx.o(RESET)
</UL>
<P><STRONG><a name="[9]"></a>NVIC_IRQ3_Handler</STRONG> (Thumb, 0 bytes, Stack size 0 bytes, startup_tld40xx.o(.text))
<BR>[Address Reference Count : 1]<UL><LI> startup_tld40xx.o(RESET)
</UL>
<P><STRONG><a name="[c]"></a>NVIC_IRQ6_Handler</STRONG> (Thumb, 0 bytes, Stack size 0 bytes, startup_tld40xx.o(.text))
<BR>[Address Reference Count : 1]<UL><LI> startup_tld40xx.o(RESET)
</UL>
<P><STRONG><a name="[d]"></a>NVIC_IRQ7_Handler</STRONG> (Thumb, 0 bytes, Stack size 0 bytes, startup_tld40xx.o(.text))
<BR>[Address Reference Count : 1]<UL><LI> startup_tld40xx.o(RESET)
</UL>
<P><STRONG><a name="[51]"></a>strncpy</STRONG> (Thumb, 26 bytes, Stack size 8 bytes, strncpy.o(.text))
<BR><BR>[Stack]<UL><LI>Max Depth = 8<LI>Call Chain = strncpy
</UL>
<BR>[Called By]<UL><LI><a href="#[4f]">&gt;&gt;</a>&nbsp;&nbsp;&nbsp;ModuleFlash_Init
</UL>

<P><STRONG><a name="[16]"></a>__scatterload</STRONG> (Thumb, 28 bytes, Stack size 0 bytes, init.o(.text))
<BR><BR>[Calls]<UL><LI><a href="#[17]">&gt;&gt;</a>&nbsp;&nbsp;&nbsp;__main_after_scatterload
</UL>
<BR>[Called By]<UL><LI><a href="#[15]">&gt;&gt;</a>&nbsp;&nbsp;&nbsp;_main_scatterload
</UL>

<P><STRONG><a name="[b2]"></a>__scatterload_rt2</STRONG> (Thumb, 0 bytes, Stack size 0 bytes, init.o(.text), UNUSED)

<P><STRONG><a name="[18]"></a>__aeabi_uldivmod</STRONG> (Thumb, 96 bytes, Stack size 48 bytes, uldiv.o(.text))
<BR><BR>[Stack]<UL><LI>Max Depth = 56<LI>Call Chain = __aeabi_uldivmod &rArr; __aeabi_llsr
</UL>
<BR>[Calls]<UL><LI><a href="#[19]">&gt;&gt;</a>&nbsp;&nbsp;&nbsp;__aeabi_llsr
<LI><a href="#[1a]">&gt;&gt;</a>&nbsp;&nbsp;&nbsp;__aeabi_llsl
</UL>
<BR>[Called By]<UL><LI><a href="#[6b]">&gt;&gt;</a>&nbsp;&nbsp;&nbsp;SystemCoreClockUpdate
</UL>

<P><STRONG><a name="[3b]"></a>__aeabi_lmul</STRONG> (Thumb, 48 bytes, Stack size 12 bytes, llmul.o(.text))
<BR><BR>[Stack]<UL><LI>Max Depth = 12<LI>Call Chain = __aeabi_lmul
</UL>
<BR>[Called By]<UL><LI><a href="#[6b]">&gt;&gt;</a>&nbsp;&nbsp;&nbsp;SystemCoreClockUpdate
<LI><a href="#[1d]">&gt;&gt;</a>&nbsp;&nbsp;&nbsp;FloatLib_Fix16Div
</UL>

<P><STRONG><a name="[b3]"></a>_ll_mul</STRONG> (Thumb, 0 bytes, Stack size 12 bytes, llmul.o(.text), UNUSED)

<P><STRONG><a name="[1a]"></a>__aeabi_llsl</STRONG> (Thumb, 32 bytes, Stack size 8 bytes, llshl.o(.text))
<BR><BR>[Stack]<UL><LI>Max Depth = 8<LI>Call Chain = __aeabi_llsl
</UL>
<BR>[Called By]<UL><LI><a href="#[18]">&gt;&gt;</a>&nbsp;&nbsp;&nbsp;__aeabi_uldivmod
</UL>

<P><STRONG><a name="[b4]"></a>_ll_shift_l</STRONG> (Thumb, 0 bytes, Stack size 8 bytes, llshl.o(.text), UNUSED)

<P><STRONG><a name="[19]"></a>__aeabi_llsr</STRONG> (Thumb, 34 bytes, Stack size 8 bytes, llushr.o(.text))
<BR><BR>[Stack]<UL><LI>Max Depth = 8<LI>Call Chain = __aeabi_llsr
</UL>
<BR>[Called By]<UL><LI><a href="#[18]">&gt;&gt;</a>&nbsp;&nbsp;&nbsp;__aeabi_uldivmod
</UL>

<P><STRONG><a name="[b5]"></a>_ll_ushift_r</STRONG> (Thumb, 0 bytes, Stack size 8 bytes, llushr.o(.text), UNUSED)

<P><STRONG><a name="[8]"></a>NVIC_IRQ2_Handler</STRONG> (Thumb, 84 bytes, Stack size 8 bytes, lto-llvm-0a1a37.o(.text.NVIC_IRQ2_Handler))
<BR><BR>[Stack]<UL><LI>Max Depth = 100<LI>Call Chain = NVIC_IRQ2_Handler &rArr; LIN_COM_Handler &rArr; l_hal_cyclic_call &rArr; l_hal_rx_state_machine &rArr; lin_slave_task_rx_pid &rArr; lin_hal_tx_response &rArr; l_sys_irq_restore
</UL>
<BR>[Calls]<UL><LI><a href="#[3d]">&gt;&gt;</a>&nbsp;&nbsp;&nbsp;LIN_COM_Handler
</UL>
<BR>[Address Reference Count : 1]<UL><LI> startup_tld40xx.o(RESET)
</UL>
<P><STRONG><a name="[a]"></a>NVIC_IRQ4_Handler</STRONG> (Thumb, 88 bytes, Stack size 8 bytes, lto-llvm-0a1a37.o(.text.NVIC_IRQ4_Handler))
<BR><BR>[Stack]<UL><LI>Max Depth = 8<LI>Call Chain = NVIC_IRQ4_Handler
</UL>
<BR>[Calls]<UL><LI><a href="#[5e]">&gt;&gt;</a>&nbsp;&nbsp;&nbsp;ModuleAdc_Adc11Isr
</UL>
<BR>[Address Reference Count : 1]<UL><LI> startup_tld40xx.o(RESET)
</UL>
<P><STRONG><a name="[b]"></a>NVIC_IRQ5_Handler</STRONG> (Thumb, 200 bytes, Stack size 8 bytes, lto-llvm-0a1a37.o(.text.NVIC_IRQ5_Handler))
<BR><BR>[Stack]<UL><LI>Max Depth = 8<LI>Call Chain = NVIC_IRQ5_Handler
</UL>
<BR>[Calls]<UL><LI><a href="#[61]">&gt;&gt;</a>&nbsp;&nbsp;&nbsp;ModuleAdc_Ch2Isr
<LI><a href="#[60]">&gt;&gt;</a>&nbsp;&nbsp;&nbsp;ModuleAdc_Ch1Isr
<LI><a href="#[5f]">&gt;&gt;</a>&nbsp;&nbsp;&nbsp;ModuleAdc_Ch0Isr
</UL>
<BR>[Address Reference Count : 1]<UL><LI> startup_tld40xx.o(RESET)
</UL>
<P><STRONG><a name="[5]"></a>SysTick_Handler</STRONG> (Thumb, 20 bytes, Stack size 8 bytes, lto-llvm-0a1a37.o(.text.SysTick_Handler))
<BR><BR>[Stack]<UL><LI>Max Depth = 8<LI>Call Chain = SysTick_Handler
</UL>
<BR>[Calls]<UL><LI><a href="#[64]">&gt;&gt;</a>&nbsp;&nbsp;&nbsp;PMU_countWatchdog
<LI><a href="#[63]">&gt;&gt;</a>&nbsp;&nbsp;&nbsp;LIN_Task_1ms
</UL>
<BR>[Address Reference Count : 1]<UL><LI> startup_tld40xx.o(RESET)
</UL>
<P><STRONG><a name="[f]"></a>SystemInit</STRONG> (Thumb, 28 bytes, Stack size 8 bytes, lto-llvm-0a1a37.o(.text.SystemInit))
<BR><BR>[Stack]<UL><LI>Max Depth = 96<LI>Call Chain = SystemInit &rArr; SystemCoreClockUpdate &rArr; __aeabi_uldivmod &rArr; __aeabi_llsr
</UL>
<BR>[Calls]<UL><LI><a href="#[6b]">&gt;&gt;</a>&nbsp;&nbsp;&nbsp;SystemCoreClockUpdate
<LI><a href="#[75]">&gt;&gt;</a>&nbsp;&nbsp;&nbsp;SCU_init
<LI><a href="#[74]">&gt;&gt;</a>&nbsp;&nbsp;&nbsp;OSC_init
<LI><a href="#[76]">&gt;&gt;</a>&nbsp;&nbsp;&nbsp;CPU_initSysTick
</UL>
<BR>[Address Reference Count : 1]<UL><LI> startup_tld40xx.o(.text)
</UL>
<P><STRONG><a name="[e]"></a>main</STRONG> (Thumb, 32 bytes, Stack size 16 bytes, lto-llvm-0a1a37.o(.text.main))
<BR><BR>[Stack]<UL><LI>Max Depth = 272<LI>Call Chain = main &rArr; SystemMain_Loop &rArr; Algorithm_AlgoGetPWMOutput &rArr; Algorithm_AlgoGetTargetColor &rArr; Algorithm_SRGBtoXYZ &rArr; Algorithm_RGBtolinear &rArr; FloatLib_Fix16Mul
</UL>
<BR>[Calls]<UL><LI><a href="#[8d]">&gt;&gt;</a>&nbsp;&nbsp;&nbsp;SystemMain_Loop
<LI><a href="#[83]">&gt;&gt;</a>&nbsp;&nbsp;&nbsp;moduleWatchdogFeed
<LI><a href="#[80]">&gt;&gt;</a>&nbsp;&nbsp;&nbsp;SystemMain_Init
</UL>
<BR>[Address Reference Count : 1]<UL><LI> entry9a.o(.ARM.Collect$$$$0000000B)
</UL>
<P><STRONG><a name="[b6]"></a>__scatterload_copy</STRONG> (Thumb, 14 bytes, Stack size unknown bytes, handlers.o(i.__scatterload_copy), UNUSED)

<P><STRONG><a name="[b7]"></a>__scatterload_null</STRONG> (Thumb, 2 bytes, Stack size unknown bytes, handlers.o(i.__scatterload_null), UNUSED)

<P><STRONG><a name="[b8]"></a>__scatterload_zeroinit</STRONG> (Thumb, 14 bytes, Stack size unknown bytes, handlers.o(i.__scatterload_zeroinit), UNUSED)
<P>
<H3>
Local Symbols
</H3>
<P><STRONG><a name="[3]"></a>SVC_Handler</STRONG> (Thumb, 24 bytes, Stack size 0 bytes, startup_tld40xx.o(.text))
<BR>[Address Reference Count : 1]<UL><LI> startup_tld40xx.o(RESET)
</UL>
<P><STRONG><a name="[45]"></a>LIN_Task</STRONG> (Thumb, 12 bytes, Stack size 8 bytes, lto-llvm-0a1a37.o(.text.LIN_Task))
<BR><BR>[Stack]<UL><LI>Max Depth = 108<LI>Call Chain = LIN_Task &rArr; Diag_Handle &rArr; SystemLinDiag_HandleSend &rArr; SystemLinDiag_DoRequest &rArr; SystemLinDiag_WriteData
</UL>
<BR>[Calls]<UL><LI><a href="#[33]">&gt;&gt;</a>&nbsp;&nbsp;&nbsp;Diag_Handle
<LI><a href="#[46]">&gt;&gt;</a>&nbsp;&nbsp;&nbsp;ld_task
</UL>
<BR>[Called By]<UL><LI><a href="#[8d]">&gt;&gt;</a>&nbsp;&nbsp;&nbsp;SystemMain_Loop
</UL>

<P><STRONG><a name="[46]"></a>ld_task</STRONG> (Thumb, 20 bytes, Stack size 8 bytes, lto-llvm-0a1a37.o(.text.ld_task))
<BR><BR>[Stack]<UL><LI>Max Depth = 60<LI>Call Chain = ld_task &rArr; l_autobaud_control &rArr; lin_hal_init_uart
</UL>
<BR>[Calls]<UL><LI><a href="#[9e]">&gt;&gt;</a>&nbsp;&nbsp;&nbsp;ld_tp_task
<LI><a href="#[92]">&gt;&gt;</a>&nbsp;&nbsp;&nbsp;l_frame_timeout_control
<LI><a href="#[9f]">&gt;&gt;</a>&nbsp;&nbsp;&nbsp;l_hal_baudrate_control
<LI><a href="#[90]">&gt;&gt;</a>&nbsp;&nbsp;&nbsp;l_autobaud_control
</UL>
<BR>[Called By]<UL><LI><a href="#[45]">&gt;&gt;</a>&nbsp;&nbsp;&nbsp;LIN_Task
</UL>

<P><STRONG><a name="[33]"></a>Diag_Handle</STRONG> (Thumb, 368 bytes, Stack size 24 bytes, lto-llvm-0a1a37.o(.text.Diag_Handle))
<BR><BR>[Stack]<UL><LI>Max Depth = 100<LI>Call Chain = Diag_Handle &rArr; SystemLinDiag_HandleSend &rArr; SystemLinDiag_DoRequest &rArr; SystemLinDiag_WriteData
</UL>
<BR>[Calls]<UL><LI><a href="#[3a]">&gt;&gt;</a>&nbsp;&nbsp;&nbsp;ld_send_message
<LI><a href="#[39]">&gt;&gt;</a>&nbsp;&nbsp;&nbsp;diagErrorhandle
<LI><a href="#[38]">&gt;&gt;</a>&nbsp;&nbsp;&nbsp;SystemLinDiag_UnlockHandle
<LI><a href="#[37]">&gt;&gt;</a>&nbsp;&nbsp;&nbsp;SystemLinDiag_HandleSend
<LI><a href="#[36]">&gt;&gt;</a>&nbsp;&nbsp;&nbsp;SystemLinDiag_HandleRecv
<LI><a href="#[35]">&gt;&gt;</a>&nbsp;&nbsp;&nbsp;ld_receive_message
<LI><a href="#[34]">&gt;&gt;</a>&nbsp;&nbsp;&nbsp;lin_tp_init
</UL>
<BR>[Called By]<UL><LI><a href="#[45]">&gt;&gt;</a>&nbsp;&nbsp;&nbsp;LIN_Task
</UL>

<P><STRONG><a name="[34]"></a>lin_tp_init</STRONG> (Thumb, 116 bytes, Stack size 16 bytes, lto-llvm-0a1a37.o(.text.lin_tp_init))
<BR><BR>[Stack]<UL><LI>Max Depth = 16<LI>Call Chain = lin_tp_init
</UL>
<BR>[Called By]<UL><LI><a href="#[33]">&gt;&gt;</a>&nbsp;&nbsp;&nbsp;Diag_Handle
<LI><a href="#[9d]">&gt;&gt;</a>&nbsp;&nbsp;&nbsp;lin_main_init
</UL>

<P><STRONG><a name="[35]"></a>ld_receive_message</STRONG> (Thumb, 48 bytes, Stack size 8 bytes, lto-llvm-0a1a37.o(.text.ld_receive_message))
<BR><BR>[Stack]<UL><LI>Max Depth = 8<LI>Call Chain = ld_receive_message
</UL>
<BR>[Called By]<UL><LI><a href="#[33]">&gt;&gt;</a>&nbsp;&nbsp;&nbsp;Diag_Handle
</UL>

<P><STRONG><a name="[36]"></a>SystemLinDiag_HandleRecv</STRONG> (Thumb, 92 bytes, Stack size 24 bytes, lto-llvm-0a1a37.o(.text.SystemLinDiag_HandleRecv))
<BR><BR>[Stack]<UL><LI>Max Depth = 68<LI>Call Chain = SystemLinDiag_HandleRecv &rArr; SystemLinDiag_DoRequest &rArr; SystemLinDiag_WriteData
</UL>
<BR>[Calls]<UL><LI><a href="#[7d]">&gt;&gt;</a>&nbsp;&nbsp;&nbsp;SystemLinDiag_DoRequest
</UL>
<BR>[Called By]<UL><LI><a href="#[33]">&gt;&gt;</a>&nbsp;&nbsp;&nbsp;Diag_Handle
</UL>

<P><STRONG><a name="[37]"></a>SystemLinDiag_HandleSend</STRONG> (Thumb, 120 bytes, Stack size 32 bytes, lto-llvm-0a1a37.o(.text.SystemLinDiag_HandleSend))
<BR><BR>[Stack]<UL><LI>Max Depth = 76<LI>Call Chain = SystemLinDiag_HandleSend &rArr; SystemLinDiag_DoRequest &rArr; SystemLinDiag_WriteData
</UL>
<BR>[Calls]<UL><LI><a href="#[7d]">&gt;&gt;</a>&nbsp;&nbsp;&nbsp;SystemLinDiag_DoRequest
</UL>
<BR>[Called By]<UL><LI><a href="#[33]">&gt;&gt;</a>&nbsp;&nbsp;&nbsp;Diag_Handle
</UL>

<P><STRONG><a name="[38]"></a>SystemLinDiag_UnlockHandle</STRONG> (Thumb, 252 bytes, Stack size 32 bytes, lto-llvm-0a1a37.o(.text.SystemLinDiag_UnlockHandle))
<BR><BR>[Stack]<UL><LI>Max Depth = 36<LI>Call Chain = SystemLinDiag_UnlockHandle &rArr; ModuleClock_TickGet
</UL>
<BR>[Calls]<UL><LI><a href="#[5d]">&gt;&gt;</a>&nbsp;&nbsp;&nbsp;ModuleClock_TickGet
</UL>
<BR>[Called By]<UL><LI><a href="#[33]">&gt;&gt;</a>&nbsp;&nbsp;&nbsp;Diag_Handle
</UL>

<P><STRONG><a name="[39]"></a>diagErrorhandle</STRONG> (Thumb, 152 bytes, Stack size 12 bytes, lto-llvm-0a1a37.o(.text.diagErrorhandle))
<BR><BR>[Stack]<UL><LI>Max Depth = 12<LI>Call Chain = diagErrorhandle
</UL>
<BR>[Called By]<UL><LI><a href="#[33]">&gt;&gt;</a>&nbsp;&nbsp;&nbsp;Diag_Handle
</UL>

<P><STRONG><a name="[3a]"></a>ld_send_message</STRONG> (Thumb, 384 bytes, Stack size 12 bytes, lto-llvm-0a1a37.o(.text.ld_send_message))
<BR><BR>[Stack]<UL><LI>Max Depth = 12<LI>Call Chain = ld_send_message
</UL>
<BR>[Called By]<UL><LI><a href="#[33]">&gt;&gt;</a>&nbsp;&nbsp;&nbsp;Diag_Handle
</UL>

<P><STRONG><a name="[41]"></a>LIN_Sleep_Status</STRONG> (Thumb, 116 bytes, Stack size 16 bytes, lto-llvm-0a1a37.o(.text.LIN_Sleep_Status))
<BR><BR>[Stack]<UL><LI>Max Depth = 20<LI>Call Chain = LIN_Sleep_Status &rArr; l_sys_irq_restore
</UL>
<BR>[Calls]<UL><LI><a href="#[44]">&gt;&gt;</a>&nbsp;&nbsp;&nbsp;l_sys_irq_restore
<LI><a href="#[43]">&gt;&gt;</a>&nbsp;&nbsp;&nbsp;l_ifc_read_status
<LI><a href="#[42]">&gt;&gt;</a>&nbsp;&nbsp;&nbsp;l_sys_irq_disable
</UL>
<BR>[Called By]<UL><LI><a href="#[8d]">&gt;&gt;</a>&nbsp;&nbsp;&nbsp;SystemMain_Loop
</UL>

<P><STRONG><a name="[42]"></a>l_sys_irq_disable</STRONG> (Thumb, 32 bytes, Stack size 4 bytes, lto-llvm-0a1a37.o(.text.l_sys_irq_disable))
<BR><BR>[Stack]<UL><LI>Max Depth = 4<LI>Call Chain = l_sys_irq_disable
</UL>
<BR>[Called By]<UL><LI><a href="#[41]">&gt;&gt;</a>&nbsp;&nbsp;&nbsp;LIN_Sleep_Status
<LI><a href="#[3f]">&gt;&gt;</a>&nbsp;&nbsp;&nbsp;lin_hal_ISR
<LI><a href="#[98]">&gt;&gt;</a>&nbsp;&nbsp;&nbsp;lin_slave_task_rx_data
<LI><a href="#[93]">&gt;&gt;</a>&nbsp;&nbsp;&nbsp;lin_hal_set_resp_error
<LI><a href="#[a4]">&gt;&gt;</a>&nbsp;&nbsp;&nbsp;lin_hal_tx_response
</UL>

<P><STRONG><a name="[43]"></a>l_ifc_read_status</STRONG> (Thumb, 20 bytes, Stack size 4 bytes, lto-llvm-0a1a37.o(.text.l_ifc_read_status))
<BR><BR>[Stack]<UL><LI>Max Depth = 4<LI>Call Chain = l_ifc_read_status
</UL>
<BR>[Called By]<UL><LI><a href="#[41]">&gt;&gt;</a>&nbsp;&nbsp;&nbsp;LIN_Sleep_Status
</UL>

<P><STRONG><a name="[44]"></a>l_sys_irq_restore</STRONG> (Thumb, 40 bytes, Stack size 4 bytes, lto-llvm-0a1a37.o(.text.l_sys_irq_restore))
<BR><BR>[Stack]<UL><LI>Max Depth = 4<LI>Call Chain = l_sys_irq_restore
</UL>
<BR>[Called By]<UL><LI><a href="#[41]">&gt;&gt;</a>&nbsp;&nbsp;&nbsp;LIN_Sleep_Status
<LI><a href="#[3f]">&gt;&gt;</a>&nbsp;&nbsp;&nbsp;lin_hal_ISR
<LI><a href="#[98]">&gt;&gt;</a>&nbsp;&nbsp;&nbsp;lin_slave_task_rx_data
<LI><a href="#[93]">&gt;&gt;</a>&nbsp;&nbsp;&nbsp;lin_hal_set_resp_error
<LI><a href="#[a4]">&gt;&gt;</a>&nbsp;&nbsp;&nbsp;lin_hal_tx_response
</UL>

<P><STRONG><a name="[a5]"></a>l_callback_Get_Initial_NAD</STRONG> (Thumb, 8 bytes, Stack size 0 bytes, lto-llvm-0a1a37.o(.text.l_callback_Get_Initial_NAD))
<BR><BR>[Called By]<UL><LI><a href="#[9d]">&gt;&gt;</a>&nbsp;&nbsp;&nbsp;lin_main_init
</UL>

<P><STRONG><a name="[67]"></a>SystemControl_Control</STRONG> (Thumb, 180 bytes, Stack size 16 bytes, lto-llvm-0a1a37.o(.text.SystemControl_Control))
<BR><BR>[Stack]<UL><LI>Max Depth = 96<LI>Call Chain = SystemControl_Control &rArr; SystemDerating_TempDerating &rArr; SystemDerating_CalculateTargetIntensityAdjust &rArr; SystemDerating_CalculateIntensityAdjustmentAboveRange
</UL>
<BR>[Calls]<UL><LI><a href="#[6a]">&gt;&gt;</a>&nbsp;&nbsp;&nbsp;SystemDerating_TempDerating
<LI><a href="#[65]">&gt;&gt;</a>&nbsp;&nbsp;&nbsp;SystemControl_ColorDimming
<LI><a href="#[69]">&gt;&gt;</a>&nbsp;&nbsp;&nbsp;SystemControl_IntensityDimming
<LI><a href="#[68]">&gt;&gt;</a>&nbsp;&nbsp;&nbsp;ModuleTemperature_LedGet
<LI><a href="#[5d]">&gt;&gt;</a>&nbsp;&nbsp;&nbsp;ModuleClock_TickGet
</UL>
<BR>[Called By]<UL><LI><a href="#[8d]">&gt;&gt;</a>&nbsp;&nbsp;&nbsp;SystemMain_Loop
</UL>

<P><STRONG><a name="[5d]"></a>ModuleClock_TickGet</STRONG> (Thumb, 16 bytes, Stack size 4 bytes, lto-llvm-0a1a37.o(.text.ModuleClock_TickGet))
<BR><BR>[Stack]<UL><LI>Max Depth = 4<LI>Call Chain = ModuleClock_TickGet
</UL>
<BR>[Called By]<UL><LI><a href="#[59]">&gt;&gt;</a>&nbsp;&nbsp;&nbsp;ModuleTemperature_Update
<LI><a href="#[8d]">&gt;&gt;</a>&nbsp;&nbsp;&nbsp;SystemMain_Loop
<LI><a href="#[80]">&gt;&gt;</a>&nbsp;&nbsp;&nbsp;SystemMain_Init
<LI><a href="#[67]">&gt;&gt;</a>&nbsp;&nbsp;&nbsp;SystemControl_Control
<LI><a href="#[38]">&gt;&gt;</a>&nbsp;&nbsp;&nbsp;SystemLinDiag_UnlockHandle
</UL>

<P><STRONG><a name="[68]"></a>ModuleTemperature_LedGet</STRONG> (Thumb, 8 bytes, Stack size 0 bytes, lto-llvm-0a1a37.o(.text.ModuleTemperature_LedGet))
<BR><BR>[Called By]<UL><LI><a href="#[70]">&gt;&gt;</a>&nbsp;&nbsp;&nbsp;SystemDerating_UpdateCurrentLevelAndTemp
<LI><a href="#[6f]">&gt;&gt;</a>&nbsp;&nbsp;&nbsp;SystemDerating_UpdateLevel
<LI><a href="#[67]">&gt;&gt;</a>&nbsp;&nbsp;&nbsp;SystemControl_Control
</UL>

<P><STRONG><a name="[69]"></a>SystemControl_IntensityDimming</STRONG> (Thumb, 324 bytes, Stack size 16 bytes, lto-llvm-0a1a37.o(.text.SystemControl_IntensityDimming))
<BR><BR>[Stack]<UL><LI>Max Depth = 16<LI>Call Chain = SystemControl_IntensityDimming
</UL>
<BR>[Called By]<UL><LI><a href="#[67]">&gt;&gt;</a>&nbsp;&nbsp;&nbsp;SystemControl_Control
</UL>

<P><STRONG><a name="[65]"></a>SystemControl_ColorDimming</STRONG> (Thumb, 332 bytes, Stack size 32 bytes, lto-llvm-0a1a37.o(.text.SystemControl_ColorDimming))
<BR><BR>[Stack]<UL><LI>Max Depth = 52<LI>Call Chain = SystemControl_ColorDimming &rArr; SystemControl_UpdateColorComponent
</UL>
<BR>[Calls]<UL><LI><a href="#[66]">&gt;&gt;</a>&nbsp;&nbsp;&nbsp;SystemControl_UpdateColorComponent
</UL>
<BR>[Called By]<UL><LI><a href="#[67]">&gt;&gt;</a>&nbsp;&nbsp;&nbsp;SystemControl_Control
</UL>

<P><STRONG><a name="[6a]"></a>SystemDerating_TempDerating</STRONG> (Thumb, 140 bytes, Stack size 16 bytes, lto-llvm-0a1a37.o(.text.SystemDerating_TempDerating))
<BR><BR>[Stack]<UL><LI>Max Depth = 80<LI>Call Chain = SystemDerating_TempDerating &rArr; SystemDerating_CalculateTargetIntensityAdjust &rArr; SystemDerating_CalculateIntensityAdjustmentAboveRange
</UL>
<BR>[Calls]<UL><LI><a href="#[71]">&gt;&gt;</a>&nbsp;&nbsp;&nbsp;SystemDerating_ApplyDimmingAdjustment
<LI><a href="#[6c]">&gt;&gt;</a>&nbsp;&nbsp;&nbsp;SystemDerating_CalculateTargetIntensityAdjust
<LI><a href="#[70]">&gt;&gt;</a>&nbsp;&nbsp;&nbsp;SystemDerating_UpdateCurrentLevelAndTemp
<LI><a href="#[6f]">&gt;&gt;</a>&nbsp;&nbsp;&nbsp;SystemDerating_UpdateLevel
</UL>
<BR>[Called By]<UL><LI><a href="#[67]">&gt;&gt;</a>&nbsp;&nbsp;&nbsp;SystemControl_Control
</UL>

<P><STRONG><a name="[66]"></a>SystemControl_UpdateColorComponent</STRONG> (Thumb, 112 bytes, Stack size 20 bytes, lto-llvm-0a1a37.o(.text.SystemControl_UpdateColorComponent))
<BR><BR>[Stack]<UL><LI>Max Depth = 20<LI>Call Chain = SystemControl_UpdateColorComponent
</UL>
<BR>[Called By]<UL><LI><a href="#[65]">&gt;&gt;</a>&nbsp;&nbsp;&nbsp;SystemControl_ColorDimming
</UL>

<P><STRONG><a name="[6f]"></a>SystemDerating_UpdateLevel</STRONG> (Thumb, 72 bytes, Stack size 24 bytes, lto-llvm-0a1a37.o(.text.SystemDerating_UpdateLevel))
<BR><BR>[Stack]<UL><LI>Max Depth = 36<LI>Call Chain = SystemDerating_UpdateLevel &rArr; SystemDerating_GetLevel
</UL>
<BR>[Calls]<UL><LI><a href="#[73]">&gt;&gt;</a>&nbsp;&nbsp;&nbsp;SystemDerating_GetLevel
<LI><a href="#[72]">&gt;&gt;</a>&nbsp;&nbsp;&nbsp;ModuleTemperature_McuGet
<LI><a href="#[68]">&gt;&gt;</a>&nbsp;&nbsp;&nbsp;ModuleTemperature_LedGet
</UL>
<BR>[Called By]<UL><LI><a href="#[6a]">&gt;&gt;</a>&nbsp;&nbsp;&nbsp;SystemDerating_TempDerating
</UL>

<P><STRONG><a name="[70]"></a>SystemDerating_UpdateCurrentLevelAndTemp</STRONG> (Thumb, 72 bytes, Stack size 16 bytes, lto-llvm-0a1a37.o(.text.SystemDerating_UpdateCurrentLevelAndTemp))
<BR><BR>[Stack]<UL><LI>Max Depth = 16<LI>Call Chain = SystemDerating_UpdateCurrentLevelAndTemp
</UL>
<BR>[Calls]<UL><LI><a href="#[72]">&gt;&gt;</a>&nbsp;&nbsp;&nbsp;ModuleTemperature_McuGet
<LI><a href="#[68]">&gt;&gt;</a>&nbsp;&nbsp;&nbsp;ModuleTemperature_LedGet
</UL>
<BR>[Called By]<UL><LI><a href="#[6a]">&gt;&gt;</a>&nbsp;&nbsp;&nbsp;SystemDerating_TempDerating
</UL>

<P><STRONG><a name="[6c]"></a>SystemDerating_CalculateTargetIntensityAdjust</STRONG> (Thumb, 172 bytes, Stack size 32 bytes, lto-llvm-0a1a37.o(.text.SystemDerating_CalculateTargetIntensityAdjust))
<BR><BR>[Stack]<UL><LI>Max Depth = 64<LI>Call Chain = SystemDerating_CalculateTargetIntensityAdjust &rArr; SystemDerating_CalculateIntensityAdjustmentAboveRange
</UL>
<BR>[Calls]<UL><LI><a href="#[6e]">&gt;&gt;</a>&nbsp;&nbsp;&nbsp;SystemDerating_CalculateIntensityAdjustmentBelowRange
<LI><a href="#[6d]">&gt;&gt;</a>&nbsp;&nbsp;&nbsp;SystemDerating_CalculateIntensityAdjustmentAboveRange
</UL>
<BR>[Called By]<UL><LI><a href="#[6a]">&gt;&gt;</a>&nbsp;&nbsp;&nbsp;SystemDerating_TempDerating
</UL>

<P><STRONG><a name="[71]"></a>SystemDerating_ApplyDimmingAdjustment</STRONG> (Thumb, 116 bytes, Stack size 8 bytes, lto-llvm-0a1a37.o(.text.SystemDerating_ApplyDimmingAdjustment))
<BR><BR>[Stack]<UL><LI>Max Depth = 8<LI>Call Chain = SystemDerating_ApplyDimmingAdjustment
</UL>
<BR>[Called By]<UL><LI><a href="#[6a]">&gt;&gt;</a>&nbsp;&nbsp;&nbsp;SystemDerating_TempDerating
</UL>

<P><STRONG><a name="[72]"></a>ModuleTemperature_McuGet</STRONG> (Thumb, 8 bytes, Stack size 0 bytes, lto-llvm-0a1a37.o(.text.ModuleTemperature_McuGet))
<BR><BR>[Called By]<UL><LI><a href="#[70]">&gt;&gt;</a>&nbsp;&nbsp;&nbsp;SystemDerating_UpdateCurrentLevelAndTemp
<LI><a href="#[6f]">&gt;&gt;</a>&nbsp;&nbsp;&nbsp;SystemDerating_UpdateLevel
</UL>

<P><STRONG><a name="[73]"></a>SystemDerating_GetLevel</STRONG> (Thumb, 292 bytes, Stack size 12 bytes, lto-llvm-0a1a37.o(.text.SystemDerating_GetLevel))
<BR><BR>[Stack]<UL><LI>Max Depth = 12<LI>Call Chain = SystemDerating_GetLevel
</UL>
<BR>[Called By]<UL><LI><a href="#[6f]">&gt;&gt;</a>&nbsp;&nbsp;&nbsp;SystemDerating_UpdateLevel
</UL>

<P><STRONG><a name="[6d]"></a>SystemDerating_CalculateIntensityAdjustmentAboveRange</STRONG> (Thumb, 88 bytes, Stack size 32 bytes, lto-llvm-0a1a37.o(.text.SystemDerating_CalculateIntensityAdjustmentAboveRange))
<BR><BR>[Stack]<UL><LI>Max Depth = 32<LI>Call Chain = SystemDerating_CalculateIntensityAdjustmentAboveRange
</UL>
<BR>[Called By]<UL><LI><a href="#[6c]">&gt;&gt;</a>&nbsp;&nbsp;&nbsp;SystemDerating_CalculateTargetIntensityAdjust
</UL>

<P><STRONG><a name="[6e]"></a>SystemDerating_CalculateIntensityAdjustmentBelowRange</STRONG> (Thumb, 88 bytes, Stack size 28 bytes, lto-llvm-0a1a37.o(.text.SystemDerating_CalculateIntensityAdjustmentBelowRange))
<BR><BR>[Stack]<UL><LI>Max Depth = 28<LI>Call Chain = SystemDerating_CalculateIntensityAdjustmentBelowRange
</UL>
<BR>[Called By]<UL><LI><a href="#[6c]">&gt;&gt;</a>&nbsp;&nbsp;&nbsp;SystemDerating_CalculateTargetIntensityAdjust
</UL>

<P><STRONG><a name="[8c]"></a>SystemLinComm_ChangeNad</STRONG> (Thumb, 72 bytes, Stack size 8 bytes, lto-llvm-0a1a37.o(.text.SystemLinComm_ChangeNad))
<BR><BR>[Stack]<UL><LI>Max Depth = 8<LI>Call Chain = SystemLinComm_ChangeNad
</UL>
<BR>[Called By]<UL><LI><a href="#[8d]">&gt;&gt;</a>&nbsp;&nbsp;&nbsp;SystemMain_Loop
<LI><a href="#[80]">&gt;&gt;</a>&nbsp;&nbsp;&nbsp;SystemMain_Init
</UL>

<P><STRONG><a name="[7a]"></a>SystemLinComm_SignalUpdate</STRONG> (Thumb, 476 bytes, Stack size 16 bytes, lto-llvm-0a1a37.o(.text.SystemLinComm_SignalUpdate))
<BR><BR>[Stack]<UL><LI>Max Depth = 36<LI>Call Chain = SystemLinComm_SignalUpdate &rArr; SystemLinComm_UpdateColorValues
</UL>
<BR>[Calls]<UL><LI><a href="#[7c]">&gt;&gt;</a>&nbsp;&nbsp;&nbsp;SystemLinComm_SaveOldSignalData
<LI><a href="#[7b]">&gt;&gt;</a>&nbsp;&nbsp;&nbsp;SystemLinComm_UpdateColorValues
</UL>
<BR>[Called By]<UL><LI><a href="#[8d]">&gt;&gt;</a>&nbsp;&nbsp;&nbsp;SystemMain_Loop
</UL>

<P><STRONG><a name="[7b]"></a>SystemLinComm_UpdateColorValues</STRONG> (Thumb, 96 bytes, Stack size 20 bytes, lto-llvm-0a1a37.o(.text.SystemLinComm_UpdateColorValues))
<BR><BR>[Stack]<UL><LI>Max Depth = 20<LI>Call Chain = SystemLinComm_UpdateColorValues
</UL>
<BR>[Called By]<UL><LI><a href="#[7a]">&gt;&gt;</a>&nbsp;&nbsp;&nbsp;SystemLinComm_SignalUpdate
</UL>

<P><STRONG><a name="[7c]"></a>SystemLinComm_SaveOldSignalData</STRONG> (Thumb, 44 bytes, Stack size 0 bytes, lto-llvm-0a1a37.o(.text.SystemLinComm_SaveOldSignalData))
<BR><BR>[Called By]<UL><LI><a href="#[7a]">&gt;&gt;</a>&nbsp;&nbsp;&nbsp;SystemLinComm_SignalUpdate
</UL>

<P><STRONG><a name="[77]"></a>SystemLinComm_RespUpdate</STRONG> (Thumb, 88 bytes, Stack size 40 bytes, lto-llvm-0a1a37.o(.text.SystemLinComm_RespUpdate))
<BR><BR>[Stack]<UL><LI>Max Depth = 72<LI>Call Chain = SystemLinComm_RespUpdate &rArr; SystemLinComm_UpdateLedError
</UL>
<BR>[Calls]<UL><LI><a href="#[79]">&gt;&gt;</a>&nbsp;&nbsp;&nbsp;SystemLinComm_UpdateLedError
<LI><a href="#[78]">&gt;&gt;</a>&nbsp;&nbsp;&nbsp;ModuleLed_GetStatus
</UL>
<BR>[Called By]<UL><LI><a href="#[8d]">&gt;&gt;</a>&nbsp;&nbsp;&nbsp;SystemMain_Loop
</UL>

<P><STRONG><a name="[78]"></a>ModuleLed_GetStatus</STRONG> (Thumb, 72 bytes, Stack size 8 bytes, lto-llvm-0a1a37.o(.text.ModuleLed_GetStatus))
<BR><BR>[Stack]<UL><LI>Max Depth = 8<LI>Call Chain = ModuleLed_GetStatus
</UL>
<BR>[Called By]<UL><LI><a href="#[77]">&gt;&gt;</a>&nbsp;&nbsp;&nbsp;SystemLinComm_RespUpdate
</UL>

<P><STRONG><a name="[79]"></a>SystemLinComm_UpdateLedError</STRONG> (Thumb, 76 bytes, Stack size 32 bytes, lto-llvm-0a1a37.o(.text.SystemLinComm_UpdateLedError))
<BR><BR>[Stack]<UL><LI>Max Depth = 32<LI>Call Chain = SystemLinComm_UpdateLedError
</UL>
<BR>[Called By]<UL><LI><a href="#[77]">&gt;&gt;</a>&nbsp;&nbsp;&nbsp;SystemLinComm_RespUpdate
</UL>

<P><STRONG><a name="[12]"></a>SystemLinComm_HandleRedError</STRONG> (Thumb, 48 bytes, Stack size 4 bytes, lto-llvm-0a1a37.o(.text.SystemLinComm_HandleRedError))
<BR><BR>[Stack]<UL><LI>Max Depth = 4<LI>Call Chain = SystemLinComm_HandleRedError
</UL>
<BR>[Address Reference Count : 1]<UL><LI> lto-llvm-0a1a37.o(.rodata..L__const.SystemLinComm_UpdateLedError.ap_Handlers)
</UL>
<P><STRONG><a name="[13]"></a>SystemLinComm_HandleGreenError</STRONG> (Thumb, 52 bytes, Stack size 4 bytes, lto-llvm-0a1a37.o(.text.SystemLinComm_HandleGreenError))
<BR><BR>[Stack]<UL><LI>Max Depth = 4<LI>Call Chain = SystemLinComm_HandleGreenError
</UL>
<BR>[Address Reference Count : 1]<UL><LI> lto-llvm-0a1a37.o(.rodata..L__const.SystemLinComm_UpdateLedError.ap_Handlers)
</UL>
<P><STRONG><a name="[14]"></a>SystemLinComm_HandleBlueError</STRONG> (Thumb, 52 bytes, Stack size 4 bytes, lto-llvm-0a1a37.o(.text.SystemLinComm_HandleBlueError))
<BR><BR>[Stack]<UL><LI>Max Depth = 4<LI>Call Chain = SystemLinComm_HandleBlueError
</UL>
<BR>[Address Reference Count : 1]<UL><LI> lto-llvm-0a1a37.o(.rodata..L__const.SystemLinComm_UpdateLedError.ap_Handlers)
</UL>
<P><STRONG><a name="[7d]"></a>SystemLinDiag_DoRequest</STRONG> (Thumb, 276 bytes, Stack size 24 bytes, lto-llvm-0a1a37.o(.text.SystemLinDiag_DoRequest))
<BR><BR>[Stack]<UL><LI>Max Depth = 44<LI>Call Chain = SystemLinDiag_DoRequest &rArr; SystemLinDiag_WriteData
</UL>
<BR>[Calls]<UL><LI><a href="#[7f]">&gt;&gt;</a>&nbsp;&nbsp;&nbsp;SystemLinDiag_WriteData
<LI><a href="#[7e]">&gt;&gt;</a>&nbsp;&nbsp;&nbsp;SystemLinDiag_ReadData
</UL>
<BR>[Called By]<UL><LI><a href="#[37]">&gt;&gt;</a>&nbsp;&nbsp;&nbsp;SystemLinDiag_HandleSend
<LI><a href="#[36]">&gt;&gt;</a>&nbsp;&nbsp;&nbsp;SystemLinDiag_HandleRecv
</UL>

<P><STRONG><a name="[7e]"></a>SystemLinDiag_ReadData</STRONG> (Thumb, 140 bytes, Stack size 16 bytes, lto-llvm-0a1a37.o(.text.SystemLinDiag_ReadData))
<BR><BR>[Stack]<UL><LI>Max Depth = 16<LI>Call Chain = SystemLinDiag_ReadData
</UL>
<BR>[Called By]<UL><LI><a href="#[7d]">&gt;&gt;</a>&nbsp;&nbsp;&nbsp;SystemLinDiag_DoRequest
</UL>

<P><STRONG><a name="[7f]"></a>SystemLinDiag_WriteData</STRONG> (Thumb, 124 bytes, Stack size 20 bytes, lto-llvm-0a1a37.o(.text.SystemLinDiag_WriteData))
<BR><BR>[Stack]<UL><LI>Max Depth = 20<LI>Call Chain = SystemLinDiag_WriteData
</UL>
<BR>[Called By]<UL><LI><a href="#[7d]">&gt;&gt;</a>&nbsp;&nbsp;&nbsp;SystemLinDiag_DoRequest
</UL>

<P><STRONG><a name="[80]"></a>SystemMain_Init</STRONG> (Thumb, 120 bytes, Stack size 8 bytes, lto-llvm-0a1a37.o(.text.SystemMain_Init))
<BR><BR>[Stack]<UL><LI>Max Depth = 168<LI>Call Chain = SystemMain_Init &rArr; ModuleFlash_Init &rArr; Module1000TP_AdaptiveWriteTask &rArr; Module1000TP_WritePageAction
</UL>
<BR>[Calls]<UL><LI><a href="#[8b]">&gt;&gt;</a>&nbsp;&nbsp;&nbsp;l_sys_init
<LI><a href="#[8a]">&gt;&gt;</a>&nbsp;&nbsp;&nbsp;ModuleLed_Init
<LI><a href="#[4a]">&gt;&gt;</a>&nbsp;&nbsp;&nbsp;ModuleBattery_Init
<LI><a href="#[89]">&gt;&gt;</a>&nbsp;&nbsp;&nbsp;Algorithm_AlgoUpdateBlueCIE
<LI><a href="#[88]">&gt;&gt;</a>&nbsp;&nbsp;&nbsp;Algorithm_AlgoUpdateGreenCIE
<LI><a href="#[87]">&gt;&gt;</a>&nbsp;&nbsp;&nbsp;Algorithm_AlgoUpdateRedCIE
<LI><a href="#[86]">&gt;&gt;</a>&nbsp;&nbsp;&nbsp;SystemStatus_Init
<LI><a href="#[85]">&gt;&gt;</a>&nbsp;&nbsp;&nbsp;Adc11_Init
<LI><a href="#[84]">&gt;&gt;</a>&nbsp;&nbsp;&nbsp;ModuleClock_Init
<LI><a href="#[83]">&gt;&gt;</a>&nbsp;&nbsp;&nbsp;moduleWatchdogFeed
<LI><a href="#[82]">&gt;&gt;</a>&nbsp;&nbsp;&nbsp;moduleWatchdogInit
<LI><a href="#[4f]">&gt;&gt;</a>&nbsp;&nbsp;&nbsp;ModuleFlash_Init
<LI><a href="#[81]">&gt;&gt;</a>&nbsp;&nbsp;&nbsp;InitHw
<LI><a href="#[2b]">&gt;&gt;</a>&nbsp;&nbsp;&nbsp;Device_init
<LI><a href="#[8c]">&gt;&gt;</a>&nbsp;&nbsp;&nbsp;SystemLinComm_ChangeNad
<LI><a href="#[5d]">&gt;&gt;</a>&nbsp;&nbsp;&nbsp;ModuleClock_TickGet
</UL>
<BR>[Called By]<UL><LI><a href="#[e]">&gt;&gt;</a>&nbsp;&nbsp;&nbsp;main
</UL>

<P><STRONG><a name="[2b]"></a>Device_init</STRONG> (Thumb, 96 bytes, Stack size 24 bytes, lto-llvm-0a1a37.o(.text.Device_init))
<BR><BR>[Stack]<UL><LI>Max Depth = 72<LI>Call Chain = Device_init &rArr; ADC11_init
</UL>
<BR>[Calls]<UL><LI><a href="#[32]">&gt;&gt;</a>&nbsp;&nbsp;&nbsp;LIN_init
<LI><a href="#[31]">&gt;&gt;</a>&nbsp;&nbsp;&nbsp;GPIO_init
<LI><a href="#[30]">&gt;&gt;</a>&nbsp;&nbsp;&nbsp;MEM_init
<LI><a href="#[2e]">&gt;&gt;</a>&nbsp;&nbsp;&nbsp;LDRV_init
<LI><a href="#[2c]">&gt;&gt;</a>&nbsp;&nbsp;&nbsp;PMU_init
<LI><a href="#[2f]">&gt;&gt;</a>&nbsp;&nbsp;&nbsp;CPU_init
<LI><a href="#[2d]">&gt;&gt;</a>&nbsp;&nbsp;&nbsp;ADC11_init
</UL>
<BR>[Called By]<UL><LI><a href="#[80]">&gt;&gt;</a>&nbsp;&nbsp;&nbsp;SystemMain_Init
</UL>

<P><STRONG><a name="[81]"></a>InitHw</STRONG> (Thumb, 120 bytes, Stack size 8 bytes, lto-llvm-0a1a37.o(.text.InitHw))
<BR><BR>[Stack]<UL><LI>Max Depth = 8<LI>Call Chain = InitHw
</UL>
<BR>[Called By]<UL><LI><a href="#[80]">&gt;&gt;</a>&nbsp;&nbsp;&nbsp;SystemMain_Init
</UL>

<P><STRONG><a name="[4f]"></a>ModuleFlash_Init</STRONG> (Thumb, 208 bytes, Stack size 24 bytes, lto-llvm-0a1a37.o(.text.ModuleFlash_Init))
<BR><BR>[Stack]<UL><LI>Max Depth = 160<LI>Call Chain = ModuleFlash_Init &rArr; Module1000TP_AdaptiveWriteTask &rArr; Module1000TP_WritePageAction
</UL>
<BR>[Calls]<UL><LI><a href="#[50]">&gt;&gt;</a>&nbsp;&nbsp;&nbsp;Module1000TP_Load
<LI><a href="#[47]">&gt;&gt;</a>&nbsp;&nbsp;&nbsp;Module1000TP_AdaptiveWriteTask
<LI><a href="#[51]">&gt;&gt;</a>&nbsp;&nbsp;&nbsp;strncpy
</UL>
<BR>[Called By]<UL><LI><a href="#[80]">&gt;&gt;</a>&nbsp;&nbsp;&nbsp;SystemMain_Init
</UL>

<P><STRONG><a name="[82]"></a>moduleWatchdogInit</STRONG> (Thumb, 64 bytes, Stack size 16 bytes, lto-llvm-0a1a37.o(.text.moduleWatchdogInit))
<BR><BR>[Stack]<UL><LI>Max Depth = 28<LI>Call Chain = moduleWatchdogInit &rArr; PMU_initWatchdog
</UL>
<BR>[Calls]<UL><LI><a href="#[ab]">&gt;&gt;</a>&nbsp;&nbsp;&nbsp;PMU_initWatchdog
</UL>
<BR>[Called By]<UL><LI><a href="#[80]">&gt;&gt;</a>&nbsp;&nbsp;&nbsp;SystemMain_Init
</UL>

<P><STRONG><a name="[83]"></a>moduleWatchdogFeed</STRONG> (Thumb, 60 bytes, Stack size 4 bytes, lto-llvm-0a1a37.o(.text.moduleWatchdogFeed))
<BR><BR>[Stack]<UL><LI>Max Depth = 4<LI>Call Chain = moduleWatchdogFeed
</UL>
<BR>[Called By]<UL><LI><a href="#[8d]">&gt;&gt;</a>&nbsp;&nbsp;&nbsp;SystemMain_Loop
<LI><a href="#[80]">&gt;&gt;</a>&nbsp;&nbsp;&nbsp;SystemMain_Init
<LI><a href="#[e]">&gt;&gt;</a>&nbsp;&nbsp;&nbsp;main
</UL>

<P><STRONG><a name="[84]"></a>ModuleClock_Init</STRONG> (Thumb, 16 bytes, Stack size 4 bytes, lto-llvm-0a1a37.o(.text.ModuleClock_Init))
<BR><BR>[Stack]<UL><LI>Max Depth = 4<LI>Call Chain = ModuleClock_Init
</UL>
<BR>[Called By]<UL><LI><a href="#[80]">&gt;&gt;</a>&nbsp;&nbsp;&nbsp;SystemMain_Init
</UL>

<P><STRONG><a name="[85]"></a>Adc11_Init</STRONG> (Thumb, 36 bytes, Stack size 4 bytes, lto-llvm-0a1a37.o(.text.Adc11_Init))
<BR><BR>[Stack]<UL><LI>Max Depth = 4<LI>Call Chain = Adc11_Init
</UL>
<BR>[Called By]<UL><LI><a href="#[80]">&gt;&gt;</a>&nbsp;&nbsp;&nbsp;SystemMain_Init
</UL>

<P><STRONG><a name="[86]"></a>SystemStatus_Init</STRONG> (Thumb, 52 bytes, Stack size 0 bytes, lto-llvm-0a1a37.o(.text.SystemStatus_Init))
<BR><BR>[Called By]<UL><LI><a href="#[80]">&gt;&gt;</a>&nbsp;&nbsp;&nbsp;SystemMain_Init
</UL>

<P><STRONG><a name="[87]"></a>Algorithm_AlgoUpdateRedCIE</STRONG> (Thumb, 40 bytes, Stack size 12 bytes, lto-llvm-0a1a37.o(.text.Algorithm_AlgoUpdateRedCIE))
<BR><BR>[Stack]<UL><LI>Max Depth = 12<LI>Call Chain = Algorithm_AlgoUpdateRedCIE
</UL>
<BR>[Called By]<UL><LI><a href="#[8d]">&gt;&gt;</a>&nbsp;&nbsp;&nbsp;SystemMain_Loop
<LI><a href="#[80]">&gt;&gt;</a>&nbsp;&nbsp;&nbsp;SystemMain_Init
</UL>

<P><STRONG><a name="[88]"></a>Algorithm_AlgoUpdateGreenCIE</STRONG> (Thumb, 40 bytes, Stack size 12 bytes, lto-llvm-0a1a37.o(.text.Algorithm_AlgoUpdateGreenCIE))
<BR><BR>[Stack]<UL><LI>Max Depth = 12<LI>Call Chain = Algorithm_AlgoUpdateGreenCIE
</UL>
<BR>[Called By]<UL><LI><a href="#[8d]">&gt;&gt;</a>&nbsp;&nbsp;&nbsp;SystemMain_Loop
<LI><a href="#[80]">&gt;&gt;</a>&nbsp;&nbsp;&nbsp;SystemMain_Init
</UL>

<P><STRONG><a name="[89]"></a>Algorithm_AlgoUpdateBlueCIE</STRONG> (Thumb, 40 bytes, Stack size 12 bytes, lto-llvm-0a1a37.o(.text.Algorithm_AlgoUpdateBlueCIE))
<BR><BR>[Stack]<UL><LI>Max Depth = 12<LI>Call Chain = Algorithm_AlgoUpdateBlueCIE
</UL>
<BR>[Called By]<UL><LI><a href="#[8d]">&gt;&gt;</a>&nbsp;&nbsp;&nbsp;SystemMain_Loop
<LI><a href="#[80]">&gt;&gt;</a>&nbsp;&nbsp;&nbsp;SystemMain_Init
</UL>

<P><STRONG><a name="[4a]"></a>ModuleBattery_Init</STRONG> (Thumb, 16 bytes, Stack size 8 bytes, lto-llvm-0a1a37.o(.text.ModuleBattery_Init))
<BR><BR>[Stack]<UL><LI>Max Depth = 56<LI>Call Chain = ModuleBattery_Init &rArr; ModuleBattery_StatusUpdate &rArr; ModuleBattery_VoltageConvert &rArr; ModuleAdc_RegValueGet
</UL>
<BR>[Calls]<UL><LI><a href="#[4b]">&gt;&gt;</a>&nbsp;&nbsp;&nbsp;ModuleBattery_StatusUpdate
</UL>
<BR>[Called By]<UL><LI><a href="#[80]">&gt;&gt;</a>&nbsp;&nbsp;&nbsp;SystemMain_Init
</UL>

<P><STRONG><a name="[8a]"></a>ModuleLed_Init</STRONG> (Thumb, 88 bytes, Stack size 0 bytes, lto-llvm-0a1a37.o(.text.ModuleLed_Init))
<BR><BR>[Called By]<UL><LI><a href="#[80]">&gt;&gt;</a>&nbsp;&nbsp;&nbsp;SystemMain_Init
</UL>

<P><STRONG><a name="[8b]"></a>l_sys_init</STRONG> (Thumb, 8 bytes, Stack size 8 bytes, lto-llvm-0a1a37.o(.text.l_sys_init))
<BR><BR>[Stack]<UL><LI>Max Depth = 84<LI>Call Chain = l_sys_init &rArr; lin_main_init &rArr; lin_hal_init &rArr; lin_hal_init_uart
</UL>
<BR>[Calls]<UL><LI><a href="#[9d]">&gt;&gt;</a>&nbsp;&nbsp;&nbsp;lin_main_init
</UL>
<BR>[Called By]<UL><LI><a href="#[80]">&gt;&gt;</a>&nbsp;&nbsp;&nbsp;SystemMain_Init
</UL>

<P><STRONG><a name="[8d]"></a>SystemMain_Loop</STRONG> (Thumb, 332 bytes, Stack size 24 bytes, lto-llvm-0a1a37.o(.text.SystemMain_Loop))
<BR><BR>[Stack]<UL><LI>Max Depth = 256<LI>Call Chain = SystemMain_Loop &rArr; Algorithm_AlgoGetPWMOutput &rArr; Algorithm_AlgoGetTargetColor &rArr; Algorithm_SRGBtoXYZ &rArr; Algorithm_RGBtolinear &rArr; FloatLib_Fix16Mul
</UL>
<BR>[Calls]<UL><LI><a href="#[62]">&gt;&gt;</a>&nbsp;&nbsp;&nbsp;Process_UDS_Interface_Control
<LI><a href="#[52]">&gt;&gt;</a>&nbsp;&nbsp;&nbsp;ModuleLed_PowerOff
<LI><a href="#[53]">&gt;&gt;</a>&nbsp;&nbsp;&nbsp;ModuleLed_PwmUpdate
<LI><a href="#[24]">&gt;&gt;</a>&nbsp;&nbsp;&nbsp;Algorithm_AlgoGetPWMOutput
<LI><a href="#[8e]">&gt;&gt;</a>&nbsp;&nbsp;&nbsp;SystemStatus_Update
<LI><a href="#[47]">&gt;&gt;</a>&nbsp;&nbsp;&nbsp;Module1000TP_AdaptiveWriteTask
<LI><a href="#[89]">&gt;&gt;</a>&nbsp;&nbsp;&nbsp;Algorithm_AlgoUpdateBlueCIE
<LI><a href="#[88]">&gt;&gt;</a>&nbsp;&nbsp;&nbsp;Algorithm_AlgoUpdateGreenCIE
<LI><a href="#[87]">&gt;&gt;</a>&nbsp;&nbsp;&nbsp;Algorithm_AlgoUpdateRedCIE
<LI><a href="#[83]">&gt;&gt;</a>&nbsp;&nbsp;&nbsp;moduleWatchdogFeed
<LI><a href="#[77]">&gt;&gt;</a>&nbsp;&nbsp;&nbsp;SystemLinComm_RespUpdate
<LI><a href="#[7a]">&gt;&gt;</a>&nbsp;&nbsp;&nbsp;SystemLinComm_SignalUpdate
<LI><a href="#[8c]">&gt;&gt;</a>&nbsp;&nbsp;&nbsp;SystemLinComm_ChangeNad
<LI><a href="#[5d]">&gt;&gt;</a>&nbsp;&nbsp;&nbsp;ModuleClock_TickGet
<LI><a href="#[67]">&gt;&gt;</a>&nbsp;&nbsp;&nbsp;SystemControl_Control
<LI><a href="#[41]">&gt;&gt;</a>&nbsp;&nbsp;&nbsp;LIN_Sleep_Status
<LI><a href="#[45]">&gt;&gt;</a>&nbsp;&nbsp;&nbsp;LIN_Task
</UL>
<BR>[Called By]<UL><LI><a href="#[e]">&gt;&gt;</a>&nbsp;&nbsp;&nbsp;main
</UL>

<P><STRONG><a name="[47]"></a>Module1000TP_AdaptiveWriteTask</STRONG> (Thumb, 224 bytes, Stack size 48 bytes, lto-llvm-0a1a37.o(.text.Module1000TP_AdaptiveWriteTask))
<BR><BR>[Stack]<UL><LI>Max Depth = 136<LI>Call Chain = Module1000TP_AdaptiveWriteTask &rArr; Module1000TP_WritePageAction
</UL>
<BR>[Calls]<UL><LI><a href="#[48]">&gt;&gt;</a>&nbsp;&nbsp;&nbsp;Module1000TP_WritePageAction
</UL>
<BR>[Called By]<UL><LI><a href="#[8d]">&gt;&gt;</a>&nbsp;&nbsp;&nbsp;SystemMain_Loop
<LI><a href="#[4f]">&gt;&gt;</a>&nbsp;&nbsp;&nbsp;ModuleFlash_Init
</UL>

<P><STRONG><a name="[8e]"></a>SystemStatus_Update</STRONG> (Thumb, 132 bytes, Stack size 8 bytes, lto-llvm-0a1a37.o(.text.SystemStatus_Update))
<BR><BR>[Stack]<UL><LI>Max Depth = 96<LI>Call Chain = SystemStatus_Update &rArr; ModuleTemperature_Update &rArr; ModuleTemperature_Convert &rArr; ModuleAdc_RegValueGet
</UL>
<BR>[Calls]<UL><LI><a href="#[8f]">&gt;&gt;</a>&nbsp;&nbsp;&nbsp;ModuleLed_DetectionReset
<LI><a href="#[59]">&gt;&gt;</a>&nbsp;&nbsp;&nbsp;ModuleTemperature_Update
<LI><a href="#[55]">&gt;&gt;</a>&nbsp;&nbsp;&nbsp;ModuleLed_StatusUpdate
<LI><a href="#[4b]">&gt;&gt;</a>&nbsp;&nbsp;&nbsp;ModuleBattery_StatusUpdate
</UL>
<BR>[Called By]<UL><LI><a href="#[8d]">&gt;&gt;</a>&nbsp;&nbsp;&nbsp;SystemMain_Loop
</UL>

<P><STRONG><a name="[24]"></a>Algorithm_AlgoGetPWMOutput</STRONG> (Thumb, 100 bytes, Stack size 32 bytes, lto-llvm-0a1a37.o(.text.Algorithm_AlgoGetPWMOutput))
<BR><BR>[Stack]<UL><LI>Max Depth = 232<LI>Call Chain = Algorithm_AlgoGetPWMOutput &rArr; Algorithm_AlgoGetTargetColor &rArr; Algorithm_SRGBtoXYZ &rArr; Algorithm_RGBtolinear &rArr; FloatLib_Fix16Mul
</UL>
<BR>[Calls]<UL><LI><a href="#[1b]">&gt;&gt;</a>&nbsp;&nbsp;&nbsp;Algorithm_AlgoGetDutyRatio
<LI><a href="#[26]">&gt;&gt;</a>&nbsp;&nbsp;&nbsp;Algorithm_AlgoLedFixCIE
<LI><a href="#[25]">&gt;&gt;</a>&nbsp;&nbsp;&nbsp;Algorithm_AlgoGetTargetColor
</UL>
<BR>[Called By]<UL><LI><a href="#[8d]">&gt;&gt;</a>&nbsp;&nbsp;&nbsp;SystemMain_Loop
</UL>

<P><STRONG><a name="[53]"></a>ModuleLed_PwmUpdate</STRONG> (Thumb, 280 bytes, Stack size 40 bytes, lto-llvm-0a1a37.o(.text.ModuleLed_PwmUpdate))
<BR><BR>[Stack]<UL><LI>Max Depth = 44<LI>Call Chain = ModuleLed_PwmUpdate &rArr; ModuleLed_SetPwm
</UL>
<BR>[Calls]<UL><LI><a href="#[54]">&gt;&gt;</a>&nbsp;&nbsp;&nbsp;ModuleLed_SetPwm
</UL>
<BR>[Called By]<UL><LI><a href="#[52]">&gt;&gt;</a>&nbsp;&nbsp;&nbsp;ModuleLed_PowerOff
<LI><a href="#[8d]">&gt;&gt;</a>&nbsp;&nbsp;&nbsp;SystemMain_Loop
</UL>

<P><STRONG><a name="[52]"></a>ModuleLed_PowerOff</STRONG> (Thumb, 14 bytes, Stack size 8 bytes, lto-llvm-0a1a37.o(.text.ModuleLed_PowerOff))
<BR><BR>[Stack]<UL><LI>Max Depth = 52<LI>Call Chain = ModuleLed_PowerOff &rArr; ModuleLed_PwmUpdate &rArr; ModuleLed_SetPwm
</UL>
<BR>[Calls]<UL><LI><a href="#[53]">&gt;&gt;</a>&nbsp;&nbsp;&nbsp;ModuleLed_PwmUpdate
</UL>
<BR>[Called By]<UL><LI><a href="#[8d]">&gt;&gt;</a>&nbsp;&nbsp;&nbsp;SystemMain_Loop
</UL>

<P><STRONG><a name="[62]"></a>Process_UDS_Interface_Control</STRONG> (Thumb, 152 bytes, Stack size 16 bytes, lto-llvm-0a1a37.o(.text.Process_UDS_Interface_Control))
<BR><BR>[Stack]<UL><LI>Max Depth = 32<LI>Call Chain = Process_UDS_Interface_Control &rArr; Device_ControlInterface
</UL>
<BR>[Calls]<UL><LI><a href="#[29]">&gt;&gt;</a>&nbsp;&nbsp;&nbsp;Device_ControlInterface
</UL>
<BR>[Called By]<UL><LI><a href="#[8d]">&gt;&gt;</a>&nbsp;&nbsp;&nbsp;SystemMain_Loop
</UL>

<P><STRONG><a name="[4b]"></a>ModuleBattery_StatusUpdate</STRONG> (Thumb, 168 bytes, Stack size 24 bytes, lto-llvm-0a1a37.o(.text.ModuleBattery_StatusUpdate))
<BR><BR>[Stack]<UL><LI>Max Depth = 48<LI>Call Chain = ModuleBattery_StatusUpdate &rArr; ModuleBattery_VoltageConvert &rArr; ModuleAdc_RegValueGet
</UL>
<BR>[Calls]<UL><LI><a href="#[4d]">&gt;&gt;</a>&nbsp;&nbsp;&nbsp;ModuleBattery_StatusSet
<LI><a href="#[4c]">&gt;&gt;</a>&nbsp;&nbsp;&nbsp;ModuleBattery_VoltageConvert
</UL>
<BR>[Called By]<UL><LI><a href="#[8e]">&gt;&gt;</a>&nbsp;&nbsp;&nbsp;SystemStatus_Update
<LI><a href="#[4a]">&gt;&gt;</a>&nbsp;&nbsp;&nbsp;ModuleBattery_Init
</UL>

<P><STRONG><a name="[55]"></a>ModuleLed_StatusUpdate</STRONG> (Thumb, 412 bytes, Stack size 40 bytes, lto-llvm-0a1a37.o(.text.ModuleLed_StatusUpdate))
<BR><BR>[Stack]<UL><LI>Max Depth = 64<LI>Call Chain = ModuleLed_StatusUpdate &rArr; ModuleLed_VoltageConvert &rArr; ModuleAdc_RegValueGet
</UL>
<BR>[Calls]<UL><LI><a href="#[57]">&gt;&gt;</a>&nbsp;&nbsp;&nbsp;ModuleLed_StatusDetermine
<LI><a href="#[56]">&gt;&gt;</a>&nbsp;&nbsp;&nbsp;ModuleLed_VoltageConvert
</UL>
<BR>[Called By]<UL><LI><a href="#[8e]">&gt;&gt;</a>&nbsp;&nbsp;&nbsp;SystemStatus_Update
</UL>

<P><STRONG><a name="[59]"></a>ModuleTemperature_Update</STRONG> (Thumb, 592 bytes, Stack size 56 bytes, lto-llvm-0a1a37.o(.text.ModuleTemperature_Update))
<BR><BR>[Stack]<UL><LI>Max Depth = 88<LI>Call Chain = ModuleTemperature_Update &rArr; ModuleTemperature_Convert &rArr; ModuleAdc_RegValueGet
</UL>
<BR>[Calls]<UL><LI><a href="#[58]">&gt;&gt;</a>&nbsp;&nbsp;&nbsp;ModuleTemperature_Convert
<LI><a href="#[5a]">&gt;&gt;</a>&nbsp;&nbsp;&nbsp;ModuleLed_GetPwm
<LI><a href="#[5b]">&gt;&gt;</a>&nbsp;&nbsp;&nbsp;ModuleLed_GetVoltage
<LI><a href="#[5c]">&gt;&gt;</a>&nbsp;&nbsp;&nbsp;ModuleBattery_VoltageGet
<LI><a href="#[5d]">&gt;&gt;</a>&nbsp;&nbsp;&nbsp;ModuleClock_TickGet
</UL>
<BR>[Called By]<UL><LI><a href="#[8e]">&gt;&gt;</a>&nbsp;&nbsp;&nbsp;SystemStatus_Update
</UL>

<P><STRONG><a name="[8f]"></a>ModuleLed_DetectionReset</STRONG> (Thumb, 88 bytes, Stack size 0 bytes, lto-llvm-0a1a37.o(.text.ModuleLed_DetectionReset))
<BR><BR>[Called By]<UL><LI><a href="#[8e]">&gt;&gt;</a>&nbsp;&nbsp;&nbsp;SystemStatus_Update
</UL>

<P><STRONG><a name="[4e]"></a>ModuleAdc_RegValueGet</STRONG> (Thumb, 128 bytes, Stack size 8 bytes, lto-llvm-0a1a37.o(.text.ModuleAdc_RegValueGet))
<BR><BR>[Stack]<UL><LI>Max Depth = 8<LI>Call Chain = ModuleAdc_RegValueGet
</UL>
<BR>[Called By]<UL><LI><a href="#[58]">&gt;&gt;</a>&nbsp;&nbsp;&nbsp;ModuleTemperature_Convert
<LI><a href="#[56]">&gt;&gt;</a>&nbsp;&nbsp;&nbsp;ModuleLed_VoltageConvert
<LI><a href="#[4c]">&gt;&gt;</a>&nbsp;&nbsp;&nbsp;ModuleBattery_VoltageConvert
</UL>

<P><STRONG><a name="[5f]"></a>ModuleAdc_Ch0Isr</STRONG> (Thumb, 16 bytes, Stack size 0 bytes, lto-llvm-0a1a37.o(.text.ModuleAdc_Ch0Isr))
<BR><BR>[Called By]<UL><LI><a href="#[b]">&gt;&gt;</a>&nbsp;&nbsp;&nbsp;NVIC_IRQ5_Handler
</UL>

<P><STRONG><a name="[60]"></a>ModuleAdc_Ch1Isr</STRONG> (Thumb, 16 bytes, Stack size 0 bytes, lto-llvm-0a1a37.o(.text.ModuleAdc_Ch1Isr))
<BR><BR>[Called By]<UL><LI><a href="#[b]">&gt;&gt;</a>&nbsp;&nbsp;&nbsp;NVIC_IRQ5_Handler
</UL>

<P><STRONG><a name="[61]"></a>ModuleAdc_Ch2Isr</STRONG> (Thumb, 16 bytes, Stack size 0 bytes, lto-llvm-0a1a37.o(.text.ModuleAdc_Ch2Isr))
<BR><BR>[Called By]<UL><LI><a href="#[b]">&gt;&gt;</a>&nbsp;&nbsp;&nbsp;NVIC_IRQ5_Handler
</UL>

<P><STRONG><a name="[5e]"></a>ModuleAdc_Adc11Isr</STRONG> (Thumb, 16 bytes, Stack size 0 bytes, lto-llvm-0a1a37.o(.text.ModuleAdc_Adc11Isr))
<BR><BR>[Called By]<UL><LI><a href="#[a]">&gt;&gt;</a>&nbsp;&nbsp;&nbsp;NVIC_IRQ4_Handler
</UL>

<P><STRONG><a name="[4c]"></a>ModuleBattery_VoltageConvert</STRONG> (Thumb, 56 bytes, Stack size 16 bytes, lto-llvm-0a1a37.o(.text.ModuleBattery_VoltageConvert))
<BR><BR>[Stack]<UL><LI>Max Depth = 24<LI>Call Chain = ModuleBattery_VoltageConvert &rArr; ModuleAdc_RegValueGet
</UL>
<BR>[Calls]<UL><LI><a href="#[4e]">&gt;&gt;</a>&nbsp;&nbsp;&nbsp;ModuleAdc_RegValueGet
</UL>
<BR>[Called By]<UL><LI><a href="#[4b]">&gt;&gt;</a>&nbsp;&nbsp;&nbsp;ModuleBattery_StatusUpdate
</UL>

<P><STRONG><a name="[4d]"></a>ModuleBattery_StatusSet</STRONG> (Thumb, 68 bytes, Stack size 16 bytes, lto-llvm-0a1a37.o(.text.ModuleBattery_StatusSet))
<BR><BR>[Stack]<UL><LI>Max Depth = 16<LI>Call Chain = ModuleBattery_StatusSet
</UL>
<BR>[Called By]<UL><LI><a href="#[4b]">&gt;&gt;</a>&nbsp;&nbsp;&nbsp;ModuleBattery_StatusUpdate
</UL>

<P><STRONG><a name="[5c]"></a>ModuleBattery_VoltageGet</STRONG> (Thumb, 8 bytes, Stack size 0 bytes, lto-llvm-0a1a37.o(.text.ModuleBattery_VoltageGet))
<BR><BR>[Called By]<UL><LI><a href="#[59]">&gt;&gt;</a>&nbsp;&nbsp;&nbsp;ModuleTemperature_Update
</UL>

<P><STRONG><a name="[50]"></a>Module1000TP_Load</STRONG> (Thumb, 108 bytes, Stack size 16 bytes, lto-llvm-0a1a37.o(.text.Module1000TP_Load))
<BR><BR>[Stack]<UL><LI>Max Depth = 16<LI>Call Chain = Module1000TP_Load
</UL>
<BR>[Called By]<UL><LI><a href="#[4f]">&gt;&gt;</a>&nbsp;&nbsp;&nbsp;ModuleFlash_Init
</UL>

<P><STRONG><a name="[56]"></a>ModuleLed_VoltageConvert</STRONG> (Thumb, 256 bytes, Stack size 16 bytes, lto-llvm-0a1a37.o(.text.ModuleLed_VoltageConvert))
<BR><BR>[Stack]<UL><LI>Max Depth = 24<LI>Call Chain = ModuleLed_VoltageConvert &rArr; ModuleAdc_RegValueGet
</UL>
<BR>[Calls]<UL><LI><a href="#[4e]">&gt;&gt;</a>&nbsp;&nbsp;&nbsp;ModuleAdc_RegValueGet
</UL>
<BR>[Called By]<UL><LI><a href="#[55]">&gt;&gt;</a>&nbsp;&nbsp;&nbsp;ModuleLed_StatusUpdate
</UL>

<P><STRONG><a name="[57]"></a>ModuleLed_StatusDetermine</STRONG> (Thumb, 86 bytes, Stack size 16 bytes, lto-llvm-0a1a37.o(.text.ModuleLed_StatusDetermine))
<BR><BR>[Stack]<UL><LI>Max Depth = 16<LI>Call Chain = ModuleLed_StatusDetermine
</UL>
<BR>[Called By]<UL><LI><a href="#[55]">&gt;&gt;</a>&nbsp;&nbsp;&nbsp;ModuleLed_StatusUpdate
</UL>

<P><STRONG><a name="[54]"></a>ModuleLed_SetPwm</STRONG> (Thumb, 148 bytes, Stack size 4 bytes, lto-llvm-0a1a37.o(.text.ModuleLed_SetPwm))
<BR><BR>[Stack]<UL><LI>Max Depth = 4<LI>Call Chain = ModuleLed_SetPwm
</UL>
<BR>[Called By]<UL><LI><a href="#[53]">&gt;&gt;</a>&nbsp;&nbsp;&nbsp;ModuleLed_PwmUpdate
</UL>

<P><STRONG><a name="[5b]"></a>ModuleLed_GetVoltage</STRONG> (Thumb, 76 bytes, Stack size 8 bytes, lto-llvm-0a1a37.o(.text.ModuleLed_GetVoltage))
<BR><BR>[Stack]<UL><LI>Max Depth = 8<LI>Call Chain = ModuleLed_GetVoltage
</UL>
<BR>[Called By]<UL><LI><a href="#[59]">&gt;&gt;</a>&nbsp;&nbsp;&nbsp;ModuleTemperature_Update
</UL>

<P><STRONG><a name="[5a]"></a>ModuleLed_GetPwm</STRONG> (Thumb, 72 bytes, Stack size 8 bytes, lto-llvm-0a1a37.o(.text.ModuleLed_GetPwm))
<BR><BR>[Stack]<UL><LI>Max Depth = 8<LI>Call Chain = ModuleLed_GetPwm
</UL>
<BR>[Called By]<UL><LI><a href="#[59]">&gt;&gt;</a>&nbsp;&nbsp;&nbsp;ModuleTemperature_Update
</UL>

<P><STRONG><a name="[58]"></a>ModuleTemperature_Convert</STRONG> (Thumb, 72 bytes, Stack size 24 bytes, lto-llvm-0a1a37.o(.text.ModuleTemperature_Convert))
<BR><BR>[Stack]<UL><LI>Max Depth = 32<LI>Call Chain = ModuleTemperature_Convert &rArr; ModuleAdc_RegValueGet
</UL>
<BR>[Calls]<UL><LI><a href="#[4e]">&gt;&gt;</a>&nbsp;&nbsp;&nbsp;ModuleAdc_RegValueGet
</UL>
<BR>[Called By]<UL><LI><a href="#[59]">&gt;&gt;</a>&nbsp;&nbsp;&nbsp;ModuleTemperature_Update
</UL>

<P><STRONG><a name="[29]"></a>Device_ControlInterface</STRONG> (Thumb, 52 bytes, Stack size 16 bytes, lto-llvm-0a1a37.o(.text.Device_ControlInterface))
<BR><BR>[Stack]<UL><LI>Max Depth = 16<LI>Call Chain = Device_ControlInterface
</UL>
<BR>[Calls]<UL><LI><a href="#[2a]">&gt;&gt;</a>&nbsp;&nbsp;&nbsp;__NVIC_SystemReset
</UL>
<BR>[Called By]<UL><LI><a href="#[62]">&gt;&gt;</a>&nbsp;&nbsp;&nbsp;Process_UDS_Interface_Control
</UL>

<P><STRONG><a name="[2a]"></a>__NVIC_SystemReset</STRONG> (Thumb, 20 bytes, Stack size 0 bytes, lto-llvm-0a1a37.o(.text.__NVIC_SystemReset))
<BR><BR>[Called By]<UL><LI><a href="#[29]">&gt;&gt;</a>&nbsp;&nbsp;&nbsp;Device_ControlInterface
</UL>

<P><STRONG><a name="[49]"></a>__NVIC_SystemReset.57</STRONG> (Thumb, 20 bytes, Stack size 0 bytes, lto-llvm-0a1a37.o(.text.__NVIC_SystemReset.57))
<BR><BR>[Called By]<UL><LI><a href="#[48]">&gt;&gt;</a>&nbsp;&nbsp;&nbsp;Module1000TP_WritePageAction
</UL>

<P><STRONG><a name="[48]"></a>Module1000TP_WritePageAction</STRONG> (Thumb, 116 bytes, Stack size 88 bytes, lto-llvm-0a1a37.o(.text.Module1000TP_WritePageAction))
<BR><BR>[Stack]<UL><LI>Max Depth = 88<LI>Call Chain = Module1000TP_WritePageAction
</UL>
<BR>[Calls]<UL><LI><a href="#[49]">&gt;&gt;</a>&nbsp;&nbsp;&nbsp;__NVIC_SystemReset.57
</UL>
<BR>[Called By]<UL><LI><a href="#[47]">&gt;&gt;</a>&nbsp;&nbsp;&nbsp;Module1000TP_AdaptiveWriteTask
</UL>

<P><STRONG><a name="[a9]"></a>lin_handle_config</STRONG> (Thumb, 1048 bytes, Stack size 24 bytes, lto-llvm-0a1a37.o(.text.lin_handle_config))
<BR><BR>[Stack]<UL><LI>Max Depth = 24<LI>Call Chain = lin_handle_config
</UL>
<BR>[Called By]<UL><LI><a href="#[a0]">&gt;&gt;</a>&nbsp;&nbsp;&nbsp;lin_tp_receive_frame
</UL>

<P><STRONG><a name="[a8]"></a>lin_tp_tx_part_complete</STRONG> (Thumb, 72 bytes, Stack size 8 bytes, lto-llvm-0a1a37.o(.text.lin_tp_tx_part_complete))
<BR><BR>[Stack]<UL><LI>Max Depth = 12<LI>Call Chain = lin_tp_tx_part_complete &rArr; lin_tp_send_cf
</UL>
<BR>[Calls]<UL><LI><a href="#[aa]">&gt;&gt;</a>&nbsp;&nbsp;&nbsp;lin_tp_send_cf
</UL>
<BR>[Called By]<UL><LI><a href="#[99]">&gt;&gt;</a>&nbsp;&nbsp;&nbsp;lin_slave_task_tx_data
</UL>

<P><STRONG><a name="[aa]"></a>lin_tp_send_cf</STRONG> (Thumb, 152 bytes, Stack size 4 bytes, lto-llvm-0a1a37.o(.text.lin_tp_send_cf))
<BR><BR>[Stack]<UL><LI>Max Depth = 4<LI>Call Chain = lin_tp_send_cf
</UL>
<BR>[Called By]<UL><LI><a href="#[a8]">&gt;&gt;</a>&nbsp;&nbsp;&nbsp;lin_tp_tx_part_complete
</UL>

<P><STRONG><a name="[9e]"></a>ld_tp_task</STRONG> (Thumb, 204 bytes, Stack size 8 bytes, lto-llvm-0a1a37.o(.text.ld_tp_task))
<BR><BR>[Stack]<UL><LI>Max Depth = 48<LI>Call Chain = ld_tp_task &rArr; lin_tp_receive_frame &rArr; lin_handle_config
</UL>
<BR>[Calls]<UL><LI><a href="#[a0]">&gt;&gt;</a>&nbsp;&nbsp;&nbsp;lin_tp_receive_frame
</UL>
<BR>[Called By]<UL><LI><a href="#[46]">&gt;&gt;</a>&nbsp;&nbsp;&nbsp;ld_task
</UL>

<P><STRONG><a name="[a0]"></a>lin_tp_receive_frame</STRONG> (Thumb, 944 bytes, Stack size 16 bytes, lto-llvm-0a1a37.o(.text.lin_tp_receive_frame))
<BR><BR>[Stack]<UL><LI>Max Depth = 40<LI>Call Chain = lin_tp_receive_frame &rArr; lin_handle_config
</UL>
<BR>[Calls]<UL><LI><a href="#[a9]">&gt;&gt;</a>&nbsp;&nbsp;&nbsp;lin_handle_config
</UL>
<BR>[Called By]<UL><LI><a href="#[9e]">&gt;&gt;</a>&nbsp;&nbsp;&nbsp;ld_tp_task
</UL>

<P><STRONG><a name="[a6]"></a>l_Update_Frame_Flags</STRONG> (Thumb, 40 bytes, Stack size 4 bytes, lto-llvm-0a1a37.o(.text.l_Update_Frame_Flags))
<BR><BR>[Stack]<UL><LI>Max Depth = 4<LI>Call Chain = l_Update_Frame_Flags
</UL>
<BR>[Called By]<UL><LI><a href="#[98]">&gt;&gt;</a>&nbsp;&nbsp;&nbsp;lin_slave_task_rx_data
</UL>

<P><STRONG><a name="[a3]"></a>lin_hal_init</STRONG> (Thumb, 180 bytes, Stack size 16 bytes, lto-llvm-0a1a37.o(.text.lin_hal_init))
<BR><BR>[Stack]<UL><LI>Max Depth = 60<LI>Call Chain = lin_hal_init &rArr; lin_hal_init_uart
</UL>
<BR>[Calls]<UL><LI><a href="#[91]">&gt;&gt;</a>&nbsp;&nbsp;&nbsp;lin_hal_init_uart
</UL>
<BR>[Called By]<UL><LI><a href="#[9d]">&gt;&gt;</a>&nbsp;&nbsp;&nbsp;lin_main_init
</UL>

<P><STRONG><a name="[91]"></a>lin_hal_init_uart</STRONG> (Thumb, 332 bytes, Stack size 44 bytes, lto-llvm-0a1a37.o(.text.lin_hal_init_uart))
<BR><BR>[Stack]<UL><LI>Max Depth = 44<LI>Call Chain = lin_hal_init_uart
</UL>
<BR>[Called By]<UL><LI><a href="#[a3]">&gt;&gt;</a>&nbsp;&nbsp;&nbsp;lin_hal_init
<LI><a href="#[90]">&gt;&gt;</a>&nbsp;&nbsp;&nbsp;l_autobaud_control
</UL>

<P><STRONG><a name="[a4]"></a>lin_hal_tx_response</STRONG> (Thumb, 220 bytes, Stack size 32 bytes, lto-llvm-0a1a37.o(.text.lin_hal_tx_response))
<BR><BR>[Stack]<UL><LI>Max Depth = 36<LI>Call Chain = lin_hal_tx_response &rArr; l_sys_irq_restore
</UL>
<BR>[Calls]<UL><LI><a href="#[44]">&gt;&gt;</a>&nbsp;&nbsp;&nbsp;l_sys_irq_restore
<LI><a href="#[42]">&gt;&gt;</a>&nbsp;&nbsp;&nbsp;l_sys_irq_disable
<LI><a href="#[9c]">&gt;&gt;</a>&nbsp;&nbsp;&nbsp;lin_hal_tx_byte
</UL>
<BR>[Called By]<UL><LI><a href="#[97]">&gt;&gt;</a>&nbsp;&nbsp;&nbsp;lin_slave_task_rx_pid
</UL>

<P><STRONG><a name="[9c]"></a>lin_hal_tx_byte</STRONG> (Thumb, 72 bytes, Stack size 4 bytes, lto-llvm-0a1a37.o(.text.lin_hal_tx_byte))
<BR><BR>[Stack]<UL><LI>Max Depth = 4<LI>Call Chain = lin_hal_tx_byte
</UL>
<BR>[Called By]<UL><LI><a href="#[9a]">&gt;&gt;</a>&nbsp;&nbsp;&nbsp;l_hal_tx_state_machine
<LI><a href="#[a4]">&gt;&gt;</a>&nbsp;&nbsp;&nbsp;lin_hal_tx_response
</UL>

<P><STRONG><a name="[96]"></a>l_hal_txchecksum_calculation</STRONG> (Thumb, 72 bytes, Stack size 4 bytes, lto-llvm-0a1a37.o(.text.l_hal_txchecksum_calculation))
<BR><BR>[Stack]<UL><LI>Max Depth = 4<LI>Call Chain = l_hal_txchecksum_calculation
</UL>
<BR>[Called By]<UL><LI><a href="#[40]">&gt;&gt;</a>&nbsp;&nbsp;&nbsp;l_hal_cyclic_call
</UL>

<P><STRONG><a name="[a7]"></a>lin_hal_rx_response</STRONG> (Thumb, 56 bytes, Stack size 8 bytes, lto-llvm-0a1a37.o(.text.lin_hal_rx_response))
<BR><BR>[Stack]<UL><LI>Max Depth = 8<LI>Call Chain = lin_hal_rx_response
</UL>
<BR>[Called By]<UL><LI><a href="#[97]">&gt;&gt;</a>&nbsp;&nbsp;&nbsp;lin_slave_task_rx_pid
</UL>

<P><STRONG><a name="[95]"></a>l_hal_rx_state_machine</STRONG> (Thumb, 376 bytes, Stack size 16 bytes, lto-llvm-0a1a37.o(.text.l_hal_rx_state_machine))
<BR><BR>[Stack]<UL><LI>Max Depth = 76<LI>Call Chain = l_hal_rx_state_machine &rArr; lin_slave_task_rx_pid &rArr; lin_hal_tx_response &rArr; l_sys_irq_restore
</UL>
<BR>[Calls]<UL><LI><a href="#[99]">&gt;&gt;</a>&nbsp;&nbsp;&nbsp;lin_slave_task_tx_data
<LI><a href="#[94]">&gt;&gt;</a>&nbsp;&nbsp;&nbsp;lin_hal_wait_for_break
<LI><a href="#[98]">&gt;&gt;</a>&nbsp;&nbsp;&nbsp;lin_slave_task_rx_data
<LI><a href="#[93]">&gt;&gt;</a>&nbsp;&nbsp;&nbsp;lin_hal_set_resp_error
<LI><a href="#[97]">&gt;&gt;</a>&nbsp;&nbsp;&nbsp;lin_slave_task_rx_pid
</UL>
<BR>[Called By]<UL><LI><a href="#[40]">&gt;&gt;</a>&nbsp;&nbsp;&nbsp;l_hal_cyclic_call
</UL>

<P><STRONG><a name="[97]"></a>lin_slave_task_rx_pid</STRONG> (Thumb, 340 bytes, Stack size 24 bytes, lto-llvm-0a1a37.o(.text.lin_slave_task_rx_pid))
<BR><BR>[Stack]<UL><LI>Max Depth = 60<LI>Call Chain = lin_slave_task_rx_pid &rArr; lin_hal_tx_response &rArr; l_sys_irq_restore
</UL>
<BR>[Calls]<UL><LI><a href="#[94]">&gt;&gt;</a>&nbsp;&nbsp;&nbsp;lin_hal_wait_for_break
<LI><a href="#[a7]">&gt;&gt;</a>&nbsp;&nbsp;&nbsp;lin_hal_rx_response
<LI><a href="#[a4]">&gt;&gt;</a>&nbsp;&nbsp;&nbsp;lin_hal_tx_response
</UL>
<BR>[Called By]<UL><LI><a href="#[95]">&gt;&gt;</a>&nbsp;&nbsp;&nbsp;l_hal_rx_state_machine
</UL>

<P><STRONG><a name="[93]"></a>lin_hal_set_resp_error</STRONG> (Thumb, 136 bytes, Stack size 8 bytes, lto-llvm-0a1a37.o(.text.lin_hal_set_resp_error))
<BR><BR>[Stack]<UL><LI>Max Depth = 12<LI>Call Chain = lin_hal_set_resp_error &rArr; l_sys_irq_restore
</UL>
<BR>[Calls]<UL><LI><a href="#[44]">&gt;&gt;</a>&nbsp;&nbsp;&nbsp;l_sys_irq_restore
<LI><a href="#[42]">&gt;&gt;</a>&nbsp;&nbsp;&nbsp;l_sys_irq_disable
</UL>
<BR>[Called By]<UL><LI><a href="#[92]">&gt;&gt;</a>&nbsp;&nbsp;&nbsp;l_frame_timeout_control
<LI><a href="#[3f]">&gt;&gt;</a>&nbsp;&nbsp;&nbsp;lin_hal_ISR
<LI><a href="#[95]">&gt;&gt;</a>&nbsp;&nbsp;&nbsp;l_hal_rx_state_machine
</UL>

<P><STRONG><a name="[98]"></a>lin_slave_task_rx_data</STRONG> (Thumb, 300 bytes, Stack size 16 bytes, lto-llvm-0a1a37.o(.text.lin_slave_task_rx_data))
<BR><BR>[Stack]<UL><LI>Max Depth = 20<LI>Call Chain = lin_slave_task_rx_data &rArr; l_Update_Frame_Flags
</UL>
<BR>[Calls]<UL><LI><a href="#[a6]">&gt;&gt;</a>&nbsp;&nbsp;&nbsp;l_Update_Frame_Flags
<LI><a href="#[44]">&gt;&gt;</a>&nbsp;&nbsp;&nbsp;l_sys_irq_restore
<LI><a href="#[42]">&gt;&gt;</a>&nbsp;&nbsp;&nbsp;l_sys_irq_disable
</UL>
<BR>[Called By]<UL><LI><a href="#[95]">&gt;&gt;</a>&nbsp;&nbsp;&nbsp;l_hal_rx_state_machine
</UL>

<P><STRONG><a name="[94]"></a>lin_hal_wait_for_break</STRONG> (Thumb, 24 bytes, Stack size 0 bytes, lto-llvm-0a1a37.o(.text.lin_hal_wait_for_break))
<BR><BR>[Called By]<UL><LI><a href="#[92]">&gt;&gt;</a>&nbsp;&nbsp;&nbsp;l_frame_timeout_control
<LI><a href="#[3f]">&gt;&gt;</a>&nbsp;&nbsp;&nbsp;lin_hal_ISR
<LI><a href="#[97]">&gt;&gt;</a>&nbsp;&nbsp;&nbsp;lin_slave_task_rx_pid
<LI><a href="#[95]">&gt;&gt;</a>&nbsp;&nbsp;&nbsp;l_hal_rx_state_machine
</UL>

<P><STRONG><a name="[99]"></a>lin_slave_task_tx_data</STRONG> (Thumb, 132 bytes, Stack size 8 bytes, lto-llvm-0a1a37.o(.text.lin_slave_task_tx_data))
<BR><BR>[Stack]<UL><LI>Max Depth = 20<LI>Call Chain = lin_slave_task_tx_data &rArr; lin_tp_tx_part_complete &rArr; lin_tp_send_cf
</UL>
<BR>[Calls]<UL><LI><a href="#[a8]">&gt;&gt;</a>&nbsp;&nbsp;&nbsp;lin_tp_tx_part_complete
</UL>
<BR>[Called By]<UL><LI><a href="#[95]">&gt;&gt;</a>&nbsp;&nbsp;&nbsp;l_hal_rx_state_machine
</UL>

<P><STRONG><a name="[3f]"></a>lin_hal_ISR</STRONG> (Thumb, 456 bytes, Stack size 24 bytes, lto-llvm-0a1a37.o(.text.lin_hal_ISR))
<BR><BR>[Stack]<UL><LI>Max Depth = 40<LI>Call Chain = lin_hal_ISR &rArr; lin_hal_init_T2
</UL>
<BR>[Calls]<UL><LI><a href="#[44]">&gt;&gt;</a>&nbsp;&nbsp;&nbsp;l_sys_irq_restore
<LI><a href="#[42]">&gt;&gt;</a>&nbsp;&nbsp;&nbsp;l_sys_irq_disable
<LI><a href="#[9a]">&gt;&gt;</a>&nbsp;&nbsp;&nbsp;l_hal_tx_state_machine
<LI><a href="#[a1]">&gt;&gt;</a>&nbsp;&nbsp;&nbsp;lin_hal_init_T2
<LI><a href="#[94]">&gt;&gt;</a>&nbsp;&nbsp;&nbsp;lin_hal_wait_for_break
<LI><a href="#[93]">&gt;&gt;</a>&nbsp;&nbsp;&nbsp;lin_hal_set_resp_error
</UL>
<BR>[Called By]<UL><LI><a href="#[3d]">&gt;&gt;</a>&nbsp;&nbsp;&nbsp;LIN_COM_Handler
</UL>

<P><STRONG><a name="[a1]"></a>lin_hal_init_T2</STRONG> (Thumb, 176 bytes, Stack size 16 bytes, lto-llvm-0a1a37.o(.text.lin_hal_init_T2))
<BR><BR>[Stack]<UL><LI>Max Depth = 16<LI>Call Chain = lin_hal_init_T2
</UL>
<BR>[Called By]<UL><LI><a href="#[3f]">&gt;&gt;</a>&nbsp;&nbsp;&nbsp;lin_hal_ISR
</UL>

<P><STRONG><a name="[9a]"></a>l_hal_tx_state_machine</STRONG> (Thumb, 68 bytes, Stack size 8 bytes, lto-llvm-0a1a37.o(.text.l_hal_tx_state_machine))
<BR><BR>[Stack]<UL><LI>Max Depth = 12<LI>Call Chain = l_hal_tx_state_machine &rArr; lin_hal_tx_checksum
</UL>
<BR>[Calls]<UL><LI><a href="#[9b]">&gt;&gt;</a>&nbsp;&nbsp;&nbsp;lin_hal_tx_checksum
<LI><a href="#[9c]">&gt;&gt;</a>&nbsp;&nbsp;&nbsp;lin_hal_tx_byte
</UL>
<BR>[Called By]<UL><LI><a href="#[3f]">&gt;&gt;</a>&nbsp;&nbsp;&nbsp;lin_hal_ISR
</UL>

<P><STRONG><a name="[9b]"></a>lin_hal_tx_checksum</STRONG> (Thumb, 48 bytes, Stack size 4 bytes, lto-llvm-0a1a37.o(.text.lin_hal_tx_checksum))
<BR><BR>[Stack]<UL><LI>Max Depth = 4<LI>Call Chain = lin_hal_tx_checksum
</UL>
<BR>[Called By]<UL><LI><a href="#[9a]">&gt;&gt;</a>&nbsp;&nbsp;&nbsp;l_hal_tx_state_machine
</UL>

<P><STRONG><a name="[3e]"></a>lin_hal_T2_ISR</STRONG> (Thumb, 84 bytes, Stack size 8 bytes, lto-llvm-0a1a37.o(.text.lin_hal_T2_ISR))
<BR><BR>[Stack]<UL><LI>Max Depth = 16<LI>Call Chain = lin_hal_T2_ISR &rArr; lin_hal_brreg_calc
</UL>
<BR>[Calls]<UL><LI><a href="#[a2]">&gt;&gt;</a>&nbsp;&nbsp;&nbsp;lin_hal_brreg_calc
</UL>
<BR>[Called By]<UL><LI><a href="#[3d]">&gt;&gt;</a>&nbsp;&nbsp;&nbsp;LIN_COM_Handler
</UL>

<P><STRONG><a name="[a2]"></a>lin_hal_brreg_calc</STRONG> (Thumb, 124 bytes, Stack size 8 bytes, lto-llvm-0a1a37.o(.text.lin_hal_brreg_calc))
<BR><BR>[Stack]<UL><LI>Max Depth = 8<LI>Call Chain = lin_hal_brreg_calc
</UL>
<BR>[Called By]<UL><LI><a href="#[3e]">&gt;&gt;</a>&nbsp;&nbsp;&nbsp;lin_hal_T2_ISR
</UL>

<P><STRONG><a name="[90]"></a>l_autobaud_control</STRONG> (Thumb, 52 bytes, Stack size 8 bytes, lto-llvm-0a1a37.o(.text.l_autobaud_control))
<BR><BR>[Stack]<UL><LI>Max Depth = 52<LI>Call Chain = l_autobaud_control &rArr; lin_hal_init_uart
</UL>
<BR>[Calls]<UL><LI><a href="#[91]">&gt;&gt;</a>&nbsp;&nbsp;&nbsp;lin_hal_init_uart
</UL>
<BR>[Called By]<UL><LI><a href="#[46]">&gt;&gt;</a>&nbsp;&nbsp;&nbsp;ld_task
</UL>

<P><STRONG><a name="[9f]"></a>l_hal_baudrate_control</STRONG> (Thumb, 92 bytes, Stack size 0 bytes, lto-llvm-0a1a37.o(.text.l_hal_baudrate_control))
<BR><BR>[Called By]<UL><LI><a href="#[46]">&gt;&gt;</a>&nbsp;&nbsp;&nbsp;ld_task
</UL>

<P><STRONG><a name="[92]"></a>l_frame_timeout_control</STRONG> (Thumb, 44 bytes, Stack size 8 bytes, lto-llvm-0a1a37.o(.text.l_frame_timeout_control))
<BR><BR>[Stack]<UL><LI>Max Depth = 20<LI>Call Chain = l_frame_timeout_control &rArr; lin_hal_set_resp_error &rArr; l_sys_irq_restore
</UL>
<BR>[Calls]<UL><LI><a href="#[94]">&gt;&gt;</a>&nbsp;&nbsp;&nbsp;lin_hal_wait_for_break
<LI><a href="#[93]">&gt;&gt;</a>&nbsp;&nbsp;&nbsp;lin_hal_set_resp_error
</UL>
<BR>[Called By]<UL><LI><a href="#[46]">&gt;&gt;</a>&nbsp;&nbsp;&nbsp;ld_task
</UL>

<P><STRONG><a name="[40]"></a>l_hal_cyclic_call</STRONG> (Thumb, 44 bytes, Stack size 8 bytes, lto-llvm-0a1a37.o(.text.l_hal_cyclic_call))
<BR><BR>[Stack]<UL><LI>Max Depth = 84<LI>Call Chain = l_hal_cyclic_call &rArr; l_hal_rx_state_machine &rArr; lin_slave_task_rx_pid &rArr; lin_hal_tx_response &rArr; l_sys_irq_restore
</UL>
<BR>[Calls]<UL><LI><a href="#[95]">&gt;&gt;</a>&nbsp;&nbsp;&nbsp;l_hal_rx_state_machine
<LI><a href="#[96]">&gt;&gt;</a>&nbsp;&nbsp;&nbsp;l_hal_txchecksum_calculation
</UL>
<BR>[Called By]<UL><LI><a href="#[3d]">&gt;&gt;</a>&nbsp;&nbsp;&nbsp;LIN_COM_Handler
</UL>

<P><STRONG><a name="[9d]"></a>lin_main_init</STRONG> (Thumb, 796 bytes, Stack size 16 bytes, lto-llvm-0a1a37.o(.text.lin_main_init))
<BR><BR>[Stack]<UL><LI>Max Depth = 76<LI>Call Chain = lin_main_init &rArr; lin_hal_init &rArr; lin_hal_init_uart
</UL>
<BR>[Calls]<UL><LI><a href="#[a3]">&gt;&gt;</a>&nbsp;&nbsp;&nbsp;lin_hal_init
<LI><a href="#[a5]">&gt;&gt;</a>&nbsp;&nbsp;&nbsp;l_callback_Get_Initial_NAD
<LI><a href="#[34]">&gt;&gt;</a>&nbsp;&nbsp;&nbsp;lin_tp_init
</UL>
<BR>[Called By]<UL><LI><a href="#[8b]">&gt;&gt;</a>&nbsp;&nbsp;&nbsp;l_sys_init
</UL>

<P><STRONG><a name="[25]"></a>Algorithm_AlgoGetTargetColor</STRONG> (Thumb, 236 bytes, Stack size 56 bytes, lto-llvm-0a1a37.o(.text.Algorithm_AlgoGetTargetColor))
<BR><BR>[Stack]<UL><LI>Max Depth = 200<LI>Call Chain = Algorithm_AlgoGetTargetColor &rArr; Algorithm_SRGBtoXYZ &rArr; Algorithm_RGBtolinear &rArr; FloatLib_Fix16Mul
</UL>
<BR>[Calls]<UL><LI><a href="#[1e]">&gt;&gt;</a>&nbsp;&nbsp;&nbsp;FloatLib_Fix16Mul
<LI><a href="#[1d]">&gt;&gt;</a>&nbsp;&nbsp;&nbsp;FloatLib_Fix16Div
<LI><a href="#[20]">&gt;&gt;</a>&nbsp;&nbsp;&nbsp;FloatLib_Fix16Add
<LI><a href="#[27]">&gt;&gt;</a>&nbsp;&nbsp;&nbsp;Algorithm_SRGBtoXYZ
</UL>
<BR>[Called By]<UL><LI><a href="#[24]">&gt;&gt;</a>&nbsp;&nbsp;&nbsp;Algorithm_AlgoGetPWMOutput
</UL>

<P><STRONG><a name="[26]"></a>Algorithm_AlgoLedFixCIE</STRONG> (Thumb, 1056 bytes, Stack size 80 bytes, lto-llvm-0a1a37.o(.text.Algorithm_AlgoLedFixCIE))
<BR><BR>[Stack]<UL><LI>Max Depth = 152<LI>Call Chain = Algorithm_AlgoLedFixCIE &rArr; FloatLib_Fix16Mul
</UL>
<BR>[Calls]<UL><LI><a href="#[1f]">&gt;&gt;</a>&nbsp;&nbsp;&nbsp;FloatLib_Fix16FromInt
<LI><a href="#[1e]">&gt;&gt;</a>&nbsp;&nbsp;&nbsp;FloatLib_Fix16Mul
<LI><a href="#[1d]">&gt;&gt;</a>&nbsp;&nbsp;&nbsp;FloatLib_Fix16Div
</UL>
<BR>[Called By]<UL><LI><a href="#[24]">&gt;&gt;</a>&nbsp;&nbsp;&nbsp;Algorithm_AlgoGetPWMOutput
</UL>

<P><STRONG><a name="[1b]"></a>Algorithm_AlgoGetDutyRatio</STRONG> (Thumb, 596 bytes, Stack size 112 bytes, lto-llvm-0a1a37.o(.text.Algorithm_AlgoGetDutyRatio))
<BR><BR>[Stack]<UL><LI>Max Depth = 184<LI>Call Chain = Algorithm_AlgoGetDutyRatio &rArr; FloatLib_Fix16Mul
</UL>
<BR>[Calls]<UL><LI><a href="#[23]">&gt;&gt;</a>&nbsp;&nbsp;&nbsp;FloatLib_Fix16ToInt
<LI><a href="#[22]">&gt;&gt;</a>&nbsp;&nbsp;&nbsp;FloatLib_Fix16Max
<LI><a href="#[21]">&gt;&gt;</a>&nbsp;&nbsp;&nbsp;FloatLib_Fix16Min
<LI><a href="#[1c]">&gt;&gt;</a>&nbsp;&nbsp;&nbsp;FloatLib_Fix16Sub
<LI><a href="#[1f]">&gt;&gt;</a>&nbsp;&nbsp;&nbsp;FloatLib_Fix16FromInt
<LI><a href="#[1e]">&gt;&gt;</a>&nbsp;&nbsp;&nbsp;FloatLib_Fix16Mul
<LI><a href="#[1d]">&gt;&gt;</a>&nbsp;&nbsp;&nbsp;FloatLib_Fix16Div
<LI><a href="#[20]">&gt;&gt;</a>&nbsp;&nbsp;&nbsp;FloatLib_Fix16Add
</UL>
<BR>[Called By]<UL><LI><a href="#[24]">&gt;&gt;</a>&nbsp;&nbsp;&nbsp;Algorithm_AlgoGetPWMOutput
</UL>

<P><STRONG><a name="[27]"></a>Algorithm_SRGBtoXYZ</STRONG> (Thumb, 180 bytes, Stack size 40 bytes, lto-llvm-0a1a37.o(.text.Algorithm_SRGBtoXYZ))
<BR><BR>[Stack]<UL><LI>Max Depth = 144<LI>Call Chain = Algorithm_SRGBtoXYZ &rArr; Algorithm_RGBtolinear &rArr; FloatLib_Fix16Mul
</UL>
<BR>[Calls]<UL><LI><a href="#[28]">&gt;&gt;</a>&nbsp;&nbsp;&nbsp;Algorithm_RGBtolinear
<LI><a href="#[1e]">&gt;&gt;</a>&nbsp;&nbsp;&nbsp;FloatLib_Fix16Mul
<LI><a href="#[1d]">&gt;&gt;</a>&nbsp;&nbsp;&nbsp;FloatLib_Fix16Div
<LI><a href="#[20]">&gt;&gt;</a>&nbsp;&nbsp;&nbsp;FloatLib_Fix16Add
</UL>
<BR>[Called By]<UL><LI><a href="#[25]">&gt;&gt;</a>&nbsp;&nbsp;&nbsp;Algorithm_AlgoGetTargetColor
</UL>

<P><STRONG><a name="[20]"></a>FloatLib_Fix16Add</STRONG> (Thumb, 24 bytes, Stack size 12 bytes, lto-llvm-0a1a37.o(.text.FloatLib_Fix16Add))
<BR><BR>[Stack]<UL><LI>Max Depth = 12<LI>Call Chain = FloatLib_Fix16Add
</UL>
<BR>[Called By]<UL><LI><a href="#[28]">&gt;&gt;</a>&nbsp;&nbsp;&nbsp;Algorithm_RGBtolinear
<LI><a href="#[27]">&gt;&gt;</a>&nbsp;&nbsp;&nbsp;Algorithm_SRGBtoXYZ
<LI><a href="#[1b]">&gt;&gt;</a>&nbsp;&nbsp;&nbsp;Algorithm_AlgoGetDutyRatio
<LI><a href="#[25]">&gt;&gt;</a>&nbsp;&nbsp;&nbsp;Algorithm_AlgoGetTargetColor
</UL>

<P><STRONG><a name="[1d]"></a>FloatLib_Fix16Div</STRONG> (Thumb, 362 bytes, Stack size 56 bytes, lto-llvm-0a1a37.o(.text.FloatLib_Fix16Div))
<BR><BR>[Stack]<UL><LI>Max Depth = 68<LI>Call Chain = FloatLib_Fix16Div &rArr; __aeabi_lmul
</UL>
<BR>[Calls]<UL><LI><a href="#[3b]">&gt;&gt;</a>&nbsp;&nbsp;&nbsp;__aeabi_lmul
<LI><a href="#[3c]">&gt;&gt;</a>&nbsp;&nbsp;&nbsp;FloatLib_clz
</UL>
<BR>[Called By]<UL><LI><a href="#[28]">&gt;&gt;</a>&nbsp;&nbsp;&nbsp;Algorithm_RGBtolinear
<LI><a href="#[27]">&gt;&gt;</a>&nbsp;&nbsp;&nbsp;Algorithm_SRGBtoXYZ
<LI><a href="#[1b]">&gt;&gt;</a>&nbsp;&nbsp;&nbsp;Algorithm_AlgoGetDutyRatio
<LI><a href="#[26]">&gt;&gt;</a>&nbsp;&nbsp;&nbsp;Algorithm_AlgoLedFixCIE
<LI><a href="#[25]">&gt;&gt;</a>&nbsp;&nbsp;&nbsp;Algorithm_AlgoGetTargetColor
</UL>

<P><STRONG><a name="[1e]"></a>FloatLib_Fix16Mul</STRONG> (Thumb, 186 bytes, Stack size 72 bytes, lto-llvm-0a1a37.o(.text.FloatLib_Fix16Mul))
<BR><BR>[Stack]<UL><LI>Max Depth = 72<LI>Call Chain = FloatLib_Fix16Mul
</UL>
<BR>[Called By]<UL><LI><a href="#[28]">&gt;&gt;</a>&nbsp;&nbsp;&nbsp;Algorithm_RGBtolinear
<LI><a href="#[27]">&gt;&gt;</a>&nbsp;&nbsp;&nbsp;Algorithm_SRGBtoXYZ
<LI><a href="#[1b]">&gt;&gt;</a>&nbsp;&nbsp;&nbsp;Algorithm_AlgoGetDutyRatio
<LI><a href="#[26]">&gt;&gt;</a>&nbsp;&nbsp;&nbsp;Algorithm_AlgoLedFixCIE
<LI><a href="#[25]">&gt;&gt;</a>&nbsp;&nbsp;&nbsp;Algorithm_AlgoGetTargetColor
</UL>

<P><STRONG><a name="[1f]"></a>FloatLib_Fix16FromInt</STRONG> (Thumb, 20 bytes, Stack size 8 bytes, lto-llvm-0a1a37.o(.text.FloatLib_Fix16FromInt))
<BR><BR>[Stack]<UL><LI>Max Depth = 8<LI>Call Chain = FloatLib_Fix16FromInt
</UL>
<BR>[Called By]<UL><LI><a href="#[1b]">&gt;&gt;</a>&nbsp;&nbsp;&nbsp;Algorithm_AlgoGetDutyRatio
<LI><a href="#[26]">&gt;&gt;</a>&nbsp;&nbsp;&nbsp;Algorithm_AlgoLedFixCIE
</UL>

<P><STRONG><a name="[1c]"></a>FloatLib_Fix16Sub</STRONG> (Thumb, 24 bytes, Stack size 12 bytes, lto-llvm-0a1a37.o(.text.FloatLib_Fix16Sub))
<BR><BR>[Stack]<UL><LI>Max Depth = 12<LI>Call Chain = FloatLib_Fix16Sub
</UL>
<BR>[Called By]<UL><LI><a href="#[28]">&gt;&gt;</a>&nbsp;&nbsp;&nbsp;Algorithm_RGBtolinear
<LI><a href="#[1b]">&gt;&gt;</a>&nbsp;&nbsp;&nbsp;Algorithm_AlgoGetDutyRatio
</UL>

<P><STRONG><a name="[21]"></a>FloatLib_Fix16Min</STRONG> (Thumb, 40 bytes, Stack size 12 bytes, lto-llvm-0a1a37.o(.text.FloatLib_Fix16Min))
<BR><BR>[Stack]<UL><LI>Max Depth = 12<LI>Call Chain = FloatLib_Fix16Min
</UL>
<BR>[Called By]<UL><LI><a href="#[1b]">&gt;&gt;</a>&nbsp;&nbsp;&nbsp;Algorithm_AlgoGetDutyRatio
</UL>

<P><STRONG><a name="[22]"></a>FloatLib_Fix16Max</STRONG> (Thumb, 36 bytes, Stack size 12 bytes, lto-llvm-0a1a37.o(.text.FloatLib_Fix16Max))
<BR><BR>[Stack]<UL><LI>Max Depth = 12<LI>Call Chain = FloatLib_Fix16Max
</UL>
<BR>[Called By]<UL><LI><a href="#[1b]">&gt;&gt;</a>&nbsp;&nbsp;&nbsp;Algorithm_AlgoGetDutyRatio
</UL>

<P><STRONG><a name="[23]"></a>FloatLib_Fix16ToInt</STRONG> (Thumb, 62 bytes, Stack size 8 bytes, lto-llvm-0a1a37.o(.text.FloatLib_Fix16ToInt))
<BR><BR>[Stack]<UL><LI>Max Depth = 8<LI>Call Chain = FloatLib_Fix16ToInt
</UL>
<BR>[Called By]<UL><LI><a href="#[1b]">&gt;&gt;</a>&nbsp;&nbsp;&nbsp;Algorithm_AlgoGetDutyRatio
</UL>

<P><STRONG><a name="[28]"></a>Algorithm_RGBtolinear</STRONG> (Thumb, 132 bytes, Stack size 32 bytes, lto-llvm-0a1a37.o(.text.Algorithm_RGBtolinear))
<BR><BR>[Stack]<UL><LI>Max Depth = 104<LI>Call Chain = Algorithm_RGBtolinear &rArr; FloatLib_Fix16Mul
</UL>
<BR>[Calls]<UL><LI><a href="#[1c]">&gt;&gt;</a>&nbsp;&nbsp;&nbsp;FloatLib_Fix16Sub
<LI><a href="#[1e]">&gt;&gt;</a>&nbsp;&nbsp;&nbsp;FloatLib_Fix16Mul
<LI><a href="#[1d]">&gt;&gt;</a>&nbsp;&nbsp;&nbsp;FloatLib_Fix16Div
<LI><a href="#[20]">&gt;&gt;</a>&nbsp;&nbsp;&nbsp;FloatLib_Fix16Add
</UL>
<BR>[Called By]<UL><LI><a href="#[27]">&gt;&gt;</a>&nbsp;&nbsp;&nbsp;Algorithm_SRGBtoXYZ
</UL>

<P><STRONG><a name="[3c]"></a>FloatLib_clz</STRONG> (Thumb, 94 bytes, Stack size 8 bytes, lto-llvm-0a1a37.o(.text.FloatLib_clz))
<BR><BR>[Stack]<UL><LI>Max Depth = 8<LI>Call Chain = FloatLib_clz
</UL>
<BR>[Called By]<UL><LI><a href="#[1d]">&gt;&gt;</a>&nbsp;&nbsp;&nbsp;FloatLib_Fix16Div
</UL>

<P><STRONG><a name="[2d]"></a>ADC11_init</STRONG> (Thumb, 84 bytes, Stack size 48 bytes, lto-llvm-0a1a37.o(.text.ADC11_init))
<BR><BR>[Stack]<UL><LI>Max Depth = 48<LI>Call Chain = ADC11_init
</UL>
<BR>[Called By]<UL><LI><a href="#[2b]">&gt;&gt;</a>&nbsp;&nbsp;&nbsp;Device_init
</UL>

<P><STRONG><a name="[2f]"></a>CPU_init</STRONG> (Thumb, 40 bytes, Stack size 4 bytes, lto-llvm-0a1a37.o(.text.CPU_init))
<BR><BR>[Stack]<UL><LI>Max Depth = 4<LI>Call Chain = CPU_init
</UL>
<BR>[Called By]<UL><LI><a href="#[2b]">&gt;&gt;</a>&nbsp;&nbsp;&nbsp;Device_init
</UL>

<P><STRONG><a name="[76]"></a>CPU_initSysTick</STRONG> (Thumb, 112 bytes, Stack size 12 bytes, lto-llvm-0a1a37.o(.text.CPU_initSysTick))
<BR><BR>[Stack]<UL><LI>Max Depth = 12<LI>Call Chain = CPU_initSysTick
</UL>
<BR>[Called By]<UL><LI><a href="#[f]">&gt;&gt;</a>&nbsp;&nbsp;&nbsp;SystemInit
</UL>

<P><STRONG><a name="[2c]"></a>PMU_init</STRONG> (Thumb, 40 bytes, Stack size 4 bytes, lto-llvm-0a1a37.o(.text.PMU_init))
<BR><BR>[Stack]<UL><LI>Max Depth = 4<LI>Call Chain = PMU_init
</UL>
<BR>[Called By]<UL><LI><a href="#[2b]">&gt;&gt;</a>&nbsp;&nbsp;&nbsp;Device_init
</UL>

<P><STRONG><a name="[2e]"></a>LDRV_init</STRONG> (Thumb, 108 bytes, Stack size 4 bytes, lto-llvm-0a1a37.o(.text.LDRV_init))
<BR><BR>[Stack]<UL><LI>Max Depth = 4<LI>Call Chain = LDRV_init
</UL>
<BR>[Called By]<UL><LI><a href="#[2b]">&gt;&gt;</a>&nbsp;&nbsp;&nbsp;Device_init
</UL>

<P><STRONG><a name="[30]"></a>MEM_init</STRONG> (Thumb, 20 bytes, Stack size 4 bytes, lto-llvm-0a1a37.o(.text.MEM_init))
<BR><BR>[Stack]<UL><LI>Max Depth = 4<LI>Call Chain = MEM_init
</UL>
<BR>[Called By]<UL><LI><a href="#[2b]">&gt;&gt;</a>&nbsp;&nbsp;&nbsp;Device_init
</UL>

<P><STRONG><a name="[31]"></a>GPIO_init</STRONG> (Thumb, 68 bytes, Stack size 20 bytes, lto-llvm-0a1a37.o(.text.GPIO_init))
<BR><BR>[Stack]<UL><LI>Max Depth = 20<LI>Call Chain = GPIO_init
</UL>
<BR>[Called By]<UL><LI><a href="#[2b]">&gt;&gt;</a>&nbsp;&nbsp;&nbsp;Device_init
</UL>

<P><STRONG><a name="[32]"></a>LIN_init</STRONG> (Thumb, 44 bytes, Stack size 4 bytes, lto-llvm-0a1a37.o(.text.LIN_init))
<BR><BR>[Stack]<UL><LI>Max Depth = 4<LI>Call Chain = LIN_init
</UL>
<BR>[Called By]<UL><LI><a href="#[2b]">&gt;&gt;</a>&nbsp;&nbsp;&nbsp;Device_init
</UL>

<P><STRONG><a name="[63]"></a>LIN_Task_1ms</STRONG> (Thumb, 104 bytes, Stack size 0 bytes, lto-llvm-0a1a37.o(.text.LIN_Task_1ms))
<BR><BR>[Called By]<UL><LI><a href="#[5]">&gt;&gt;</a>&nbsp;&nbsp;&nbsp;SysTick_Handler
</UL>

<P><STRONG><a name="[64]"></a>PMU_countWatchdog</STRONG> (Thumb, 12 bytes, Stack size 0 bytes, lto-llvm-0a1a37.o(.text.PMU_countWatchdog))
<BR><BR>[Called By]<UL><LI><a href="#[5]">&gt;&gt;</a>&nbsp;&nbsp;&nbsp;SysTick_Handler
</UL>

<P><STRONG><a name="[3d]"></a>LIN_COM_Handler</STRONG> (Thumb, 100 bytes, Stack size 8 bytes, lto-llvm-0a1a37.o(.text.LIN_COM_Handler))
<BR><BR>[Stack]<UL><LI>Max Depth = 92<LI>Call Chain = LIN_COM_Handler &rArr; l_hal_cyclic_call &rArr; l_hal_rx_state_machine &rArr; lin_slave_task_rx_pid &rArr; lin_hal_tx_response &rArr; l_sys_irq_restore
</UL>
<BR>[Calls]<UL><LI><a href="#[40]">&gt;&gt;</a>&nbsp;&nbsp;&nbsp;l_hal_cyclic_call
<LI><a href="#[3e]">&gt;&gt;</a>&nbsp;&nbsp;&nbsp;lin_hal_T2_ISR
<LI><a href="#[3f]">&gt;&gt;</a>&nbsp;&nbsp;&nbsp;lin_hal_ISR
</UL>
<BR>[Called By]<UL><LI><a href="#[8]">&gt;&gt;</a>&nbsp;&nbsp;&nbsp;NVIC_IRQ2_Handler
</UL>

<P><STRONG><a name="[74]"></a>OSC_init</STRONG> (Thumb, 16 bytes, Stack size 4 bytes, lto-llvm-0a1a37.o(.text.OSC_init))
<BR><BR>[Stack]<UL><LI>Max Depth = 4<LI>Call Chain = OSC_init
</UL>
<BR>[Called By]<UL><LI><a href="#[f]">&gt;&gt;</a>&nbsp;&nbsp;&nbsp;SystemInit
</UL>

<P><STRONG><a name="[ab]"></a>PMU_initWatchdog</STRONG> (Thumb, 64 bytes, Stack size 12 bytes, lto-llvm-0a1a37.o(.text.PMU_initWatchdog))
<BR><BR>[Stack]<UL><LI>Max Depth = 12<LI>Call Chain = PMU_initWatchdog
</UL>
<BR>[Called By]<UL><LI><a href="#[82]">&gt;&gt;</a>&nbsp;&nbsp;&nbsp;moduleWatchdogInit
</UL>

<P><STRONG><a name="[75]"></a>SCU_init</STRONG> (Thumb, 32 bytes, Stack size 4 bytes, lto-llvm-0a1a37.o(.text.SCU_init))
<BR><BR>[Stack]<UL><LI>Max Depth = 4<LI>Call Chain = SCU_init
</UL>
<BR>[Called By]<UL><LI><a href="#[f]">&gt;&gt;</a>&nbsp;&nbsp;&nbsp;SystemInit
</UL>

<P><STRONG><a name="[6b]"></a>SystemCoreClockUpdate</STRONG> (Thumb, 252 bytes, Stack size 32 bytes, lto-llvm-0a1a37.o(.text.SystemCoreClockUpdate))
<BR><BR>[Stack]<UL><LI>Max Depth = 88<LI>Call Chain = SystemCoreClockUpdate &rArr; __aeabi_uldivmod &rArr; __aeabi_llsr
</UL>
<BR>[Calls]<UL><LI><a href="#[3b]">&gt;&gt;</a>&nbsp;&nbsp;&nbsp;__aeabi_lmul
<LI><a href="#[18]">&gt;&gt;</a>&nbsp;&nbsp;&nbsp;__aeabi_uldivmod
</UL>
<BR>[Called By]<UL><LI><a href="#[f]">&gt;&gt;</a>&nbsp;&nbsp;&nbsp;SystemInit
</UL>
<P>
<H3>
Undefined Global Symbols
</H3><HR></body></html>
