<html>
<body>
<pre>
<h1>µVision Build Log</h1>
<h2>Tool Versions:</h2>
IDE-Version: ¶ÃVision V5.39.0.0
Copyright (C) 2023 ARM Ltd and ARM Germany GmbH. All rights reserved.
License Information: 1 it01, 1, LIC=SDA0P-MC2IB-Z98G9-4SY64-JWCZ0-GV2N2
 
Tool Versions:
Toolchain:       MDK-ARM Plus  Version: 5.39.0.0
Toolchain Path:  D:\keil\ARM\ARMCLANG\Bin
C Compiler:      ArmClang.exe V6.21
Assembler:       Armasm.exe V6.21
Linker/Locator:  ArmLink.exe V6.21
Library Manager: ArmAr.exe V6.21
Hex Converter:   FromElf.exe V6.21
CPU DLL:         
Dialog DLL:      
Target DLL:      Segger\JL2CM3.dll V2.99.43.0
Dialog DLL:      TCM.DLL V1.56.4.0
 
<h2>Project:</h2>
E:\AUDI_COLOR\RGB\20260528–°¿Ú≤‚ ‘∞Ê\RLNE15S_0003_S0200_Rel\TLD4020_3ET_NVM_PROGRAMMING.uvprojx
Project File Date:  06/11/2026

<h2>Output:</h2>
*** Using Compiler 'V6.21', folder: 'D:\keil\ARM\ARMCLANG\Bin'
Rebuild target 'Target 1'
compiling ModuleBattery.c...
compiling ModuleAdc.c...
compiling ModuleClock.c...
compiling ModuleLed.c...
compiling SystemLinComm.c...
compiling SystemControl.c...
compiling SystemMain.c...
compiling SystemLinDiag.c...
compiling ModuleFlash.c...
compiling SystemStatus.c...
compiling SystemDerating.c...
compiling lin_app.c...
compiling genLinConfig.c...
compiling FloatLib.c...
compiling ModuleTemperature.c...
compiling Algorithm.c...
compiling lin_config.c...
compiling ModuleDebug.c...
compiling Module1000TP_Test.c...
compiling lin_diag_tp.c...
compiling lin_hal.c...
compiling lin_main.c...
compiling lin_slave_task.c...
compiling lin_driver_api.c...
compiling isr_nvic_irq6_handler.c...
compiling isr_nvic_irq0_handler.c...
compiling isr_nvic_irq4_handler.c...
compiling cpu.c...
compiling isr.c...
compiling adc11.c...
compiling gpio.c...
compiling isr_nvic_irq2_handler.c...
compiling isr_nvic_irq7_handler.c...
compiling isr_nvic_irq5_handler.c...
compiling device.c...
compiling main.c...
compiling ldrv.c...
assembling startup_tld40xx.S...
compiling mem.c...
compiling osc.c...
compiling scu.c...
compiling lin.c...
compiling pmu.c...
compiling system_tld40xx.c...
linking...
Program Size: Code=25224 RO-data=1604 RW-data=68 ZI-data=1580  
FromELF: creating hex file...
After Build - User command #1: findstr /C:"Total R" Listings\*.map
Listings\TLD4020_NVM_PROGRAMMING.map:    Total RO  Size (Code + RO Data)                26828 (  26.20kB)
Listings\TLD4020_NVM_PROGRAMMING.map:    Total RW  Size (RW Data + ZI Data)              1648 (   1.61kB)
Listings\TLD4020_NVM_PROGRAMMING.map:    Total ROM Size (Code + RO Data + RW Data)      26896 (  26.27kB)
".\Objects\TLD4020_NVM_PROGRAMMING.axf" - 0 Error(s), 0 Warning(s).

<h2>Software Packages used:</h2>

Package Vendor: ARM
                https://www.keil.com/pack/ARM.CMSIS.6.1.0.pack
                ARM::CMSIS@6.1.0
                CMSIS (Common Microcontroller Software Interface Standard)
   * Component: CORE Version: 6.1.0

Package Vendor: Infineon
                
                Infineon::TLD40xx_DFP@2.0.1
                Infineon TLD40xx Series Device Support
   * Component: Config Wizard Version: 1.1.0
   * Component: ADC11 Version: 1.0.2
   * Component: BOOTROM Version: 1.0.0
   * Component: CPU Version: 1.0.1
   * Component: GPIO Version: 1.0.1
   * Component: ISR Version: 1.0.2
   * Component: LDRV Version: 1.0.2
   * Component: LIN Version: 2.0.2
   * Component: MEM Version: 1.0.1
   * Component: OSC Version: 1.0.1
   * Component: PMU Version: 1.0.1
   * Component: SCU Version: 1.0.1
   * Component: Startup files Variant: Assembler startup Version: 1.0.0

<h2>Collection of Component include folders:</h2>
  ./RTE/Device/TLD4020-3ET
  ./RTE/_Target_1
  D:/keil/ARM/CMSIS/6.1.0/CMSIS/Core/Include
  D:/keil/Infineon/TLD40xx_DFP/2.0.1/device/lib/inc

<h2>Collection of Component Files used:</h2>

   * Component: ARM::CMSIS:CORE@6.1.0

   * Component: Infineon::Device:Config Wizard@1.1.0
      Include file:  device/lib/cfgwiz/defines/TLD4020_3/bsl_defines.h
      Include file:  device/lib/cfgwiz/defines/TLD4020_3/cpu_defines.h
      Include file:  device/lib/cfgwiz/defines/TLD4020_3/ldrv_defines.h
      Include file:  device/lib/cfgwiz/defines/TLD4020_3/isr_defines.h
      Include file:  device/lib/cfgwiz/defines/TLD4020_3/gpio_defines.h
      Include file:  device/lib/cfgwiz/defines/TLD4020_3/lin_defines.h
      Include file:  device/lib/cfgwiz/defines/TLD4020_3/mem_defines.h
      Include file:  device/lib/cfgwiz/defines/TLD4020_3/osc_defines.h
      Include file:  device/lib/cfgwiz/defines/TLD4020_3/adc11_defines.h
      Include file:  device/lib/cfgwiz/defines/TLD4020_3/scu_defines.h
      Include file:  device/lib/cfgwiz/defines/TLD4020_3/pmu_defines.h

   * Component: Infineon::Device:Lib:ADC11@1.0.2
      Source file:   device/lib/src/adc11.c
      Include file:  device/lib/inc/adc11.h

   * Component: Infineon::Device:Lib:BOOTROM@1.0.0
      Include file:  device/lib/inc/bootrom.h

   * Component: Infineon::Device:Lib:CPU@1.0.1
      Source file:   device/lib/src/cpu.c
      Include file:  device/lib/inc/cpu.h

   * Component: Infineon::Device:Lib:GPIO@1.0.1
      Source file:   device/lib/src/gpio.c
      Include file:  device/lib/inc/gpio.h

   * Component: Infineon::Device:Lib:ISR@1.0.2
      Include file:  device/lib/inc/isr_nvic_irq5_handler.h
      Source file:   device/lib/src/isr_nvic_irq5_handler.c
      Source file:   device/lib/src/isr.c
      Include file:  device/lib/inc/isr_nvic_irq4_handler.h
      Include file:  device/lib/inc/isr.h
      Include file:  device/lib/inc/isr_nvic_irq6_handler.h
      Source file:   device/lib/src/isr_nvic_irq6_handler.c
      Include file:  device/lib/inc/isr_nvic_irq7_handler.h
      Include file:  device/lib/inc/isr_nvic_irq2_handler.h
      Source file:   device/lib/src/isr_nvic_irq7_handler.c
      Source file:   device/lib/src/isr_nvic_irq2_handler.c
      Source file:   device/lib/src/isr_nvic_irq0_handler.c
      Include file:  device/lib/inc/isr_nvic_irq0_handler.h
      Source file:   device/lib/src/isr_nvic_irq4_handler.c

   * Component: Infineon::Device:Lib:LDRV@1.0.2
      Include file:  device/lib/inc/ldrv.h
      Source file:   device/lib/src/ldrv.c

   * Component: Infineon::Device:Lib:LIN@2.0.2
      Include file:  device/lib/inc/lin.h
      Source file:   device/lib/src/lin.c

   * Component: Infineon::Device:Lib:MEM@1.0.1
      Source file:   device/lib/src/mem.c
      Include file:  device/lib/inc/mem.h

   * Component: Infineon::Device:Lib:OSC@1.0.1
      Include file:  device/lib/inc/osc.h
      Source file:   device/lib/src/osc.c

   * Component: Infineon::Device:Lib:PMU@1.0.1
      Include file:  device/lib/inc/pmu.h
      Source file:   device/lib/src/pmu.c

   * Component: Infineon::Device:Lib:SCU@1.0.1
      Include file:  device/lib/inc/scu.h
      Source file:   device/lib/src/scu.c

   * Component: Infineon::Device:Startup:Startup files&Assembler startup@1.0.0
      Source file:   device/lib/cfgwiz/defines/TLD4020_3/bsl_defines_ARM.inc
      Source file:   device/startup/asm/ARM/startup_tld40xx.S
      Include file:  device/lib/inc/error_codes.h
      Include file:  device/startup/inc/system_tld40xx.h
      Include file:  device/lib/inc/device.h
      Include file:  device/lib/inc/types.h
      Source file:   device/startup/src/system_tld40xx.c
      Source file:   device/lib/src/device.c
      Include file:  device/lib/inc/tld40xx_generated.h
      Source file:   device/lib/main/main.c
      Include file:  device/lib/inc/variants.h
      Include file:  device/lib/inc/tld40xx.h
      Include file:  device/lib/inc/cmsis_misra.h
Build Time Elapsed:  00:00:09
</pre>
</body>
</html>
