Component: Arm Compiler for Embedded 6.21 Tool: armlink [5ec1fa00]

==============================================================================

Section Cross References

    __main.o(!!!main) refers to __rtentry.o(.ARM.Collect$$rtentry$$00000000) for __rt_entry
    __rtentry.o(.ARM.Collect$$rtentry$$00000000) refers (Special) to __rtentry2.o(.ARM.Collect$$rtentry$$0000000A) for __rt_entry_li
    __rtentry.o(.ARM.Collect$$rtentry$$00000000) refers (Special) to __rtentry2.o(.ARM.Collect$$rtentry$$0000000D) for __rt_entry_main
    __rtentry.o(.ARM.Collect$$rtentry$$00000000) refers (Special) to __rtentry2.o(.ARM.Collect$$rtentry$$0000000C) for __rt_entry_postli_1
    __rtentry.o(.ARM.Collect$$rtentry$$00000000) refers (Special) to __rtentry2.o(.ARM.Collect$$rtentry$$00000009) for __rt_entry_postsh_1
    __rtentry.o(.ARM.Collect$$rtentry$$00000000) refers (Special) to __rtentry2.o(.ARM.Collect$$rtentry$$00000002) for __rt_entry_presh_1
    __rtentry.o(.ARM.Collect$$rtentry$$00000000) refers (Special) to __rtentry7.o(.ARM.Collect$$rtentry$$00000007) for __rt_entry_sh
    __rtentry2.o(.ARM.Collect$$rtentry$$00000008) refers to boardinit2.o(.text) for _platform_post_stackheap_init
    __rtentry2.o(.ARM.Collect$$rtentry$$0000000A) refers to libinit.o(.ARM.Collect$$libinit$$00000000) for __rt_lib_init
    __rtentry2.o(.ARM.Collect$$rtentry$$0000000B) refers to boardinit3.o(.text) for _platform_post_lib_init
    __rtentry2.o(.ARM.Collect$$rtentry$$0000000D) refers to lto-llvm-52a04c.o(.text.main) for main
    __rtentry2.o(.ARM.Collect$$rtentry$$0000000D) refers to exit.o(.text) for exit
    __rtentry2.o(.ARM.exidx) refers to __rtentry2.o(.ARM.Collect$$rtentry$$00000001) for .ARM.Collect$$rtentry$$00000001
    __rtentry2.o(.ARM.exidx) refers to __rtentry2.o(.ARM.Collect$$rtentry$$00000008) for .ARM.Collect$$rtentry$$00000008
    __rtentry2.o(.ARM.exidx) refers to __rtentry2.o(.ARM.Collect$$rtentry$$0000000A) for .ARM.Collect$$rtentry$$0000000A
    __rtentry2.o(.ARM.exidx) refers to __rtentry2.o(.ARM.Collect$$rtentry$$0000000B) for .ARM.Collect$$rtentry$$0000000B
    __rtentry2.o(.ARM.exidx) refers to __rtentry2.o(.ARM.Collect$$rtentry$$0000000D) for .ARM.Collect$$rtentry$$0000000D
    __rtentry4.o(.ARM.Collect$$rtentry$$00000004) refers to sys_stackheap_outer.o(.text) for __user_setup_stackheap
    __rtentry4.o(.ARM.exidx) refers to __rtentry4.o(.ARM.Collect$$rtentry$$00000004) for .ARM.Collect$$rtentry$$00000004
    __rtentry7.o(.ARM.Collect$$rtentry$$00000007) refers to __rtentry7.o(.ARM.Collect$$rtentry$$00002718) for __lit__00000000
    __rtentry7.o(__vectab_stack_and_reset_2_area) refers to __main.o(!!!main) for __main
    __rtentry7.o(.ARM.exidx) refers to __rtentry7.o(.ARM.Collect$$rtentry$$00000007) for .ARM.Collect$$rtentry$$00000007
    __rtentry7.o(.ARM.exidx) refers to __rtentry7.o(.ARM.Collect$$rtentry$$00002718) for .ARM.Collect$$rtentry$$00002718
    sys_stackheap_outer.o(.text) refers to libspace.o(.text) for __user_perproc_libspace
    sys_stackheap_outer.o(.text) refers to sys_stackheap.o(.text) for __user_initial_stackheap
    sys_stackheap_outer.o(__vectab_stack_and_reset_area) refers to tempstk.o(.text) for __temporary_stack_top
    sys_stackheap_outer.o(__vectab_stack_and_reset_area) refers to __main.o(!!!main) for __main
    exit.o(.text) refers to rtexit.o(.ARM.Collect$$rtexit$$00000000) for __rt_exit
    libinit.o(.ARM.Collect$$libinit$$00000000) refers (Special) to libinit2.o(.ARM.Collect$$libinit$$00000030) for __rt_lib_init_alloca_1
    libinit.o(.ARM.Collect$$libinit$$00000000) refers (Special) to libinit2.o(.ARM.Collect$$libinit$$0000002E) for __rt_lib_init_argv_1
    libinit.o(.ARM.Collect$$libinit$$00000000) refers (Special) to libinit2.o(.ARM.Collect$$libinit$$0000001D) for __rt_lib_init_atexit_1
    libinit.o(.ARM.Collect$$libinit$$00000000) refers (Special) to libinit2.o(.ARM.Collect$$libinit$$00000023) for __rt_lib_init_clock_1
    libinit.o(.ARM.Collect$$libinit$$00000000) refers (Special) to libinit2.o(.ARM.Collect$$libinit$$00000034) for __rt_lib_init_cpp_1
    libinit.o(.ARM.Collect$$libinit$$00000000) refers (Special) to libinit2.o(.ARM.Collect$$libinit$$00000032) for __rt_lib_init_exceptions_1
    libinit.o(.ARM.Collect$$libinit$$00000000) refers (Special) to libinit2.o(.ARM.Collect$$libinit$$00000002) for __rt_lib_init_fp_1
    libinit.o(.ARM.Collect$$libinit$$00000000) refers (Special) to libinit2.o(.ARM.Collect$$libinit$$00000021) for __rt_lib_init_fp_trap_1
    libinit.o(.ARM.Collect$$libinit$$00000000) refers (Special) to libinit2.o(.ARM.Collect$$libinit$$00000025) for __rt_lib_init_getenv_1
    libinit.o(.ARM.Collect$$libinit$$00000000) refers (Special) to libinit2.o(.ARM.Collect$$libinit$$0000000C) for __rt_lib_init_heap_1
    libinit.o(.ARM.Collect$$libinit$$00000000) refers (Special) to libinit2.o(.ARM.Collect$$libinit$$00000013) for __rt_lib_init_lc_collate_1
[...]
    __arm_cp.0_56                            0x12002efc   Number         4  lto-llvm-52a04c.o(.text.main)
    __arm_cp.0_62                            0x12002f14   Number         4  lto-llvm-52a04c.o(.text.main)
    __arm_cp.0_63                            0x12002f18   Number         4  lto-llvm-52a04c.o(.text.main)
    __arm_cp.0_64                            0x12002f1c   Number         4  lto-llvm-52a04c.o(.text.main)
    __arm_cp.0_65                            0x12002f20   Number         4  lto-llvm-52a04c.o(.text.main)
    __arm_cp.0_66                            0x12002f24   Number         4  lto-llvm-52a04c.o(.text.main)
    __arm_cp.0_67                            0x12002f28   Number         4  lto-llvm-52a04c.o(.text.main)
    __arm_cp.0_68                            0x12002f2c   Number         4  lto-llvm-52a04c.o(.text.main)
    __arm_cp.0_69                            0x12002f30   Number         4  lto-llvm-52a04c.o(.text.main)
    __arm_cp.0_71                            0x12002f38   Number         4  lto-llvm-52a04c.o(.text.main)
    __arm_cp.0_0                             0x12002fcc   Number         4  lto-llvm-52a04c.o(.text.main)
    __arm_cp.0_2                             0x12002fd0   Number         4  lto-llvm-52a04c.o(.text.main)
    __arm_cp.0_3                             0x12002fd4   Number         4  lto-llvm-52a04c.o(.text.main)
    __arm_cp.0_4                             0x12002fd8   Number         4  lto-llvm-52a04c.o(.text.main)
    __arm_cp.0_5                             0x12002fdc   Number         4  lto-llvm-52a04c.o(.text.main)
    __arm_cp.0_6                             0x12002fe0   Number         4  lto-llvm-52a04c.o(.text.main)
    __arm_cp.0_15                            0x12002fe4   Number         4  lto-llvm-52a04c.o(.text.main)
    __arm_cp.0_17                            0x12002fe8   Number         4  lto-llvm-52a04c.o(.text.main)
    __arm_cp.0_18                            0x12002fec   Number         4  lto-llvm-52a04c.o(.text.main)
    __arm_cp.0_19                            0x12002ff0   Number         4  lto-llvm-52a04c.o(.text.main)
    __arm_cp.0_20                            0x12002ff4   Number         4  lto-llvm-52a04c.o(.text.main)
    __arm_cp.0_21                            0x12002ff8   Number         4  lto-llvm-52a04c.o(.text.main)
    __arm_cp.0_22                            0x12002ffc   Number         4  lto-llvm-52a04c.o(.text.main)
    __arm_cp.0_23                            0x12003000   Number         4  lto-llvm-52a04c.o(.text.main)
    __arm_cp.0_24                            0x12003004   Number         4  lto-llvm-52a04c.o(.text.main)
    __arm_cp.0_25                            0x12003008   Number         4  lto-llvm-52a04c.o(.text.main)
    __arm_cp.0_26                            0x1200300c   Number         4  lto-llvm-52a04c.o(.text.main)
    __arm_cp.0_27                            0x12003010   Number         4  lto-llvm-52a04c.o(.text.main)
    __arm_cp.0_28                            0x12003014   Number         4  lto-llvm-52a04c.o(.text.main)
    __arm_cp.0_29                            0x12003018   Number         4  lto-llvm-52a04c.o(.text.main)
    __arm_cp.0_30                            0x1200301c   Number         4  lto-llvm-52a04c.o(.text.main)
    __arm_cp.0_34                            0x1200304c   Number         4  lto-llvm-52a04c.o(.text.main)
    __arm_cp.0_35                            0x12003050   Number         4  lto-llvm-52a04c.o(.text.main)
    __arm_cp.0_36                            0x12003054   Number         4  lto-llvm-52a04c.o(.text.main)
    __arm_cp.0_37                            0x12003058   Number         4  lto-llvm-52a04c.o(.text.main)
    __arm_cp.0_38                            0x1200305c   Number         4  lto-llvm-52a04c.o(.text.main)
    __arm_cp.0_39                            0x12003060   Number         4  lto-llvm-52a04c.o(.text.main)
    __arm_cp.0_40                            0x12003064   Number         4  lto-llvm-52a04c.o(.text.main)
    __arm_cp.0_41                            0x12003068   Number         4  lto-llvm-52a04c.o(.text.main)
    __arm_cp.0_42                            0x1200306c   Number         4  lto-llvm-52a04c.o(.text.main)
    __arm_cp.0_43                            0x12003070   Number         4  lto-llvm-52a04c.o(.text.main)
    __arm_cp.0_44                            0x12003074   Number         4  lto-llvm-52a04c.o(.text.main)
    __arm_cp.0_45                            0x12003078   Number         4  lto-llvm-52a04c.o(.text.main)
    __arm_cp.0_46                            0x1200307c   Number         4  lto-llvm-52a04c.o(.text.main)
    __arm_cp.0_47                            0x12003080   Number         4  lto-llvm-52a04c.o(.text.main)
    __arm_cp.0_50                            0x120030ac   Number         4  lto-llvm-52a04c.o(.text.main)
    __arm_cp.0_51                            0x120030b0   Number         4  lto-llvm-52a04c.o(.text.main)
    __arm_cp.0_52                            0x120030b4   Number         4  lto-llvm-52a04c.o(.text.main)
    __arm_cp.0_53                            0x120030b8   Number         4  lto-llvm-52a04c.o(.text.main)
    __arm_cp.0_54                            0x120030bc   Number         4  lto-llvm-52a04c.o(.text.main)
    moduleFlashConfigIsValid                 0x120030c1   Thumb Code   112  lto-llvm-52a04c.o(.text.moduleFlashConfigIsValid)
    [Anonymous Symbol]                       0x120030c0   Section        0  lto-llvm-52a04c.o(.text.moduleFlashConfigIsValid)
    __arm_cp.44_1                            0x12003130   Number         4  lto-llvm-52a04c.o(.text.moduleFlashConfigIsValid)
    moduleFlashContinuePending1000TpSave     0x12003135   Thumb Code   296  lto-llvm-52a04c.o(.text.moduleFlashContinuePending1000TpSave)
    [Anonymous Symbol]                       0x12003134   Section        0  lto-llvm-52a04c.o(.text.moduleFlashContinuePending1000TpSave)
    __arm_cp.45_0                            0x1200325c   Number         4  lto-llvm-52a04c.o(.text.moduleFlashContinuePending1000TpSave)
    moduleFlashErasePages                    0x12003261   Thumb Code    40  lto-llvm-52a04c.o(.text.moduleFlashErasePages)
    [Anonymous Symbol]                       0x12003260   Section        0  lto-llvm-52a04c.o(.text.moduleFlashErasePages)
    __arm_cp.41_1                            0x12003288   Number         4  lto-llvm-52a04c.o(.text.moduleFlashErasePages)
    moduleFlashLoad                          0x1200328d   Thumb Code   168  lto-llvm-52a04c.o(.text.moduleFlashLoad)
    [Anonymous Symbol]                       0x1200328c   Section        0  lto-llvm-52a04c.o(.text.moduleFlashLoad)
    __arm_cp.39_1                            0x12003334   Number         4  lto-llvm-52a04c.o(.text.moduleFlashLoad)
    __arm_cp.39_2                            0x12003338   Number         4  lto-llvm-52a04c.o(.text.moduleFlashLoad)
    moduleFlashLoadStage                     0x1200333d   Thumb Code    20  lto-llvm-52a04c.o(.text.moduleFlashLoadStage)
    [Anonymous Symbol]                       0x1200333c   Section        0  lto-llvm-52a04c.o(.text.moduleFlashLoadStage)
    moduleFlashPersistStage                  0x12003351   Thumb Code    64  lto-llvm-52a04c.o(.text.moduleFlashPersistStage)
    [Anonymous Symbol]                       0x12003350   Section        0  lto-llvm-52a04c.o(.text.moduleFlashPersistStage)
    __arm_cp.40_0                            0x12003390   Number         4  lto-llvm-52a04c.o(.text.moduleFlashPersistStage)
    __arm_cp.40_1                            0x12003394   Number         4  lto-llvm-52a04c.o(.text.moduleFlashPersistStage)
    moduleFlashSave                          0x12003399   Thumb Code   116  lto-llvm-52a04c.o(.text.moduleFlashSave)
    [Anonymous Symbol]                       0x12003398   Section        0  lto-llvm-52a04c.o(.text.moduleFlashSave)
    __arm_cp.38_2                            0x1200340c   Number         4  lto-llvm-52a04c.o(.text.moduleFlashSave)
    moduleFlashStageIsValid                  0x12003411   Thumb Code    40  lto-llvm-52a04c.o(.text.moduleFlashStageIsValid)
    [Anonymous Symbol]                       0x12003410   Section        0  lto-llvm-52a04c.o(.text.moduleFlashStageIsValid)
    __arm_cp.43_0                            0x12003438   Number         4  lto-llvm-52a04c.o(.text.moduleFlashStageIsValid)
    moduleLedPowerOff                        0x1200343d   Thumb Code    12  lto-llvm-52a04c.o(.text.moduleLedPowerOff)
    [Anonymous Symbol]                       0x1200343c   Section        0  lto-llvm-52a04c.o(.text.moduleLedPowerOff)
    moduleLedUpdatePWM                       0x12003449   Thumb Code   188  lto-llvm-52a04c.o(.text.moduleLedUpdatePWM)
    [Anonymous Symbol]                       0x12003448   Section        0  lto-llvm-52a04c.o(.text.moduleLedUpdatePWM)
    __arm_cp.47_0                            0x12003504   Number         4  lto-llvm-52a04c.o(.text.moduleLedUpdatePWM)
    __arm_cp.47_1                            0x12003508   Number         4  lto-llvm-52a04c.o(.text.moduleLedUpdatePWM)
    __arm_cp.47_2                            0x1200350c   Number         4  lto-llvm-52a04c.o(.text.moduleLedUpdatePWM)
    __arm_cp.47_3                            0x12003510   Number         4  lto-llvm-52a04c.o(.text.moduleLedUpdatePWM)
    moduleWatchdogFeed                       0x12003515   Thumb Code    36  lto-llvm-52a04c.o(.text.moduleWatchdogFeed)
    [Anonymous Symbol]                       0x12003514   Section        0  lto-llvm-52a04c.o(.text.moduleWatchdogFeed)
    __arm_cp.49_0                            0x12003538   Number         4  lto-llvm-52a04c.o(.text.moduleWatchdogFeed)
    __arm_cp.49_1                            0x1200353c   Number         4  lto-llvm-52a04c.o(.text.moduleWatchdogFeed)
    startAAProcess                           0x12003541   Thumb Code    28  lto-llvm-52a04c.o(.text.startAAProcess)
    [Anonymous Symbol]                       0x12003540   Section        0  lto-llvm-52a04c.o(.text.startAAProcess)
    systemLinCommChangeNad                   0x1200355d   Thumb Code    64  lto-llvm-52a04c.o(.text.systemLinCommChangeNad)
    [Anonymous Symbol]                       0x1200355c   Section        0  lto-llvm-52a04c.o(.text.systemLinCommChangeNad)
    WriteListPID                             0x1200359c   Number         0  lto-llvm-52a04c.o(.text.systemLinCommChangeNad)
    __arm_cp.20_1                            0x120035b0   Number         4  lto-llvm-52a04c.o(.text.systemLinCommChangeNad)
    WriteListPID00000                        0x120035b4   Number         0  lto-llvm-52a04c.o(.text.systemLinCommChangeNad)
    __arm_cp.20_3                            0x120035c8   Number         4  lto-llvm-52a04c.o(.text.systemLinCommChangeNad)
    __arm_cp.20_4                            0x120035cc   Number         4  lto-llvm-52a04c.o(.text.systemLinCommChangeNad)
    NadSignal_index                          0x120035d0   Number         0  lto-llvm-52a04c.o(.text.systemLinCommChangeNad)
    systemMainLoop                           0x120035e5   Thumb Code 10676  lto-llvm-52a04c.o(.text.systemMainLoop)
    [Anonymous Symbol]                       0x120035e4   Section        0  lto-llvm-52a04c.o(.text.systemMainLoop)
    __arm_cp.34_116                          0x120039c0   Number         4  lto-llvm-52a04c.o(.text.systemMainLoop)
    __arm_cp.34_122                          0x12003df8   Number         4  lto-llvm-52a04c.o(.text.systemMainLoop)
    __arm_cp.34_123                          0x12003dfc   Number         4  lto-llvm-52a04c.o(.text.systemMainLoop)
    __arm_cp.34_125                          0x12003e04   Number         4  lto-llvm-52a04c.o(.text.systemMainLoop)
    __arm_cp.34_132                          0x1200423c   Number         4  lto-llvm-52a04c.o(.text.systemMainLoop)
    __arm_cp.34_141                          0x12004260   Number         4  lto-llvm-52a04c.o(.text.systemMainLoop)
    __arm_cp.34_144                          0x1200465c   Number         4  lto-llvm-52a04c.o(.text.systemMainLoop)
    updatebuf                                0x12004664   Number         0  lto-llvm-52a04c.o(.text.systemMainLoop)
    __arm_cp.34_147                          0x12004680   Number         4  lto-llvm-52a04c.o(.text.systemMainLoop)
    __arm_cp.34_151                          0x12004690   Number         4  lto-llvm-52a04c.o(.text.systemMainLoop)
    __arm_cp.34_152                          0x12004694   Number         4  lto-llvm-52a04c.o(.text.systemMainLoop)
    __arm_cp.34_154                          0x1200469c   Number         4  lto-llvm-52a04c.o(.text.systemMainLoop)
    __arm_cp.34_155                          0x120046a0   Number         4  lto-llvm-52a04c.o(.text.systemMainLoop)
    __arm_cp.34_157                          0x120046a8   Number         4  lto-llvm-52a04c.o(.text.systemMainLoop)
    __arm_cp.34_159                          0x120046b0   Number         4  lto-llvm-52a04c.o(.text.systemMainLoop)
    __arm_cp.34_160                          0x120046b4   Number         4  lto-llvm-52a04c.o(.text.systemMainLoop)
    __arm_cp.34_166                          0x12004ac4   Number         4  lto-llvm-52a04c.o(.text.systemMainLoop)
    __arm_cp.34_168                          0x12004acc   Number         4  lto-llvm-52a04c.o(.text.systemMainLoop)
    __arm_cp.34_169                          0x12004e58   Number         4  lto-llvm-52a04c.o(.text.systemMainLoop)
    __arm_cp.34_171                          0x12004e60   Number         4  lto-llvm-52a04c.o(.text.systemMainLoop)
    __arm_cp.34_172                          0x12004e64   Number         4  lto-llvm-52a04c.o(.text.systemMainLoop)
    __arm_cp.34_173                          0x12004e68   Number         4  lto-llvm-52a04c.o(.text.systemMainLoop)
    __arm_cp.34_175                          0x12004e70   Number         4  lto-llvm-52a04c.o(.text.systemMainLoop)
    __arm_cp.34_176                          0x12004e74   Number         4  lto-llvm-52a04c.o(.text.systemMainLoop)
    __arm_cp.34_177                          0x12004e78   Number         4  lto-llvm-52a04c.o(.text.systemMainLoop)
    __arm_cp.34_180                          0x12004e84   Number         4  lto-llvm-52a04c.o(.text.systemMainLoop)
    __arm_cp.34_181                          0x12004e88   Number         4  lto-llvm-52a04c.o(.text.systemMainLoop)
    __arm_cp.34_182                          0x12004e8c   Number         4  lto-llvm-52a04c.o(.text.systemMainLoop)
    __arm_cp.34_183                          0x12004e90   Number         4  lto-llvm-52a04c.o(.text.systemMainLoop)
    __arm_cp.34_184                          0x12004e94   Number         4  lto-llvm-52a04c.o(.text.systemMainLoop)
    __arm_cp.34_185                          0x12004e98   Number         4  lto-llvm-52a04c.o(.text.systemMainLoop)
    __arm_cp.34_186                          0x12004e9c   Number         4  lto-llvm-52a04c.o(.text.systemMainLoop)
    __arm_cp.34_187                          0x12004ea0   Number         4  lto-llvm-52a04c.o(.text.systemMainLoop)
    __arm_cp.34_188                          0x12004ea4   Number         4  lto-llvm-52a04c.o(.text.systemMainLoop)
    __arm_cp.34_189                          0x12004ea8   Number         4  lto-llvm-52a04c.o(.text.systemMainLoop)
    s32_LineDirectionvec_BRm1n1p1            0x12004eac   Number         0  lto-llvm-52a04c.o(.text.systemMainLoop)
    __arm_cp.34_193                          0x12004ebc   Number         4  lto-llvm-52a04c.o(.text.systemMainLoop)
    s32_LineDirectionvec_GRm1n1p1            0x12004ec4   Number         0  lto-llvm-52a04c.o(.text.systemMainLoop)
    s32_B_cornerPoint_real                   0x12004ecc   Number         0  lto-llvm-52a04c.o(.text.systemMainLoop)
    s32_LineDirectionvec_GBm1n1p1            0x12004ed8   Number         0  lto-llvm-52a04c.o(.text.systemMainLoop)
    __arm_cp.34_198                          0x12004ee0   Number         4  lto-llvm-52a04c.o(.text.systemMainLoop)
    __arm_cp.34_199                          0x12004ee4   Number         4  lto-llvm-52a04c.o(.text.systemMainLoop)
    __arm_cp.34_201                          0x12005264   Number         4  lto-llvm-52a04c.o(.text.systemMainLoop)
    __arm_cp.34_203                          0x1200526c   Number         4  lto-llvm-52a04c.o(.text.systemMainLoop)
    __arm_cp.34_204                          0x12005270   Number         4  lto-llvm-52a04c.o(.text.systemMainLoop)
    __arm_cp.34_206                          0x12005278   Number         4  lto-llvm-52a04c.o(.text.systemMainLoop)
    __arm_cp.34_207                          0x1200527c   Number         4  lto-llvm-52a04c.o(.text.systemMainLoop)
    __arm_cp.34_208                          0x12005280   Number         4  lto-llvm-52a04c.o(.text.systemMainLoop)
    __arm_cp.34_209                          0x12005284   Number         4  lto-llvm-52a04c.o(.text.systemMainLoop)
    __arm_cp.34_210                          0x12005288   Number         4  lto-llvm-52a04c.o(.text.systemMainLoop)
    __arm_cp.34_211                          0x1200528c   Number         4  lto-llvm-52a04c.o(.text.systemMainLoop)
    __arm_cp.34_212                          0x12005290   Number         4  lto-llvm-52a04c.o(.text.systemMainLoop)
    __arm_cp.34_213                          0x12005294   Number         4  lto-llvm-52a04c.o(.text.systemMainLoop)
    __arm_cp.34_214                          0x12005298   Number         4  lto-llvm-52a04c.o(.text.systemMainLoop)
    __arm_cp.34_215                          0x1200529c   Number         4  lto-llvm-52a04c.o(.text.systemMainLoop)
    __arm_cp.34_216                          0x120052a0   Number         4  lto-llvm-52a04c.o(.text.systemMainLoop)
    __arm_cp.34_217                          0x120052a4   Number         4  lto-llvm-52a04c.o(.text.systemMainLoop)
    __arm_cp.34_220                          0x120052b0   Number         4  lto-llvm-52a04c.o(.text.systemMainLoop)
    __arm_cp.34_221                          0x120052b4   Number         4  lto-llvm-52a04c.o(.text.systemMainLoop)
    __arm_cp.34_222                          0x120052b8   Number         4  lto-llvm-52a04c.o(.text.systemMainLoop)
    __arm_cp.34_226                          0x120055ec   Number         4  lto-llvm-52a04c.o(.text.systemMainLoop)
    __arm_cp.34_227                          0x120055f0   Number         4  lto-llvm-52a04c.o(.text.systemMainLoop)
    __arm_cp.34_228                          0x120055f4   Number         4  lto-llvm-52a04c.o(.text.systemMainLoop)
    __arm_cp.34_229                          0x120055f8   Number         4  lto-llvm-52a04c.o(.text.systemMainLoop)
    __arm_cp.34_230                          0x120055fc   Number         4  lto-llvm-52a04c.o(.text.systemMainLoop)
    __arm_cp.34_231                          0x12005600   Number         4  lto-llvm-52a04c.o(.text.systemMainLoop)
    __arm_cp.34_232                          0x12005604   Number         4  lto-llvm-52a04c.o(.text.systemMainLoop)
    __arm_cp.34_233                          0x12005608   Number         4  lto-llvm-52a04c.o(.text.systemMainLoop)
    __arm_cp.34_234                          0x1200560c   Number         4  lto-llvm-52a04c.o(.text.systemMainLoop)
    __arm_cp.34_235                          0x12005610   Number         4  lto-llvm-52a04c.o(.text.systemMainLoop)
    __arm_cp.34_236                          0x12005614   Number         4  lto-llvm-52a04c.o(.text.systemMainLoop)
    __arm_cp.34_237                          0x12005618   Number         4  lto-llvm-52a04c.o(.text.systemMainLoop)
    __arm_cp.34_238                          0x1200561c   Number         4  lto-llvm-52a04c.o(.text.systemMainLoop)
    __arm_cp.34_243                          0x12005630   Number         4  lto-llvm-52a04c.o(.text.systemMainLoop)
    __arm_cp.34_244                          0x12005634   Number         4  lto-llvm-52a04c.o(.text.systemMainLoop)
    __arm_cp.34_245                          0x12005638   Number         4  lto-llvm-52a04c.o(.text.systemMainLoop)
    __arm_cp.34_248                          0x12005644   Number         4  lto-llvm-52a04c.o(.text.systemMainLoop)
    __arm_cp.34_249                          0x12005648   Number         4  lto-llvm-52a04c.o(.text.systemMainLoop)
    __arm_cp.34_250                          0x12005aa4   Number         4  lto-llvm-52a04c.o(.text.systemMainLoop)
    __arm_cp.34_251                          0x12005aa8   Number         4  lto-llvm-52a04c.o(.text.systemMainLoop)
    __arm_cp.34_252                          0x12005aac   Number         4  lto-llvm-52a04c.o(.text.systemMainLoop)
    __arm_cp.34_253                          0x12005ab0   Number         4  lto-llvm-52a04c.o(.text.systemMainLoop)
    __arm_cp.34_254                          0x12005ab4   Number         4  lto-llvm-52a04c.o(.text.systemMainLoop)
    __arm_cp.34_255                          0x12005ab8   Number         4  lto-llvm-52a04c.o(.text.systemMainLoop)
    __arm_cp.34_256                          0x12005abc   Number         4  lto-llvm-52a04c.o(.text.systemMainLoop)
    __arm_cp.34_257                          0x12005ac0   Number         4  lto-llvm-52a04c.o(.text.systemMainLoop)
    __arm_cp.34_258                          0x12005ac4   Number         4  lto-llvm-52a04c.o(.text.systemMainLoop)
    __arm_cp.34_259                          0x12005ac8   Number         4  lto-llvm-52a04c.o(.text.systemMainLoop)
    __arm_cp.34_260                          0x12005acc   Number         4  lto-llvm-52a04c.o(.text.systemMainLoop)
    __arm_cp.34_263                          0x12005ad8   Number         4  lto-llvm-52a04c.o(.text.systemMainLoop)
    __arm_cp.34_264                          0x12005adc   Number         4  lto-llvm-52a04c.o(.text.systemMainLoop)
    __arm_cp.34_265                          0x12005ae0   Number         4  lto-llvm-52a04c.o(.text.systemMainLoop)
    __arm_cp.34_267                          0x12005ae8   Number         4  lto-llvm-52a04c.o(.text.systemMainLoop)
    __arm_cp.34_272                          0x12005e7c   Number         4  lto-llvm-52a04c.o(.text.systemMainLoop)
    __arm_cp.34_2                            0x12005f9c   Number         4  lto-llvm-52a04c.o(.text.systemMainLoop)
    __arm_cp.34_3                            0x12005fa0   Number         4  lto-llvm-52a04c.o(.text.systemMainLoop)
    __arm_cp.34_8                            0x12005fa4   Number         4  lto-llvm-52a04c.o(.text.systemMainLoop)
    __arm_cp.34_36                           0x12005fa8   Number         4  lto-llvm-52a04c.o(.text.systemMainLoop)
    __arm_cp.34_38                           0x12005fac   Number         4  lto-llvm-52a04c.o(.text.systemMainLoop)
    __arm_cp.34_58                           0x12005fb0   Number         4  lto-llvm-52a04c.o(.text.systemMainLoop)
    __arm_cp.34_96                           0x12005fb4   Number         4  lto-llvm-52a04c.o(.text.systemMainLoop)
    __arm_cp.34_97                           0x12005fb8   Number         4  lto-llvm-52a04c.o(.text.systemMainLoop)
    __arm_cp.34_99                           0x12005fbc   Number         4  lto-llvm-52a04c.o(.text.systemMainLoop)
    Serverlist                               0x12005fc0   Data         400  lto-llvm-52a04c.o(.rodata.Serverlist)
    [Anonymous Symbol]                       0x12005fc0   Section        0  lto-llvm-52a04c.o(.rodata.Serverlist)
    TtoCIE                                   0x12006150   Data         176  lto-llvm-52a04c.o(.rodata.TtoCIE)
    [Anonymous Symbol]                       0x12006150   Section        0  lto-llvm-52a04c.o(.rodata.TtoCIE)
    const_LIN_FRAME_CTRL_INIT03              0x12006200   Data          60  lto-llvm-52a04c.o(.rodata.const_LIN_FRAME_CTRL_INIT03)
    [Anonymous Symbol]                       0x12006200   Section        0  lto-llvm-52a04c.o(.rodata.const_LIN_FRAME_CTRL_INIT03)
    const_LIN_FRAME_CTRL_INIT04              0x1200623c   Data          60  lto-llvm-52a04c.o(.rodata.const_LIN_FRAME_CTRL_INIT04)
    [Anonymous Symbol]                       0x1200623c   Section        0  lto-llvm-52a04c.o(.rodata.const_LIN_FRAME_CTRL_INIT04)
    const_LIN_FRAME_CTRL_INIT05              0x12006278   Data          60  lto-llvm-52a04c.o(.rodata.const_LIN_FRAME_CTRL_INIT05)
    [Anonymous Symbol]                       0x12006278   Section        0  lto-llvm-52a04c.o(.rodata.const_LIN_FRAME_CTRL_INIT05)
    const_LIN_FRAME_CTRL_INIT06              0x120062b4   Data          60  lto-llvm-52a04c.o(.rodata.const_LIN_FRAME_CTRL_INIT06)
    [Anonymous Symbol]                       0x120062b4   Section        0  lto-llvm-52a04c.o(.rodata.const_LIN_FRAME_CTRL_INIT06)
    const_LIN_FRAME_CTRL_INIT07              0x120062f0   Data          60  lto-llvm-52a04c.o(.rodata.const_LIN_FRAME_CTRL_INIT07)
    [Anonymous Symbol]                       0x120062f0   Section        0  lto-llvm-52a04c.o(.rodata.const_LIN_FRAME_CTRL_INIT07)
    const_LIN_FRAME_CTRL_INIT08              0x1200632c   Data          60  lto-llvm-52a04c.o(.rodata.const_LIN_FRAME_CTRL_INIT08)
    [Anonymous Symbol]                       0x1200632c   Section        0  lto-llvm-52a04c.o(.rodata.const_LIN_FRAME_CTRL_INIT08)
    const_LIN_FRAME_CTRL_INIT09              0x12006368   Data          60  lto-llvm-52a04c.o(.rodata.const_LIN_FRAME_CTRL_INIT09)
    [Anonymous Symbol]                       0x12006368   Section        0  lto-llvm-52a04c.o(.rodata.const_LIN_FRAME_CTRL_INIT09)
    const_LIN_FRAME_CTRL_INIT10              0x120063a4   Data          60  lto-llvm-52a04c.o(.rodata.const_LIN_FRAME_CTRL_INIT10)
    [Anonymous Symbol]                       0x120063a4   Section        0  lto-llvm-52a04c.o(.rodata.const_LIN_FRAME_CTRL_INIT10)
    const_LIN_FRAME_CTRL_INIT11              0x120063e0   Data          60  lto-llvm-52a04c.o(.rodata.const_LIN_FRAME_CTRL_INIT11)
    [Anonymous Symbol]                       0x120063e0   Section        0  lto-llvm-52a04c.o(.rodata.const_LIN_FRAME_CTRL_INIT11)
    const_LIN_FRAME_CTRL_INIT12              0x1200641c   Data          60  lto-llvm-52a04c.o(.rodata.const_LIN_FRAME_CTRL_INIT12)
    [Anonymous Symbol]                       0x1200641c   Section        0  lto-llvm-52a04c.o(.rodata.const_LIN_FRAME_CTRL_INIT12)
    const_LIN_FRAME_CTRL_INIT13              0x12006458   Data          60  lto-llvm-52a04c.o(.rodata.const_LIN_FRAME_CTRL_INIT13)
    [Anonymous Symbol]                       0x12006458   Section        0  lto-llvm-52a04c.o(.rodata.const_LIN_FRAME_CTRL_INIT13)
    const_LIN_FRAME_CTRL_INIT14              0x12006494   Data          60  lto-llvm-52a04c.o(.rodata.const_LIN_FRAME_CTRL_INIT14)
    [Anonymous Symbol]                       0x12006494   Section        0  lto-llvm-52a04c.o(.rodata.const_LIN_FRAME_CTRL_INIT14)
    const_LIN_FRAME_CTRL_INIT16              0x120064d0   Data          60  lto-llvm-52a04c.o(.rodata.const_LIN_FRAME_CTRL_INIT16)
    [Anonymous Symbol]                       0x120064d0   Section        0  lto-llvm-52a04c.o(.rodata.const_LIN_FRAME_CTRL_INIT16)
    const_LinData                            0x1200650c   Data          96  lto-llvm-52a04c.o(.rodata.const_LinData)
    [Anonymous Symbol]                       0x1200650c   Section        0  lto-llvm-52a04c.o(.rodata.const_LinData)
    g_algoRatioKRatioQ10000Lut               0x1200656c   Data        1980  lto-llvm-52a04c.o(.rodata.g_algoRatioKRatioQ10000Lut)
    [Anonymous Symbol]                       0x1200656c   Section        0  lto-llvm-52a04c.o(.rodata.g_algoRatioKRatioQ10000Lut)
    s32_B_cornerPoint_large                  0x12006d28   Data          12  lto-llvm-52a04c.o(.rodata.s32_B_cornerPoint_large)
    [Anonymous Symbol]                       0x12006d28   Section        0  lto-llvm-52a04c.o(.rodata.s32_B_cornerPoint_large)
    s32_G_cornerPoint_large                  0x12006d34   Data          12  lto-llvm-52a04c.o(.rodata.s32_G_cornerPoint_large)
    [Anonymous Symbol]                       0x12006d34   Section        0  lto-llvm-52a04c.o(.rodata.s32_G_cornerPoint_large)
    s32_R_cornerPoint_large                  0x12006d40   Data          12  lto-llvm-52a04c.o(.rodata.s32_R_cornerPoint_large)
    [Anonymous Symbol]                       0x12006d40   Section        0  lto-llvm-52a04c.o(.rodata.s32_R_cornerPoint_large)
    s32_R_cornerPoint_real                   0x12006d4c   Data          12  lto-llvm-52a04c.o(.rodata.s32_R_cornerPoint_real)
    [Anonymous Symbol]                       0x12006d4c   Section        0  lto-llvm-52a04c.o(.rodata.s32_R_cornerPoint_real)
    s32_plane_a                              0x12006d58   Data          12  lto-llvm-52a04c.o(.rodata.s32_plane_a)
    [Anonymous Symbol]                       0x12006d58   Section        0  lto-llvm-52a04c.o(.rodata.s32_plane_a)
    s32_plane_b                              0x12006d64   Data          12  lto-llvm-52a04c.o(.rodata.s32_plane_b)
    [Anonymous Symbol]                       0x12006d64   Section        0  lto-llvm-52a04c.o(.rodata.s32_plane_b)
    s32_plane_d                              0x12006d70   Data          12  lto-llvm-52a04c.o(.rodata.s32_plane_d)
    [Anonymous Symbol]                       0x12006d70   Section        0  lto-llvm-52a04c.o(.rodata.s32_plane_d)
    serveceList                              0x12006d7c   Data         300  lto-llvm-52a04c.o(.rodata.serveceList)
    [Anonymous Symbol]                       0x12006d7c   Section        0  lto-llvm-52a04c.o(.rodata.serveceList)
    softwareVersion                          0x12006ea8   Data           6  lto-llvm-52a04c.o(.rodata.softwareVersion)
    [Anonymous Symbol]                       0x12006ea8   Section        0  lto-llvm-52a04c.o(.rodata.softwareVersion)
    Reply_message.lastreplyJudge             0x18000000   Data           1  lto-llvm-52a04c.o(.data..L_MergedGlobals)
    [Anonymous Symbol]                       0x18000000   Section        0  lto-llvm-52a04c.o(.data..L_MergedGlobals)
    currentAdjust                            0x18000002   Data           2  lto-llvm-52a04c.o(.data..L_MergedGlobals)
    Lastintensity                            0x18000004   Data           4  lto-llvm-52a04c.o(.data..L_MergedGlobals)
    VBAT                                     0x18000008   Data           4  lto-llvm-52a04c.o(.data..L_MergedGlobals)
    batteryVoltage                           0x1800000c   Data           4  lto-llvm-52a04c.o(.data..L_MergedGlobals)
    FilteredGreenVoltage                     0x18000010   Data           4  lto-llvm-52a04c.o(.data..L_MergedGlobals)
    FilteredBlueVoltage                      0x18000014   Data           4  lto-llvm-52a04c.o(.data..L_MergedGlobals)
    FilteredRedVoltage                       0x18000018   Data           4  lto-llvm-52a04c.o(.data..L_MergedGlobals)
    dataPoint                                0x1800001c   Data          88  lto-llvm-52a04c.o(.data..L_MergedGlobals)
    l_LinData                                0x18000074   Data          96  lto-llvm-52a04c.o(.data.l_LinData)
    [Anonymous Symbol]                       0x18000074   Section        0  lto-llvm-52a04c.o(.data.l_LinData)
    config_state                             0x180000d4   Data           1  lto-llvm-52a04c.o(.bss..L_MergedGlobals.221)
    [Anonymous Symbol]                       0x180000d4   Section        0  lto-llvm-52a04c.o(.bss..L_MergedGlobals.221)
    lin_hal_status_g.0                       0x180000d5   Data           1  lto-llvm-52a04c.o(.bss..L_MergedGlobals.221)
    lin_hal_rx_data_guc                      0x180000d6   Data           1  lto-llvm-52a04c.o(.bss..L_MergedGlobals.221)
    uc_frame_lin_version                     0x180000d7   Data           1  lto-llvm-52a04c.o(.bss..L_MergedGlobals.221)
    temp_data_size_uc                        0x180000d8   Data           1  lto-llvm-52a04c.o(.bss..L_MergedGlobals.221)
    lin_tx_data_g.0                          0x180000dc   Data           1  lto-llvm-52a04c.o(.bss..L_MergedGlobals.221)
    lin_tx_data_g.2                          0x180000e0   Data           1  lto-llvm-52a04c.o(.bss..L_MergedGlobals.221)
    lin_tx_data_g.4                          0x180000e2   Data           1  lto-llvm-52a04c.o(.bss..L_MergedGlobals.221)
    lin_flag_g.0                             0x180000e3   Data           1  lto-llvm-52a04c.o(.bss..L_MergedGlobals.221)
    lin_ab_timeout_timer                     0x180000e4   Data           1  lto-llvm-52a04c.o(.bss..L_MergedGlobals.221)
    lin_frm_timeout_timer                    0x180000e5   Data           1  lto-llvm-52a04c.o(.bss..L_MergedGlobals.221)
    l_txchk_byte_nr                          0x180000e6   Data           1  lto-llvm-52a04c.o(.bss..L_MergedGlobals.221)
    lin_timeout_ctrl.0                       0x180000e7   Data           1  lto-llvm-52a04c.o(.bss..L_MergedGlobals.221)
    lin_ab_t2_state                          0x180000e8   Data           1  lto-llvm-52a04c.o(.bss..L_MergedGlobals.221)
    lin_slave_state_g                        0x180000e9   Data           1  lto-llvm-52a04c.o(.bss..L_MergedGlobals.221)
    lin_handle_config.AutoAddr_Step2_SuccessFlag 0x180000ea   Data           1  lto-llvm-52a04c.o(.bss..L_MergedGlobals.221)
    g_lin_tp_stat.0                          0x180000eb   Data           1  lto-llvm-52a04c.o(.bss..L_MergedGlobals.221)
    g_lin_cf_msg_nbr                         0x180000ec   Data           1  lto-llvm-52a04c.o(.bss..L_MergedGlobals.221)
    g_lin_tp_rx_preNAD                       0x180000ed   Data           1  lto-llvm-52a04c.o(.bss..L_MergedGlobals.221)
    g_lin_active_pid                         0x180000ee   Data           1  lto-llvm-52a04c.o(.bss..L_MergedGlobals.221)
    g_lin_frame_index                        0x180000ef   Data           1  lto-llvm-52a04c.o(.bss..L_MergedGlobals.221)
    g_lin_tp_tx_rx_ctrl.0                    0x180000f0   Data           1  lto-llvm-52a04c.o(.bss..L_MergedGlobals.221)
    g_lin_frame_data_size                    0x180000f1   Data           1  lto-llvm-52a04c.o(.bss..L_MergedGlobals.221)
    g_lin_rx_ctrl.0                          0x180000f2   Data           1  lto-llvm-52a04c.o(.bss..L_MergedGlobals.221)
    currentMachineStatus                     0x180000f3   Data           1  lto-llvm-52a04c.o(.bss..L_MergedGlobals.221)
    currentMeaStatus                         0x180000f4   Data           1  lto-llvm-52a04c.o(.bss..L_MergedGlobals.221)
    waittingForFallingEdge                   0x180000f5   Data           1  lto-llvm-52a04c.o(.bss..L_MergedGlobals.221)
    colorDimmingFlag                         0x180000f6   Data           1  lto-llvm-52a04c.o(.bss..L_MergedGlobals.221)
    Nad_index                                0x180000f7   Data           1  lto-llvm-52a04c.o(.bss..L_MergedGlobals.221)
    changeNadCalled                          0x180000f8   Data           1  lto-llvm-52a04c.o(.bss..L_MergedGlobals.221)
    LinbrightnessDiff                        0x180000f9   Data           1  lto-llvm-52a04c.o(.bss..L_MergedGlobals.221)
    currentRequestTCB.2                      0x180000fc   Data           1  lto-llvm-52a04c.o(.bss..L_MergedGlobals.221)
    currentRequestTCB.3                      0x18000100   Data           1  lto-llvm-52a04c.o(.bss..L_MergedGlobals.221)
    currentRequestTCB.5                      0x18000104   Data           1  lto-llvm-52a04c.o(.bss..L_MergedGlobals.221)
    assign_addr                              0x18000105   Data           1  lto-llvm-52a04c.o(.bss..L_MergedGlobals.221)
    SlaveNodeNAD                             0x18000106   Data           1  lto-llvm-52a04c.o(.bss..L_MergedGlobals.221)
    g_lin_prod_id.0                          0x18000107   Data           1  lto-llvm-52a04c.o(.bss..L_MergedGlobals.221)
    g_lin_prod_id.1                          0x18000108   Data           1  lto-llvm-52a04c.o(.bss..L_MergedGlobals.221)
    g_lin_prod_id.2                          0x18000109   Data           1  lto-llvm-52a04c.o(.bss..L_MergedGlobals.221)
    g_lin_prod_id.3                          0x1800010a   Data           1  lto-llvm-52a04c.o(.bss..L_MergedGlobals.221)
    g_lin_prod_id.4                          0x1800010b   Data           1  lto-llvm-52a04c.o(.bss..L_MergedGlobals.221)
    g_lin_prod_id.5                          0x1800010c   Data           1  lto-llvm-52a04c.o(.bss..L_MergedGlobals.221)
    g_lin_prod_id.6                          0x1800010d   Data           1  lto-llvm-52a04c.o(.bss..L_MergedGlobals.221)
    forceReInitLin                           0x1800010e   Data           1  lto-llvm-52a04c.o(.bss..L_MergedGlobals.221)
    SWriteLinFlag                            0x1800010f   Data           1  lto-llvm-52a04c.o(.bss..L_MergedGlobals.221)
    SyncUpdatedFlag                          0x18000110   Data           1  lto-llvm-52a04c.o(.bss..L_MergedGlobals.221)
    B0FLAG                                   0x18000111   Data           1  lto-llvm-52a04c.o(.bss..L_MergedGlobals.221)
    LINAA_forceShutdown                      0x18000112   Data           1  lto-llvm-52a04c.o(.bss..L_MergedGlobals.221)
    AutoAdressFlg                            0x18000113   Data           1  lto-llvm-52a04c.o(.bss..L_MergedGlobals.221)
    AutoAdressFlgLin                         0x18000114   Data           1  lto-llvm-52a04c.o(.bss..L_MergedGlobals.221)
    tick_1ms                                 0x18000115   Data           1  lto-llvm-52a04c.o(.bss..L_MergedGlobals.221)
    statusCounter                            0x18000116   Data           1  lto-llvm-52a04c.o(.bss..L_MergedGlobals.221)
    currentBatStatus                         0x18000117   Data           1  lto-llvm-52a04c.o(.bss..L_MergedGlobals.221)
    GFlashNeeds1000TpMigration               0x18000118   Data           1  lto-llvm-52a04c.o(.bss..L_MergedGlobals.221)
    GFlashPending1000TpSave                  0x18000119   Data           1  lto-llvm-52a04c.o(.bss..L_MergedGlobals.221)
    sysStatus.0                              0x1800011a   Data           1  lto-llvm-52a04c.o(.bss..L_MergedGlobals.221)
    sysStatus.1                              0x1800011b   Data           1  lto-llvm-52a04c.o(.bss..L_MergedGlobals.221)
    sysStatus.2                              0x1800011c   Data           1  lto-llvm-52a04c.o(.bss..L_MergedGlobals.221)
    flashFlag                                0x1800011d   Data           1  lto-llvm-52a04c.o(.bss..L_MergedGlobals.221)
    ledControlFlag                           0x1800011e   Data           1  lto-llvm-52a04c.o(.bss..L_MergedGlobals.221)
    initializationFlag                       0x1800011f   Data           1  lto-llvm-52a04c.o(.bss..L_MergedGlobals.221)
    splitTargetColorValid                    0x18000120   Data           1  lto-llvm-52a04c.o(.bss..L_MergedGlobals.221)
    MasterReq_length                         0x18000122   Data           2  lto-llvm-52a04c.o(.bss..L_MergedGlobals.221)
    SlaveResp_length                         0x18000124   Data           2  lto-llvm-52a04c.o(.bss..L_MergedGlobals.221)
    l_chk_sum_ui                             0x18000126   Data           2  lto-llvm-52a04c.o(.bss..L_MergedGlobals.221)
    lin_synch_time                           0x18000128   Data           2  lto-llvm-52a04c.o(.bss..L_MergedGlobals.221)
    g_lin_tp_data_left                       0x1800012a   Data           2  lto-llvm-52a04c.o(.bss..L_MergedGlobals.221)
    g_lin_tp_rx_data_left                    0x1800012c   Data           2  lto-llvm-52a04c.o(.bss..L_MergedGlobals.221)
    g_lin_tp_rx_data_index                   0x1800012e   Data           2  lto-llvm-52a04c.o(.bss..L_MergedGlobals.221)
    g_lin_tp_tx_data_index                   0x18000130   Data           2  lto-llvm-52a04c.o(.bss..L_MergedGlobals.221)
    g_lin_tp_timeoutcounter                  0x18000132   Data           2  lto-llvm-52a04c.o(.bss..L_MergedGlobals.221)
    g_lin_status_word                        0x18000134   Data           2  lto-llvm-52a04c.o(.bss..L_MergedGlobals.221)
    g_lin_irqState                           0x18000136   Data           2  lto-llvm-52a04c.o(.bss..L_MergedGlobals.221)
    maxOffset                                0x18000138   Data           2  lto-llvm-52a04c.o(.bss..L_MergedGlobals.221)
    minOffset                                0x1800013a   Data           2  lto-llvm-52a04c.o(.bss..L_MergedGlobals.221)
    maxPre                                   0x1800013c   Data           2  lto-llvm-52a04c.o(.bss..L_MergedGlobals.221)
    minPre                                   0x1800013e   Data           2  lto-llvm-52a04c.o(.bss..L_MergedGlobals.221)
    maxSel                                   0x18000140   Data           2  lto-llvm-52a04c.o(.bss..L_MergedGlobals.221)
    minSel                                   0x18000142   Data           2  lto-llvm-52a04c.o(.bss..L_MergedGlobals.221)
    beforeTick                               0x18000144   Data           2  lto-llvm-52a04c.o(.bss..L_MergedGlobals.221)
    afterTick                                0x18000146   Data           2  lto-llvm-52a04c.o(.bss..L_MergedGlobals.221)
    tickDiff                                 0x18000148   Data           2  lto-llvm-52a04c.o(.bss..L_MergedGlobals.221)
    debugMeasTickBefore                      0x1800014a   Data           2  lto-llvm-52a04c.o(.bss..L_MergedGlobals.221)
    debugMeasTickAfter                       0x1800014c   Data           2  lto-llvm-52a04c.o(.bss..L_MergedGlobals.221)
    debugMeasTickDiff                        0x1800014e   Data           2  lto-llvm-52a04c.o(.bss..L_MergedGlobals.221)
    currentU                                 0x18000150   Data           2  lto-llvm-52a04c.o(.bss..L_MergedGlobals.221)
    currentV                                 0x18000154   Data           2  lto-llvm-52a04c.o(.bss..L_MergedGlobals.222)
    [Anonymous Symbol]                       0x18000154   Section        0  lto-llvm-52a04c.o(.bss..L_MergedGlobals.222)
    originU                                  0x18000156   Data           2  lto-llvm-52a04c.o(.bss..L_MergedGlobals.222)
    originV                                  0x18000158   Data           2  lto-llvm-52a04c.o(.bss..L_MergedGlobals.222)
    colorStartTick                           0x1800015a   Data           2  lto-llvm-52a04c.o(.bss..L_MergedGlobals.222)
    colorTotalTick                           0x1800015c   Data           2  lto-llvm-52a04c.o(.bss..L_MergedGlobals.222)
    currentRequestTCB.0                      0x18000160   Data           2  lto-llvm-52a04c.o(.bss..L_MergedGlobals.222)
    systemEventTick                          0x18000162   Data           2  lto-llvm-52a04c.o(.bss..L_MergedGlobals.222)
    linEventTick                             0x18000164   Data           2  lto-llvm-52a04c.o(.bss..L_MergedGlobals.222)
    linresEventTick                          0x18000166   Data           2  lto-llvm-52a04c.o(.bss..L_MergedGlobals.222)
    BusIdleTimeOutCounter                    0x18000168   Data           2  lto-llvm-52a04c.o(.bss..L_MergedGlobals.222)
    currentTick                              0x1800016a   Data           2  lto-llvm-52a04c.o(.bss..L_MergedGlobals.222)
    lastSavedSingalAdress                    0x1800016c   Data           2  lto-llvm-52a04c.o(.bss..L_MergedGlobals.222)
    currentPWM.0                             0x1800016e   Data           2  lto-llvm-52a04c.o(.bss..L_MergedGlobals.222)
    currentPWM.1                             0x18000170   Data           2  lto-llvm-52a04c.o(.bss..L_MergedGlobals.222)
    currentPWM.2                             0x18000172   Data           2  lto-llvm-52a04c.o(.bss..L_MergedGlobals.222)
    currentWhitePWM                          0x18000174   Data           2  lto-llvm-52a04c.o(.bss..L_MergedGlobals.222)
    tempJunctionFilter                       0x18000176   Data           2  lto-llvm-52a04c.o(.bss..L_MergedGlobals.222)
    tempLedFilter                            0x18000178   Data           2  lto-llvm-52a04c.o(.bss..L_MergedGlobals.222)
    updateTick                               0x1800017a   Data           2  lto-llvm-52a04c.o(.bss..L_MergedGlobals.222)
    mcuTemperature                           0x1800017c   Data           2  lto-llvm-52a04c.o(.bss..L_MergedGlobals.222)
    redxyY.0                                 0x18000180   Data           2  lto-llvm-52a04c.o(.bss..L_MergedGlobals.222)
    redxyY.1                                 0x18000184   Data           2  lto-llvm-52a04c.o(.bss..L_MergedGlobals.222)
    greenxyY.0                               0x18000188   Data           2  lto-llvm-52a04c.o(.bss..L_MergedGlobals.222)
    greenxyY.1                               0x1800018c   Data           2  lto-llvm-52a04c.o(.bss..L_MergedGlobals.222)
    bluexyY.0                                0x18000190   Data           2  lto-llvm-52a04c.o(.bss..L_MergedGlobals.222)
    bluexyY.1                                0x18000194   Data           2  lto-llvm-52a04c.o(.bss..L_MergedGlobals.222)
    splitEdgeIndex                           0x18000196   Data           2  lto-llvm-52a04c.o(.bss..L_MergedGlobals.222)
    g_lin_tp_ptr_tx_data                     0x18000198   Data           4  lto-llvm-52a04c.o(.bss..L_MergedGlobals.222)
    g_lin_tp_ptr_rx_size                     0x1800019c   Data           4  lto-llvm-52a04c.o(.bss..L_MergedGlobals.222)
    g_lin_tp_ptr_rx_data                     0x180001a0   Data           4  lto-llvm-52a04c.o(.bss..L_MergedGlobals.222)
    internal_callback_start                  0x180001a4   Data           4  lto-llvm-52a04c.o(.bss..L_MergedGlobals.222)
    internal_callback_end                    0x180001a8   Data           4  lto-llvm-52a04c.o(.bss..L_MergedGlobals.222)
    count_succ                               0x180001ac   Data           4  lto-llvm-52a04c.o(.bss..L_MergedGlobals.222)
    count_fail                               0x180001b0   Data           4  lto-llvm-52a04c.o(.bss..L_MergedGlobals.222)
    debug_count_enterloop                    0x180001b4   Data           4  lto-llvm-52a04c.o(.bss..L_MergedGlobals.222)
    debug_count_startaa                      0x180001b8   Data           4  lto-llvm-52a04c.o(.bss..L_MergedGlobals.222)
    debug_count_aa_err                       0x180001bc   Data           4  lto-llvm-52a04c.o(.bss..L_MergedGlobals.222)
    debug_count_brkerr                       0x180001c0   Data           4  lto-llvm-52a04c.o(.bss..L_MergedGlobals.222)
    debug_count_adcerr                       0x180001c4   Data           4  lto-llvm-52a04c.o(.bss..L_MergedGlobals.222)
    debug_err_unknow                         0x180001c8   Data           4  lto-llvm-52a04c.o(.bss..L_MergedGlobals.222)
    debug_statemachine_err                   0x180001cc   Data           4  lto-llvm-52a04c.o(.bss..L_MergedGlobals.222)
    fallingEdgeCounter                       0x180001d0   Data           4  lto-llvm-52a04c.o(.bss..L_MergedGlobals.223)
    [Anonymous Symbol]                       0x180001d0   Section        0  lto-llvm-52a04c.o(.bss..L_MergedGlobals.223)
    risingEdgeCounter                        0x180001d4   Data           4  lto-llvm-52a04c.o(.bss..L_MergedGlobals.223)
    breakCounter                             0x180001d8   Data           4  lto-llvm-52a04c.o(.bss..L_MergedGlobals.223)
    measureCounter                           0x180001dc   Data           4  lto-llvm-52a04c.o(.bss..L_MergedGlobals.223)
    dataCounter                              0x180001e0   Data           4  lto-llvm-52a04c.o(.bss..L_MergedGlobals.223)
    currentRequestTCB.6                      0x180001e4   Data           4  lto-llvm-52a04c.o(.bss..L_MergedGlobals.223)
    SID27_Seed                               0x180001e8   Data           4  lto-llvm-52a04c.o(.bss..L_MergedGlobals.223)
    WB_L                                     0x180001ec   Data           4  lto-llvm-52a04c.o(.bss..L_MergedGlobals.223)
    WB_M                                     0x180001f0   Data           4  lto-llvm-52a04c.o(.bss..L_MergedGlobals.223)
    WB_N                                     0x180001f4   Data           4  lto-llvm-52a04c.o(.bss..L_MergedGlobals.223)
    redxyY.2                                 0x180001f8   Data           4  lto-llvm-52a04c.o(.bss..L_MergedGlobals.223)
    greenxyY.2                               0x180001fc   Data           4  lto-llvm-52a04c.o(.bss..L_MergedGlobals.223)
    bluexyY.2                                0x18000200   Data           4  lto-llvm-52a04c.o(.bss..L_MergedGlobals.223)
    whitexyY.0                               0x18000204   Data           4  lto-llvm-52a04c.o(.bss..L_MergedGlobals.223)
    WitheBalanceTempInit.Corolinit_temp.2    0x18000208   Data           4  lto-llvm-52a04c.o(.bss..L_MergedGlobals.223)
    WitheBalanceTempInit.Corolinit_temp.3    0x1800020c   Data           4  lto-llvm-52a04c.o(.bss..L_MergedGlobals.223)
    splitLambda                              0x18000210   Data           4  lto-llvm-52a04c.o(.bss..L_MergedGlobals.223)
    splitOneMinusLambda                      0x18000214   Data           4  lto-llvm-52a04c.o(.bss..L_MergedGlobals.223)
    splitRayT                                0x18000218   Data           4  lto-llvm-52a04c.o(.bss..L_MergedGlobals.223)
    currentWhiteCIE.0                        0x1800021c   Data           4  lto-llvm-52a04c.o(.bss..L_MergedGlobals.223)
    currentRedCIE.0                          0x18000220   Data           4  lto-llvm-52a04c.o(.bss..L_MergedGlobals.223)
    currentRedCIE.1                          0x18000224   Data           4  lto-llvm-52a04c.o(.bss..L_MergedGlobals.223)
    currentRedCIE.2                          0x18000228   Data           4  lto-llvm-52a04c.o(.bss..L_MergedGlobals.223)
    currentGreenCIE.0                        0x1800022c   Data           4  lto-llvm-52a04c.o(.bss..L_MergedGlobals.223)
    currentGreenCIE.1                        0x18000230   Data           4  lto-llvm-52a04c.o(.bss..L_MergedGlobals.223)
    currentGreenCIE.2                        0x18000234   Data           4  lto-llvm-52a04c.o(.bss..L_MergedGlobals.223)
    currentBlueCIE.0                         0x18000238   Data           4  lto-llvm-52a04c.o(.bss..L_MergedGlobals.223)
    currentBlueCIE.1                         0x1800023c   Data           4  lto-llvm-52a04c.o(.bss..L_MergedGlobals.223)
    currentBlueCIE.2                         0x18000240   Data           4  lto-llvm-52a04c.o(.bss..L_MergedGlobals.223)
    u32_globTimestamp_ms                     0x18000244   Data           4  lto-llvm-52a04c.o(.bss..L_MergedGlobals.223)
    u32_watchdogCnt                          0x18000248   Data           4  lto-llvm-52a04c.o(.bss..L_MergedGlobals.223)
    ReciveDataCrc.old_data                   0x1800024c   Data           7  lto-llvm-52a04c.o(.bss..L_MergedGlobals.224)
    [Anonymous Symbol]                       0x1800024c   Section        0  lto-llvm-52a04c.o(.bss..L_MergedGlobals.224)
    ReciveDataCrc.old_data_Reset             0x18000253   Data           7  lto-llvm-52a04c.o(.bss..L_MergedGlobals.224)
    g_lin_diag_sresp                         0x1800025a   Data           8  lto-llvm-52a04c.o(.bss..L_MergedGlobals.224)
    g_lin_diag_mreq                          0x18000262   Data           8  lto-llvm-52a04c.o(.bss..L_MergedGlobals.224)
    measureData                              0x1800026a   Data           8  lto-llvm-52a04c.o(.bss..L_MergedGlobals.224)
    measureSuccessData                       0x18000272   Data           8  lto-llvm-52a04c.o(.bss..L_MergedGlobals.224)
    lin_temp_buffer                          0x1800027a   Data          11  lto-llvm-52a04c.o(.bss..L_MergedGlobals.224)
    frame_enable_list                        0x18000285   Data          12  lto-llvm-52a04c.o(.bss..L_MergedGlobals.224)
    targetColor                              0x18000294   Data          12  lto-llvm-52a04c.o(.bss..L_MergedGlobals.224)
    splitWhiteCIE                            0x180002a0   Data          12  lto-llvm-52a04c.o(.bss..L_MergedGlobals.224)
    splitPointCIE                            0x180002ac   Data          12  lto-llvm-52a04c.o(.bss..L_MergedGlobals.224)
    oldLinData                               0x180002b8   Data          22  lto-llvm-52a04c.o(.bss..L_MergedGlobals.225)
    [Anonymous Symbol]                       0x180002b8   Section        0  lto-llvm-52a04c.o(.bss..L_MergedGlobals.225)
    sysLin                                   0x180002ce   Data          22  lto-llvm-52a04c.o(.bss..L_MergedGlobals.225)
    sysLin_Stack                             0x180002e4   Data          22  lto-llvm-52a04c.o(.bss..L_MergedGlobals.225)
    intensityDimStatus                       0x180002fc   Data          24  lto-llvm-52a04c.o(.bss..L_MergedGlobals.225)
    MasterReq_data                           0x18000314   Data          30  lto-llvm-52a04c.o(.bss..L_MergedGlobals.225)
    SlaveResp_data                           0x18000332   Data          30  lto-llvm-52a04c.o(.bss..L_MergedGlobals.226)
    [Anonymous Symbol]                       0x18000332   Section        0  lto-llvm-52a04c.o(.bss..L_MergedGlobals.226)
    Debug_0100                               0x18000350   Data          30  lto-llvm-52a04c.o(.bss..L_MergedGlobals.226)
    g_lin_frame_ctrl                         0x1800036e   Data          60  lto-llvm-52a04c.o(.bss..L_MergedGlobals.226)
    Quiltcheck                               0x180003aa   Data           8  lto-llvm-52a04c.o(.bss.Quiltcheck)
    [Anonymous Symbol]                       0x180003aa   Section        0  lto-llvm-52a04c.o(.bss.Quiltcheck)
    l_flags_RGBe_Ans                         0x180003b2   Data           2  lto-llvm-52a04c.o(.bss.l_flags_RGBe_Ans)
    [Anonymous Symbol]                       0x180003b2   Section        0  lto-llvm-52a04c.o(.bss.l_flags_RGBe_Ans)
    l_flags_RGBe_Req                         0x180003b4   Data           2  lto-llvm-52a04c.o(.bss.l_flags_RGBe_Req)
    [Anonymous Symbol]                       0x180003b4   Section        0  lto-llvm-52a04c.o(.bss.l_flags_RGBe_Req)
    l_flags_RGBe_Slave_a_01_02               0x180003b6   Data           2  lto-llvm-52a04c.o(.bss.l_flags_RGBe_Slave_a_01_02)
    [Anonymous Symbol]                       0x180003b6   Section        0  lto-llvm-52a04c.o(.bss.l_flags_RGBe_Slave_a_01_02)
    l_flags_RGBe_Slave_a_03_04               0x180003b8   Data           2  lto-llvm-52a04c.o(.bss.l_flags_RGBe_Slave_a_03_04)
    [Anonymous Symbol]                       0x180003b8   Section        0  lto-llvm-52a04c.o(.bss.l_flags_RGBe_Slave_a_03_04)
    l_flags_RGBe_Slave_a_05_06               0x180003ba   Data           2  lto-llvm-52a04c.o(.bss.l_flags_RGBe_Slave_a_05_06)
    [Anonymous Symbol]                       0x180003ba   Section        0  lto-llvm-52a04c.o(.bss.l_flags_RGBe_Slave_a_05_06)
    l_flags_RGBe_Slave_a_07_08               0x180003bc   Data           2  lto-llvm-52a04c.o(.bss.l_flags_RGBe_Slave_a_07_08)
    [Anonymous Symbol]                       0x180003bc   Section        0  lto-llvm-52a04c.o(.bss.l_flags_RGBe_Slave_a_07_08)
    l_flags_RGBe_Slave_a_09_10               0x180003be   Data           2  lto-llvm-52a04c.o(.bss.l_flags_RGBe_Slave_a_09_10)
    [Anonymous Symbol]                       0x180003be   Section        0  lto-llvm-52a04c.o(.bss.l_flags_RGBe_Slave_a_09_10)
    l_flags_RGBe_Slave_a_11_12               0x180003c0   Data           2  lto-llvm-52a04c.o(.bss.l_flags_RGBe_Slave_a_11_12)
    [Anonymous Symbol]                       0x180003c0   Section        0  lto-llvm-52a04c.o(.bss.l_flags_RGBe_Slave_a_11_12)
    l_flags_RGBe_Slave_a_13_14               0x180003c2   Data           2  lto-llvm-52a04c.o(.bss.l_flags_RGBe_Slave_a_13_14)
    [Anonymous Symbol]                       0x180003c2   Section        0  lto-llvm-52a04c.o(.bss.l_flags_RGBe_Slave_a_13_14)
    l_flags_RGBe_Sync_abcd                   0x180003c4   Data           2  lto-llvm-52a04c.o(.bss.l_flags_RGBe_Sync_abcd)
    [Anonymous Symbol]                       0x180003c4   Section        0  lto-llvm-52a04c.o(.bss.l_flags_RGBe_Sync_abcd)
    l_flags_RGBe_Write_a_08                  0x180003c6   Data           2  lto-llvm-52a04c.o(.bss.l_flags_RGBe_Write_a_08)
    [Anonymous Symbol]                       0x180003c6   Section        0  lto-llvm-52a04c.o(.bss.l_flags_RGBe_Write_a_08)
    l_flags_RGBs_Slave_08a                   0x180003c8   Data           2  lto-llvm-52a04c.o(.bss.l_flags_RGBs_Slave_08a)
    [Anonymous Symbol]                       0x180003c8   Section        0  lto-llvm-52a04c.o(.bss.l_flags_RGBs_Slave_08a)
    savedConfig                              0x180003cc   Data         184  lto-llvm-52a04c.o(.bss.savedConfig)
    [Anonymous Symbol]                       0x180003cc   Section        0  lto-llvm-52a04c.o(.bss.savedConfig)

    Global Symbols

    Symbol Name                              Value     Ov Type        Size  Object(Section)

    BuildAttributes$$THM_ISAv3M$S$8M$PE$A:L22$X:L11$S22$IEEE1$IW$USESV6$~STKCKD$USESV7$~SHL$OSPACE$ROPI$IEEEF$UX$STANDARDLIB$REQ8$PRES8$EABIv2 0x00000000   Number         0  anon$$obj.o ABSOLUTE
    Image$$ZI$$Limit                          - Undefined Weak Reference
    __ARM_exceptions_init                     - Undefined Weak Reference
    __alloca_initialize                       - Undefined Weak Reference
    __arm_preinit_                            - Undefined Weak Reference
    __arm_relocate_pie_                       - Undefined Weak Reference
    __cpp_initialize__aeabi_                  - Undefined Weak Reference
    __cxa_finalize                            - Undefined Weak Reference
    __rt_locale                               - Undefined Weak Reference
    __sigvec_lookup                           - Undefined Weak Reference
    _atexit_init                              - Undefined Weak Reference
    _call_atexit_fns                          - Undefined Weak Reference
    _clock_init                               - Undefined Weak Reference
    _fp_trap_init                             - Undefined Weak Reference
    _fp_trap_shutdown                         - Undefined Weak Reference
    _get_lc_collate                           - Undefined Weak Reference
    _get_lc_ctype                             - Undefined Weak Reference
    _get_lc_monetary                          - Undefined Weak Reference
    _get_lc_numeric                           - Undefined Weak Reference
    _get_lc_time                              - Undefined Weak Reference
    _getenv_init                              - Undefined Weak Reference
    _handle_redirection                       - Undefined Weak Reference
    _init_alloc                               - Undefined Weak Reference
    _init_user_alloc                          - Undefined Weak Reference
    _initio                                   - Undefined Weak Reference
    _rand_init                                - Undefined Weak Reference
    _signal_finish                            - Undefined Weak Reference
    _signal_init                              - Undefined Weak Reference
    _terminate_alloc                          - Undefined Weak Reference
    _terminate_user_alloc                     - Undefined Weak Reference
    _terminateio                              - Undefined Weak Reference
    __Vectors                                0x12000000   Data          96  lto-llvm-52a04c.o(RESET)
    __main                                   0x12000061   Thumb Code     8  __main.o(!!!main)
    __scatterload                            0x12000069   Thumb Code     0  __scatter.o(!!!scatter)
    __scatterload_rt2                        0x12000069   Thumb Code    74  __scatter.o(!!!scatter)
    __scatterload_rt2_thumb_only             0x12000069   Thumb Code     0  __scatter.o(!!!scatter)
    __scatterload_loop                       0x12000073   Thumb Code     0  __scatter.o(!!!scatter)
    __scatterload_null                       0x120000bd   Thumb Code     2  __scatter.o(!!handler_null)
    __I$use$semihosting                      0x120000bf   Thumb Code     0  use_no_semi.o(.text)
    __use_no_semihosting_swi                 0x120000bf   Thumb Code     2  use_no_semi.o(.text)
    CONFIG_TABLE                             0x120000c0   Data          64  lto-llvm-52a04c.o(.ARM.__at_0x120000C0)
    __scatterload_copy                       0x12000101   Thumb Code    26  __scatter_copy.o(!!handler_copy)
    __scatterload_zeroinit                   0x1200011d   Thumb Code    28  __scatter_zi.o(!!handler_zi)
    __rt_lib_init                            0x12000139   Thumb Code     0  libinit.o(.ARM.Collect$$libinit$$00000000)
    __rt_lib_init_alloca_1                   0x1200013b   Thumb Code     0  libinit2.o(.ARM.Collect$$libinit$$00000030)
    __rt_lib_init_argv_1                     0x1200013b   Thumb Code     0  libinit2.o(.ARM.Collect$$libinit$$0000002E)
    __rt_lib_init_atexit_1                   0x1200013b   Thumb Code     0  libinit2.o(.ARM.Collect$$libinit$$0000001D)
    __rt_lib_init_clock_1                    0x1200013b   Thumb Code     0  libinit2.o(.ARM.Collect$$libinit$$00000023)
    __rt_lib_init_cpp_1                      0x1200013b   Thumb Code     0  libinit2.o(.ARM.Collect$$libinit$$00000034)
    __rt_lib_init_exceptions_1               0x1200013b   Thumb Code     0  libinit2.o(.ARM.Collect$$libinit$$00000032)
    __rt_lib_init_fp_1                       0x1200013b   Thumb Code     0  libinit2.o(.ARM.Collect$$libinit$$00000002)
    __rt_lib_init_fp_trap_1                  0x1200013b   Thumb Code     0  libinit2.o(.ARM.Collect$$libinit$$00000021)
    __rt_lib_init_getenv_1                   0x1200013b   Thumb Code     0  libinit2.o(.ARM.Collect$$libinit$$00000025)
    __rt_lib_init_heap_1                     0x1200013b   Thumb Code     0  libinit2.o(.ARM.Collect$$libinit$$0000000C)
    __rt_lib_init_lc_collate_1               0x1200013b   Thumb Code     0  libinit2.o(.ARM.Collect$$libinit$$00000013)
    __rt_lib_init_lc_ctype_1                 0x1200013b   Thumb Code     0  libinit2.o(.ARM.Collect$$libinit$$00000015)
    __rt_lib_init_lc_monetary_1              0x1200013b   Thumb Code     0  libinit2.o(.ARM.Collect$$libinit$$00000017)
    __rt_lib_init_lc_numeric_1               0x1200013b   Thumb Code     0  libinit2.o(.ARM.Collect$$libinit$$00000019)
    __rt_lib_init_lc_time_1                  0x1200013b   Thumb Code     0  libinit2.o(.ARM.Collect$$libinit$$0000001B)
    __rt_lib_init_preinit_1                  0x1200013b   Thumb Code     0  libinit2.o(.ARM.Collect$$libinit$$00000006)
    __rt_lib_init_rand_1                     0x1200013b   Thumb Code     0  libinit2.o(.ARM.Collect$$libinit$$00000010)
    __rt_lib_init_relocate_pie_1             0x1200013b   Thumb Code     0  libinit2.o(.ARM.Collect$$libinit$$00000004)
    __rt_lib_init_return                     0x1200013b   Thumb Code     0  libinit2.o(.ARM.Collect$$libinit$$00000035)
    __rt_lib_init_signal_1                   0x1200013b   Thumb Code     0  libinit2.o(.ARM.Collect$$libinit$$0000001F)
    __rt_lib_init_stdio_1                    0x1200013b   Thumb Code     0  libinit2.o(.ARM.Collect$$libinit$$00000027)
    __rt_lib_init_user_alloc_1               0x1200013b   Thumb Code     0  libinit2.o(.ARM.Collect$$libinit$$0000000E)
    __rt_lib_shutdown                        0x1200013d   Thumb Code     0  libshutdown.o(.ARM.Collect$$libshutdown$$00000000)
    __rt_lib_shutdown_cpp_1                  0x1200013f   Thumb Code     0  libshutdown2.o(.ARM.Collect$$libshutdown$$00000002)
    __rt_lib_shutdown_fp_trap_1              0x1200013f   Thumb Code     0  libshutdown2.o(.ARM.Collect$$libshutdown$$00000007)
    __rt_lib_shutdown_heap_1                 0x1200013f   Thumb Code     0  libshutdown2.o(.ARM.Collect$$libshutdown$$0000000F)
    __rt_lib_shutdown_return                 0x1200013f   Thumb Code     0  libshutdown2.o(.ARM.Collect$$libshutdown$$00000010)
    __rt_lib_shutdown_signal_1               0x1200013f   Thumb Code     0  libshutdown2.o(.ARM.Collect$$libshutdown$$0000000A)
    __rt_lib_shutdown_stdio_1                0x1200013f   Thumb Code     0  libshutdown2.o(.ARM.Collect$$libshutdown$$00000004)
    __rt_lib_shutdown_user_alloc_1           0x1200013f   Thumb Code     0  libshutdown2.o(.ARM.Collect$$libshutdown$$0000000C)
    __rt_entry                               0x12000141   Thumb Code     0  __rtentry.o(.ARM.Collect$$rtentry$$00000000)
    __rt_entry_presh_1                       0x12000141   Thumb Code     0  __rtentry2.o(.ARM.Collect$$rtentry$$00000002)
    __rt_entry_sh                            0x12000141   Thumb Code     0  __rtentry7.o(.ARM.Collect$$rtentry$$00000007)
    __rt_entry_li                            0x12000145   Thumb Code     0  __rtentry2.o(.ARM.Collect$$rtentry$$0000000A)
    __rt_entry_postsh_1                      0x12000145   Thumb Code     0  __rtentry2.o(.ARM.Collect$$rtentry$$00000009)
    __rt_entry_main                          0x12000149   Thumb Code     0  __rtentry2.o(.ARM.Collect$$rtentry$$0000000D)
    __rt_entry_postli_1                      0x12000149   Thumb Code     0  __rtentry2.o(.ARM.Collect$$rtentry$$0000000C)
    __rt_exit                                0x12000155   Thumb Code     0  rtexit.o(.ARM.Collect$$rtexit$$00000000)
    __rt_exit_ls                             0x12000157   Thumb Code     0  rtexit2.o(.ARM.Collect$$rtexit$$00000003)
    __rt_exit_prels_1                        0x12000157   Thumb Code     0  rtexit2.o(.ARM.Collect$$rtexit$$00000002)
    __rt_exit_exit                           0x1200015b   Thumb Code     0  rtexit2.o(.ARM.Collect$$rtexit$$00000004)
    __aeabi_memcpy4                          0x12000161   Thumb Code    56  rt_memcpy.o(.emb_text)
    __aeabi_memcpy8                          0x12000161   Thumb Code     0  rt_memcpy.o(.emb_text)
    memcmp                                   0x12000199   Thumb Code    90  memcmp.o(.text)
    exit                                     0x120001f3   Thumb Code    16  exit.o(.text)
    __semihosting_library_function           0x12000203   Thumb Code     0  indicate_semi.o(.text)
    _sys_exit                                0x12000205   Thumb Code     8  sys_exit.o(.text)
    __aeabi_lmul                             0x12000211   Thumb Code    48  llmul.o(.text)
    _ll_mul                                  0x12000211   Thumb Code     0  llmul.o(.text)
    __aeabi_uldivmod                         0x12000241   Thumb Code   272  lludiv.o(.text)
    _ll_udiv                                 0x12000241   Thumb Code     0  lludiv.o(.text)
    __aeabi_memcpy                           0x12000351   Thumb Code   130  rt_memcpy.o(.text)
    __rt_memcpy                              0x12000351   Thumb Code     0  rt_memcpy.o(.text)
    __aeabi_memset                           0x120003d3   Thumb Code    18  aeabi_memset.o(.text)
    __aeabi_memset4                          0x120003e5   Thumb Code    18  aeabi_memset4.o(.text)
    __aeabi_memset8                          0x120003e5   Thumb Code     0  aeabi_memset4.o(.text)
    _memset_w                                0x120003f7   Thumb Code    26  rt_memclr.o(.text)
    _memset                                  0x12000411   Thumb Code    30  rt_memclr.o(.text)
    __aeabi_memclr                           0x1200042f   Thumb Code     4  rt_memclr.o(.text)
    __rt_memclr                              0x1200042f   Thumb Code     0  rt_memclr.o(.text)
    __aeabi_memclr4                          0x12000433   Thumb Code     0  rt_memclr.o(.text)
    __aeabi_memclr8                          0x12000433   Thumb Code     0  rt_memclr.o(.text)
    __rt_memclr_w                            0x12000433   Thumb Code     4  rt_memclr.o(.text)
    main                                     0x12002b25   Thumb Code  1192  lto-llvm-52a04c.o(.text.main)
    Region$$Table$$Base                      0x12006eb0   Number         0  anon$$obj.o(Region$$Table)
    Region$$Table$$Limit                     0x12006ed0   Number         0  anon$$obj.o(Region$$Table)
    Image$$ARM_LIB_STACK$$ZI$$Limit          0x18000c00   Number         0  anon$$obj.o ABSOLUTE



==============================================================================

Memory Map of the image

  Image Entry point : 0x12000061

  Load Region LR_IROM1 (Base: 0x12000000, Size: 0x00006fa4, Max: 0x00007800, ABSOLUTE)

    Execution Region ER_IROM1 (Exec base: 0x12000000, Load base: 0x12000000, Size: 0x00006ed0, Max: 0x00007800, ABSOLUTE)

    Exec Addr    Load Addr    Size         Type   Attr      Idx    E Section Name        Object

    0x12000000   0x12000000   0x00000060   Data   RO          423    RESET               lto-llvm-52a04c.o
    0x12000060   0x12000060   0x00000008   Code   RO           60  * !!!main             c_p.l(__main.o)
    0x12000068   0x12000068   0x00000054   Code   RO          465    !!!scatter          c_p.l(__scatter.o)
    0x120000bc   0x120000bc   0x00000002   Code   RO          466    !!handler_null      c_p.l(__scatter.o)
    0x120000be   0x120000be   0x00000002   Code   RO          151    .text               c_p.l(use_no_semi.o)
    0x120000c0   0x120000c0   0x00000040   Data   RO          424    .ARM.__at_0x120000C0  lto-llvm-52a04c.o
    0x12000100   0x12000100   0x0000001a   Code   RO          469    !!handler_copy      c_p.l(__scatter_copy.o)
    0x1200011a   0x1200011a   0x00000002   PAD
    0x1200011c   0x1200011c   0x0000001c   Code   RO          471    !!handler_zi        c_p.l(__scatter_zi.o)
    0x12000138   0x12000138   0x00000002   Code   RO           93    .ARM.Collect$$libinit$$00000000  c_p.l(libinit.o)
    0x1200013a   0x1200013a   0x00000000   Code   RO          105    .ARM.Collect$$libinit$$00000002  c_p.l(libinit2.o)
    0x1200013a   0x1200013a   0x00000000   Code   RO          107    .ARM.Collect$$libinit$$00000004  c_p.l(libinit2.o)
    0x1200013a   0x1200013a   0x00000000   Code   RO          109    .ARM.Collect$$libinit$$00000006  c_p.l(libinit2.o)
    0x1200013a   0x1200013a   0x00000000   Code   RO          112    .ARM.Collect$$libinit$$0000000C  c_p.l(libinit2.o)
    0x1200013a   0x1200013a   0x00000000   Code   RO          114    .ARM.Collect$$libinit$$0000000E  c_p.l(libinit2.o)
    0x1200013a   0x1200013a   0x00000000   Code   RO          116    .ARM.Collect$$libinit$$00000010  c_p.l(libinit2.o)
    0x1200013a   0x1200013a   0x00000000   Code   RO          119    .ARM.Collect$$libinit$$00000013  c_p.l(libinit2.o)
    0x1200013a   0x1200013a   0x00000000   Code   RO          121    .ARM.Collect$$libinit$$00000015  c_p.l(libinit2.o)
    0x1200013a   0x1200013a   0x00000000   Code   RO          123    .ARM.Collect$$libinit$$00000017  c_p.l(libinit2.o)
    0x1200013a   0x1200013a   0x00000000   Code   RO          125    .ARM.Collect$$libinit$$00000019  c_p.l(libinit2.o)
    0x1200013a   0x1200013a   0x00000000   Code   RO          127    .ARM.Collect$$libinit$$0000001B  c_p.l(libinit2.o)
    0x1200013a   0x1200013a   0x00000000   Code   RO          129    .ARM.Collect$$libinit$$0000001D  c_p.l(libinit2.o)
    0x1200013a   0x1200013a   0x00000000   Code   RO          131    .ARM.Collect$$libinit$$0000001F  c_p.l(libinit2.o)
    0x1200013a   0x1200013a   0x00000000   Code   RO          133    .ARM.Collect$$libinit$$00000021  c_p.l(libinit2.o)
    0x1200013a   0x1200013a   0x00000000   Code   RO          135    .ARM.Collect$$libinit$$00000023  c_p.l(libinit2.o)
    0x1200013a   0x1200013a   0x00000000   Code   RO          137    .ARM.Collect$$libinit$$00000025  c_p.l(libinit2.o)
    0x1200013a   0x1200013a   0x00000000   Code   RO          139    .ARM.Collect$$libinit$$00000027  c_p.l(libinit2.o)
    0x1200013a   0x1200013a   0x00000000   Code   RO          143    .ARM.Collect$$libinit$$0000002E  c_p.l(libinit2.o)
    0x1200013a   0x1200013a   0x00000000   Code   RO          145    .ARM.Collect$$libinit$$00000030  c_p.l(libinit2.o)
    0x1200013a   0x1200013a   0x00000000   Code   RO          147    .ARM.Collect$$libinit$$00000032  c_p.l(libinit2.o)
    0x1200013a   0x1200013a   0x00000000   Code   RO          149    .ARM.Collect$$libinit$$00000034  c_p.l(libinit2.o)
    0x1200013a   0x1200013a   0x00000002   Code   RO          150    .ARM.Collect$$libinit$$00000035  c_p.l(libinit2.o)
    0x1200013c   0x1200013c   0x00000002   Code   RO          175    .ARM.Collect$$libshutdown$$00000000  c_p.l(libshutdown.o)
    0x1200013e   0x1200013e   0x00000000   Code   RO          187    .ARM.Collect$$libshutdown$$00000002  c_p.l(libshutdown2.o)
    0x1200013e   0x1200013e   0x00000000   Code   RO          189    .ARM.Collect$$libshutdown$$00000004  c_p.l(libshutdown2.o)
    0x1200013e   0x1200013e   0x00000000   Code   RO          192    .ARM.Collect$$libshutdown$$00000007  c_p.l(libshutdown2.o)
    0x1200013e   0x1200013e   0x00000000   Code   RO          195    .ARM.Collect$$libshutdown$$0000000A  c_p.l(libshutdown2.o)
    0x1200013e   0x1200013e   0x00000000   Code   RO          197    .ARM.Collect$$libshutdown$$0000000C  c_p.l(libshutdown2.o)
    0x1200013e   0x1200013e   0x00000000   Code   RO          200    .ARM.Collect$$libshutdown$$0000000F  c_p.l(libshutdown2.o)
    0x1200013e   0x1200013e   0x00000002   Code   RO          201    .ARM.Collect$$libshutdown$$00000010  c_p.l(libshutdown2.o)
    0x12000140   0x12000140   0x00000000   Code   RO           62    .ARM.Collect$$rtentry$$00000000  c_p.l(__rtentry.o)
    0x12000140   0x12000140   0x00000000   Code   RO           64    .ARM.Collect$$rtentry$$00000002  c_p.l(__rtentry2.o)
    0x12000140   0x12000140   0x00000004   Code   RO           78    .ARM.Collect$$rtentry$$00000007  c_p.l(__rtentry7.o)
    0x12000144   0x12000144   0x00000000   Code   RO           66    .ARM.Collect$$rtentry$$00000009  c_p.l(__rtentry2.o)
    0x12000144   0x12000144   0x00000004   Code   RO           67    .ARM.Collect$$rtentry$$0000000A  c_p.l(__rtentry2.o)
    0x12000148   0x12000148   0x00000000   Code   RO           69    .ARM.Collect$$rtentry$$0000000C  c_p.l(__rtentry2.o)
    0x12000148   0x12000148   0x00000008   Code   RO           70    .ARM.Collect$$rtentry$$0000000D  c_p.l(__rtentry2.o)
    0x12000150   0x12000150   0x00000004   Code   RO           79    .ARM.Collect$$rtentry$$00002718  c_p.l(__rtentry7.o)
    0x12000154   0x12000154   0x00000002   Code   RO          102    .ARM.Collect$$rtexit$$00000000  c_p.l(rtexit.o)
    0x12000156   0x12000156   0x00000000   Code   RO          155    .ARM.Collect$$rtexit$$00000002  c_p.l(rtexit2.o)
    0x12000156   0x12000156   0x00000004   Code   RO          156    .ARM.Collect$$rtexit$$00000003  c_p.l(rtexit2.o)
    0x1200015a   0x1200015a   0x00000006   Code   RO          157    .ARM.Collect$$rtexit$$00000004  c_p.l(rtexit2.o)
    0x12000160   0x12000160   0x00000038   Code   RO          443    .emb_text           c_p.l(rt_memcpy.o)
    0x12000198   0x12000198   0x0000005a   Code   RO           58    .text               c_p.l(memcmp.o)
    0x120001f2   0x120001f2   0x00000010   Code   RO           86    .text               c_p.l(exit.o)
    0x12000202   0x12000202   0x00000000   Code   RO          153    .text               c_p.l(indicate_semi.o)
    0x12000202   0x12000202   0x00000002   PAD
    0x12000204   0x12000204   0x0000000c   Code   RO          165    .text               c_p.l(sys_exit.o)
    0x12000210   0x12000210   0x00000030   Code   RO          439    .text               c_p.l(llmul.o)
    0x12000240   0x12000240   0x00000110   Code   RO          441    .text               c_p.l(lludiv.o)
    0x12000350   0x12000350   0x00000082   Code   RO          444    .text               c_p.l(rt_memcpy.o)
    0x120003d2   0x120003d2   0x00000012   Code   RO          447    .text               c_p.l(aeabi_memset.o)
    0x120003e4   0x120003e4   0x00000012   Code   RO          449    .text               c_p.l(aeabi_memset4.o)
    0x120003f6   0x120003f6   0x00000040   Code   RO          451    .text               c_p.l(rt_memclr.o)
    0x12000436   0x12000436   0x00000002   PAD
    0x12000438   0x12000438   0x00000028   Code   RO          309    .text.ADC11_compensateLinAutoAddrDiff  lto-llvm-52a04c.o
    0x12000460   0x12000460   0x00000050   Code   RO          361    .text.AlgoRatioK_ClampRatioQ10000FromFix16  lto-llvm-52a04c.o
    0x120004b0   0x120004b0   0x00000060   Code   RO          355    .text.AlgoRatioK_DivS64ToFix16  lto-llvm-52a04c.o
    0x12000510   0x12000510   0x00000072   Code   RO          357    .text.AlgoRatioK_InsertNearestPoint  lto-llvm-52a04c.o
    0x12000582   0x12000582   0x0000000a   Code   RO          359    .text.AlgoRatioK_ScaledIntToFix16  lto-llvm-52a04c.o
    0x1200058c   0x1200058c   0x00000002   Code   RO          377    .text.Default_Handler  lto-llvm-52a04c.o
    0x1200058e   0x1200058e   0x00000002   Code   RO          375    .text.HardFault_Handler  lto-llvm-52a04c.o
    0x12000590   0x12000590   0x00000090   Code   RO          259    .text.IntensityDimminggetDimmingSpeed  lto-llvm-52a04c.o
    0x12000620   0x12000620   0x00000080   Code   RO          257    .text.LIN_AutoAddr_End  lto-llvm-52a04c.o
    0x120006a0   0x120006a0   0x000000a4   Code   RO          253    .text.LIN_AutoAddr_Meas_Exit  lto-llvm-52a04c.o
    0x12000744   0x12000744   0x00000050   Code   RO          255    .text.LIN_AutoAddr_SetFallingEdge  lto-llvm-52a04c.o
    0x12000794   0x12000794   0x00000048   Code   RO          307    .text.LIN_COM_Handler  lto-llvm-52a04c.o
    0x120007dc   0x120007dc   0x0000063c   Code   RO          365    .text.NVIC_IRQ2_Handler  lto-llvm-52a04c.o
    0x12000e18   0x12000e18   0x00000044   Code   RO          367    .text.NVIC_IRQ4_Handler  lto-llvm-52a04c.o
    0x12000e5c   0x12000e5c   0x00000084   Code   RO          369    .text.NVIC_IRQ5_Handler  lto-llvm-52a04c.o
    0x12000ee0   0x12000ee0   0x0000003c   Code   RO          371    .text.PMU_initWatchdog  lto-llvm-52a04c.o
    0x12000f1c   0x12000f1c   0x00000014   Code   RO          373    .text.Reset_Handler  lto-llvm-52a04c.o
    0x12000f30   0x12000f30   0x00000004   Code   RO          291    .text.SwriteJudge_AutolAddr  lto-llvm-52a04c.o
    0x12000f34   0x12000f34   0x00000028   Code   RO          293    .text.SwriteJudge_DimXnYn  lto-llvm-52a04c.o
    0x12000f5c   0x12000f5c   0x00000004   Code   RO          295    .text.SwriteJudge_ResetDummy  lto-llvm-52a04c.o
    0x12000f60   0x12000f60   0x00000014   Code   RO          281    .text.SwriteJudge_Utemp  lto-llvm-52a04c.o
    0x12000f74   0x12000f74   0x00000012   Code   RO          283    .text.SwriteJudge_Vtemp  lto-llvm-52a04c.o
    0x12000f86   0x12000f86   0x00000012   Code   RO          279    .text.SwriteJudge_brightnessFactor  lto-llvm-52a04c.o
    0x12000f98   0x12000f98   0x00000018   Code   RO          289    .text.SwriteJudge_eolAddr  lto-llvm-52a04c.o
    0x12000fb0   0x12000fb0   0x0000001c   Code   RO          287    .text.SwriteJudge_pART  lto-llvm-52a04c.o
    0x12000fcc   0x12000fcc   0x0000000e   Code   RO          285    .text.SwriteJudge_pDeveloper  lto-llvm-52a04c.o
    0x12000fda   0x12000fda   0x00000002   PAD
    0x12000fdc   0x12000fdc   0x00000028   Code   RO          363    .text.SysTick_Handler  lto-llvm-52a04c.o
    0x12001004   0x12001004   0x00000090   Code   RO          379    .text.SystemInit    lto-llvm-52a04c.o
    0x12001094   0x12001094   0x0000009c   Code   RO          261    .text.Updatebuf01_02  lto-llvm-52a04c.o
    0x12001130   0x12001130   0x00000094   Code   RO          263    .text.Updatebuf03_04  lto-llvm-52a04c.o
    0x120011c4   0x120011c4   0x00000094   Code   RO          265    .text.Updatebuf05_06  lto-llvm-52a04c.o
    0x12001258   0x12001258   0x00000094   Code   RO          267    .text.Updatebuf07_08  lto-llvm-52a04c.o
    0x120012ec   0x120012ec   0x000000a4   Code   RO          269    .text.Updatebuf09_10  lto-llvm-52a04c.o
    0x12001390   0x12001390   0x000000e8   Code   RO          271    .text.Updatebuf11_12  lto-llvm-52a04c.o
    0x12001478   0x12001478   0x000000a8   Code   RO          273    .text.Updatebuf13_14  lto-llvm-52a04c.o
    0x12001520   0x12001520   0x00000160   Code   RO          335    .text.WitheBalanceTempInit  lto-llvm-52a04c.o
    0x12001680   0x12001680   0x0000001c   Code   RO          327    .text.__NVIC_SystemReset  lto-llvm-52a04c.o
    0x1200169c   0x1200169c   0x0000001a   Code   RO          349    .text.__algoCross2D  lto-llvm-52a04c.o
    0x120016b6   0x120016b6   0x00000002   PAD
    0x120016b8   0x120016b8   0x00000228   Code   RO          343    .text.__algoGetDutyRatio  lto-llvm-52a04c.o
    0x120018e0   0x120018e0   0x000000a8   Code   RO          345    .text.__algoGetWhiteDutyRatio  lto-llvm-52a04c.o
    0x12001988   0x12001988   0x00000008   Code   RO          339    .text.__algoGetWhitePointX  lto-llvm-52a04c.o
    0x12001990   0x12001990   0x0000000c   Code   RO          341    .text.__algoGetWhitePointY  lto-llvm-52a04c.o
    0x1200199c   0x1200199c   0x0000025c   Code   RO          337    .text.__algoSplitTargetColorByWhite  lto-llvm-52a04c.o
    0x12001bf8   0x12001bf8   0x0000000c   Code   RO          347    .text.__algoWhiteRgbParamToFix16  lto-llvm-52a04c.o
    0x12001c04   0x12001c04   0x0000015c   Code   RO          297    .text.__doRequest   lto-llvm-52a04c.o
    0x12001d60   0x12001d60   0x0000002a   Code   RO          277    .text.calculateParityPID  lto-llvm-52a04c.o
    0x12001d8a   0x12001d8a   0x00000002   PAD
    0x12001d8c   0x12001d8c   0x00000024   Code   RO          301    .text.endAAProcess  lto-llvm-52a04c.o
    0x12001db0   0x12001db0   0x000000a0   Code   RO          351    .text.fix16_div     lto-llvm-52a04c.o
    0x12001e50   0x12001e50   0x0000003a   Code   RO          353    .text.fix16_mul     lto-llvm-52a04c.o
    0x12001e8a   0x12001e8a   0x00000002   PAD
    0x12001e8c   0x12001e8c   0x0000048c   Code   RO          247    .text.l_hal_cyclic_call  lto-llvm-52a04c.o
    0x12002318   0x12002318   0x00000304   Code   RO          251    .text.l_sys_init    lto-llvm-52a04c.o
    0x1200261c   0x1200261c   0x00000018   Code   RO          305    .text.l_sys_irq_restore  lto-llvm-52a04c.o
    0x12002634   0x12002634   0x00000230   Code   RO          245    .text.lin_hal_ISR   lto-llvm-52a04c.o
    0x12002864   0x12002864   0x00000154   Code   RO          237    .text.lin_hal_init_uart  lto-llvm-52a04c.o
    0x120029b8   0x120029b8   0x00000074   Code   RO          243    .text.lin_hal_set_resp_error  lto-llvm-52a04c.o
    0x12002a2c   0x12002a2c   0x0000002c   Code   RO          241    .text.lin_hal_tx_byte  lto-llvm-52a04c.o
    0x12002a58   0x12002a58   0x0000009c   Code   RO          239    .text.lin_hal_tx_response  lto-llvm-52a04c.o
    0x12002af4   0x12002af4   0x00000030   Code   RO          249    .text.lin_tp_init   lto-llvm-52a04c.o
    0x12002b24   0x12002b24   0x0000059c   Code   RO          235    .text.main          lto-llvm-52a04c.o
    0x120030c0   0x120030c0   0x00000074   Code   RO          323    .text.moduleFlashConfigIsValid  lto-llvm-52a04c.o
    0x12003134   0x12003134   0x0000012c   Code   RO          325    .text.moduleFlashContinuePending1000TpSave  lto-llvm-52a04c.o
    0x12003260   0x12003260   0x0000002c   Code   RO          317    .text.moduleFlashErasePages  lto-llvm-52a04c.o
    0x1200328c   0x1200328c   0x000000b0   Code   RO          313    .text.moduleFlashLoad  lto-llvm-52a04c.o
    0x1200333c   0x1200333c   0x00000014   Code   RO          319    .text.moduleFlashLoadStage  lto-llvm-52a04c.o
    0x12003350   0x12003350   0x00000048   Code   RO          315    .text.moduleFlashPersistStage  lto-llvm-52a04c.o
    0x12003398   0x12003398   0x00000078   Code   RO          311    .text.moduleFlashSave  lto-llvm-52a04c.o
    0x12003410   0x12003410   0x0000002c   Code   RO          321    .text.moduleFlashStageIsValid  lto-llvm-52a04c.o
    0x1200343c   0x1200343c   0x0000000c   Code   RO          331    .text.moduleLedPowerOff  lto-llvm-52a04c.o
    0x12003448   0x12003448   0x000000cc   Code   RO          329    .text.moduleLedUpdatePWM  lto-llvm-52a04c.o
    0x12003514   0x12003514   0x0000002c   Code   RO          333    .text.moduleWatchdogFeed  lto-llvm-52a04c.o
    0x12003540   0x12003540   0x0000001c   Code   RO          299    .text.startAAProcess  lto-llvm-52a04c.o
    0x1200355c   0x1200355c   0x00000088   Code   RO          275    .text.systemLinCommChangeNad  lto-llvm-52a04c.o
    0x120035e4   0x120035e4   0x000029dc   Code   RO          303    .text.systemMainLoop  lto-llvm-52a04c.o
    0x12005fc0   0x12005fc0   0x00000190   Data   RO          408    .rodata.Serverlist  lto-llvm-52a04c.o
    0x12006150   0x12006150   0x000000b0   Data   RO          421    .rodata.TtoCIE      lto-llvm-52a04c.o
    0x12006200   0x12006200   0x0000003c   Data   RO          394    .rodata.const_LIN_FRAME_CTRL_INIT03  lto-llvm-52a04c.o
    0x1200623c   0x1200623c   0x0000003c   Data   RO          395    .rodata.const_LIN_FRAME_CTRL_INIT04  lto-llvm-52a04c.o
    0x12006278   0x12006278   0x0000003c   Data   RO          396    .rodata.const_LIN_FRAME_CTRL_INIT05  lto-llvm-52a04c.o
    0x120062b4   0x120062b4   0x0000003c   Data   RO          397    .rodata.const_LIN_FRAME_CTRL_INIT06  lto-llvm-52a04c.o
    0x120062f0   0x120062f0   0x0000003c   Data   RO          398    .rodata.const_LIN_FRAME_CTRL_INIT07  lto-llvm-52a04c.o
    0x1200632c   0x1200632c   0x0000003c   Data   RO          399    .rodata.const_LIN_FRAME_CTRL_INIT08  lto-llvm-52a04c.o
    0x12006368   0x12006368   0x0000003c   Data   RO          400    .rodata.const_LIN_FRAME_CTRL_INIT09  lto-llvm-52a04c.o
    0x120063a4   0x120063a4   0x0000003c   Data   RO          401    .rodata.const_LIN_FRAME_CTRL_INIT10  lto-llvm-52a04c.o
    0x120063e0   0x120063e0   0x0000003c   Data   RO          402    .rodata.const_LIN_FRAME_CTRL_INIT11  lto-llvm-52a04c.o
    0x1200641c   0x1200641c   0x0000003c   Data   RO          403    .rodata.const_LIN_FRAME_CTRL_INIT12  lto-llvm-52a04c.o
    0x12006458   0x12006458   0x0000003c   Data   RO          404    .rodata.const_LIN_FRAME_CTRL_INIT13  lto-llvm-52a04c.o
    0x12006494   0x12006494   0x0000003c   Data   RO          405    .rodata.const_LIN_FRAME_CTRL_INIT14  lto-llvm-52a04c.o
    0x120064d0   0x120064d0   0x0000003c   Data   RO          406    .rodata.const_LIN_FRAME_CTRL_INIT16  lto-llvm-52a04c.o
    0x1200650c   0x1200650c   0x00000060   Data   RO          407    .rodata.const_LinData  lto-llvm-52a04c.o
    0x1200656c   0x1200656c   0x000007bc   Data   RO          422    .rodata.g_algoRatioKRatioQ10000Lut  lto-llvm-52a04c.o
    0x12006d28   0x12006d28   0x0000000c   Data   RO          417    .rodata.s32_B_cornerPoint_large  lto-llvm-52a04c.o
    0x12006d34   0x12006d34   0x0000000c   Data   RO          418    .rodata.s32_G_cornerPoint_large  lto-llvm-52a04c.o
    0x12006d40   0x12006d40   0x0000000c   Data   RO          420    .rodata.s32_R_cornerPoint_large  lto-llvm-52a04c.o
    0x12006d4c   0x12006d4c   0x0000000c   Data   RO          419    .rodata.s32_R_cornerPoint_real  lto-llvm-52a04c.o
    0x12006d58   0x12006d58   0x0000000c   Data   RO          414    .rodata.s32_plane_a  lto-llvm-52a04c.o
    0x12006d64   0x12006d64   0x0000000c   Data   RO          415    .rodata.s32_plane_b  lto-llvm-52a04c.o
    0x12006d70   0x12006d70   0x0000000c   Data   RO          416    .rodata.s32_plane_d  lto-llvm-52a04c.o
    0x12006d7c   0x12006d7c   0x0000012c   Data   RO          411    .rodata.serveceList  lto-llvm-52a04c.o
    0x12006ea8   0x12006ea8   0x00000006   Data   RO          409    .rodata.softwareVersion  lto-llvm-52a04c.o
    0x12006eae   0x12006eae   0x00000002   PAD
    0x12006eb0   0x12006eb0   0x00000020   Data   RO          464    Region$$Table       anon$$obj.o


    Execution Region RW_IRAM1 (Exec base: 0x18000000, Load base: 0x12006ed0, Size: 0x00000484, Max: 0x00000a00, ABSOLUTE)

    Exec Addr    Load Addr    Size         Type   Attr      Idx    E Section Name        Object

    0x18000000   0x12006ed0   0x00000074   Data   RW          425    .data..L_MergedGlobals  lto-llvm-52a04c.o
    0x18000074   0x12006f44   0x00000060   Data   RW          410    .data.l_LinData     lto-llvm-52a04c.o
    0x180000d4        -       0x0000007e   Zero   RW          426    .bss..L_MergedGlobals.221  lto-llvm-52a04c.o
    0x18000152   0x12006fa4   0x00000002   PAD
    0x18000154        -       0x0000007c   Zero   RW          427    .bss..L_MergedGlobals.222  lto-llvm-52a04c.o
    0x180001d0        -       0x0000007c   Zero   RW          428    .bss..L_MergedGlobals.223  lto-llvm-52a04c.o
    0x1800024c        -       0x0000006c   Zero   RW          429    .bss..L_MergedGlobals.224  lto-llvm-52a04c.o
    0x180002b8        -       0x0000007a   Zero   RW          430    .bss..L_MergedGlobals.225  lto-llvm-52a04c.o
    0x18000332        -       0x00000078   Zero   RW          431    .bss..L_MergedGlobals.226  lto-llvm-52a04c.o
    0x180003aa        -       0x00000008   Zero   RW          412    .bss.Quiltcheck     lto-llvm-52a04c.o
    0x180003b2        -       0x00000002   Zero   RW          392    .bss.l_flags_RGBe_Ans  lto-llvm-52a04c.o
    0x180003b4        -       0x00000002   Zero   RW          393    .bss.l_flags_RGBe_Req  lto-llvm-52a04c.o
    0x180003b6        -       0x00000002   Zero   RW          382    .bss.l_flags_RGBe_Slave_a_01_02  lto-llvm-52a04c.o
    0x180003b8        -       0x00000002   Zero   RW          383    .bss.l_flags_RGBe_Slave_a_03_04  lto-llvm-52a04c.o
    0x180003ba        -       0x00000002   Zero   RW          384    .bss.l_flags_RGBe_Slave_a_05_06  lto-llvm-52a04c.o
    0x180003bc        -       0x00000002   Zero   RW          385    .bss.l_flags_RGBe_Slave_a_07_08  lto-llvm-52a04c.o
    0x180003be        -       0x00000002   Zero   RW          386    .bss.l_flags_RGBe_Slave_a_09_10  lto-llvm-52a04c.o
    0x180003c0        -       0x00000002   Zero   RW          387    .bss.l_flags_RGBe_Slave_a_11_12  lto-llvm-52a04c.o
    0x180003c2        -       0x00000002   Zero   RW          388    .bss.l_flags_RGBe_Slave_a_13_14  lto-llvm-52a04c.o
    0x180003c4        -       0x00000002   Zero   RW          391    .bss.l_flags_RGBe_Sync_abcd  lto-llvm-52a04c.o
    0x180003c6        -       0x00000002   Zero   RW          389    .bss.l_flags_RGBe_Write_a_08  lto-llvm-52a04c.o
    0x180003c8        -       0x00000002   Zero   RW          390    .bss.l_flags_RGBs_Slave_08a  lto-llvm-52a04c.o
    0x180003ca   0x12006fa4   0x00000002   PAD
    0x180003cc        -       0x000000b8   Zero   RW          413    .bss.savedConfig    lto-llvm-52a04c.o


    Execution Region ARM_LIB_STACK (Exec base: 0x18000a00, Load base: 0x12006fa4, Size: 0x00000200, Max: 0x00000200, ABSOLUTE)

    Exec Addr    Load Addr    Size         Type   Attr      Idx    E Section Name        Object

    0x18000a00        -       0x00000200   Zero   RW            1    ARM_LIB_STACK.bss   anon$$obj.o


==============================================================================

Image component sizes


      Code (inc. data)   RO Data    RW Data    ZI Data      Debug   Object Name

     23424       1980       3982        212        940     228649   lto-llvm-52a04c.o

    ----------------------------------------------------------------------
     23432       1980       4016        212       1456     228649   Object Totals
         0          0         32          0        512          0   (incl. Generated)
         8          0          2          0          4          0   (incl. Padding)

    ----------------------------------------------------------------------

      Code (inc. data)   RO Data    RW Data    ZI Data      Debug   Library Member Name

         8          0          0          0          0         68   __main.o
         0          0          0          0          0          0   __rtentry.o
        12          0          0          0          0          0   __rtentry2.o
         8          4          0          0          0          0   __rtentry7.o
        86         10          0          0          0          0   __scatter.o
        26          0          0          0          0          0   __scatter_copy.o
        28          0          0          0          0          0   __scatter_zi.o
        18          0          0          0          0         68   aeabi_memset.o
        18          0          0          0          0         68   aeabi_memset4.o
        16          0          0          0          0         68   exit.o
         0          0          0          0          0          0   indicate_semi.o
         2          0          0          0          0          0   libinit.o
         2          0          0          0          0          0   libinit2.o
         2          0          0          0          0          0   libshutdown.o
         2          0          0          0          0          0   libshutdown2.o
        48          0          0          0          0         72   llmul.o
       272          0          0          0          0         88   lludiv.o
        90          0          0          0          0         68   memcmp.o
        64          0          0          0          0        108   rt_memclr.o
       186          0          0          0          0        144   rt_memcpy.o
         2          0          0          0          0          0   rtexit.o
        10          0          0          0          0          0   rtexit2.o
        12          4          0          0          0         60   sys_exit.o
         2          0          0          0          0         68   use_no_semi.o

    ----------------------------------------------------------------------
       920         18          0          0          0        880   Library Totals
         6          0          0          0          0          0   (incl. Padding)

    ----------------------------------------------------------------------

      Code (inc. data)   RO Data    RW Data    ZI Data      Debug   Library Name

       914         18          0          0          0        880   c_p.l

    ----------------------------------------------------------------------
       920         18          0          0          0        880   Library Totals

    ----------------------------------------------------------------------

==============================================================================


      Code (inc. data)   RO Data    RW Data    ZI Data      Debug   

     24352       1998       4016        212       1456     229345   Grand Totals
     24352       1998       4016        212       1456     229345   ELF Image Totals
     24352       1998       4016        212          0          0   ROM Totals

==============================================================================

    Total RO  Size (Code + RO Data)                28368 (  27.70kB)
    Total RW  Size (RW Data + ZI Data)              1668 (   1.63kB)
    Total ROM Size (Code + RO Data + RW Data)      28580 (  27.91kB)

==============================================================================

