


ARM Macro Assembler    Page 1 


    1 00000000         ;*******************************************************
                       ********************************************************
                       *******
    2 00000000         ;
    3 00000000         ; @file     startup_tld40xx.S
    4 00000000         ; @brief    CMSIS Core Device Startup File for
    5 00000000         ;           Infineon TLD40xx Device Series
    6 00000000         ; @version  V1.0.0
    7 00000000         ; @date     21-Oct-2022
    8 00000000         ;
    9 00000000         ;
   10 00000000         ; Copyright (c) 2022, Infineon Technologies AG
   11 00000000         ; All rights reserved.
   12 00000000         ;
   13 00000000         ; Redistribution and use in source and binary forms, wit
                       h or without modification, are permitted provided that t
                       he
   14 00000000         ; following conditions are met:
   15 00000000         ;
   16 00000000         ;   Redistributions of source code must retain the above
                        copyright notice, this list of conditions and the  foll
                       owing
   17 00000000         ;   disclaimer.
   18 00000000         ;
   19 00000000         ;   Redistributions in binary form must reproduce the ab
                       ove copyright notice, this list of conditions and the
   20 00000000         ;   following disclaimer in the documentation and/or oth
                       er materials provided with the distribution.
   21 00000000         ;
   22 00000000         ;   Neither the name of the copyright holders nor the na
                       mes of its contributors may be used to endorse or promot
                       e
   23 00000000         ;   products derived from this software without specific
                        prior written permission.
   24 00000000         ;
   25 00000000         ; This software is provided by the copyright holders and
                        contributors "as is" and any express or implied warrant
                       ies,
   26 00000000         ; including, but not limited to, the implied warranties 
                       of merchantability and fitness for a particular purpose 
                       are
   27 00000000         ; disclaimed. In no event shall the copyright holder or 
                       contributors be liable  for any direct, indirect, incide
                       ntal,
   28 00000000         ; special, exemplary, or consequential damages (includin
                       g, but not limited to, procurement of substitute goods o
                       r
   29 00000000         ; services; loss of use, data, or profits; or business i
                       nterruption) however caused and on any theory of liabili
                       ty,
   30 00000000         ; whether in contract, strict liability,or tort (includi
                       ng negligence or otherwise) arising in any way out  of t
                       he
   31 00000000         ; use of this software, even if advised of the possibili
                       ty of such damage.
   32 00000000         ;
   33 00000000         ;*******************************************************
                       ********************************************************
                       *******/



ARM Macro Assembler    Page 2 


   34 00000000         
   35 00000000         ;*******************************************************
                       ************************
   36 00000000         ;                       Author(s) Identity              
                                             **
   37 00000000         ;*******************************************************
                       ************************
   38 00000000         ;  Initials     Name                                    
                                             **
   39 00000000         ;  -----------------------------------------------------
                       ----------------------**
   40 00000000         ;  CG           Christopher Gabriel                     
                                             **
   41 00000000         ;  SL           Stefano Lissandron                      
                                             **
   42 00000000         ;*******************************************************
                       ***********************/
   43 00000000         
   44 00000000         ;*******************************************************
                       ************************
   45 00000000         ;                       Revision Control History        
                                             **
   46 00000000         ;*******************************************************
                       ************************
   47 00000000         ;  V1.0.0: 21-Oct-2022, SL:   Initial version           
                                             **
   48 00000000         ;*******************************************************
                       ***********************/
   49 00000000         
   50 00000000         ;
   51 00000000         ;-------- <<< Use Configuration Wizard in Context Menu >
                       >> -------------------
   52 00000000         ;
   53 00000000         ;--------------------- Stack / Heap Configuration ------
                       ---------------------
   54 00000000         ; <h> Stack / Heap Configuration
   55 00000000         ;   <o0> Stack Size (in Bytes) <0x0-0xFFFFFFFF:8>
   56 00000000         ;   <o1> Heap Size (in Bytes) <0x0-0xFFFFFFFF:8>
   57 00000000         ; </h>
   58 00000000         ;-------------------------------------------------------
                       ---------------------*/
   59 00000000 00000400 
                       Stack_Size
                               EQU              0x00000400
   60 00000000 00000000 
                       Heap_Size
                               EQU              0x00000000
   61 00000000         ;------------- <<< end of configuration section >>> ----
                       -----------------------
   62 00000000         ;
   63 00000000                 AREA             STACK, NOINIT, READWRITE, ALIGN
=3
   64 00000000         Stack_Mem
                               SPACE            Stack_Size
   65 00000400         __initial_sp
   66 00000400         
   67 00000400                 AREA             HEAP, NOINIT, READWRITE, ALIGN=
3
   68 00000000         __heap_base



ARM Macro Assembler    Page 3 


   69 00000000         Heap_Mem
                               SPACE            Heap_Size
   70 00000000         __heap_limit
   71 00000000         
   72 00000000                 THUMB
   73 00000000                 PRESERVE8
   74 00000000         
   75 00000000         
   76 00000000         ;*******************************************************
                       ************************
   77 00000000         ; Fill-up the Vector Table entries with the exceptions I
                       SR address
   78 00000000         ;*******************************************************
                       ************************
   79 00000000                 AREA             RESET, DATA, READONLY
   80 00000000                 INCLUDE          bsl_defines_ARM.inc
    1 00000000 FF38FF08 
                       BSL_FTO_NAD_NAC
                               EQU              0xFF38FF08
    2 00000000 FFFF0E01 
                       BSL_UCODE_UBSL_SIZE
                               EQU              0xFFFF0E01
    3 00000000                 END
   81 00000000                 EXPORT           __Vectors
   82 00000000                 EXPORT           __Vectors_End
   83 00000000                 EXPORT           __Vectors_Size
   84 00000000         
   85 00000000         
   86 00000000         ; First page, starts at 0x12000000: Vector table
   87 00000000 00000000 
                       __Vectors
                               DCD              __initial_sp
   88 00000004 00000000        DCD              Reset_Handler
   89 00000008 00000000        DCD              NMI_Handler ; -14: NMI Handler
   90 0000000C 00000000        DCD              HardFault_Handler ; -12: Hard F
                                                            ault Handler
   91 00000010 00000000        DCD              0           ; -12: Reserved
   92 00000014 00000000        DCD              0           ; -11: Reserved
   93 00000018 00000000        DCD              0           ; -10: Reserved
   94 0000001C 00000000        DCD              0           ;  -9: Reserved
   95 00000020 00000000        DCD              0           ;  -8: Reserved
   96 00000024 00000000        DCD              0           ;  -7: Reserved
   97 00000028 00000000        DCD              0           ;  -6: Reserved
   98 0000002C 00000000        DCD              SVC_Handler ;  -5: SVCall Handl
                                                            er
   99 00000030 00000000        DCD              0           ;  -4: Reserved
  100 00000034 00000000        DCD              0           ;  -3: Reserved
  101 00000038 00000000        DCD              PendSV_Handler ;  -2: PendSV Ha
                                                            ndler
  102 0000003C 00000000        DCD              SysTick_Handler ;  -1: SysTick 
                                                            Handler
  103 00000040         
  104 00000040         ; Second page, External Interrupts
  105 00000040 00000000        DCD              NVIC_IRQ0_Handler ; 0: PMU
  106 00000044 00000000        DCD              NVIC_IRQ1_Handler ; 1: Reserved
                                                            
  107 00000048 00000000        DCD              NVIC_IRQ2_Handler ; 2: LIN
  108 0000004C 00000000        DCD              NVIC_IRQ3_Handler ; 3: Reserved
                                                            



ARM Macro Assembler    Page 4 


  109 00000050 00000000        DCD              NVIC_IRQ4_Handler ; 4: ADC
  110 00000054 00000000        DCD              NVIC_IRQ5_Handler ; 5: LED
  111 00000058 00000000        DCD              NVIC_IRQ6_Handler ; 6: LED
  112 0000005C 00000000        DCD              NVIC_IRQ7_Handler ; 7: GPIO
  113 00000060         
  114 00000060         __Vectors_End
  115 00000060         
  116 00000060 00000060 
                       __Vectors_Size
                               EQU              __Vectors_End - __Vectors
  117 00000060         
  118 00000060                 AREA             |.ARM.__at_0x120000C0|, DATA, R
EADONLY
  119 00000000         ; Fourth page, device config
  120 00000000 FF38FF08        DCD              BSL_FTO_NAD_NAC ; 0x120000C0: F
                                                            TO_NAD_NAC
  121 00000004 00000000        DCD              0           ; 0x120000C4
  122 00000008 FFFF0E01        DCD              BSL_UCODE_UBSL_SIZE ; 0x120000C
                                                            8: UCODE_UBSL_SIZE
  123 0000000C 00000000        DCD              0           ; 0x120000CC
  124 00000010 00000000        DCD              0           ; 0x120000D0
  125 00000014 00000000        DCD              0           ; 0x120000D4
  126 00000018 00000000        DCD              0           ; 0x120000D8
  127 0000001C 00000000        DCD              0           ; 0x120000DC
  128 00000020 00000000        DCD              0           ; 0x120000E0
  129 00000024 00000000        DCD              0           ; 0x120000E4
  130 00000028 00000000        DCD              0           ; 0x120000E8
  131 0000002C 00000000        DCD              0           ; 0x120000EC
  132 00000030 00000000        DCD              0           ; 0x120000F0
  133 00000034 00000000        DCD              0           ; 0x120000F4
  134 00000038 00000000        DCD              0           ; 0x120000F8
  135 0000003C 00000000        DCD              0           ; 0x120000FC
  136 00000040         
  137 00000040                 AREA             |.text|, CODE, READONLY
  138 00000000         
  139 00000000         ;-------------------------------------------------------
                       ------------------------
  140 00000000         ; Reset Handler
  141 00000000         ;
  142 00000000         Reset_Handler
                               PROC
  143 00000000                 EXPORT           Reset_Handler             [WEAK
]
  144 00000000                 IMPORT           SystemInit
  145 00000000                 IMPORT           __main
  146 00000000 480A            LDR              R0, =SystemInit
  147 00000002 4780            BLX              R0
  148 00000004 480A            LDR              R0, =__main
  149 00000006 4700            BX               R0
  150 00000008                 ENDP
  151 00000008         
  152 00000008         ;-------------------------------------------------------
                       ------------------------
  153 00000008         ; Dummy Exception Handlers (infinite loops which can be 
                       modified)
  154 00000008         ;
  156 00000008         SVC_Handler_main
                               PROC
  157 00000008                 EXPORT           SVC_Handler_main            [WE



ARM Macro Assembler    Page 5 


AK]
  158 00000008 E7FE            B                .
  159 0000000A                 ENDP
  160 0000000A         NMI_Handler
                               PROC
  161 0000000A                 EXPORT           NMI_Handler                [WEA
K]
  162 0000000A E7FE            B                .
  163 0000000C                 ENDP
  165 0000000C         HardFault_Handler
                               PROC
  166 0000000C                 EXPORT           HardFault_Handler          [WEA
K]
  167 0000000C E7FE            B                .
  168 0000000E                 ENDP
  169 0000000E         SVC_Handler
                               PROC
  170 0000000E 2004            MOVS             R0, #4
  171 00000010 4671            MOV              R1, LR
  172 00000012 4208            TST              R0, R1
  173 00000014 D003            BEQ              stacking_used_MSP
  174 00000016 F3EF 8009       MRS              R0, PSP     ; first parameter -
                                                             stacking was using
                                                             PSP
  175 0000001A 4906            LDR              R1, =SVC_Handler_main
  176 0000001C 4708            BX               R1
  177 0000001E         stacking_used_MSP
  178 0000001E F3EF 8008       MRS              R0, MSP     ; first parameter -
                                                             stacking was using
                                                             MSP
  179 00000022 4904            LDR              R1, =SVC_Handler_main
  180 00000024 4708            BX               R1
  181 00000026                 ENDP
  182 00000026         PendSV_Handler
                               PROC
  183 00000026                 EXPORT           PendSV_Handler             [WEA
K]
  184 00000026 E7FE            B                .
  185 00000028                 ENDP
  186 00000028         SysTick_Handler
                               PROC
  187 00000028                 EXPORT           SysTick_Handler            [WEA
K]
  188 00000028 E7FE            B                .
  189 0000002A                 ENDP
  190 0000002A         
  191 0000002A         Default_Handler
                               PROC
  192 0000002A                 EXPORT           NVIC_IRQ0_Handler            [W
EAK]
  193 0000002A                 EXPORT           NVIC_IRQ1_Handler            [W
EAK]
  194 0000002A                 EXPORT           NVIC_IRQ2_Handler            [W
EAK]
  195 0000002A                 EXPORT           NVIC_IRQ3_Handler            [W
EAK]
  196 0000002A                 EXPORT           NVIC_IRQ4_Handler            [W
EAK]
  197 0000002A                 EXPORT           NVIC_IRQ5_Handler            [W



ARM Macro Assembler    Page 6 


EAK]
  198 0000002A                 EXPORT           NVIC_IRQ6_Handler            [W
EAK]
  199 0000002A                 EXPORT           NVIC_IRQ7_Handler            [W
EAK]
  200 0000002A         
  201 0000002A         NVIC_IRQ0_Handler
  202 0000002A         NVIC_IRQ1_Handler
  203 0000002A         NVIC_IRQ2_Handler
  204 0000002A         NVIC_IRQ3_Handler
  205 0000002A         NVIC_IRQ4_Handler
  206 0000002A         NVIC_IRQ5_Handler
  207 0000002A         NVIC_IRQ6_Handler
  208 0000002A         NVIC_IRQ7_Handler
  209 0000002A E7FE            B                .
  210 0000002C                 ENDP
  211 0000002C         
  212 0000002C         ;-------------------------------------------------------
                       ------------------------
  213 0000002C         ; User Initial Stack & Heap
  214 0000002C         ;
  215 0000002C                 IF               :DEF:__MICROLIB
  216 0000002C         
  217 0000002C                 EXPORT           __initial_sp
  218 0000002C                 EXPORT           __heap_base
  219 0000002C                 EXPORT           __heap_limit
  220 0000002C         
  221 0000002C                 ELSE
  235                          ENDIF
  236 0000002C         
  237 0000002C                 END
              00000000 
              00000000 
              00000000 
Command Line: --debug --xref --diag_suppress=9931,A1950W --cpu=Cortex-M23 --dep
end=.\objects\startup_tld40xx.d -o.\objects\startup_tld40xx.o -I.\RTE\Device\TL
D4020-3ET -I.\RTE\_Target_1 -ID:\keil\ARM\CMSIS\6.1.0\CMSIS\Core\Include -ID:\k
eil\Infineon\TLD40xx_DFP\2.0.1\device\lib\inc --predefine="__MICROLIB SETA 1" -
-predefine="__UVISION_VERSION SETA 539" --predefine="_RTE_ SETA 1" --predefine=
"TLD4020_3ET SETA 1" --predefine="_RTE_ SETA 1" --list=.\listings\startup_tld40
xx.lst RTE/Device/TLD4020-3ET/startup_tld40xx.S



ARM Macro Assembler    Page 1 Alphabetic symbol ordering
Relocatable symbols

STACK 00000000

Symbol: STACK
   Definitions
      At line 63 in file RTE/Device/TLD4020-3ET/startup_tld40xx.S
   Uses
      None
Comment: STACK unused
Stack_Mem 00000000

Symbol: Stack_Mem
   Definitions
      At line 64 in file RTE/Device/TLD4020-3ET/startup_tld40xx.S
   Uses
      None
Comment: Stack_Mem unused
__initial_sp 00000400

Symbol: __initial_sp
   Definitions
      At line 65 in file RTE/Device/TLD4020-3ET/startup_tld40xx.S
   Uses
      At line 87 in file RTE/Device/TLD4020-3ET/startup_tld40xx.S
      At line 217 in file RTE/Device/TLD4020-3ET/startup_tld40xx.S

3 symbols



ARM Macro Assembler    Page 1 Alphabetic symbol ordering
Relocatable symbols

HEAP 00000000

Symbol: HEAP
   Definitions
      At line 67 in file RTE/Device/TLD4020-3ET/startup_tld40xx.S
   Uses
      None
Comment: HEAP unused
Heap_Mem 00000000

Symbol: Heap_Mem
   Definitions
      At line 69 in file RTE/Device/TLD4020-3ET/startup_tld40xx.S
   Uses
      None
Comment: Heap_Mem unused
__heap_base 00000000

Symbol: __heap_base
   Definitions
      At line 68 in file RTE/Device/TLD4020-3ET/startup_tld40xx.S
   Uses
      At line 218 in file RTE/Device/TLD4020-3ET/startup_tld40xx.S
Comment: __heap_base used once
__heap_limit 00000000

Symbol: __heap_limit
   Definitions
      At line 70 in file RTE/Device/TLD4020-3ET/startup_tld40xx.S
   Uses
      At line 219 in file RTE/Device/TLD4020-3ET/startup_tld40xx.S
Comment: __heap_limit used once
4 symbols



ARM Macro Assembler    Page 1 Alphabetic symbol ordering
Relocatable symbols

RESET 00000000

Symbol: RESET
   Definitions
      At line 79 in file RTE/Device/TLD4020-3ET/startup_tld40xx.S
   Uses
      None
Comment: RESET unused
__Vectors 00000000

Symbol: __Vectors
   Definitions
      At line 87 in file RTE/Device/TLD4020-3ET/startup_tld40xx.S
   Uses
      At line 81 in file RTE/Device/TLD4020-3ET/startup_tld40xx.S
      At line 116 in file RTE/Device/TLD4020-3ET/startup_tld40xx.S

__Vectors_End 00000060

Symbol: __Vectors_End
   Definitions
      At line 114 in file RTE/Device/TLD4020-3ET/startup_tld40xx.S
   Uses
      At line 82 in file RTE/Device/TLD4020-3ET/startup_tld40xx.S
      At line 116 in file RTE/Device/TLD4020-3ET/startup_tld40xx.S

3 symbols



ARM Macro Assembler    Page 1 Alphabetic symbol ordering
Relocatable symbols

.ARM.__at_0x120000C0 00000000

Symbol: .ARM.__at_0x120000C0
   Definitions
      At line 118 in file RTE/Device/TLD4020-3ET/startup_tld40xx.S
   Uses
      None
Comment: .ARM.__at_0x120000C0 unused
1 symbol



ARM Macro Assembler    Page 1 Alphabetic symbol ordering
Relocatable symbols

.text 00000000

Symbol: .text
   Definitions
      At line 137 in file RTE/Device/TLD4020-3ET/startup_tld40xx.S
   Uses
      None
Comment: .text unused
Default_Handler 0000002A

Symbol: Default_Handler
   Definitions
      At line 191 in file RTE/Device/TLD4020-3ET/startup_tld40xx.S
   Uses
      None
Comment: Default_Handler unused
HardFault_Handler 0000000C

Symbol: HardFault_Handler
   Definitions
      At line 165 in file RTE/Device/TLD4020-3ET/startup_tld40xx.S
   Uses
      At line 90 in file RTE/Device/TLD4020-3ET/startup_tld40xx.S
      At line 166 in file RTE/Device/TLD4020-3ET/startup_tld40xx.S

NMI_Handler 0000000A

Symbol: NMI_Handler
   Definitions
      At line 160 in file RTE/Device/TLD4020-3ET/startup_tld40xx.S
   Uses
      At line 89 in file RTE/Device/TLD4020-3ET/startup_tld40xx.S
      At line 161 in file RTE/Device/TLD4020-3ET/startup_tld40xx.S

NVIC_IRQ0_Handler 0000002A

Symbol: NVIC_IRQ0_Handler
   Definitions
      At line 201 in file RTE/Device/TLD4020-3ET/startup_tld40xx.S
   Uses
      At line 105 in file RTE/Device/TLD4020-3ET/startup_tld40xx.S
      At line 192 in file RTE/Device/TLD4020-3ET/startup_tld40xx.S

NVIC_IRQ1_Handler 0000002A

Symbol: NVIC_IRQ1_Handler
   Definitions
      At line 202 in file RTE/Device/TLD4020-3ET/startup_tld40xx.S
   Uses
      At line 106 in file RTE/Device/TLD4020-3ET/startup_tld40xx.S
      At line 193 in file RTE/Device/TLD4020-3ET/startup_tld40xx.S

NVIC_IRQ2_Handler 0000002A

Symbol: NVIC_IRQ2_Handler
   Definitions
      At line 203 in file RTE/Device/TLD4020-3ET/startup_tld40xx.S
   Uses
      At line 107 in file RTE/Device/TLD4020-3ET/startup_tld40xx.S



ARM Macro Assembler    Page 2 Alphabetic symbol ordering
Relocatable symbols

      At line 194 in file RTE/Device/TLD4020-3ET/startup_tld40xx.S

NVIC_IRQ3_Handler 0000002A

Symbol: NVIC_IRQ3_Handler
   Definitions
      At line 204 in file RTE/Device/TLD4020-3ET/startup_tld40xx.S
   Uses
      At line 108 in file RTE/Device/TLD4020-3ET/startup_tld40xx.S
      At line 195 in file RTE/Device/TLD4020-3ET/startup_tld40xx.S

NVIC_IRQ4_Handler 0000002A

Symbol: NVIC_IRQ4_Handler
   Definitions
      At line 205 in file RTE/Device/TLD4020-3ET/startup_tld40xx.S
   Uses
      At line 109 in file RTE/Device/TLD4020-3ET/startup_tld40xx.S
      At line 196 in file RTE/Device/TLD4020-3ET/startup_tld40xx.S

NVIC_IRQ5_Handler 0000002A

Symbol: NVIC_IRQ5_Handler
   Definitions
      At line 206 in file RTE/Device/TLD4020-3ET/startup_tld40xx.S
   Uses
      At line 110 in file RTE/Device/TLD4020-3ET/startup_tld40xx.S
      At line 197 in file RTE/Device/TLD4020-3ET/startup_tld40xx.S

NVIC_IRQ6_Handler 0000002A

Symbol: NVIC_IRQ6_Handler
   Definitions
      At line 207 in file RTE/Device/TLD4020-3ET/startup_tld40xx.S
   Uses
      At line 111 in file RTE/Device/TLD4020-3ET/startup_tld40xx.S
      At line 198 in file RTE/Device/TLD4020-3ET/startup_tld40xx.S

NVIC_IRQ7_Handler 0000002A

Symbol: NVIC_IRQ7_Handler
   Definitions
      At line 208 in file RTE/Device/TLD4020-3ET/startup_tld40xx.S
   Uses
      At line 112 in file RTE/Device/TLD4020-3ET/startup_tld40xx.S
      At line 199 in file RTE/Device/TLD4020-3ET/startup_tld40xx.S

PendSV_Handler 00000026

Symbol: PendSV_Handler
   Definitions
      At line 182 in file RTE/Device/TLD4020-3ET/startup_tld40xx.S
   Uses
      At line 101 in file RTE/Device/TLD4020-3ET/startup_tld40xx.S
      At line 183 in file RTE/Device/TLD4020-3ET/startup_tld40xx.S

Reset_Handler 00000000

Symbol: Reset_Handler



ARM Macro Assembler    Page 3 Alphabetic symbol ordering
Relocatable symbols

   Definitions
      At line 142 in file RTE/Device/TLD4020-3ET/startup_tld40xx.S
   Uses
      At line 88 in file RTE/Device/TLD4020-3ET/startup_tld40xx.S
      At line 143 in file RTE/Device/TLD4020-3ET/startup_tld40xx.S

SVC_Handler 0000000E

Symbol: SVC_Handler
   Definitions
      At line 169 in file RTE/Device/TLD4020-3ET/startup_tld40xx.S
   Uses
      At line 98 in file RTE/Device/TLD4020-3ET/startup_tld40xx.S
Comment: SVC_Handler used once
SVC_Handler_main 00000008

Symbol: SVC_Handler_main
   Definitions
      At line 156 in file RTE/Device/TLD4020-3ET/startup_tld40xx.S
   Uses
      At line 157 in file RTE/Device/TLD4020-3ET/startup_tld40xx.S
      At line 175 in file RTE/Device/TLD4020-3ET/startup_tld40xx.S
      At line 179 in file RTE/Device/TLD4020-3ET/startup_tld40xx.S

SysTick_Handler 00000028

Symbol: SysTick_Handler
   Definitions
      At line 186 in file RTE/Device/TLD4020-3ET/startup_tld40xx.S
   Uses
      At line 102 in file RTE/Device/TLD4020-3ET/startup_tld40xx.S
      At line 187 in file RTE/Device/TLD4020-3ET/startup_tld40xx.S

stacking_used_MSP 0000001E

Symbol: stacking_used_MSP
   Definitions
      At line 177 in file RTE/Device/TLD4020-3ET/startup_tld40xx.S
   Uses
      At line 173 in file RTE/Device/TLD4020-3ET/startup_tld40xx.S
Comment: stacking_used_MSP used once
18 symbols



ARM Macro Assembler    Page 1 Alphabetic symbol ordering
Absolute symbols

BSL_FTO_NAD_NAC FF38FF08

Symbol: BSL_FTO_NAD_NAC
   Definitions
      At line 1 in file RTE/Device/TLD4020-3ET/bsl_defines_ARM.inc
   Uses
      At line 120 in file RTE/Device/TLD4020-3ET/startup_tld40xx.S
Comment: BSL_FTO_NAD_NAC used once
BSL_UCODE_UBSL_SIZE FFFF0E01

Symbol: BSL_UCODE_UBSL_SIZE
   Definitions
      At line 2 in file RTE/Device/TLD4020-3ET/bsl_defines_ARM.inc
   Uses
      At line 122 in file RTE/Device/TLD4020-3ET/startup_tld40xx.S
Comment: BSL_UCODE_UBSL_SIZE used once
Heap_Size 00000000

Symbol: Heap_Size
   Definitions
      At line 60 in file RTE/Device/TLD4020-3ET/startup_tld40xx.S
   Uses
      At line 69 in file RTE/Device/TLD4020-3ET/startup_tld40xx.S
Comment: Heap_Size used once
Stack_Size 00000400

Symbol: Stack_Size
   Definitions
      At line 59 in file RTE/Device/TLD4020-3ET/startup_tld40xx.S
   Uses
      At line 64 in file RTE/Device/TLD4020-3ET/startup_tld40xx.S
Comment: Stack_Size used once
__Vectors_Size 00000060

Symbol: __Vectors_Size
   Definitions
      At line 116 in file RTE/Device/TLD4020-3ET/startup_tld40xx.S
   Uses
      At line 83 in file RTE/Device/TLD4020-3ET/startup_tld40xx.S
Comment: __Vectors_Size used once
5 symbols



ARM Macro Assembler    Page 1 Alphabetic symbol ordering
External symbols

SystemInit 00000000

Symbol: SystemInit
   Definitions
      At line 144 in file RTE/Device/TLD4020-3ET/startup_tld40xx.S
   Uses
      At line 146 in file RTE/Device/TLD4020-3ET/startup_tld40xx.S
Comment: SystemInit used once
__main 00000000

Symbol: __main
   Definitions
      At line 145 in file RTE/Device/TLD4020-3ET/startup_tld40xx.S
   Uses
      At line 148 in file RTE/Device/TLD4020-3ET/startup_tld40xx.S
Comment: __main used once
2 symbols
372 symbols in table
