*** Using Compiler 'V6.21', folder: 'D:\keil\ARM\ARMCLANG\Bin'
Build target 'Target 1'
compiling lin_diag_raw.c...
compiling genLinConfig.c...
compiling LINApplication.c...
compiling main.c...
compiling lin_slave_task.c...
compiling lin_app.c...
compiling lin_hal.c...
compiling lin_master_task.c...
compiling lin_driver_api.c...
compiling lin_main.c...
compiling lin_config.c...
compiling lin_diag_tp.c...
compiling SystemDerating.c...
compiling lin_autoaddressing.c...
compiling SystemControl.c...
compiling SystemStatus.c...
compiling SystemLinDiag.c...
compiling SystemType.c...
compiling SystemLinComm.c...
compiling SystemMain.c...
compiling ModuleAdc.c...
compiling ModuleBattery.c...
compiling ModuleClock.c...
compiling ModuleFlash.c...
compiling Dimming_Calculate.c...
compiling BINARYSEARCH_U16.c...
compiling LookUp_U16_U16.c...
compiling ModuleWatchdog.c...
compiling ModulePower.c...
compiling ModuleTemperature.c...
compiling ModuleLed.c...
compiling INTERPOLATE_U16_U16.c...
compiling FloatLib.c...
compiling cpu.c...
compiling adc11.c...
Algorithm/Algorithm.c(894): warning: passing 'volatile SCIEColor *' (aka 'volatile struct CIEColor *') to parameter of type 'SCIEColor *' (aka 'struct CIEColor *') discards qualifiers [-Wincompatible-pointer-types-discards-qualifiers]
  894 |     __algoGetTargetColorFromCIE1976(inputColor, &targetColor);
      |                                                 ^~~~~~~~~~~~
Algorithm/Algorithm.c(863): note: passing argument to parameter 'targetColor' here
  863 | static void __algoGetTargetColorFromCIE1976( SColorParams *inputColor, SCIEColor *targetColor)
      |                                                                                   ^
Algorithm/Algorithm.c(897): warning: passing 'volatile SCIEColor *' (aka 'volatile struct CIEColor *') to parameter of type 'const SCIEColor *' (aka 'const struct CIEColor *') discards qualifiers [-Wincompatible-pointer-types-discards-qualifiers]
  897 |     splitTargetColorValid = __algoSplitTargetColorByWhite(&targetColor, &splitWhiteCIE, &splitPointCIE);
      |                                                           ^~~~~~~~~~~~
Algorithm/Algorithm.c(571): note: passing argument to parameter 'targetColor' here
  571 | static bool_t __algoSplitTargetColorByWhite(const SCIEColor *targetColor,
      |                                                              ^
2 warnings generated.
compiling Algorithm.c...
compiling isr.c...
compiling gpio.c...
compiling device.c...
compiling isr_nvic_irq4_handler.c...
compiling isr_nvic_irq2_handler.c...
compiling isr_nvic_irq0_handler.c...
compiling isr_nvic_irq3_handler.c...
compiling isr_nvic_irq6_handler.c...
compiling isr_nvic_irq7_handler.c...
compiling isr_nvic_irq5_handler.c...
compiling ldrv.c...
compiling mem.c...
compiling lin.c...
compiling scu.c...
compiling pmu.c...
compiling system_tld40xx.c...
compiling startup_tld40xx.c...
linking...
Program Size: Code=25980 RO-data=2256 RW-data=296 ZI-data=1500  
FromELF: creating hex file...
After Build - User command #1: findstr /C:"Total R" Listings\*.map
Listings\TLD4020_4ET_JLINK_GETTING_STARTED.map:    Total RO  Size (Code + RO Data)                28236 (  27.57kB)
Listings\TLD4020_4ET_JLINK_GETTING_STARTED.map:    Total RW  Size (RW Data + ZI Data)              1796 (   1.75kB)
Listings\TLD4020_4ET_JLINK_GETTING_STARTED.map:    Total ROM Size (Code + RO Data + RW Data)      28532 (  27.86kB)
".\Objects\TLD4020_4ET_JLINK_GETTING_STARTED.axf" - 0 Error(s), 2 Warning(s).
Build Time Elapsed:  00:00:08
