*** Using Compiler 'V6.21', folder: 'D:\keil\ARM\ARMCLANG\Bin'
Build target 'Target 1'
compiling lin_master_task.c...
compiling lin_main.c...
compiling genLinConfig.c...
compiling lin_app.c...
compiling lin_diag_raw.c...
compiling LINApplication.c...
compiling lin_config.c...
compiling lin_diag_tp.c...
compiling main.c...
compiling lin_driver_api.c...
compiling lin_slave_task.c...
compiling lin_hal.c...
compiling lin_autoaddressing.c...
compiling SystemControl.c...
compiling SystemDerating.c...
compiling SystemLinComm.c...
compiling SystemLinDiag.c...
compiling SystemMain.c...
compiling SystemType.c...
compiling ModuleClock.c...
compiling ModuleFlash.c...
compiling ModuleBattery.c...
compiling ModuleAdc.c...
compiling SystemStatus.c...
compiling ModuleTemperature.c...
compiling ModuleWatchdog.c...
compiling ModuleLed.c...
compiling ModulePower.c...
ArmClang: fatal error: no target architecture given; use --target=arm-arm-none-eabi or --target=aarch64-arm-none-eabi
compiling BINARYSEARCH_U16.c...
ArmClang: fatal error: no target architecture given; use --target=arm-arm-none-eabi or --target=aarch64-arm-none-eabi
compiling INTERPOLATE_U16_U16.c...
ArmClang: fatal error: no target architecture given; use --target=arm-arm-none-eabi or --target=aarch64-arm-none-eabi
compiling Dimming_Calculate.c...
ArmClang: fatal error: no target architecture given; use --target=arm-arm-none-eabi or --target=aarch64-arm-none-eabi
compiling Algorithm.c...
ArmClang: fatal error: no target architecture given; use --target=arm-arm-none-eabi or --target=aarch64-arm-none-eabi
compiling LookUp_U16_U16.c...
ArmClang: fatal error: no target architecture given; use --target=arm-arm-none-eabi or --target=aarch64-arm-none-eabi
compiling FloatLib.c...
ArmClang: fatal error: no target architecture given; use --target=arm-arm-none-eabi or --target=aarch64-arm-none-eabi
compiling adc11.c...
ArmClang: fatal error: no target architecture given; use --target=arm-arm-none-eabi or --target=aarch64-arm-none-eabi
compiling cpu.c...
ArmClang: fatal error: no target architecture given; use --target=arm-arm-none-eabi or --target=aarch64-arm-none-eabi
compiling isr.c...
ArmClang: fatal error: no target architecture given; use --target=arm-arm-none-eabi or --target=aarch64-arm-none-eabi
compiling device.c...
ArmClang: fatal error: no target architecture given; use --target=arm-arm-none-eabi or --target=aarch64-arm-none-eabi
compiling isr_nvic_irq0_handler.c...
ArmClang: fatal error: no target architecture given; use --target=arm-arm-none-eabi or --target=aarch64-arm-none-eabi
compiling gpio.c...
ArmClang: fatal error: no target architecture given; use --target=arm-arm-none-eabi or --target=aarch64-arm-none-eabi
compiling isr_nvic_irq2_handler.c...
ArmClang: fatal error: no target architecture given; use --target=arm-arm-none-eabi or --target=aarch64-arm-none-eabi
compiling isr_nvic_irq3_handler.c...
ArmClang: fatal error: no target architecture given; use --target=arm-arm-none-eabi or --target=aarch64-arm-none-eabi
compiling lin.c...
ArmClang: fatal error: no target architecture given; use --target=arm-arm-none-eabi or --target=aarch64-arm-none-eabi
compiling ldrv.c...
ArmClang: fatal error: no target architecture given; use --target=arm-arm-none-eabi or --target=aarch64-arm-none-eabi
compiling isr_nvic_irq5_handler.c...
ArmClang: fatal error: no target architecture given; use --target=arm-arm-none-eabi or --target=aarch64-arm-none-eabi
compiling isr_nvic_irq6_handler.c...
ArmClang: fatal error: no target architecture given; use --target=arm-arm-none-eabi or --target=aarch64-arm-none-eabi
compiling isr_nvic_irq4_handler.c...
ArmClang: fatal error: no target architecture given; use --target=arm-arm-none-eabi or --target=aarch64-arm-none-eabi
compiling startup_tld40xx.c...
ArmClang: fatal error: no target architecture given; use --target=arm-arm-none-eabi or --target=aarch64-arm-none-eabi
compiling pmu.c...
ArmClang: fatal error: no target architecture given; use --target=arm-arm-none-eabi or --target=aarch64-arm-none-eabi
compiling isr_nvic_irq7_handler.c...
ArmClang: fatal error: no target architecture given; use --target=arm-arm-none-eabi or --target=aarch64-arm-none-eabi
compiling mem.c...
ArmClang: fatal error: no target architecture given; use --target=arm-arm-none-eabi or --target=aarch64-arm-none-eabi
compiling scu.c...
ArmClang: fatal error: no target architecture given; use --target=arm-arm-none-eabi or --target=aarch64-arm-none-eabi
compiling system_tld40xx.c...
linking...
Program Size: Code=25964 RO-data=2256 RW-data=296 ZI-data=1500  
FromELF: creating hex file...
After Build - User command #1: findstr /C:"Total R" Listings\*.map
Listings\TLD4020_4ET_JLINK_GETTING_STARTED.map:    Total RO  Size (Code + RO Data)                28220 (  27.56kB)
Listings\TLD4020_4ET_JLINK_GETTING_STARTED.map:    Total RW  Size (RW Data + ZI Data)              1796 (   1.75kB)
Listings\TLD4020_4ET_JLINK_GETTING_STARTED.map:    Total ROM Size (Code + RO Data + RW Data)      28516 (  27.85kB)
".\Objects\TLD4020_4ET_JLINK_GETTING_STARTED.axf" - 0 Error(s), 0 Warning(s).
Build Time Elapsed:  00:00:09
